{"period": 1, "status": "optimal", "solve_seconds": 0.17600059509277344, "model_wall_seconds": 0.32869289998780005, "gap": 0.0, "actual_reward": 0.0}
{"period": 2, "status": "optimal", "solve_seconds": 0.11200141906738281, "model_wall_seconds": 0.2663097999757156, "gap": 0.0, "actual_reward": 0.0}
{"period": 3, "status": "optimal", "solve_seconds": 0.18199920654296875, "model_wall_seconds": 0.34489980002399534, "gap": 0.0, "actual_reward": 301.8080078008192}
{"period": 4, "status": "optimal", "solve_seconds": 0.03800010681152344, "model_wall_seconds": 0.18688750002183951, "gap": 0.0, "actual_reward": 104.60534331204357}
{"period": 5, "status": "optimal", "solve_seconds": 0.11900138854980469, "model_wall_seconds": 0.2583096000016667, "gap": 0.0, "actual_reward": -10.0}
{"period": 6, "status": "optimal", "solve_seconds": 0.034999847412109375, "model_wall_seconds": 0.18530710000777617, "gap": 0.0, "actual_reward": 0.0}
{"period": 7, "status": "optimal", "solve_seconds": 0.11599922180175781, "model_wall_seconds": 0.25252359997830354, "gap": 0.0, "actual_reward": -10.0}
{"period": 8, "status": "optimal", "solve_seconds": 0.04599952697753906, "model_wall_seconds": 0.1898347999958787, "gap": 0.0, "actual_reward": 106.244440785693}
{"period": 9, "status": "optimal", "solve_seconds": 0.1490001678466797, "model_wall_seconds": 0.2823855000024196, "gap": 0.0, "actual_reward": 43.474804161693996}
{"period": 10, "status": "optimal", "solve_seconds": 0.02899932861328125, "model_wall_seconds": 0.16918570001143962, "gap": 0.0, "actual_reward": 67.685055168078}
{"period": 11, "status": "optimal", "solve_seconds": 0.1719989776611328, "model_wall_seconds": 0.30687420000322163, "gap": 0.0, "actual_reward": -9.841016890277388e-15}
{"period": 12, "status": "optimal", "solve_seconds": 0.02899932861328125, "model_wall_seconds": 0.17279499999131076, "gap": 0.0, "actual_reward": 194.83752704151976}
{"period": 13, "status": "optimal", "solve_seconds": 0.10799980163574219, "model_wall_seconds": 0.2389846000005491, "gap": 0.0, "actual_reward": -9.841016890277388e-15}
{"period": 14, "status": "optimal", "solve_seconds": 0.025999069213867188, "model_wall_seconds": 0.16338260000338778, "gap": 0.0, "actual_reward": -9.841016890277388e-15}
{"period": 15, "status": "optimal", "solve_seconds": 0.11999893188476562, "model_wall_seconds": 0.2446302000025753, "gap": 0.0, "actual_reward": 39.21999999990799}
{"period": 16, "status": "optimal", "solve_seconds": 0.04599952697753906, "model_wall_seconds": 0.1841671000001952, "gap": 0.0, "actual_reward": -7.389644451905042e-15}
{"period": 17, "status": "optimal", "solve_seconds": 0.12400054931640625, "model_wall_seconds": 0.25263489998178557, "gap": 0.0, "actual_reward": 123.31336692335398}
{"period": 18, "status": "optimal", "solve_seconds": 0.032001495361328125, "model_wall_seconds": 0.18371189999743365, "gap": 0.0, "actual_reward": 182.271069214026}
{"period": 19, "status": "optimal", "solve_seconds": 0.11900138854980469, "model_wall_seconds": 0.25090159999672323, "gap": 0.0, "actual_reward": -10.000000000000009}
{"period": 20, "status": "optimal", "solve_seconds": 0.050998687744140625, "model_wall_seconds": 0.18550190000678413, "gap": 0.0, "actual_reward": -9.841016890277388e-15}
{"period": 21, "status": "optimal", "solve_seconds": 0.14299964904785156, "model_wall_seconds": 0.2718965000240132, "gap": 0.0, "actual_reward": 155.561113709676}
{"period": 22, "status": "optimal", "solve_seconds": 0.07599830627441406, "model_wall_seconds": 0.21019760001217946, "gap": 0.0, "actual_reward": 170.64984357412177}
{"period": 23, "status": "optimal", "solve_seconds": 0.10700035095214844, "model_wall_seconds": 0.2355366999981925, "gap": 0.0, "actual_reward": 97.08668435458999}
{"period": 24, "status": "optimal", "solve_seconds": 0.02700042724609375, "model_wall_seconds": 0.16207250001025386, "gap": 0.0, "actual_reward": -1.014299755297543e-14}
{"period": 25, "status": "optimal", "solve_seconds": 0.10700035095214844, "model_wall_seconds": 0.23493090001284145, "gap": 0.0, "actual_reward": 146.4453430999954}
{"period": 26, "status": "optimal", "solve_seconds": 0.018999099731445312, "model_wall_seconds": 0.1732684999878984, "gap": 0.0, "actual_reward": -1.7683632336229494e-14}
{"period": 27, "status": "optimal", "solve_seconds": 0.11700057983398438, "model_wall_seconds": 0.24239339999621734, "gap": 0.0, "actual_reward": -1.7683632336229494e-14}
{"period": 28, "status": "optimal", "solve_seconds": 0.03199958801269531, "model_wall_seconds": 0.16727130001527257, "gap": 0.0, "actual_reward": -1.7683632336229494e-14}
{"period": 29, "status": "optimal", "solve_seconds": 0.12600135803222656, "model_wall_seconds": 0.25789499998791143, "gap": 0.0, "actual_reward": -1.5232259897857146e-14}
{"period": 30, "status": "optimal", "solve_seconds": 0.05499839782714844, "model_wall_seconds": 0.19318240002030507, "gap": 0.0, "actual_reward": 162.17264698942765}
{"period": 31, "status": "optimal", "solve_seconds": 0.1399993896484375, "model_wall_seconds": 0.2834462999890093, "gap": 0.0, "actual_reward": 336.14678895539}
{"period": 32, "status": "optimal", "solve_seconds": 0.04599952697753906, "model_wall_seconds": 0.18810170001233928, "gap": 0.0, "actual_reward": 98.41951325664388}
{"period": 33, "status": "optimal", "solve_seconds": 0.15799903869628906, "model_wall_seconds": 0.3015468999801669, "gap": 0.0, "actual_reward": 122.15715315215725}
{"period": 34, "status": "optimal", "solve_seconds": 0.06299972534179688, "model_wall_seconds": 0.20044089999282733, "gap": 0.0, "actual_reward": -2.0401458300511876e-14}
{"period": 35, "status": "optimal", "solve_seconds": 0.16099929809570312, "model_wall_seconds": 0.29720000000088476, "gap": 0.0, "actual_reward": 113.21606411784606}
{"period": 36, "status": "optimal", "solve_seconds": 0.13000106811523438, "model_wall_seconds": 0.27563040002132766, "gap": 0.0, "actual_reward": 120.04298159449797}
{"period": 37, "status": "optimal", "solve_seconds": 0.20199966430664062, "model_wall_seconds": 0.33444239999516867, "gap": 0.0, "actual_reward": 272.51673043268215}
{"period": 38, "status": "optimal", "solve_seconds": 0.07200050354003906, "model_wall_seconds": 0.22333929999149404, "gap": 0.0, "actual_reward": 188.624578536206}
{"period": 39, "status": "optimal", "solve_seconds": 0.18600082397460938, "model_wall_seconds": 0.32524790000752546, "gap": 0.0, "actual_reward": 90.56195805303997}
{"period": 40, "status": "optimal", "solve_seconds": 0.12800025939941406, "model_wall_seconds": 0.31069600000046194, "gap": 0.0, "actual_reward": 107.82525549644197}
{"period": 41, "status": "optimal", "solve_seconds": 0.26199913024902344, "model_wall_seconds": 0.40622200001962483, "gap": 0.0, "actual_reward": 389.99698820209017}
{"period": 42, "status": "optimal", "solve_seconds": 0.1680011749267578, "model_wall_seconds": 0.34598080001887865, "gap": 0.0, "actual_reward": 676.5700053013817}
{"period": 43, "status": "optimal", "solve_seconds": 0.26199913024902344, "model_wall_seconds": 0.4098953999928199, "gap": 0.0, "actual_reward": 311.8938216214631}
{"period": 44, "status": "optimal", "solve_seconds": 0.18200111389160156, "model_wall_seconds": 0.36448550000204705, "gap": 0.0, "actual_reward": 504.4580906532635}
{"period": 45, "status": "optimal", "solve_seconds": 0.21699905395507812, "model_wall_seconds": 0.3526113000116311, "gap": 0.0, "actual_reward": 277.61593023965196}
{"period": 46, "status": "optimal", "solve_seconds": 0.26600074768066406, "model_wall_seconds": 0.43139589999918826, "gap": 0.0, "actual_reward": 595.7763250741784}
{"period": 47, "status": "optimal", "solve_seconds": 0.4920005798339844, "model_wall_seconds": 0.6397408000193536, "gap": 0.0, "actual_reward": 394.6204362660121}
{"period": 48, "status": "optimal", "solve_seconds": 0.2590007781982422, "model_wall_seconds": 0.4100255999946967, "gap": 0.0, "actual_reward": 188.4443960029056}
{"period": 49, "status": "optimal", "solve_seconds": 0.39299964904785156, "model_wall_seconds": 0.5457458999881055, "gap": 0.0, "actual_reward": 178.377867101064}
{"period": 50, "status": "optimal", "solve_seconds": 0.22999954223632812, "model_wall_seconds": 0.3888655999908224, "gap": 0.0, "actual_reward": 769.2757265693365}
{"period": 51, "status": "optimal", "solve_seconds": 0.5199985504150391, "model_wall_seconds": 0.6700334000051953, "gap": 0.0, "actual_reward": 678.1902142026486}
{"period": 52, "status": "optimal", "solve_seconds": 0.3449993133544922, "model_wall_seconds": 0.4972717000055127, "gap": 0.0, "actual_reward": 720.9857809327938}
{"period": 53, "status": "optimal", "solve_seconds": 0.5359992980957031, "model_wall_seconds": 0.6865629999956582, "gap": 0.0, "actual_reward": 550.0683863972857}
{"period": 54, "status": "optimal", "solve_seconds": 0.2049999237060547, "model_wall_seconds": 0.34769779999624006, "gap": 0.0, "actual_reward": 523.4898950442154}
{"period": 55, "status": "optimal", "solve_seconds": 0.30299949645996094, "model_wall_seconds": 0.43838209999375977, "gap": 0.0, "actual_reward": 191.8901894153624}
{"period": 56, "status": "optimal", "solve_seconds": 0.2460002899169922, "model_wall_seconds": 0.39029070001561195, "gap": 0.0, "actual_reward": 188.98747555275804}
{"period": 57, "status": "optimal", "solve_seconds": 0.3269996643066406, "model_wall_seconds": 0.5051716000016313, "gap": 0.0, "actual_reward": 1265.2713288762259}
{"period": 58, "status": "optimal", "solve_seconds": 0.22099876403808594, "model_wall_seconds": 0.3610562999965623, "gap": 0.0, "actual_reward": 722.5342013150118}
{"period": 59, "status": "optimal", "solve_seconds": 0.3920001983642578, "model_wall_seconds": 0.5270721999986563, "gap": 0.0, "actual_reward": 130.63909557299075}
{"period": 60, "status": "optimal", "solve_seconds": 0.29399871826171875, "model_wall_seconds": 0.45780240002204664, "gap": 0.0, "actual_reward": 600.2824104509451}
{"period": 61, "status": "optimal", "solve_seconds": 0.36499977111816406, "model_wall_seconds": 0.5043237000063527, "gap": 0.0, "actual_reward": 171.35910157889475}
{"period": 62, "status": "optimal", "solve_seconds": 0.2460002899169922, "model_wall_seconds": 0.4280908999789972, "gap": 1.4825927420632903e-10, "actual_reward": 1209.5266215921295}
{"period": 63, "status": "optimal", "solve_seconds": 0.3430004119873047, "model_wall_seconds": 0.48334890001569875, "gap": 0.0, "actual_reward": 170.9644341960739}
{"period": 64, "status": "optimal", "solve_seconds": 0.2539997100830078, "model_wall_seconds": 0.39848479998181574, "gap": 4.079194509725606e-10, "actual_reward": 200.27564199506978}
{"period": 65, "status": "optimal", "solve_seconds": 0.3099994659423828, "model_wall_seconds": 0.44696159998420626, "gap": 0.0, "actual_reward": -72.15785265766601}
{"period": 66, "status": "optimal", "solve_seconds": 0.23799896240234375, "model_wall_seconds": 0.3764958999818191, "gap": 0.0, "actual_reward": -265.30122933555447}
{"period": 67, "status": "optimal", "solve_seconds": 0.417999267578125, "model_wall_seconds": 0.6036842000030447, "gap": 8.763529400047296e-05, "actual_reward": 533.6362388434916}
{"period": 68, "status": "optimal", "solve_seconds": 0.305999755859375, "model_wall_seconds": 0.4530922000121791, "gap": 0.0, "actual_reward": -2911.7059013982907}
{"period": 69, "status": "optimal", "solve_seconds": 0.34599876403808594, "model_wall_seconds": 0.4810476999846287, "gap": 0.0, "actual_reward": 527.6793608988818}
{"period": 70, "status": "optimal", "solve_seconds": 0.220001220703125, "model_wall_seconds": 0.4145724000118207, "gap": 0.0, "actual_reward": -1216.9894077130834}
{"period": 71, "status": "optimal", "solve_seconds": 0.29599952697753906, "model_wall_seconds": 0.42852610000409186, "gap": 0.0, "actual_reward": -212.14962437573365}
{"period": 72, "status": "optimal", "solve_seconds": 0.1509990692138672, "model_wall_seconds": 0.2862260000256356, "gap": 0.0, "actual_reward": -397.0829002715186}
{"period": 73, "status": "optimal", "solve_seconds": 0.21399879455566406, "model_wall_seconds": 0.38604519999353215, "gap": 0.0, "actual_reward": -914.8379573610141}
{"period": 74, "status": "optimal", "solve_seconds": 0.1700000762939453, "model_wall_seconds": 0.3048121000174433, "gap": 0.0, "actual_reward": -509.2111250544174}
{"period": 75, "status": "optimal", "solve_seconds": 0.2239990234375, "model_wall_seconds": 0.3472092999727465, "gap": 0.0, "actual_reward": -444.42445512060146}
{"period": 76, "status": "optimal", "solve_seconds": 0.13500022888183594, "model_wall_seconds": 0.2594449000025634, "gap": 0.0, "actual_reward": -3296.1831144095286}
{"period": 77, "status": "optimal", "solve_seconds": 0.3680000305175781, "model_wall_seconds": 0.49705370000447147, "gap": 0.0, "actual_reward": -1339.7333326142466}
{"period": 78, "status": "optimal", "solve_seconds": 0.16699981689453125, "model_wall_seconds": 0.28772700001718476, "gap": 8.405965856170757e-05, "actual_reward": -874.4367531142763}
{"period": 79, "status": "optimal", "solve_seconds": 0.17600059509277344, "model_wall_seconds": 0.28974720000405796, "gap": 0.0, "actual_reward": -1469.5304767567122}
{"period": 80, "status": "optimal", "solve_seconds": 0.08300018310546875, "model_wall_seconds": 0.20515090000117198, "gap": 0.0, "actual_reward": -3529.330401871143}
{"period": 81, "status": "optimal", "solve_seconds": 0.19300079345703125, "model_wall_seconds": 0.29901089999475516, "gap": 0.0, "actual_reward": -2931.25506547376}
{"period": 82, "status": "optimal", "solve_seconds": 0.14999961853027344, "model_wall_seconds": 0.26605340000241995, "gap": 0.0, "actual_reward": -5310.160241626892}
{"period": 83, "status": "optimal", "solve_seconds": 0.1790008544921875, "model_wall_seconds": 0.27947019998100586, "gap": 0.0, "actual_reward": -2083.4105263156052}
{"period": 84, "status": "optimal", "solve_seconds": 0.14599990844726562, "model_wall_seconds": 0.26046049999422394, "gap": 6.367702204635977e-05, "actual_reward": -1771.1551384747117}
{"period": 85, "status": "optimal", "solve_seconds": 0.2740001678466797, "model_wall_seconds": 0.37540659998194315, "gap": 0.0, "actual_reward": -1575.7573388968572}
{"period": 86, "status": "optimal", "solve_seconds": 0.11199951171875, "model_wall_seconds": 0.21814059998723678, "gap": 0.0, "actual_reward": -964.65612702186}
{"period": 87, "status": "optimal", "solve_seconds": 0.1359996795654297, "model_wall_seconds": 0.23836950000259094, "gap": 0.0, "actual_reward": -2526.0962138575637}
{"period": 88, "status": "optimal", "solve_seconds": 0.09199905395507812, "model_wall_seconds": 0.19976400001905859, "gap": 0.0, "actual_reward": -4968.153333333383}
{"period": 89, "status": "optimal", "solve_seconds": 0.1420001983642578, "model_wall_seconds": 0.2364530999911949, "gap": 0.0, "actual_reward": -6802.150088168059}
{"period": 90, "status": "optimal", "solve_seconds": 0.09000015258789062, "model_wall_seconds": 0.17927220001001842, "gap": 4.926243255037195e-05, "actual_reward": -2969.47969384264}
{"period": 91, "status": "optimal", "solve_seconds": 0.1230010986328125, "model_wall_seconds": 0.21299669999280013, "gap": 0.0, "actual_reward": -2046.38385912916}
{"period": 92, "status": "optimal", "solve_seconds": 0.10700035095214844, "model_wall_seconds": 0.19344890001229942, "gap": 0.0, "actual_reward": -4036.0932932545684}
{"period": 93, "status": "optimal", "solve_seconds": 0.08799934387207031, "model_wall_seconds": 0.15985969998291694, "gap": 0.0, "actual_reward": -4788.859562851563}
{"period": 94, "status": "optimal", "solve_seconds": 0.048999786376953125, "model_wall_seconds": 0.11890570001560263, "gap": 0.0, "actual_reward": -3771.5773793773865}
{"period": 95, "status": "optimal", "solve_seconds": 0.042999267578125, "model_wall_seconds": 0.10445819998858497, "gap": 0.0, "actual_reward": -1962.953333333085}
{"period": 96, "status": "optimal", "solve_seconds": 0.03199958801269531, "model_wall_seconds": 0.09372069998062216, "gap": 0.0, "actual_reward": -2010.5}
{"period": 97, "status": "optimal", "solve_seconds": 0.031000137329101562, "model_wall_seconds": 0.08783509998465888, "gap": 0.0, "actual_reward": -2011.9035087719053}
{"period": 98, "status": "optimal", "solve_seconds": 0.017000198364257812, "model_wall_seconds": 0.07019919998128898, "gap": 0.0, "actual_reward": -5010.5}
{"period": 99, "status": "optimal", "solve_seconds": 0.01599884033203125, "model_wall_seconds": 0.12601499998709187, "gap": 0.0, "actual_reward": -2898.39182889973}
{"period": 100, "status": "optimal", "solve_seconds": 0.0049991607666015625, "model_wall_seconds": 0.060098899994045496, "gap": 0.0, "actual_reward": -2000.0}
{"period": 101, "status": "optimal", "solve_seconds": 0.006000518798828125, "model_wall_seconds": 0.056086700002197176, "gap": 0.0, "actual_reward": -1000.0}
{"period": 102, "status": "optimal", "solve_seconds": 0.0049991607666015625, "model_wall_seconds": 0.050893800013000146, "gap": 0.0, "actual_reward": -1000.0}
{"period": 103, "status": "optimal", "solve_seconds": 0.006999969482421875, "model_wall_seconds": 0.051907500019297004, "gap": 0.0, "actual_reward": -1000.0}
{"period": 104, "status": "optimal", "solve_seconds": 0.005001068115234375, "model_wall_seconds": 0.047817899991059676, "gap": 0.0, "actual_reward": -1000.0}
{"period": 105, "status": "optimal", "solve_seconds": 0.006000518798828125, "model_wall_seconds": 0.046365899994270876, "gap": 0.0, "actual_reward": -4010.0}
{"period": 106, "status": "optimal", "solve_seconds": 0.0049991607666015625, "model_wall_seconds": 0.0425902999995742, "gap": 0.0, "actual_reward": -4.973799150320701e-15}
{"period": 107, "status": "optimal", "solve_seconds": 0.005001068115234375, "model_wall_seconds": 0.049237200000789016, "gap": 0.0, "actual_reward": -4.973799150320701e-15}
{"period": 108, "status": "optimal", "solve_seconds": 0.0, "model_wall_seconds": 0.042859199980739504, "gap": 0.0, "actual_reward": -1.2327916465437737e-14}
{"period": 109, "status": "optimal", "solve_seconds": 0.004001617431640625, "model_wall_seconds": 0.04287189999013208, "gap": 0.0, "actual_reward": -1000.0}
{"period": 110, "status": "optimal", "solve_seconds": 0.0039997100830078125, "model_wall_seconds": 0.040578900021500885, "gap": 0.0, "actual_reward": -3000.0}
{"period": 111, "status": "optimal", "solve_seconds": 0.0039997100830078125, "model_wall_seconds": 0.04078720000688918, "gap": 0.0, "actual_reward": -1.4921397450962105e-14}
{"period": 112, "status": "optimal", "solve_seconds": 0.0059986114501953125, "model_wall_seconds": 0.037488200003281236, "gap": 0.0, "actual_reward": -1000.0}
{"period": 113, "status": "optimal", "solve_seconds": 0.0039997100830078125, "model_wall_seconds": 0.03649600001517683, "gap": 0.0, "actual_reward": -1.2327916465437737e-14}
{"period": 114, "status": "optimal", "solve_seconds": 0.007999420166015625, "model_wall_seconds": 0.0349452999944333, "gap": 0.0, "actual_reward": -1000.0}
{"state": "complete", "started_at": "2026-09-17T18:04:27.332270+00:00", "scenario": "D:\\Myfiles\\vscode_files\\cleanrl_BSS\\ExpresswayBSSs_v2\\data\\final_real_data_v1\\scenarios\\day_01.json", "route_mode": "joint", "charging_mode": "joint", "model": null, "deadline": null, "pid": 32104, "created": 1789668267.145991, "source_snapshot": "D:\\Myfiles\\vscode_files\\cleanrl_BSS\\ExpresswayBSSs_v2\\outputs\\zero_terminal_real_data_seed1_v1\\runs\\h5_day01\\source_snapshots\\e04451463b9d6545577ff982cb3a33775239dc78ba1d91c5d8a88c86fabb05aa", "prior_attempt_seconds": 0.0, "runtime_timing_incomplete": false, "runtime_timing_estimated": false, "launcher_source_snapshot": "D:\\Myfiles\\vscode_files\\cleanrl_BSS\\ExpresswayBSSs_v2\\outputs\\zero_terminal_real_data_seed1_v1\\code_snapshots\\40ec378611b206b02ef446c50a74e31e0ead20388937d43f8a3085ca15610712", "finished_at": "2026-09-17T18:08:18.179554+00:00", "wall_seconds": 230.84685010000248, "metrics": {"net_profit_yuan": -77914.81483105653, "service_income_yuan": 28369.891695860177, "charging_cost_yuan": 1694.7065269167217, "adjustment_cost_yuan": 590.0, "reservation_failure_cost_yuan": 104000.0, "reservation_count": 200, "actual_random_count": 200, "reservation_failures": 104, "reservation_failure_rate": 0.52, "reservation_completed": 96, "reservation_unfinished_at_L": 27, "reservation_unfinished_rate_at_L": 0.135, "reservation_unfinished_after_cleanup": 0, "random_services": 122, "random_service_rate": 0.61, "mean_wait_minutes_served": 10.813985603257157, "path_adjustments": 59, "solver_seconds_mean": 0.15059635095429003, "solver_seconds_p95": 0.3764000892639159, "model_wall_seconds_mean": 0.27189365526346754, "model_wall_seconds_p95": 0.5128368100005899, "model_wall_seconds_total": 30.995876700035296, "mip_gap_mean": 2.496797924014363e-06, "mip_gap_max": 8.763529400047296e-05, "mip_gap_target_met_fraction": 1.0, "solver_status_counts": {"optimal": 114}, "completed_periods": 114, "demand_periods": 96, "cleanup_periods": 18, "cleanup_hours": 4.5, "time_limit_fraction": 0.0, "final_inventory_kwh": 6662.337143241899, "random_timeouts": 78, "terminal_settlement": "none", "operating_duration_hours": 24.0, "current_attempt_wall_seconds": 230.8421190000081, "prior_attempt_wall_seconds": 0.0, "known_runtime_seconds": 230.8421190000081, "runtime_timing_incomplete": false, "runtime_timing_estimated": false, "worker_wall_seconds": 230.8421190000081}}
