{"period": 1, "status": "optimal", "solve_seconds": 0.1770000457763672, "model_wall_seconds": 0.34470149999833666, "gap": 0.0, "actual_reward": 0.0}
{"period": 2, "status": "optimal", "solve_seconds": 0.14800071716308594, "model_wall_seconds": 0.31107820000033826, "gap": 0.0, "actual_reward": 99.74108539740244}
{"period": 3, "status": "optimal", "solve_seconds": 0.21000099182128906, "model_wall_seconds": 0.3700466000009328, "gap": 0.0, "actual_reward": 192.06692240341675}
{"period": 4, "status": "optimal", "solve_seconds": 0.049999237060546875, "model_wall_seconds": 0.21300869999686256, "gap": 0.0, "actual_reward": 104.60534331204357}
{"period": 5, "status": "optimal", "solve_seconds": 0.14799880981445312, "model_wall_seconds": 0.29572080000070855, "gap": 0.0, "actual_reward": -10.000000000000007}
{"period": 6, "status": "optimal", "solve_seconds": 0.05299949645996094, "model_wall_seconds": 0.20910569999250583, "gap": 0.0, "actual_reward": -2.415845301584341e-15}
{"period": 7, "status": "optimal", "solve_seconds": 0.14099884033203125, "model_wall_seconds": 0.2896360000013374, "gap": 0.0, "actual_reward": -7.318590178329032e-15}
{"period": 8, "status": "optimal", "solve_seconds": 0.05299949645996094, "model_wall_seconds": 0.22344200001680292, "gap": 0.0, "actual_reward": 106.244440785693}
{"period": 9, "status": "optimal", "solve_seconds": 0.1700000762939453, "model_wall_seconds": 0.31780540000181645, "gap": 0.0, "actual_reward": 33.47480416169399}
{"period": 10, "status": "optimal", "solve_seconds": 0.07499885559082031, "model_wall_seconds": 0.2455039000196848, "gap": 0.0, "actual_reward": -7.318590178329032e-15}
{"period": 11, "status": "optimal", "solve_seconds": 0.19899940490722656, "model_wall_seconds": 0.3501244999933988, "gap": 0.0, "actual_reward": -9.769962616701378e-15}
{"period": 12, "status": "optimal", "solve_seconds": 0.050998687744140625, "model_wall_seconds": 0.20520419999957085, "gap": 0.0, "actual_reward": 194.83752704151976}
{"period": 13, "status": "optimal", "solve_seconds": 0.16699981689453125, "model_wall_seconds": 0.3262010999897029, "gap": 0.0, "actual_reward": -10.000000000000009}
{"period": 14, "status": "optimal", "solve_seconds": 0.07999992370605469, "model_wall_seconds": 0.23503019998315722, "gap": 0.0, "actual_reward": -7.283063041541028e-15}
{"period": 15, "status": "optimal", "solve_seconds": 0.1420001983642578, "model_wall_seconds": 0.2886465000046883, "gap": 0.0, "actual_reward": 49.219999999908}
{"period": 16, "status": "optimal", "solve_seconds": 0.048000335693359375, "model_wall_seconds": 0.20637179998448119, "gap": 0.0, "actual_reward": -1.2185807918285719e-14}
{"period": 17, "status": "optimal", "solve_seconds": 0.1510009765625, "model_wall_seconds": 0.3128969999961555, "gap": 0.0, "actual_reward": 113.31336692335398}
{"period": 18, "status": "optimal", "solve_seconds": 0.062000274658203125, "model_wall_seconds": 0.2269977999967523, "gap": 0.0, "actual_reward": 244.95924111466198}
{"period": 19, "status": "optimal", "solve_seconds": 0.13700103759765625, "model_wall_seconds": 0.2837326999870129, "gap": 0.0, "actual_reward": -10.000000000000012}
{"period": 20, "status": "optimal", "solve_seconds": 0.061000823974609375, "model_wall_seconds": 0.23241409999900497, "gap": 0.0, "actual_reward": -1.410427330483799e-14}
{"period": 21, "status": "optimal", "solve_seconds": 0.15900039672851562, "model_wall_seconds": 0.31131119999918155, "gap": 0.0, "actual_reward": 135.561113709676}
{"period": 22, "status": "optimal", "solve_seconds": 0.10300064086914062, "model_wall_seconds": 0.26144919998478144, "gap": 0.0, "actual_reward": 84.74655816540877}
{"period": 23, "status": "optimal", "solve_seconds": 0.13399887084960938, "model_wall_seconds": 0.3004376000026241, "gap": 0.0, "actual_reward": 97.08668435458999}
{"period": 24, "status": "optimal", "solve_seconds": 0.05700111389160156, "model_wall_seconds": 0.20864880000590347, "gap": 0.0, "actual_reward": -8.881784197001252e-15}
{"period": 25, "status": "optimal", "solve_seconds": 0.14999961853027344, "model_wall_seconds": 0.29879000000073574, "gap": 0.0, "actual_reward": 136.4453430999954}
{"period": 26, "status": "optimal", "solve_seconds": 0.06800079345703125, "model_wall_seconds": 0.24095239999587648, "gap": 0.0, "actual_reward": 177.286618742418}
{"period": 27, "status": "optimal", "solve_seconds": 0.14599990844726562, "model_wall_seconds": 0.2857205000182148, "gap": 0.0, "actual_reward": 42.39999999983998}
{"period": 28, "status": "optimal", "solve_seconds": 0.062000274658203125, "model_wall_seconds": 0.2205958999984432, "gap": 0.0, "actual_reward": 42.39999999983998}
{"period": 29, "status": "optimal", "solve_seconds": 0.1589984893798828, "model_wall_seconds": 0.2992325999948662, "gap": 0.0, "actual_reward": -2.986055847031821e-14}
{"period": 30, "status": "optimal", "solve_seconds": 0.07599830627441406, "model_wall_seconds": 0.24493359998450615, "gap": 0.0, "actual_reward": 99.61264698933564}
{"period": 31, "status": "optimal", "solve_seconds": 0.24399948120117188, "model_wall_seconds": 0.4019384999992326, "gap": 0.0, "actual_reward": 374.653455622102}
{"period": 32, "status": "optimal", "solve_seconds": 0.1289997100830078, "model_wall_seconds": 0.30960390000836924, "gap": 0.0, "actual_reward": 98.41951325664388}
{"period": 33, "status": "optimal", "solve_seconds": 0.24399948120117188, "model_wall_seconds": 0.40618829999584705, "gap": 0.0, "actual_reward": 132.15715315215726}
{"period": 34, "status": "optimal", "solve_seconds": 0.13399887084960938, "model_wall_seconds": 0.29561320002540015, "gap": 0.0, "actual_reward": 123.21606411784602}
{"period": 35, "status": "optimal", "solve_seconds": 0.2480010986328125, "model_wall_seconds": 0.4027404999942519, "gap": 0.0, "actual_reward": -10.00000000000006}
{"period": 36, "status": "optimal", "solve_seconds": 0.2240009307861328, "model_wall_seconds": 0.3931336000096053, "gap": 0.0, "actual_reward": 120.04298159449797}
{"period": 37, "status": "optimal", "solve_seconds": 0.28800010681152344, "model_wall_seconds": 0.4794916000100784, "gap": 0.0, "actual_reward": 280.5398471947}
{"period": 38, "status": "optimal", "solve_seconds": 0.2089996337890625, "model_wall_seconds": 0.41257849999237806, "gap": 0.0, "actual_reward": 311.9081284409642}
{"period": 39, "status": "optimal", "solve_seconds": 0.34800148010253906, "model_wall_seconds": 0.5144221000082325, "gap": 0.0, "actual_reward": 70.56195805303994}
{"period": 40, "status": "optimal", "solve_seconds": 0.2650012969970703, "model_wall_seconds": 0.4711842999968212, "gap": 0.0, "actual_reward": 107.82525549644197}
{"period": 41, "status": "optimal", "solve_seconds": 0.3950004577636719, "model_wall_seconds": 0.5756586999923456, "gap": 0.0, "actual_reward": 300.43857529593504}
{"period": 42, "status": "optimal", "solve_seconds": 0.3299999237060547, "model_wall_seconds": 0.5507972000050358, "gap": 0.0, "actual_reward": 766.1284182075368}
{"period": 43, "status": "optimal", "solve_seconds": 0.4270000457763672, "model_wall_seconds": 0.605380699998932, "gap": 0.0, "actual_reward": 321.8938216214631}
{"period": 44, "status": "optimal", "solve_seconds": 101.8179988861084, "model_wall_seconds": 102.1090220999904, "gap": 9.978374891151772e-05, "actual_reward": 504.4580906532635}
{"period": 45, "status": "optimal", "solve_seconds": 1.0400009155273438, "model_wall_seconds": 1.2568276000092737, "gap": 7.749850846276324e-05, "actual_reward": 246.1959302398359}
{"period": 46, "status": "optimal", "solve_seconds": 29.61600112915039, "model_wall_seconds": 29.858754399989266, "gap": 2.096324092660122e-05, "actual_reward": 567.2455099923287}
{"period": 47, "status": "optimal", "solve_seconds": 7.090000152587891, "model_wall_seconds": 7.301609100017231, "gap": 0.0, "actual_reward": 339.24987360989445}
{"period": 48, "status": "optimal", "solve_seconds": 0.8330001831054688, "model_wall_seconds": 1.0489068000169937, "gap": 0.0, "actual_reward": 272.8121381066897}
{"period": 49, "status": "optimal", "solve_seconds": 2.9589996337890625, "model_wall_seconds": 3.1611190999974497, "gap": 0.0, "actual_reward": 169.97641501588723}
{"period": 50, "status": "time_limit", "solve_seconds": 120.00300025939941, "model_wall_seconds": 120.35629250001512, "gap": 0.0013727772227864086, "actual_reward": 609.1199979675804}
{"period": 51, "status": "time_limit", "solve_seconds": 120.0009994506836, "model_wall_seconds": 120.30887660000008, "gap": 0.0044745364851602396, "actual_reward": 968.2425428837656}
{"period": 52, "status": "optimal", "solve_seconds": 32.33500099182129, "model_wall_seconds": 32.539839199976996, "gap": 0.0, "actual_reward": 431.45935573342723}
{"period": 53, "status": "time_limit", "solve_seconds": 120.00299835205078, "model_wall_seconds": 120.43838110001525, "gap": 0.0014376606685154783, "actual_reward": 556.5658310224907}
{"period": 54, "status": "optimal", "solve_seconds": 3.4879989624023438, "model_wall_seconds": 3.717743799992604, "gap": 7.003309384003833e-05, "actual_reward": 602.6836037237885}
{"period": 55, "status": "optimal", "solve_seconds": 2.75, "model_wall_seconds": 2.9704292999813333, "gap": 6.468275175679985e-05, "actual_reward": 246.34123165328353}
{"period": 56, "status": "time_limit", "solve_seconds": 120.26300048828125, "model_wall_seconds": 120.49471650001942, "gap": 0.009027961538703111, "actual_reward": 105.46455682675534}
{"period": 57, "status": "optimal", "solve_seconds": 2.2259998321533203, "model_wall_seconds": 2.439116699999431, "gap": 0.0, "actual_reward": 1071.2162587358473}
{"period": 58, "status": "time_limit", "solve_seconds": 120.22500038146973, "model_wall_seconds": 120.4432375000033, "gap": 0.0057373283305326315, "actual_reward": 879.1807358686218}
{"period": 59, "status": "optimal", "solve_seconds": 22.576000213623047, "model_wall_seconds": 22.815212699992117, "gap": 9.999164954675205e-05, "actual_reward": 498.7641572468108}
{"period": 60, "status": "optimal", "solve_seconds": 6.875, "model_wall_seconds": 7.130824299994856, "gap": 3.7112626375090345e-05, "actual_reward": 471.7228158023103}
{"period": 61, "status": "optimal", "solve_seconds": 15.968999862670898, "model_wall_seconds": 16.224422100000083, "gap": 8.67451498974085e-05, "actual_reward": 481.61484948243356}
{"period": 62, "status": "time_limit", "solve_seconds": 120.00300025939941, "model_wall_seconds": 120.3640802000009, "gap": 0.007135776407098516, "actual_reward": 1189.376220074297}
{"period": 63, "status": "optimal", "solve_seconds": 42.51099967956543, "model_wall_seconds": 42.78284179998445, "gap": 8.061294598027084e-05, "actual_reward": 319.8541347082991}
{"period": 64, "status": "optimal", "solve_seconds": 91.19700050354004, "model_wall_seconds": 91.50487170001725, "gap": 9.777194727410914e-05, "actual_reward": 65.46602048916532}
{"period": 65, "status": "optimal", "solve_seconds": 96.82999992370605, "model_wall_seconds": 97.06708740000613, "gap": 9.971335004726824e-05, "actual_reward": 1362.595993088779}
{"period": 66, "status": "optimal", "solve_seconds": 45.70199966430664, "model_wall_seconds": 45.99816220000503, "gap": 8.289189485109534e-05, "actual_reward": 491.39406839510673}
{"period": 67, "status": "optimal", "solve_seconds": 13.083000183105469, "model_wall_seconds": 13.312624499987578, "gap": 0.0, "actual_reward": 586.0654528966579}
{"period": 68, "status": "optimal", "solve_seconds": 6.806999206542969, "model_wall_seconds": 7.051802300004056, "gap": 8.30752334242913e-06, "actual_reward": 686.633436706933}
{"period": 69, "status": "optimal", "solve_seconds": 16.94499969482422, "model_wall_seconds": 17.159371400019154, "gap": 0.0, "actual_reward": 638.4328304291726}
{"period": 70, "status": "time_limit", "solve_seconds": 120.00200080871582, "model_wall_seconds": 120.33493250000174, "gap": 0.017123959174462064, "actual_reward": 672.1440572834473}
{"period": 71, "status": "time_limit", "solve_seconds": 120.00399971008301, "model_wall_seconds": 120.33234749999247, "gap": 0.017854549000271655, "actual_reward": 293.6297073297295}
{"period": 72, "status": "optimal", "solve_seconds": 6.680999755859375, "model_wall_seconds": 6.91898940000101, "gap": 0.0, "actual_reward": 864.9315313633186}
{"period": 73, "status": "time_limit", "solve_seconds": 120.00200080871582, "model_wall_seconds": 120.24861669997335, "gap": 0.007715897147075162, "actual_reward": -285.0887275490873}
{"period": 74, "status": "time_limit", "solve_seconds": 120.00400161743164, "model_wall_seconds": 120.28704509997624, "gap": 0.002004083827396732, "actual_reward": 1089.9429053963227}
{"period": 75, "status": "time_limit", "solve_seconds": 120.00500106811523, "model_wall_seconds": 120.31852309999522, "gap": 0.019709507299763833, "actual_reward": 1210.8211446325142}
{"period": 76, "status": "optimal", "solve_seconds": 11.628000259399414, "model_wall_seconds": 11.851983300002757, "gap": 7.52382389863086e-05, "actual_reward": 1143.0510710173296}
{"period": 77, "status": "time_limit", "solve_seconds": 120.00300025939941, "model_wall_seconds": 120.27549020000151, "gap": 0.005442003983868254, "actual_reward": -21.13328561107518}
{"period": 78, "status": "optimal", "solve_seconds": 39.66900062561035, "model_wall_seconds": 39.86844449999626, "gap": 0.0, "actual_reward": 60.73640853658901}
{"period": 79, "status": "time_limit", "solve_seconds": 120.00299835205078, "model_wall_seconds": 120.35779800001183, "gap": 0.01471868634628067, "actual_reward": 241.39533303779197}
{"period": 80, "status": "optimal", "solve_seconds": 6.256999969482422, "model_wall_seconds": 6.45647010000539, "gap": 0.0, "actual_reward": 1163.0770508134633}
{"period": 81, "status": "optimal", "solve_seconds": 11.338001251220703, "model_wall_seconds": 11.509539399994537, "gap": 4.7045208498342675e-06, "actual_reward": 812.367957404687}
{"period": 82, "status": "optimal", "solve_seconds": 1.273000717163086, "model_wall_seconds": 1.4957647999981418, "gap": 0.0, "actual_reward": 407.84467197643414}
{"period": 83, "status": "optimal", "solve_seconds": 2.1359996795654297, "model_wall_seconds": 2.2891735000011977, "gap": 0.0, "actual_reward": 59.10866688883543}
{"period": 84, "status": "optimal", "solve_seconds": 1.5489997863769531, "model_wall_seconds": 1.7066725000040606, "gap": 0.0, "actual_reward": 278.9595323308854}
{"period": 85, "status": "optimal", "solve_seconds": 2.237001419067383, "model_wall_seconds": 2.4633736000105273, "gap": 4.039610848640295e-07, "actual_reward": 597.3346331057953}
{"period": 86, "status": "optimal", "solve_seconds": 0.8599987030029297, "model_wall_seconds": 1.0104465000040364, "gap": 0.0, "actual_reward": 287.9102145796536}
{"period": 87, "status": "optimal", "solve_seconds": 1.559000015258789, "model_wall_seconds": 1.7022934000124224, "gap": 0.0, "actual_reward": 105.18466238555254}
{"period": 88, "status": "optimal", "solve_seconds": 0.8940010070800781, "model_wall_seconds": 1.1015942000085488, "gap": 2.0227596793071023e-06, "actual_reward": 1386.6521740846276}
{"period": 89, "status": "optimal", "solve_seconds": 1.0090007781982422, "model_wall_seconds": 1.1566543000226375, "gap": 0.0, "actual_reward": -38.458747961523265}
{"period": 90, "status": "optimal", "solve_seconds": 0.7789993286132812, "model_wall_seconds": 0.9125323999905959, "gap": 3.6397358338834446e-05, "actual_reward": 933.1329986487019}
{"period": 91, "status": "optimal", "solve_seconds": 1.2880001068115234, "model_wall_seconds": 1.430813200015109, "gap": 1.2167244323089096e-05, "actual_reward": -56.434522707573215}
{"period": 92, "status": "optimal", "solve_seconds": 1.1210002899169922, "model_wall_seconds": 1.2669200999953318, "gap": 0.0, "actual_reward": 565.9589885793256}
{"period": 93, "status": "optimal", "solve_seconds": 1.3470001220703125, "model_wall_seconds": 1.484030099993106, "gap": 6.645118536630379e-05, "actual_reward": 293.78205845076803}
{"period": 94, "status": "optimal", "solve_seconds": 1.7980003356933594, "model_wall_seconds": 1.9319170999806374, "gap": 0.0, "actual_reward": 381.2739566687564}
{"period": 95, "status": "optimal", "solve_seconds": 0.6210002899169922, "model_wall_seconds": 0.7367245000205003, "gap": 0.0, "actual_reward": 704.6754536621779}
{"period": 96, "status": "optimal", "solve_seconds": 0.4080009460449219, "model_wall_seconds": 0.5088026000012178, "gap": 0.0, "actual_reward": 275.0550860777183}
{"period": 97, "status": "optimal", "solve_seconds": 0.3859996795654297, "model_wall_seconds": 0.49313550000078976, "gap": 0.0, "actual_reward": 424.63528220730416}
{"period": 98, "status": "optimal", "solve_seconds": 0.27300071716308594, "model_wall_seconds": 0.3635849999845959, "gap": 0.0, "actual_reward": 328.2019031547711}
{"period": 99, "status": "optimal", "solve_seconds": 0.266998291015625, "model_wall_seconds": 0.35679700001492165, "gap": 0.0, "actual_reward": 413.0424464986619}
{"period": 100, "status": "optimal", "solve_seconds": 0.17300033569335938, "model_wall_seconds": 0.25326090000453405, "gap": 0.0, "actual_reward": 478.17872972917723}
{"period": 101, "status": "optimal", "solve_seconds": 0.3060016632080078, "model_wall_seconds": 0.38890389999141917, "gap": 0.0, "actual_reward": 23.64077348280221}
{"period": 102, "status": "optimal", "solve_seconds": 0.2049999237060547, "model_wall_seconds": 0.2817003999953158, "gap": 0.0, "actual_reward": 78.05946342201091}
{"period": 103, "status": "optimal", "solve_seconds": 0.20800018310546875, "model_wall_seconds": 0.2835544999979902, "gap": 0.0, "actual_reward": 304.02432033705094}
{"period": 104, "status": "optimal", "solve_seconds": 0.17299842834472656, "model_wall_seconds": 0.2614293999795336, "gap": 0.0, "actual_reward": 163.198080613527}
{"period": 105, "status": "optimal", "solve_seconds": 0.20200157165527344, "model_wall_seconds": 0.2749601999821607, "gap": 0.0, "actual_reward": 47.140291289837755}
{"period": 106, "status": "optimal", "solve_seconds": 0.13199996948242188, "model_wall_seconds": 0.20481299998937175, "gap": 0.0, "actual_reward": 75.88666666670098}
{"period": 107, "status": "optimal", "solve_seconds": 0.19099998474121094, "model_wall_seconds": 0.260857000015676, "gap": 0.0, "actual_reward": 220.08403508771173}
{"period": 108, "status": "optimal", "solve_seconds": 0.1490001678466797, "model_wall_seconds": 0.2170656000089366, "gap": 0.0, "actual_reward": 15.72875243130568}
{"period": 109, "status": "optimal", "solve_seconds": 0.1529998779296875, "model_wall_seconds": 0.22196429999894463, "gap": 0.0, "actual_reward": 136.29421052523523}
{"period": 110, "status": "optimal", "solve_seconds": 0.220001220703125, "model_wall_seconds": 0.2907714000029955, "gap": 0.0, "actual_reward": 85.39333333338293}
{"period": 111, "status": "optimal", "solve_seconds": 0.22900009155273438, "model_wall_seconds": 0.29031250000116415, "gap": 0.0, "actual_reward": -58.76598508397371}
{"period": 112, "status": "optimal", "solve_seconds": 0.11799812316894531, "model_wall_seconds": 0.25187340000411496, "gap": 0.0, "actual_reward": 339.6405252960992}
{"period": 113, "status": "optimal", "solve_seconds": 0.11600112915039062, "model_wall_seconds": 0.1752740000083577, "gap": 0.0, "actual_reward": -20.700000000000017}
{"period": 114, "status": "optimal", "solve_seconds": 0.09399986267089844, "model_wall_seconds": 0.15103029998135753, "gap": 0.0, "actual_reward": 135.589999999908}
{"period": 115, "status": "optimal", "solve_seconds": 0.07299995422363281, "model_wall_seconds": 0.13108659998397343, "gap": 0.0, "actual_reward": 202.08666666695296}
{"period": 116, "status": "optimal", "solve_seconds": 0.05399894714355469, "model_wall_seconds": 0.11026819999096915, "gap": 0.0, "actual_reward": 111.110877192934}
{"period": 117, "status": "optimal", "solve_seconds": 0.11299896240234375, "model_wall_seconds": 0.16932479999377392, "gap": 0.0, "actual_reward": 109.81701754318853}
{"period": 118, "status": "optimal", "solve_seconds": 0.082000732421875, "model_wall_seconds": 0.13904920002096333, "gap": 0.0, "actual_reward": -31.20000000000001}
{"period": 119, "status": "optimal", "solve_seconds": 0.11199951171875, "model_wall_seconds": 0.18665360001614317, "gap": 0.0, "actual_reward": 32.33560791686586}
{"period": 120, "status": "optimal", "solve_seconds": 0.14999961853027344, "model_wall_seconds": 0.20947299999534152, "gap": 0.0, "actual_reward": -50.073684210284235}
{"period": 121, "status": "optimal", "solve_seconds": 0.0970001220703125, "model_wall_seconds": 0.15662560000782833, "gap": 0.0, "actual_reward": -27.40000000000003}
{"period": 122, "status": "optimal", "solve_seconds": 0.07999992370605469, "model_wall_seconds": 0.13754250001511537, "gap": 0.0, "actual_reward": 211.9816554908761}
{"period": 123, "status": "optimal", "solve_seconds": 0.07299995422363281, "model_wall_seconds": 0.12834799999836832, "gap": 0.0, "actual_reward": -35.01736815727387}
{"period": 124, "status": "optimal", "solve_seconds": 0.07700157165527344, "model_wall_seconds": 0.14741639999556355, "gap": 0.0, "actual_reward": 43.707368421144615}
{"period": 125, "status": "optimal", "solve_seconds": 0.06299972534179688, "model_wall_seconds": 0.11800420001964085, "gap": 0.0, "actual_reward": 109.01000000009599}
{"period": 126, "status": "optimal", "solve_seconds": 0.07299995422363281, "model_wall_seconds": 0.12830460001714528, "gap": 0.0, "actual_reward": -29.836842105432655}
{"period": 127, "status": "optimal", "solve_seconds": 0.09399986267089844, "model_wall_seconds": 0.15296420000959188, "gap": 0.0, "actual_reward": 16.646666666616966}
{"period": 128, "status": "optimal", "solve_seconds": 0.07999992370605469, "model_wall_seconds": 0.13447079999605194, "gap": 0.0, "actual_reward": -41.25}
{"period": 129, "status": "optimal", "solve_seconds": 0.05999946594238281, "model_wall_seconds": 0.11637980001978576, "gap": 0.0, "actual_reward": 24.34999999972396}
{"period": 130, "status": "optimal", "solve_seconds": 0.06500053405761719, "model_wall_seconds": 0.13105060000088997, "gap": 0.0, "actual_reward": -14.250631444620007}
{"period": 131, "status": "optimal", "solve_seconds": 0.07900047302246094, "model_wall_seconds": 0.14017850000527687, "gap": 0.0, "actual_reward": 14.769999999907961}
{"period": 132, "status": "optimal", "solve_seconds": 0.069000244140625, "model_wall_seconds": 0.12403280002763495, "gap": 0.0, "actual_reward": 86.52614035101766}
{"period": 133, "status": "optimal", "solve_seconds": 0.061000823974609375, "model_wall_seconds": 0.11871680000331253, "gap": 0.0, "actual_reward": 107.08982456190483}
{"period": 134, "status": "optimal", "solve_seconds": 0.06400108337402344, "model_wall_seconds": 0.11566250000032596, "gap": 0.0, "actual_reward": -15.150000000000022}
{"period": 135, "status": "optimal", "solve_seconds": 0.05200004577636719, "model_wall_seconds": 0.10611039999639615, "gap": 0.0, "actual_reward": 50.133333333389956}
{"period": 136, "status": "optimal", "solve_seconds": 0.05800056457519531, "model_wall_seconds": 0.10947890000534244, "gap": 0.0, "actual_reward": 36.266666666819965}
{"period": 137, "status": "optimal", "solve_seconds": 0.06999969482421875, "model_wall_seconds": 0.12135680002393201, "gap": 0.0, "actual_reward": -41.44473684217476}
{"period": 138, "status": "optimal", "solve_seconds": 0.07400131225585938, "model_wall_seconds": 0.12528639999800362, "gap": 0.0, "actual_reward": -22.454385964935792}
{"period": 139, "status": "optimal", "solve_seconds": 0.05900001525878906, "model_wall_seconds": 0.11052650000783615, "gap": 0.0, "actual_reward": -17.094736842105284}
{"period": 140, "status": "optimal", "solve_seconds": 0.04599952697753906, "model_wall_seconds": 0.09719820000464097, "gap": 0.0, "actual_reward": 23.000000000202}
{"period": 141, "status": "optimal", "solve_seconds": 0.025999069213867188, "model_wall_seconds": 0.07515029999194667, "gap": 0.0, "actual_reward": 58.73666666713597}
{"period": 142, "status": "optimal", "solve_seconds": 0.018999099731445312, "model_wall_seconds": 0.06819709998671897, "gap": 0.0, "actual_reward": -13.500000000000005}
{"period": 143, "status": "optimal", "solve_seconds": 0.022998809814453125, "model_wall_seconds": 0.06752410001354292, "gap": 0.0, "actual_reward": 126.30666666691596}
{"period": 144, "status": "optimal", "solve_seconds": 0.029001235961914062, "model_wall_seconds": 0.08154689997900277, "gap": 0.0, "actual_reward": -8.343859649448419}
{"period": 145, "status": "optimal", "solve_seconds": 0.022001266479492188, "model_wall_seconds": 0.0697130000044126, "gap": 0.0, "actual_reward": 0.0}
{"period": 146, "status": "optimal", "solve_seconds": 0.019998550415039062, "model_wall_seconds": 0.07276720000663772, "gap": 0.0, "actual_reward": 0.0}
{"period": 147, "status": "optimal", "solve_seconds": 0.020000457763671875, "model_wall_seconds": 0.06613350001862273, "gap": 0.0, "actual_reward": 0.0}
{"period": 148, "status": "optimal", "solve_seconds": 0.02500152587890625, "model_wall_seconds": 0.07251369999721646, "gap": 0.0, "actual_reward": -17.4}
{"period": 149, "status": "optimal", "solve_seconds": 0.015001296997070312, "model_wall_seconds": 0.06398070001159795, "gap": 0.0, "actual_reward": 62.186666666431975}
{"state": "complete", "started_at": "2026-09-17T19:12:49.320263+00:00", "scenario": "D:\\Myfiles\\vscode_files\\cleanrl_BSS\\ExpresswayBSSs_v2\\data\\final_real_data_v1\\scenarios\\day_01.json", "route_mode": "joint", "charging_mode": "joint", "model": null, "deadline": null, "pid": 25284, "created": 1789672369.1388488, "source_snapshot": "D:\\Myfiles\\vscode_files\\cleanrl_BSS\\ExpresswayBSSs_v2\\outputs\\zero_terminal_real_data_seed1_v1\\runs\\h7_day01\\source_snapshots\\e04451463b9d6545577ff982cb3a33775239dc78ba1d91c5d8a88c86fabb05aa", "prior_attempt_seconds": 0.0, "runtime_timing_incomplete": false, "runtime_timing_estimated": false, "launcher_source_snapshot": "D:\\Myfiles\\vscode_files\\cleanrl_BSS\\ExpresswayBSSs_v2\\outputs\\zero_terminal_real_data_seed1_v1\\code_snapshots\\40ec378611b206b02ef446c50a74e31e0ead20388937d43f8a3085ca15610712", "finished_at": "2026-09-17T19:55:49.153634+00:00", "wall_seconds": 2579.8303802999726, "metrics": {"net_profit_yuan": 36962.69230861997, "service_income_yuan": 51911.19974670319, "charging_cost_yuan": 13428.507438083103, "adjustment_cost_yuan": 1520.0, "reservation_failure_cost_yuan": 0.0, "reservation_count": 200, "actual_random_count": 200, "reservation_failures": 0, "reservation_failure_rate": 0.0, "reservation_completed": 200, "reservation_unfinished_at_L": 34, "reservation_unfinished_rate_at_L": 0.17, "reservation_unfinished_after_cleanup": 0, "random_services": 173, "random_service_rate": 0.865, "mean_wait_minutes_served": 12.3867293121331, "path_adjustments": 152, "solver_seconds_mean": 14.834342354896085, "solver_seconds_p95": 120.00299949645996, "model_wall_seconds_mean": 14.986019206712461, "model_wall_seconds_p95": 120.32681773999357, "model_wall_seconds_total": 2232.9168618001568, "mip_gap_mean": 0.0007709947726963453, "mip_gap_max": 0.019709507299763833, "mip_gap_target_met_fraction": 0.912751677852349, "solver_status_counts": {"optimal": 136, "time_limit": 13}, "completed_periods": 149, "demand_periods": 96, "cleanup_periods": 53, "cleanup_hours": 13.25, "time_limit_fraction": 0.087248322147651, "final_inventory_kwh": 4891.489820643199, "random_timeouts": 27, "terminal_settlement": "none", "operating_duration_hours": 24.0, "current_attempt_wall_seconds": 2579.8278963999765, "prior_attempt_wall_seconds": 0.0, "known_runtime_seconds": 2579.8278963999765, "runtime_timing_incomplete": false, "runtime_timing_estimated": false, "worker_wall_seconds": 2579.8278963999765}}
