{"period": 1, "status": "optimal", "solve_seconds": 0.12999916076660156, "model_wall_seconds": 0.2734469999850262, "gap": 0.0, "actual_reward": 0.0}
{"period": 2, "status": "optimal", "solve_seconds": 0.031000137329101562, "model_wall_seconds": 0.19061750001856126, "gap": 0.0, "actual_reward": 0.0}
{"period": 3, "status": "optimal", "solve_seconds": 0.13500022888183594, "model_wall_seconds": 0.26960840000538155, "gap": 0.0, "actual_reward": 0.0}
{"period": 4, "status": "optimal", "solve_seconds": 0.036998748779296875, "model_wall_seconds": 0.17968200001632795, "gap": 0.0, "actual_reward": 66.61516483348984}
{"period": 5, "status": "optimal", "solve_seconds": 0.16199874877929688, "model_wall_seconds": 0.29790749997482635, "gap": 0.0, "actual_reward": 147.42882171004368}
{"period": 6, "status": "optimal", "solve_seconds": 0.042999267578125, "model_wall_seconds": 0.18321959997410886, "gap": 0.0, "actual_reward": 76.56582280171953}
{"period": 7, "status": "optimal", "solve_seconds": 0.09399986267089844, "model_wall_seconds": 0.22877879999578, "gap": 0.0, "actual_reward": -1.1013412404281553e-15}
{"period": 8, "status": "optimal", "solve_seconds": 0.047000885009765625, "model_wall_seconds": 0.18002470000647008, "gap": 0.0, "actual_reward": -1.1013412404281553e-15}
{"period": 9, "status": "optimal", "solve_seconds": 0.10599899291992188, "model_wall_seconds": 0.2426835999940522, "gap": 0.0, "actual_reward": -1.1013412404281553e-15}
{"period": 10, "status": "optimal", "solve_seconds": 0.025999069213867188, "model_wall_seconds": 0.15576190000865608, "gap": 0.0, "actual_reward": 86.271309864918}
{"period": 11, "status": "optimal", "solve_seconds": 0.0839996337890625, "model_wall_seconds": 0.2026692999934312, "gap": 0.0, "actual_reward": -1.1013412404281553e-15}
{"period": 12, "status": "optimal", "solve_seconds": 0.017000198364257812, "model_wall_seconds": 0.14760779999778606, "gap": 0.0, "actual_reward": -1.1013412404281553e-15}
{"period": 13, "status": "optimal", "solve_seconds": 0.0709991455078125, "model_wall_seconds": 0.18764160000137053, "gap": 0.0, "actual_reward": -1.1013412404281553e-15}
{"period": 14, "status": "optimal", "solve_seconds": 0.0059986114501953125, "model_wall_seconds": 0.1347961999999825, "gap": 0.0, "actual_reward": -1.1013412404281553e-15}
{"period": 15, "status": "optimal", "solve_seconds": 0.069000244140625, "model_wall_seconds": 0.19609939999645576, "gap": 0.0, "actual_reward": -10.000000000000002}
{"period": 16, "status": "optimal", "solve_seconds": 0.05900001525878906, "model_wall_seconds": 0.1956171999918297, "gap": 0.0, "actual_reward": -1.1013412404281553e-15}
{"period": 17, "status": "optimal", "solve_seconds": 0.1420001983642578, "model_wall_seconds": 0.27118520002113655, "gap": 0.0, "actual_reward": -1.1013412404281553e-15}
{"period": 18, "status": "optimal", "solve_seconds": 0.08499908447265625, "model_wall_seconds": 0.2126212999864947, "gap": 0.0, "actual_reward": -1.1013412404281553e-15}
{"period": 19, "status": "optimal", "solve_seconds": 0.11700057983398438, "model_wall_seconds": 0.2527389999886509, "gap": 0.0, "actual_reward": 56.37159591825}
{"period": 20, "status": "optimal", "solve_seconds": 0.025999069213867188, "model_wall_seconds": 0.1545607000007294, "gap": 0.0, "actual_reward": -3.517186542012496e-15}
{"period": 21, "status": "optimal", "solve_seconds": 0.09100151062011719, "model_wall_seconds": 0.21972019999520853, "gap": 0.0, "actual_reward": 94.04706247121997}
{"period": 22, "status": "optimal", "solve_seconds": 0.03199958801269531, "model_wall_seconds": 0.2046031999925617, "gap": 0.0, "actual_reward": -3.517186542012496e-15}
{"period": 23, "status": "optimal", "solve_seconds": 0.08999824523925781, "model_wall_seconds": 0.21315120000508614, "gap": 0.0, "actual_reward": -10.000000000000004}
{"period": 24, "status": "optimal", "solve_seconds": 0.020000457763671875, "model_wall_seconds": 0.1878361999988556, "gap": 0.0, "actual_reward": -3.517186542012496e-15}
{"period": 25, "status": "optimal", "solve_seconds": 0.0839996337890625, "model_wall_seconds": 0.203202099975897, "gap": 0.0, "actual_reward": -10.000000000000007}
{"period": 26, "status": "optimal", "solve_seconds": 0.05300140380859375, "model_wall_seconds": 0.1853605000069365, "gap": 0.0, "actual_reward": 49.22000000018399}
{"period": 27, "status": "optimal", "solve_seconds": 0.08600044250488281, "model_wall_seconds": 0.22409989999141544, "gap": 0.0, "actual_reward": -1.2043699371133697e-14}
{"period": 28, "status": "optimal", "solve_seconds": 0.04500007629394531, "model_wall_seconds": 0.17783299999427982, "gap": 0.0, "actual_reward": -1.2043699371133697e-14}
{"period": 29, "status": "optimal", "solve_seconds": 0.10700035095214844, "model_wall_seconds": 0.22886409997590818, "gap": 0.0, "actual_reward": 82.83807985668798}
{"period": 30, "status": "optimal", "solve_seconds": 0.049999237060546875, "model_wall_seconds": 0.18160829998669215, "gap": 0.0, "actual_reward": -7.140954494389008e-15}
{"period": 31, "status": "optimal", "solve_seconds": 0.10000038146972656, "model_wall_seconds": 0.2304764000000432, "gap": 0.0, "actual_reward": -1.6804335700726368e-14}
{"period": 32, "status": "optimal", "solve_seconds": 0.061000823974609375, "model_wall_seconds": 0.19055689999368042, "gap": 0.0, "actual_reward": -7.140954494389008e-15}
{"period": 33, "status": "optimal", "solve_seconds": 0.14299964904785156, "model_wall_seconds": 0.27174500000546686, "gap": 0.0, "actual_reward": 204.2712145064617}
{"period": 34, "status": "optimal", "solve_seconds": 0.06599998474121094, "model_wall_seconds": 0.19971389998681843, "gap": 0.0, "actual_reward": 110.05753132714464}
{"period": 35, "status": "optimal", "solve_seconds": 0.16400146484375, "model_wall_seconds": 0.30042060001869686, "gap": 0.0, "actual_reward": 417.14365933148883}
{"period": 36, "status": "optimal", "solve_seconds": 0.13199996948242188, "model_wall_seconds": 0.2916339999937918, "gap": 0.0, "actual_reward": 318.29696429944556}
{"period": 37, "status": "optimal", "solve_seconds": 0.1359996795654297, "model_wall_seconds": 0.2647454999969341, "gap": 0.0, "actual_reward": 111.7329742761873}
{"period": 38, "status": "optimal", "solve_seconds": 0.082000732421875, "model_wall_seconds": 0.24219990000710823, "gap": 0.0, "actual_reward": 331.1747047290247}
{"period": 39, "status": "optimal", "solve_seconds": 0.15399932861328125, "model_wall_seconds": 0.2843490999948699, "gap": 0.0, "actual_reward": 643.5674240762314}
{"period": 40, "status": "optimal", "solve_seconds": 0.10400009155273438, "model_wall_seconds": 0.26361049999832176, "gap": 0.0, "actual_reward": 441.08681039497264}
{"period": 41, "status": "optimal", "solve_seconds": 0.1959991455078125, "model_wall_seconds": 0.33248579999781214, "gap": 0.0, "actual_reward": 444.5254261478183}
{"period": 42, "status": "optimal", "solve_seconds": 0.12399864196777344, "model_wall_seconds": 0.29336050001438707, "gap": 0.0, "actual_reward": 233.14392097635994}
{"period": 43, "status": "optimal", "solve_seconds": 0.19899940490722656, "model_wall_seconds": 0.352099800016731, "gap": 0.0, "actual_reward": 336.13637530171934}
{"period": 44, "status": "optimal", "solve_seconds": 0.16900062561035156, "model_wall_seconds": 0.34496390001731925, "gap": 0.0, "actual_reward": 612.8589920973332}
{"period": 45, "status": "optimal", "solve_seconds": 0.21099853515625, "model_wall_seconds": 0.34956649999367073, "gap": 0.0, "actual_reward": 333.15715624112545}
{"period": 46, "status": "optimal", "solve_seconds": 0.1529998779296875, "model_wall_seconds": 0.295314299990423, "gap": 0.0, "actual_reward": 560.7389641068077}
{"period": 47, "status": "optimal", "solve_seconds": 0.207000732421875, "model_wall_seconds": 0.343639600003371, "gap": 0.0, "actual_reward": 549.3473867720302}
{"period": 48, "status": "optimal", "solve_seconds": 0.15399932861328125, "model_wall_seconds": 0.3042111999820918, "gap": 0.0, "actual_reward": 954.4451951611578}
{"period": 49, "status": "optimal", "solve_seconds": 0.25499916076660156, "model_wall_seconds": 0.39972620000480674, "gap": 0.0, "actual_reward": 481.7269917709641}
{"period": 50, "status": "optimal", "solve_seconds": 0.2840003967285156, "model_wall_seconds": 0.42902939999476075, "gap": 0.0, "actual_reward": 406.84254189841477}
{"period": 51, "status": "optimal", "solve_seconds": 0.3139991760253906, "model_wall_seconds": 0.45672649997868575, "gap": 0.0, "actual_reward": 427.8123130349931}
{"period": 52, "status": "optimal", "solve_seconds": 0.1960010528564453, "model_wall_seconds": 0.33129420000477694, "gap": 0.0, "actual_reward": 195.59543010171487}
{"period": 53, "status": "optimal", "solve_seconds": 0.24699974060058594, "model_wall_seconds": 0.3813722000049893, "gap": 0.0, "actual_reward": 229.42301288386358}
{"period": 54, "status": "optimal", "solve_seconds": 0.24900054931640625, "model_wall_seconds": 0.3988503000000492, "gap": 0.0, "actual_reward": 761.2366346400543}
{"period": 55, "status": "optimal", "solve_seconds": 0.4069995880126953, "model_wall_seconds": 0.5899104000127409, "gap": 0.0, "actual_reward": 680.1085636889915}
{"period": 56, "status": "optimal", "solve_seconds": 0.45999908447265625, "model_wall_seconds": 0.6090039999980945, "gap": 0.0, "actual_reward": 91.42353904995143}
{"period": 57, "status": "optimal", "solve_seconds": 0.7549991607666016, "model_wall_seconds": 0.9087412999942899, "gap": 0.0, "actual_reward": 1077.0151274207178}
{"period": 58, "status": "optimal", "solve_seconds": 0.2670001983642578, "model_wall_seconds": 0.4119090000167489, "gap": 0.0, "actual_reward": 265.0548284294906}
{"period": 59, "status": "optimal", "solve_seconds": 0.36199951171875, "model_wall_seconds": 0.5376025000005029, "gap": 0.0, "actual_reward": 503.27198141728195}
{"period": 60, "status": "optimal", "solve_seconds": 0.24000167846679688, "model_wall_seconds": 0.4189868999819737, "gap": 0.0, "actual_reward": 115.46841197658931}
{"period": 61, "status": "optimal", "solve_seconds": 0.29400062561035156, "model_wall_seconds": 0.43384310000692494, "gap": 0.0, "actual_reward": -588.0107564668217}
{"period": 62, "status": "optimal", "solve_seconds": 0.2390003204345703, "model_wall_seconds": 0.3853614999970887, "gap": 0.0, "actual_reward": -368.6800021287273}
{"period": 63, "status": "optimal", "solve_seconds": 0.31799888610839844, "model_wall_seconds": 0.46612059997278266, "gap": 0.0, "actual_reward": -466.27022028047054}
{"period": 64, "status": "optimal", "solve_seconds": 0.26599884033203125, "model_wall_seconds": 0.4335311999893747, "gap": 0.0, "actual_reward": -668.8154860314919}
{"period": 65, "status": "optimal", "solve_seconds": 0.3729991912841797, "model_wall_seconds": 0.5178514999861363, "gap": 0.0, "actual_reward": 857.2722114970538}
{"period": 66, "status": "optimal", "solve_seconds": 0.25, "model_wall_seconds": 0.4081787000177428, "gap": 0.0, "actual_reward": 266.5502293471293}
{"period": 67, "status": "optimal", "solve_seconds": 0.3390007019042969, "model_wall_seconds": 0.46954960000584833, "gap": 0.0, "actual_reward": 876.4286272227511}
{"period": 68, "status": "optimal", "solve_seconds": 0.1359996795654297, "model_wall_seconds": 0.31242119998205453, "gap": 0.0, "actual_reward": 193.08679880012346}
{"period": 69, "status": "optimal", "solve_seconds": 0.2720012664794922, "model_wall_seconds": 0.4045920000062324, "gap": 0.0, "actual_reward": -1627.951797886511}
{"period": 70, "status": "optimal", "solve_seconds": 0.36299896240234375, "model_wall_seconds": 0.5069791999994777, "gap": 0.0, "actual_reward": -1901.733263994629}
{"period": 71, "status": "optimal", "solve_seconds": 0.3680000305175781, "model_wall_seconds": 0.5399757000268437, "gap": 8.307761976600241e-05, "actual_reward": -484.31413124223434}
{"period": 72, "status": "optimal", "solve_seconds": 0.42299842834472656, "model_wall_seconds": 0.5684024000074714, "gap": 0.0, "actual_reward": -969.7086450985562}
{"period": 73, "status": "optimal", "solve_seconds": 0.3689994812011719, "model_wall_seconds": 0.5009644000092521, "gap": 0.0, "actual_reward": -8236.997522074933}
{"period": 74, "status": "optimal", "solve_seconds": 0.39499855041503906, "model_wall_seconds": 0.572531700017862, "gap": 0.0, "actual_reward": -2687.088348328336}
{"period": 75, "status": "optimal", "solve_seconds": 0.305999755859375, "model_wall_seconds": 0.426172499981476, "gap": 0.0, "actual_reward": -1603.7401184195273}
{"period": 76, "status": "optimal", "solve_seconds": 0.20099830627441406, "model_wall_seconds": 0.3291680999973323, "gap": 0.0, "actual_reward": -230.3027550373464}
{"period": 77, "status": "optimal", "solve_seconds": 0.2870006561279297, "model_wall_seconds": 0.4048471999994945, "gap": 0.0, "actual_reward": -2413.285217989255}
{"period": 78, "status": "optimal", "solve_seconds": 0.2259998321533203, "model_wall_seconds": 0.350827099988237, "gap": 0.0, "actual_reward": -762.535649728055}
{"period": 79, "status": "optimal", "solve_seconds": 0.194000244140625, "model_wall_seconds": 0.31209070002660155, "gap": 0.0, "actual_reward": -1934.8852993490518}
{"period": 80, "status": "optimal", "solve_seconds": 0.14299964904785156, "model_wall_seconds": 0.25438949998351745, "gap": 0.0, "actual_reward": -3854.8936056014672}
{"period": 81, "status": "optimal", "solve_seconds": 0.14699935913085938, "model_wall_seconds": 0.25858080000034533, "gap": 0.0, "actual_reward": -2583.103979201082}
{"period": 82, "status": "optimal", "solve_seconds": 0.10499954223632812, "model_wall_seconds": 0.21783189999405295, "gap": 0.0, "actual_reward": -4722.100871713704}
{"period": 83, "status": "optimal", "solve_seconds": 0.11800003051757812, "model_wall_seconds": 0.2304792000213638, "gap": 0.0, "actual_reward": -4585.057109748644}
{"period": 84, "status": "optimal", "solve_seconds": 0.07299995422363281, "model_wall_seconds": 0.18605260000913404, "gap": 0.0, "actual_reward": -4915.679999999877}
{"period": 85, "status": "optimal", "solve_seconds": 0.05800056457519531, "model_wall_seconds": 0.15813149997848086, "gap": 0.0, "actual_reward": -4888.170562899211}
{"period": 86, "status": "optimal", "solve_seconds": 0.04399871826171875, "model_wall_seconds": 0.13684289998491295, "gap": 0.0, "actual_reward": -4808.685881055881}
{"period": 87, "status": "optimal", "solve_seconds": 0.04799842834472656, "model_wall_seconds": 0.14240480001899414, "gap": 0.0, "actual_reward": -4010.0}
{"period": 88, "status": "optimal", "solve_seconds": 0.048999786376953125, "model_wall_seconds": 0.13050650001969188, "gap": 0.0, "actual_reward": -6000.0}
{"period": 89, "status": "optimal", "solve_seconds": 0.06599998474121094, "model_wall_seconds": 0.14522830001078546, "gap": 0.0, "actual_reward": -2886.824085473414}
{"period": 90, "status": "optimal", "solve_seconds": 0.047000885009765625, "model_wall_seconds": 0.11756400001468137, "gap": 0.0, "actual_reward": -907.269346228216}
{"period": 91, "status": "optimal", "solve_seconds": 0.055999755859375, "model_wall_seconds": 0.12918429999263026, "gap": 0.0, "actual_reward": -3910.6358766723524}
{"period": 92, "status": "optimal", "solve_seconds": 0.05200004577636719, "model_wall_seconds": 0.12950500001898035, "gap": 0.0, "actual_reward": -928.2121303244439}
{"period": 93, "status": "optimal", "solve_seconds": 0.0579986572265625, "model_wall_seconds": 0.13033200000063516, "gap": 0.0, "actual_reward": -7020.5}
{"period": 94, "status": "optimal", "solve_seconds": 0.03399848937988281, "model_wall_seconds": 0.10234659997513518, "gap": 0.0, "actual_reward": -2765.183710471072}
{"period": 95, "status": "optimal", "solve_seconds": 0.04000091552734375, "model_wall_seconds": 0.09901230002287775, "gap": 0.0, "actual_reward": -2958.210133186816}
{"period": 96, "status": "optimal", "solve_seconds": 0.01599884033203125, "model_wall_seconds": 0.07258500001626089, "gap": 0.0, "actual_reward": -4010.5}
{"period": 97, "status": "optimal", "solve_seconds": 0.0260009765625, "model_wall_seconds": 0.07879020000109449, "gap": 0.0, "actual_reward": -4011.903508771979}
{"period": 98, "status": "optimal", "solve_seconds": 0.017000198364257812, "model_wall_seconds": 0.06409800000255927, "gap": 0.0, "actual_reward": -3010.5}
{"period": 99, "status": "optimal", "solve_seconds": 0.0149993896484375, "model_wall_seconds": 0.05912610000814311, "gap": 0.0, "actual_reward": -1000.0}
{"period": 100, "status": "optimal", "solve_seconds": 0.010000228881835938, "model_wall_seconds": 0.047596000018529594, "gap": 0.0, "actual_reward": -930.946097388714}
{"period": 101, "status": "optimal", "solve_seconds": 0.0039997100830078125, "model_wall_seconds": 0.04860949999419972, "gap": 0.0, "actual_reward": -3010.0}
{"period": 102, "status": "optimal", "solve_seconds": 0.0039997100830078125, "model_wall_seconds": 0.04452649998711422, "gap": 0.0, "actual_reward": -9.663381206337362e-15}
{"period": 103, "status": "optimal", "solve_seconds": 0.0049991607666015625, "model_wall_seconds": 0.04355070000747219, "gap": 0.0, "actual_reward": -1000.0}
{"period": 104, "status": "optimal", "solve_seconds": 0.0049991607666015625, "model_wall_seconds": 0.042245499993441626, "gap": 0.0, "actual_reward": -1.108446667785756e-14}
{"period": 105, "status": "optimal", "solve_seconds": 0.0049991607666015625, "model_wall_seconds": 0.04349440001533367, "gap": 0.0, "actual_reward": -1000.0}
{"period": 106, "status": "optimal", "solve_seconds": 0.004001617431640625, "model_wall_seconds": 0.04580640001222491, "gap": 0.0, "actual_reward": -1000.0}
{"period": 107, "status": "optimal", "solve_seconds": 0.0049991607666015625, "model_wall_seconds": 0.04199900000821799, "gap": 0.0, "actual_reward": -1000.0}
{"period": 108, "status": "optimal", "solve_seconds": 0.0039997100830078125, "model_wall_seconds": 0.04804870000225492, "gap": 0.0, "actual_reward": -1000.0}
{"period": 109, "status": "optimal", "solve_seconds": 0.0039997100830078125, "model_wall_seconds": 0.0402079000195954, "gap": 0.0, "actual_reward": -1000.0}
{"period": 110, "status": "optimal", "solve_seconds": 0.0039997100830078125, "model_wall_seconds": 0.0376445000001695, "gap": 0.0, "actual_reward": -1000.0}
{"period": 111, "status": "optimal", "solve_seconds": 0.0030002593994140625, "model_wall_seconds": 0.036777100001927465, "gap": 0.0, "actual_reward": -7.46069872548105e-15}
{"period": 112, "status": "optimal", "solve_seconds": 0.0030002593994140625, "model_wall_seconds": 0.03805219999048859, "gap": 0.0, "actual_reward": -7.46069872548105e-15}
{"period": 113, "status": "optimal", "solve_seconds": 0.005001068115234375, "model_wall_seconds": 0.036632100003771484, "gap": 0.0, "actual_reward": -7.46069872548105e-15}
{"period": 114, "status": "optimal", "solve_seconds": 0.0039997100830078125, "model_wall_seconds": 0.03691669998806901, "gap": 0.0, "actual_reward": -7.46069872548105e-15}
{"period": 115, "status": "optimal", "solve_seconds": 0.0, "model_wall_seconds": 0.03707739998935722, "gap": 0.0, "actual_reward": -7.46069872548105e-15}
{"period": 116, "status": "optimal", "solve_seconds": 0.0030002593994140625, "model_wall_seconds": 0.035744399996474385, "gap": 0.0, "actual_reward": -1000.0}
{"state": "complete", "started_at": "2026-09-17T18:24:47.351362+00:00", "scenario": "D:\\Myfiles\\vscode_files\\cleanrl_BSS\\ExpresswayBSSs_v2\\data\\final_real_data_v1\\scenarios\\day_13.json", "route_mode": "joint", "charging_mode": "joint", "model": null, "deadline": null, "pid": 7904, "created": 1789669487.1698973, "source_snapshot": "D:\\Myfiles\\vscode_files\\cleanrl_BSS\\ExpresswayBSSs_v2\\outputs\\zero_terminal_real_data_seed1_v1\\runs\\h5_day13\\source_snapshots\\e04451463b9d6545577ff982cb3a33775239dc78ba1d91c5d8a88c86fabb05aa", "prior_attempt_seconds": 0.0, "runtime_timing_incomplete": false, "runtime_timing_estimated": false, "launcher_source_snapshot": "D:\\Myfiles\\vscode_files\\cleanrl_BSS\\ExpresswayBSSs_v2\\outputs\\zero_terminal_real_data_seed1_v1\\code_snapshots\\40ec378611b206b02ef446c50a74e31e0ead20388937d43f8a3085ca15610712", "finished_at": "2026-09-17T18:28:42.340676+00:00", "wall_seconds": 234.98855359997833, "metrics": {"net_profit_yuan": -96003.33631241092, "service_income_yuan": 27846.22113141554, "charging_cost_yuan": 1339.5574438264666, "adjustment_cost_yuan": 510.0, "reservation_failure_cost_yuan": 122000.0, "reservation_count": 200, "actual_random_count": 200, "reservation_failures": 122, "reservation_failure_rate": 0.61, "reservation_completed": 78, "reservation_unfinished_at_L": 22, "reservation_unfinished_rate_at_L": 0.11, "reservation_unfinished_after_cleanup": 0, "random_services": 135, "random_service_rate": 0.675, "mean_wait_minutes_served": 11.77525775942258, "path_adjustments": 51, "solver_seconds_mean": 0.13481876767914872, "solver_seconds_p95": 0.36999940872192383, "model_wall_seconds_mean": 0.25088898793107767, "model_wall_seconds_p95": 0.5381958000070881, "model_wall_seconds_total": 29.10312260000501, "mip_gap_mean": 7.161863772931243e-07, "mip_gap_max": 8.307761976600241e-05, "mip_gap_target_met_fraction": 1.0, "solver_status_counts": {"optimal": 116}, "completed_periods": 116, "demand_periods": 96, "cleanup_periods": 20, "cleanup_hours": 5.0, "time_limit_fraction": 0.0, "final_inventory_kwh": 6678.2542303786995, "random_timeouts": 65, "terminal_settlement": "none", "operating_duration_hours": 24.0, "current_attempt_wall_seconds": 234.98526729998412, "prior_attempt_wall_seconds": 0.0, "known_runtime_seconds": 234.98526729998412, "runtime_timing_incomplete": false, "runtime_timing_estimated": false, "worker_wall_seconds": 234.98526729998412}}
