{"period": 1, "status": "optimal", "solve_seconds": 0.14299964904785156, "model_wall_seconds": 0.8738758999970742, "gap": 0.0, "actual_reward": 0.0}
{"period": 2, "status": "optimal", "solve_seconds": 0.05200004577636719, "model_wall_seconds": 0.22809430002234876, "gap": 0.0, "actual_reward": 0.0}
{"period": 3, "status": "optimal", "solve_seconds": 0.1620006561279297, "model_wall_seconds": 0.3100906999898143, "gap": 0.0, "actual_reward": 0.0}
{"period": 4, "status": "optimal", "solve_seconds": 0.06399917602539062, "model_wall_seconds": 0.22015929999179207, "gap": 0.0, "actual_reward": 66.61516483348984}
{"period": 5, "status": "optimal", "solve_seconds": 0.12999916076660156, "model_wall_seconds": 0.2770083999785129, "gap": 0.0, "actual_reward": 147.42882171004368}
{"period": 6, "status": "optimal", "solve_seconds": 0.04699897766113281, "model_wall_seconds": 0.20495290000690147, "gap": 0.0, "actual_reward": 76.56582280171953}
{"period": 7, "status": "optimal", "solve_seconds": 0.10200119018554688, "model_wall_seconds": 0.243900700006634, "gap": 0.0, "actual_reward": -2.2026824808563106e-15}
{"period": 8, "status": "optimal", "solve_seconds": 0.069000244140625, "model_wall_seconds": 0.2163130000117235, "gap": 0.0, "actual_reward": -2.2026824808563106e-15}
{"period": 9, "status": "optimal", "solve_seconds": 0.12199974060058594, "model_wall_seconds": 0.2653297999931965, "gap": 0.0, "actual_reward": -2.2026824808563106e-15}
{"period": 10, "status": "optimal", "solve_seconds": 0.023000717163085938, "model_wall_seconds": 0.1723409999976866, "gap": 0.0, "actual_reward": 86.271309864918}
{"period": 11, "status": "optimal", "solve_seconds": 0.08799934387207031, "model_wall_seconds": 0.2279092000098899, "gap": 0.0, "actual_reward": -2.2026824808563106e-15}
{"period": 12, "status": "optimal", "solve_seconds": 0.021999359130859375, "model_wall_seconds": 0.1660734000033699, "gap": 0.0, "actual_reward": -1.1013412404281553e-15}
{"period": 13, "status": "optimal", "solve_seconds": 0.07399940490722656, "model_wall_seconds": 0.20811639999737963, "gap": 0.0, "actual_reward": -10.000000000000004}
{"period": 14, "status": "optimal", "solve_seconds": 0.06500053405761719, "model_wall_seconds": 0.21789950001402758, "gap": 0.0, "actual_reward": -2.2026824808563106e-15}
{"period": 15, "status": "optimal", "solve_seconds": 0.1270008087158203, "model_wall_seconds": 0.2642268000054173, "gap": 0.0, "actual_reward": -2.2026824808563106e-15}
{"period": 16, "status": "optimal", "solve_seconds": 0.05999946594238281, "model_wall_seconds": 0.21092100001988, "gap": 0.0, "actual_reward": -2.2026824808563106e-15}
{"period": 17, "status": "optimal", "solve_seconds": 0.1230010986328125, "model_wall_seconds": 0.26369370002066717, "gap": 0.0, "actual_reward": -2.2026824808563106e-15}
{"period": 18, "status": "optimal", "solve_seconds": 0.09599876403808594, "model_wall_seconds": 0.26436739999917336, "gap": 0.0, "actual_reward": -2.2026824808563106e-15}
{"period": 19, "status": "optimal", "solve_seconds": 0.10300064086914062, "model_wall_seconds": 0.23995620000641793, "gap": 0.0, "actual_reward": 46.37159591825}
{"period": 20, "status": "optimal", "solve_seconds": 0.034999847412109375, "model_wall_seconds": 0.18246120002004318, "gap": 0.0, "actual_reward": -4.618527782440651e-15}
{"period": 21, "status": "optimal", "solve_seconds": 0.10400009155273438, "model_wall_seconds": 0.2511125000019092, "gap": 0.0, "actual_reward": 94.04706247121997}
{"period": 22, "status": "optimal", "solve_seconds": 0.034999847412109375, "model_wall_seconds": 0.1795855000091251, "gap": 0.0, "actual_reward": -9.521272659185343e-15}
{"period": 23, "status": "optimal", "solve_seconds": 0.08300018310546875, "model_wall_seconds": 0.2235076999932062, "gap": 0.0, "actual_reward": -10.00000000000001}
{"period": 24, "status": "optimal", "solve_seconds": 0.0279998779296875, "model_wall_seconds": 0.17520189998322167, "gap": 0.0, "actual_reward": -8.419931418757188e-15}
{"period": 25, "status": "optimal", "solve_seconds": 0.11400032043457031, "model_wall_seconds": 0.25373289998969994, "gap": 0.0, "actual_reward": -1.4424017535930032e-14}
{"period": 26, "status": "optimal", "solve_seconds": 0.062000274658203125, "model_wall_seconds": 0.22740959998918697, "gap": 0.0, "actual_reward": 49.22000000018398}
{"period": 27, "status": "optimal", "solve_seconds": 0.12199974060058594, "model_wall_seconds": 0.26885399999446236, "gap": 0.0, "actual_reward": -1.4424017535930032e-14}
{"period": 28, "status": "optimal", "solve_seconds": 0.062000274658203125, "model_wall_seconds": 0.20977489999495447, "gap": 0.0, "actual_reward": -1.4424017535930032e-14}
{"period": 29, "status": "optimal", "solve_seconds": 0.1529998779296875, "model_wall_seconds": 0.3125122000055853, "gap": 0.0, "actual_reward": 72.83807985668798}
{"period": 30, "status": "optimal", "solve_seconds": 0.09199905395507812, "model_wall_seconds": 0.24556350000784732, "gap": 0.0, "actual_reward": -3.808509063674137e-14}
{"period": 31, "status": "optimal", "solve_seconds": 0.15200042724609375, "model_wall_seconds": 0.29536829999415204, "gap": 0.0, "actual_reward": -1.6804335700726368e-14}
{"period": 32, "status": "optimal", "solve_seconds": 0.10499954223632812, "model_wall_seconds": 0.27674370000022464, "gap": 0.0, "actual_reward": -1.2043699371133697e-14}
{"period": 33, "status": "optimal", "solve_seconds": 0.20999908447265625, "model_wall_seconds": 0.36595850001322106, "gap": 0.0, "actual_reward": 139.0712145065997}
{"period": 34, "status": "optimal", "solve_seconds": 0.1399993896484375, "model_wall_seconds": 0.3331822000036482, "gap": 0.0, "actual_reward": 289.0985957327467}
{"period": 35, "status": "optimal", "solve_seconds": 0.22699928283691406, "model_wall_seconds": 0.3791538000223227, "gap": 0.0, "actual_reward": 236.46325661484482}
{"period": 36, "status": "optimal", "solve_seconds": 0.13399887084960938, "model_wall_seconds": 0.3135758000134956, "gap": 0.0, "actual_reward": 329.8873455505356}
{"period": 37, "status": "optimal", "solve_seconds": 0.1959991455078125, "model_wall_seconds": 0.34879869999713264, "gap": 0.0, "actual_reward": 216.20193133618534}
{"period": 38, "status": "optimal", "solve_seconds": 0.16699981689453125, "model_wall_seconds": 0.3289949999889359, "gap": 0.0, "actual_reward": 331.1747047290247}
{"period": 39, "status": "optimal", "solve_seconds": 0.28600120544433594, "model_wall_seconds": 0.4441385999962222, "gap": 0.0, "actual_reward": 613.5674240762314}
{"period": 40, "status": "optimal", "solve_seconds": 0.2199993133544922, "model_wall_seconds": 0.3937510999967344, "gap": 0.0, "actual_reward": 441.08681039497264}
{"period": 41, "status": "optimal", "solve_seconds": 0.3249988555908203, "model_wall_seconds": 0.48805620000348426, "gap": 0.0, "actual_reward": 292.99236321695986}
{"period": 42, "status": "optimal", "solve_seconds": 0.29599952697753906, "model_wall_seconds": 0.47717549998196773, "gap": 0.0, "actual_reward": 554.3362525713926}
{"period": 43, "status": "optimal", "solve_seconds": 0.3959999084472656, "model_wall_seconds": 0.5934091999952216, "gap": 0.0, "actual_reward": 31.992315522071962}
{"period": 44, "status": "optimal", "solve_seconds": 0.30700111389160156, "model_wall_seconds": 0.48669399999198504, "gap": 0.0, "actual_reward": 634.8991366265826}
{"period": 45, "status": "optimal", "solve_seconds": 0.4219989776611328, "model_wall_seconds": 0.6209208999935072, "gap": 0.0, "actual_reward": 488.31814375724343}
{"period": 46, "status": "optimal", "solve_seconds": 0.37599945068359375, "model_wall_seconds": 0.5504769000108354, "gap": 0.0, "actual_reward": 498.68486615653023}
{"period": 47, "status": "optimal", "solve_seconds": 0.45600128173828125, "model_wall_seconds": 0.660433799988823, "gap": 0.0, "actual_reward": 409.82694136454217}
{"period": 48, "status": "optimal", "solve_seconds": 1.6499996185302734, "model_wall_seconds": 1.861780600011116, "gap": 0.0, "actual_reward": 1029.865529928828}
{"period": 49, "status": "optimal", "solve_seconds": 0.76300048828125, "model_wall_seconds": 0.9995539999799803, "gap": 7.47924985403251e-06, "actual_reward": 403.7730836144293}
{"period": 50, "status": "optimal", "solve_seconds": 3.7089996337890625, "model_wall_seconds": 3.893888299993705, "gap": 0.0, "actual_reward": 532.8564442302846}
{"period": 51, "status": "optimal", "solve_seconds": 1.4680004119873047, "model_wall_seconds": 1.7051514999766368, "gap": 0.0, "actual_reward": 372.5683393959934}
{"period": 52, "status": "optimal", "solve_seconds": 1.1720008850097656, "model_wall_seconds": 1.364034400001401, "gap": 0.0, "actual_reward": 236.54073208061328}
{"period": 53, "status": "optimal", "solve_seconds": 2.1439990997314453, "model_wall_seconds": 2.3663146999897435, "gap": 0.0, "actual_reward": 290.8792831927046}
{"period": 54, "status": "optimal", "solve_seconds": 1.9820003509521484, "model_wall_seconds": 2.1748282999906223, "gap": 0.0, "actual_reward": 779.699472403912}
{"period": 55, "status": "optimal", "solve_seconds": 10.719999313354492, "model_wall_seconds": 10.937262199993711, "gap": 9.521066408464256e-05, "actual_reward": 544.0245945576695}
{"period": 56, "status": "time_limit", "solve_seconds": 120.00199890136719, "model_wall_seconds": 120.35581589999492, "gap": 0.0007188899587809638, "actual_reward": 50.77353904980064}
{"period": 57, "status": "time_limit", "solve_seconds": 120.01300048828125, "model_wall_seconds": 120.37848859999212, "gap": 0.0030484204823322475, "actual_reward": 877.466482351631}
{"period": 58, "status": "optimal", "solve_seconds": 81.84099960327148, "model_wall_seconds": 82.13272189997952, "gap": 9.993342463637163e-05, "actual_reward": 598.3025563318756}
{"period": 59, "status": "time_limit", "solve_seconds": 120.00500106811523, "model_wall_seconds": 120.33699599999818, "gap": 0.018370535260935718, "actual_reward": 202.9880118367558}
{"period": 60, "status": "time_limit", "solve_seconds": 120.0009994506836, "model_wall_seconds": 120.37582729998394, "gap": 0.002041092546918201, "actual_reward": 402.4868835136957}
{"period": 61, "status": "time_limit", "solve_seconds": 120.00799942016602, "model_wall_seconds": 120.35070369997993, "gap": 0.012819219192753046, "actual_reward": 920.2217521082367}
{"period": 62, "status": "time_limit", "solve_seconds": 120.00399971008301, "model_wall_seconds": 120.38186230001156, "gap": 0.01922225886269865, "actual_reward": 582.0450025641611}
{"period": 63, "status": "time_limit", "solve_seconds": 120.00300025939941, "model_wall_seconds": 120.37838810001267, "gap": 0.01658851788568144, "actual_reward": 606.2396057241657}
{"period": 64, "status": "time_limit", "solve_seconds": 120.00299835205078, "model_wall_seconds": 120.34543849999318, "gap": 0.013798346058972562, "actual_reward": 147.1958620049876}
{"period": 65, "status": "time_limit", "solve_seconds": 120.00699996948242, "model_wall_seconds": 120.39346479999949, "gap": 0.016123609783951817, "actual_reward": 1571.696948060639}
{"period": 66, "status": "time_limit", "solve_seconds": 120.20999908447266, "model_wall_seconds": 120.47660620001261, "gap": 0.009855447598426362, "actual_reward": 721.1518634136013}
{"period": 67, "status": "time_limit", "solve_seconds": 120.00399971008301, "model_wall_seconds": 120.33276579997619, "gap": 0.03182867358454616, "actual_reward": 938.3452288174824}
{"period": 68, "status": "optimal", "solve_seconds": 5.553998947143555, "model_wall_seconds": 5.784677399991779, "gap": 5.111548318861758e-05, "actual_reward": 165.86296735906754}
{"period": 69, "status": "time_limit", "solve_seconds": 120.13699913024902, "model_wall_seconds": 120.38534549999167, "gap": 0.04922383991982956, "actual_reward": 1462.5197837173046}
{"period": 70, "status": "time_limit", "solve_seconds": 120.00600051879883, "model_wall_seconds": 120.32117000001017, "gap": 0.02109746208621605, "actual_reward": 675.8561188712973}
{"period": 71, "status": "time_limit", "solve_seconds": 120.00399971008301, "model_wall_seconds": 120.34351639999659, "gap": 0.02813056310289206, "actual_reward": 589.6885757328521}
{"period": 72, "status": "time_limit", "solve_seconds": 120.00600051879883, "model_wall_seconds": 120.2717563000042, "gap": 0.014225711669340198, "actual_reward": 585.0494955547254}
{"period": 73, "status": "time_limit", "solve_seconds": 120.00400161743164, "model_wall_seconds": 120.3622153000033, "gap": 0.0012956968976158318, "actual_reward": 934.7961935929337}
{"period": 74, "status": "optimal", "solve_seconds": 56.44700050354004, "model_wall_seconds": 56.75232820000383, "gap": 9.983956804274041e-05, "actual_reward": 126.24192417904254}
{"period": 75, "status": "time_limit", "solve_seconds": 120.00100135803223, "model_wall_seconds": 120.364856900007, "gap": 0.002193614750859172, "actual_reward": 1216.6345888641117}
{"period": 76, "status": "optimal", "solve_seconds": 70.47800064086914, "model_wall_seconds": 70.72244869999122, "gap": 8.627654278799832e-05, "actual_reward": 751.4751666042567}
{"period": 77, "status": "optimal", "solve_seconds": 5.8470001220703125, "model_wall_seconds": 6.052363299997523, "gap": 9.582796878252088e-05, "actual_reward": 82.6711975251312}
{"period": 78, "status": "optimal", "solve_seconds": 4.892000198364258, "model_wall_seconds": 5.088916899985634, "gap": 0.0, "actual_reward": 958.5556309463598}
{"period": 79, "status": "optimal", "solve_seconds": 5.7220001220703125, "model_wall_seconds": 5.971447199990507, "gap": 0.0, "actual_reward": 727.3302389821272}
{"period": 80, "status": "optimal", "solve_seconds": 1.3409996032714844, "model_wall_seconds": 1.5200149999873247, "gap": 8.423224521766687e-05, "actual_reward": 1190.9443616636875}
{"period": 81, "status": "optimal", "solve_seconds": 2.086000442504883, "model_wall_seconds": 2.2481875000230502, "gap": 9.023365422976448e-05, "actual_reward": 200.25436603529516}
{"period": 82, "status": "optimal", "solve_seconds": 27.027999877929688, "model_wall_seconds": 27.214345999993384, "gap": 9.638568544135951e-05, "actual_reward": 753.1402780713511}
{"period": 83, "status": "optimal", "solve_seconds": 11.394998550415039, "model_wall_seconds": 11.582700900005875, "gap": 0.0, "actual_reward": 430.12460072979593}
{"period": 84, "status": "optimal", "solve_seconds": 8.776998519897461, "model_wall_seconds": 8.962269700015895, "gap": 9.896350447260889e-05, "actual_reward": 645.6288194660881}
{"period": 85, "status": "optimal", "solve_seconds": 31.4950008392334, "model_wall_seconds": 31.709459600009723, "gap": 0.0, "actual_reward": 128.80812610643343}
{"period": 86, "status": "optimal", "solve_seconds": 2.48699951171875, "model_wall_seconds": 2.658540099975653, "gap": 0.0, "actual_reward": 97.38855226154878}
{"period": 87, "status": "optimal", "solve_seconds": 40.8120002746582, "model_wall_seconds": 41.029982000007294, "gap": 0.0, "actual_reward": 515.8348767419413}
{"period": 88, "status": "optimal", "solve_seconds": 1.0939998626708984, "model_wall_seconds": 1.2427341000002343, "gap": 0.0, "actual_reward": 948.1506768098252}
{"period": 89, "status": "optimal", "solve_seconds": 0.9150009155273438, "model_wall_seconds": 1.0458039999939501, "gap": 0.0, "actual_reward": 70.34635721910688}
{"period": 90, "status": "optimal", "solve_seconds": 1.4330005645751953, "model_wall_seconds": 1.5668208000133745, "gap": 0.0, "actual_reward": 223.94088233469864}
{"period": 91, "status": "optimal", "solve_seconds": 1.6889991760253906, "model_wall_seconds": 1.830268600024283, "gap": 0.0, "actual_reward": 317.4513904519709}
{"period": 92, "status": "optimal", "solve_seconds": 0.8120002746582031, "model_wall_seconds": 1.0031156000040937, "gap": 0.0, "actual_reward": -31.11874075136206}
{"period": 93, "status": "optimal", "solve_seconds": 0.9770011901855469, "model_wall_seconds": 1.102900799975032, "gap": 0.0, "actual_reward": 1147.6430747340746}
{"period": 94, "status": "optimal", "solve_seconds": 0.8080005645751953, "model_wall_seconds": 0.9213509999972302, "gap": 0.0, "actual_reward": 355.1475348801987}
{"period": 95, "status": "optimal", "solve_seconds": 0.7639999389648438, "model_wall_seconds": 0.8785041999944951, "gap": 0.0, "actual_reward": 353.1002537055878}
{"period": 96, "status": "optimal", "solve_seconds": 0.48699951171875, "model_wall_seconds": 0.5903962000156753, "gap": 0.0, "actual_reward": 471.6545302121791}
{"period": 97, "status": "optimal", "solve_seconds": 0.4759998321533203, "model_wall_seconds": 0.5660220000136178, "gap": 0.0, "actual_reward": 198.3177953574524}
{"period": 98, "status": "optimal", "solve_seconds": 0.5030002593994141, "model_wall_seconds": 0.5932618000078946, "gap": 0.0, "actual_reward": 306.9146218761841}
{"period": 99, "status": "optimal", "solve_seconds": 0.4349994659423828, "model_wall_seconds": 0.5232103000162169, "gap": 0.0, "actual_reward": 137.62498529965}
{"period": 100, "status": "optimal", "solve_seconds": 0.2950000762939453, "model_wall_seconds": 0.3773726999934297, "gap": 0.0, "actual_reward": 184.5338370195737}
{"period": 101, "status": "optimal", "solve_seconds": 0.3360004425048828, "model_wall_seconds": 0.41426469999714755, "gap": 0.0, "actual_reward": 77.63409860084674}
{"period": 102, "status": "optimal", "solve_seconds": 0.16500091552734375, "model_wall_seconds": 0.24959360001957975, "gap": 0.0, "actual_reward": 179.77778253547555}
{"period": 103, "status": "optimal", "solve_seconds": 0.26799964904785156, "model_wall_seconds": 0.3396362000203226, "gap": 0.0, "actual_reward": 204.96112551856544}
{"period": 104, "status": "optimal", "solve_seconds": 0.18400001525878906, "model_wall_seconds": 0.31958390001091175, "gap": 0.0, "actual_reward": 67.79950240462}
{"period": 105, "status": "optimal", "solve_seconds": 0.22500038146972656, "model_wall_seconds": 0.2912508000154048, "gap": 0.0, "actual_reward": 275.5049956570803}
{"period": 106, "status": "optimal", "solve_seconds": 0.17499923706054688, "model_wall_seconds": 0.24106850000680424, "gap": 0.0, "actual_reward": -64.63456337014108}
{"period": 107, "status": "optimal", "solve_seconds": 0.20099830627441406, "model_wall_seconds": 0.2700808999943547, "gap": 0.0, "actual_reward": 264.6466666665115}
{"period": 108, "status": "optimal", "solve_seconds": 0.10799980163574219, "model_wall_seconds": 0.17471029999433085, "gap": 0.0, "actual_reward": 128.48105263138766}
{"period": 109, "status": "optimal", "solve_seconds": 0.13199996948242188, "model_wall_seconds": 0.26289640000322834, "gap": 0.0, "actual_reward": 92.196666666949}
{"period": 110, "status": "optimal", "solve_seconds": 0.11699867248535156, "model_wall_seconds": 0.18526810000184923, "gap": 0.0, "actual_reward": 138.279999999996}
{"period": 111, "status": "optimal", "solve_seconds": 0.12299919128417969, "model_wall_seconds": 0.1814132999861613, "gap": 0.0, "actual_reward": -64.66995658223166}
{"period": 112, "status": "optimal", "solve_seconds": 0.11400032043457031, "model_wall_seconds": 0.17991190002067015, "gap": 0.0, "actual_reward": 4.372105263200609}
{"period": 113, "status": "optimal", "solve_seconds": 0.11299896240234375, "model_wall_seconds": 0.17242469999473542, "gap": 0.0, "actual_reward": -15.45000000000001}
{"period": 114, "status": "optimal", "solve_seconds": 0.07500076293945312, "model_wall_seconds": 0.20095550001133233, "gap": 0.0, "actual_reward": 50.616624600136525}
{"period": 115, "status": "optimal", "solve_seconds": 0.0970001220703125, "model_wall_seconds": 0.14938180000171997, "gap": 0.0, "actual_reward": 52.22166666658595}
{"period": 116, "status": "optimal", "solve_seconds": 0.07999992370605469, "model_wall_seconds": 0.13421509999898262, "gap": 0.0, "actual_reward": 135.605833333709}
{"period": 117, "status": "optimal", "solve_seconds": 0.061000823974609375, "model_wall_seconds": 0.11669900000561029, "gap": 0.0, "actual_reward": 112.536666667148}
{"period": 118, "status": "optimal", "solve_seconds": 0.07299995422363281, "model_wall_seconds": 0.12578159998520277, "gap": 0.0, "actual_reward": -21.566666666647393}
{"period": 119, "status": "optimal", "solve_seconds": 0.07200050354003906, "model_wall_seconds": 0.12564849999034777, "gap": 0.0, "actual_reward": -8.473684210747363}
{"period": 120, "status": "optimal", "solve_seconds": 0.0709991455078125, "model_wall_seconds": 0.13298959998064674, "gap": 0.0, "actual_reward": -7.237500000000001}
{"period": 121, "status": "optimal", "solve_seconds": 0.05800056457519531, "model_wall_seconds": 0.11009289999492466, "gap": 0.0, "actual_reward": -10.500000000000064}
{"period": 122, "status": "optimal", "solve_seconds": 0.03399848937988281, "model_wall_seconds": 0.08464689998072572, "gap": 0.0, "actual_reward": 114.79999999999995}
{"period": 123, "status": "optimal", "solve_seconds": 0.055999755859375, "model_wall_seconds": 0.11043090000748634, "gap": 0.0, "actual_reward": 12.300000000319937}
{"period": 124, "status": "optimal", "solve_seconds": 0.05200004577636719, "model_wall_seconds": 0.10484569999971427, "gap": 0.0, "actual_reward": 56.119999999631986}
{"period": 125, "status": "optimal", "solve_seconds": 0.05800056457519531, "model_wall_seconds": 0.18787480000173673, "gap": 0.0, "actual_reward": -14.08199824235792}
{"period": 126, "status": "optimal", "solve_seconds": 0.06099891662597656, "model_wall_seconds": 0.12334600000758655, "gap": 0.0, "actual_reward": -7.777631578959485}
{"period": 127, "status": "optimal", "solve_seconds": 0.07999992370605469, "model_wall_seconds": 0.13441989998682402, "gap": 0.0, "actual_reward": -29.749999999999996}
{"period": 128, "status": "optimal", "solve_seconds": 0.061000823974609375, "model_wall_seconds": 0.11127289998694323, "gap": 0.0, "actual_reward": -4.902744876744691e-15}
{"period": 129, "status": "optimal", "solve_seconds": 0.06399917602539062, "model_wall_seconds": 0.11666420000256039, "gap": 0.0, "actual_reward": -1.4424017535930036e-14}
{"period": 130, "status": "optimal", "solve_seconds": 0.03899955749511719, "model_wall_seconds": 0.09275670000351965, "gap": 0.0, "actual_reward": 109.25333333315199}
{"period": 131, "status": "optimal", "solve_seconds": 0.030000686645507812, "model_wall_seconds": 0.08336069999495521, "gap": 0.0, "actual_reward": -7.777631578995855}
{"period": 132, "status": "optimal", "solve_seconds": 0.017000198364257812, "model_wall_seconds": 0.06656669999938458, "gap": 0.0, "actual_reward": 176.12666666616784}
{"state": "complete", "started_at": "2026-09-18T04:25:22.999908+00:00", "scenario": "D:\\Myfiles\\vscode_files\\cleanrl_BSS\\ExpresswayBSSs_v2\\data\\final_real_data_v1\\scenarios\\day_13.json", "route_mode": "joint", "charging_mode": "joint", "model": null, "deadline": null, "pid": 34184, "created": 1789705521.3168745, "source_snapshot": "D:\\Myfiles\\vscode_files\\cleanrl_BSS\\ExpresswayBSSs_v2\\outputs\\zero_terminal_real_data_seed1_v1\\runs\\h7_day13\\source_snapshots\\e04451463b9d6545577ff982cb3a33775239dc78ba1d91c5d8a88c86fabb05aa", "prior_attempt_seconds": 0.0, "runtime_timing_incomplete": false, "runtime_timing_estimated": false, "launcher_source_snapshot": "D:\\Myfiles\\vscode_files\\cleanrl_BSS\\ExpresswayBSSs_v2\\outputs\\zero_terminal_real_data_seed1_v1\\code_snapshots\\40ec378611b206b02ef446c50a74e31e0ead20388937d43f8a3085ca15610712", "finished_at": "2026-09-18T05:11:06.822538+00:00", "wall_seconds": 2743.8242813999823, "metrics": {"net_profit_yuan": 36859.908591930274, "service_income_yuan": 51611.256196828646, "charging_cost_yuan": 13461.347604898276, "adjustment_cost_yuan": 1290.0, "reservation_failure_cost_yuan": 0.0, "reservation_count": 200, "actual_random_count": 200, "reservation_failures": 0, "reservation_failure_rate": 0.0, "reservation_completed": 200, "reservation_unfinished_at_L": 31, "reservation_unfinished_rate_at_L": 0.155, "reservation_unfinished_after_cleanup": 0, "random_services": 179, "random_service_rate": 0.895, "mean_wait_minutes_served": 13.073450083533105, "path_adjustments": 129, "solver_seconds_mean": 18.494643847147625, "solver_seconds_p95": 120.00545082092285, "model_wall_seconds_mean": 18.66428809469675, "model_wall_seconds_p95": 120.36979357999662, "model_wall_seconds_total": 2463.686028499971, "mip_gap_mean": 0.0019809651335870333, "mip_gap_max": 0.04922383991982956, "mip_gap_target_met_fraction": 0.8712121212121212, "solver_status_counts": {"optimal": 115, "time_limit": 17}, "completed_periods": 132, "demand_periods": 96, "cleanup_periods": 36, "cleanup_hours": 9.0, "time_limit_fraction": 0.12878787878787878, "final_inventory_kwh": 5171.9959654102995, "random_timeouts": 21, "terminal_settlement": "none", "operating_duration_hours": 24.0, "current_attempt_wall_seconds": 2743.8217860999866, "prior_attempt_wall_seconds": 0.0, "known_runtime_seconds": 2743.8217860999866, "runtime_timing_incomplete": false, "runtime_timing_estimated": false, "worker_wall_seconds": 2743.8217860999866}}
