{"period": 1, "status": "optimal", "solve_seconds": 0.1620006561279297, "model_wall_seconds": 0.9845411000133026, "gap": 0.0, "actual_reward": 0.0}
{"period": 2, "status": "optimal", "solve_seconds": 0.07399940490722656, "model_wall_seconds": 0.260101299994858, "gap": 0.0, "actual_reward": 0.0}
{"period": 3, "status": "optimal", "solve_seconds": 0.22299957275390625, "model_wall_seconds": 0.4042202999989968, "gap": 0.0, "actual_reward": 0.0}
{"period": 4, "status": "optimal", "solve_seconds": 0.06999969482421875, "model_wall_seconds": 0.3303631999879144, "gap": 0.0, "actual_reward": 66.61516483348984}
{"period": 5, "status": "optimal", "solve_seconds": 0.1979999542236328, "model_wall_seconds": 0.37499479998950846, "gap": 0.0, "actual_reward": 147.42882171004368}
{"period": 6, "status": "optimal", "solve_seconds": 0.05299949645996094, "model_wall_seconds": 0.2863950000028126, "gap": 0.0, "actual_reward": 76.56582280171953}
{"period": 7, "status": "optimal", "solve_seconds": 0.20100021362304688, "model_wall_seconds": 0.4999692999990657, "gap": 0.0, "actual_reward": -2.2026824808563106e-15}
{"period": 8, "status": "optimal", "solve_seconds": 0.07299995422363281, "model_wall_seconds": 0.25327489999472164, "gap": 0.0, "actual_reward": -2.2026824808563106e-15}
{"period": 9, "status": "optimal", "solve_seconds": 0.13699913024902344, "model_wall_seconds": 0.34029279998503625, "gap": 0.0, "actual_reward": 76.271309864918}
{"period": 10, "status": "optimal", "solve_seconds": 0.033000946044921875, "model_wall_seconds": 0.2285214999865275, "gap": 0.0, "actual_reward": -2.2026824808563106e-15}
{"period": 11, "status": "optimal", "solve_seconds": 0.10099983215332031, "model_wall_seconds": 0.2706548999994993, "gap": 0.0, "actual_reward": -2.2026824808563106e-15}
{"period": 12, "status": "optimal", "solve_seconds": 0.02700042724609375, "model_wall_seconds": 0.20386880001751706, "gap": 0.0, "actual_reward": -1.1013412404281553e-15}
{"period": 13, "status": "optimal", "solve_seconds": 0.10600090026855469, "model_wall_seconds": 0.280940999975428, "gap": 0.0, "actual_reward": -10.000000000000004}
{"period": 14, "status": "optimal", "solve_seconds": 0.07900047302246094, "model_wall_seconds": 0.2817573999927845, "gap": 0.0, "actual_reward": -2.2026824808563106e-15}
{"period": 15, "status": "optimal", "solve_seconds": 0.14299964904785156, "model_wall_seconds": 0.3059443999954965, "gap": 0.0, "actual_reward": -2.2026824808563106e-15}
{"period": 16, "status": "optimal", "solve_seconds": 0.09799957275390625, "model_wall_seconds": 0.2819757999968715, "gap": 0.0, "actual_reward": 56.120000000046}
{"period": 17, "status": "optimal", "solve_seconds": 0.10899925231933594, "model_wall_seconds": 0.2697327999921981, "gap": 0.0, "actual_reward": -10.000000000000004}
{"period": 18, "status": "optimal", "solve_seconds": 0.07399940490722656, "model_wall_seconds": 0.24491159999161027, "gap": 0.0, "actual_reward": -2.2026824808563106e-15}
{"period": 19, "status": "optimal", "solve_seconds": 0.10599899291992188, "model_wall_seconds": 0.29815260000759736, "gap": 0.0, "actual_reward": -2.2026824808563106e-15}
{"period": 20, "status": "optimal", "solve_seconds": 0.04699897766113281, "model_wall_seconds": 0.2263511000201106, "gap": 0.0, "actual_reward": -2.2026824808563106e-15}
{"period": 21, "status": "optimal", "solve_seconds": 0.11100006103515625, "model_wall_seconds": 0.281394999998156, "gap": 0.0, "actual_reward": 84.04706247121997}
{"period": 22, "status": "optimal", "solve_seconds": 0.032001495361328125, "model_wall_seconds": 0.1938846000120975, "gap": 0.0, "actual_reward": -7.105427357601002e-15}
{"period": 23, "status": "optimal", "solve_seconds": 0.1340007781982422, "model_wall_seconds": 0.29407269999501295, "gap": 0.0, "actual_reward": -10.000000000000009}
{"period": 24, "status": "optimal", "solve_seconds": 0.05100059509277344, "model_wall_seconds": 0.22656029998324811, "gap": 0.0, "actual_reward": -6.004086117172846e-15}
{"period": 25, "status": "optimal", "solve_seconds": 0.14400100708007812, "model_wall_seconds": 0.31607689999509603, "gap": 0.0, "actual_reward": 114.74699258968398}
{"period": 26, "status": "optimal", "solve_seconds": 0.07399940490722656, "model_wall_seconds": 0.2453187000064645, "gap": 0.0, "actual_reward": -1.334043986389588e-14}
{"period": 27, "status": "optimal", "solve_seconds": 0.1639995574951172, "model_wall_seconds": 0.34983639998245053, "gap": 0.0, "actual_reward": -1.334043986389588e-14}
{"period": 28, "status": "optimal", "solve_seconds": 0.10599899291992188, "model_wall_seconds": 0.28732799997669645, "gap": 0.0, "actual_reward": -1.334043986389588e-14}
{"period": 29, "status": "optimal", "solve_seconds": 0.2110004425048828, "model_wall_seconds": 0.3836627000127919, "gap": 0.0, "actual_reward": -10.000000000000012}
{"period": 30, "status": "optimal", "solve_seconds": 0.1289997100830078, "model_wall_seconds": 0.344303799996851, "gap": 0.0, "actual_reward": 138.95807985631998}
{"period": 31, "status": "optimal", "solve_seconds": 0.1900005340576172, "model_wall_seconds": 0.3632787999813445, "gap": 0.0, "actual_reward": -10.00000000000001}
{"period": 32, "status": "optimal", "solve_seconds": 0.1400012969970703, "model_wall_seconds": 0.3270548000000417, "gap": 0.0, "actual_reward": -1.0960121699099545e-14}
{"period": 33, "status": "optimal", "solve_seconds": 0.2409992218017578, "model_wall_seconds": 0.4221155999985058, "gap": 0.0, "actual_reward": 149.0712145065997}
{"period": 34, "status": "optimal", "solve_seconds": 0.21500015258789062, "model_wall_seconds": 0.4019151999964379, "gap": 0.0, "actual_reward": 233.89859573288464}
{"period": 35, "status": "optimal", "solve_seconds": 0.30699920654296875, "model_wall_seconds": 0.5127647999906912, "gap": 0.0, "actual_reward": 394.3229090530257}
{"period": 36, "status": "optimal", "solve_seconds": 0.20400047302246094, "model_wall_seconds": 0.3931676000065636, "gap": 0.0, "actual_reward": 266.4966501723527}
{"period": 37, "status": "optimal", "solve_seconds": 0.2690010070800781, "model_wall_seconds": 0.4357060000183992, "gap": 0.0, "actual_reward": 101.7329742761873}
{"period": 38, "status": "optimal", "solve_seconds": 0.2589988708496094, "model_wall_seconds": 0.44509150000521913, "gap": 0.0, "actual_reward": 331.1747047290247}
{"period": 39, "status": "optimal", "solve_seconds": 0.43000030517578125, "model_wall_seconds": 0.6102960999996867, "gap": 0.0, "actual_reward": 490.2210070243967}
{"period": 40, "status": "optimal", "solve_seconds": 0.3299999237060547, "model_wall_seconds": 0.5409658999997191, "gap": 0.0, "actual_reward": 675.7532274468533}
{"period": 41, "status": "optimal", "solve_seconds": 0.43599891662597656, "model_wall_seconds": 0.6219129000091925, "gap": 0.0, "actual_reward": 474.5254261478183}
{"period": 42, "status": "optimal", "solve_seconds": 0.4259986877441406, "model_wall_seconds": 0.6595060999970883, "gap": 0.0, "actual_reward": 274.21725430962596}
{"period": 43, "status": "optimal", "solve_seconds": 0.49699974060058594, "model_wall_seconds": 0.6862595000129659, "gap": 0.0, "actual_reward": 313.35498638053775}
{"period": 44, "status": "optimal", "solve_seconds": 0.3640003204345703, "model_wall_seconds": 0.5921292999992147, "gap": 0.0, "actual_reward": 625.6403810185147}
{"period": 45, "status": "optimal", "solve_seconds": 0.6040000915527344, "model_wall_seconds": 0.8053065999993123, "gap": 0.0, "actual_reward": 274.41020292340386}
{"period": 46, "status": "optimal", "solve_seconds": 0.4630012512207031, "model_wall_seconds": 0.7042225000041071, "gap": 0.0, "actual_reward": 649.6114937374492}
{"period": 47, "status": "optimal", "solve_seconds": 0.6580009460449219, "model_wall_seconds": 0.8576124999963213, "gap": 0.0, "actual_reward": 526.3523731909012}
{"period": 48, "status": "time_limit", "solve_seconds": 120.00799942016602, "model_wall_seconds": 120.42323129999568, "gap": 0.0041278528797456995, "actual_reward": 850.5270218653758}
{"period": 49, "status": "optimal", "solve_seconds": 3.2900009155273438, "model_wall_seconds": 3.5450130999961402, "gap": 7.84797170284305e-05, "actual_reward": 360.01363982601094}
{"period": 50, "status": "optimal", "solve_seconds": 1.864999771118164, "model_wall_seconds": 2.0982001000083983, "gap": 0.0, "actual_reward": 537.7795758334516}
{"period": 51, "status": "optimal", "solve_seconds": 23.98699951171875, "model_wall_seconds": 24.245720599981723, "gap": 9.893759782142553e-05, "actual_reward": 375.97619532827616}
{"period": 52, "status": "optimal", "solve_seconds": 17.012001037597656, "model_wall_seconds": 17.29164929999388, "gap": 0.0, "actual_reward": 438.8824341806613}
{"period": 53, "status": "time_limit", "solve_seconds": 120.00100135803223, "model_wall_seconds": 120.34503490000498, "gap": 0.001230349750359924, "actual_reward": 261.5255824167885}
{"period": 54, "status": "time_limit", "solve_seconds": 120.3129997253418, "model_wall_seconds": 120.58860119999736, "gap": 0.01159664752487298, "actual_reward": 602.8211123097273}
{"period": 55, "status": "time_limit", "solve_seconds": 120.00300025939941, "model_wall_seconds": 120.39595569999074, "gap": 0.02045915682628879, "actual_reward": 655.2069959755678}
{"period": 56, "status": "time_limit", "solve_seconds": 120.01399993896484, "model_wall_seconds": 120.49278510001022, "gap": 0.019766623741601583, "actual_reward": -26.058400130328305}
{"period": 57, "status": "time_limit", "solve_seconds": 120.00399971008301, "model_wall_seconds": 120.46438369998941, "gap": 0.02457121087357921, "actual_reward": 1113.9784184114253}
{"period": 58, "status": "time_limit", "solve_seconds": 120.00199890136719, "model_wall_seconds": 120.44252099998994, "gap": 0.033583868981345244, "actual_reward": 241.74528860119466}
{"period": 59, "status": "time_limit", "solve_seconds": 120.01899909973145, "model_wall_seconds": 120.4380026999861, "gap": 0.04406966024511901, "actual_reward": 349.307539602775}
{"period": 60, "status": "time_limit", "solve_seconds": 120.00500106811523, "model_wall_seconds": 120.43584449999616, "gap": 0.014085835540092873, "actual_reward": 431.5959684615092}
{"period": 61, "status": "time_limit", "solve_seconds": 120.02000045776367, "model_wall_seconds": 120.44906939999782, "gap": 0.04744417531750971, "actual_reward": 815.9918039632165}
{"period": 62, "status": "time_limit", "solve_seconds": 120.19799995422363, "model_wall_seconds": 120.49514230000204, "gap": 0.03115921460816451, "actual_reward": 824.3384041532432}
{"period": 63, "status": "time_limit", "solve_seconds": 120.27799987792969, "model_wall_seconds": 120.58570270001655, "gap": 0.04103549981748621, "actual_reward": 761.7624322552265}
{"period": 64, "status": "time_limit", "solve_seconds": 120.00300025939941, "model_wall_seconds": 120.46647020001546, "gap": 0.058363225129764294, "actual_reward": 300.0608441088401}
{"period": 65, "status": "time_limit", "solve_seconds": 120.01300048828125, "model_wall_seconds": 120.4295513999823, "gap": 0.06748401882086348, "actual_reward": 1617.7511205661706}
{"period": 66, "status": "time_limit", "solve_seconds": 120.00900077819824, "model_wall_seconds": 120.50629590000608, "gap": 0.059659709411157585, "actual_reward": 630.506291237092}
{"period": 67, "status": "time_limit", "solve_seconds": 120.00899887084961, "model_wall_seconds": 120.29202300001634, "gap": 0.07591989185878019, "actual_reward": 545.3263359696715}
{"period": 68, "status": "time_limit", "solve_seconds": 120.10900115966797, "model_wall_seconds": 120.65705890001846, "gap": 0.08792716383318941, "actual_reward": -27.834527676281905}
{"period": 69, "status": "time_limit", "solve_seconds": 120.27000045776367, "model_wall_seconds": 120.5461322000192, "gap": 0.09665569789520774, "actual_reward": 981.9425903023549}
{"period": 70, "status": "time_limit", "solve_seconds": 120.00899887084961, "model_wall_seconds": 120.49995399999898, "gap": 0.07057613351871385, "actual_reward": 1002.9173871894095}
{"period": 71, "status": "time_limit", "solve_seconds": 120.0260009765625, "model_wall_seconds": 120.49850680000964, "gap": 0.07291713742075501, "actual_reward": 463.60977677503087}
{"period": 72, "status": "time_limit", "solve_seconds": 120.04999923706055, "model_wall_seconds": 120.52170219999971, "gap": 0.08037811434192633, "actual_reward": 1013.3048475926878}
{"period": 73, "status": "time_limit", "solve_seconds": 120.01799964904785, "model_wall_seconds": 120.47908349998761, "gap": 0.06039102929070108, "actual_reward": 754.2263013698088}
{"period": 74, "status": "time_limit", "solve_seconds": 120.00399971008301, "model_wall_seconds": 120.45055959999445, "gap": 0.06796459609458395, "actual_reward": 849.6243815580692}
{"period": 75, "status": "time_limit", "solve_seconds": 120.0049991607666, "model_wall_seconds": 120.30144479998853, "gap": 0.10976470783909217, "actual_reward": 446.4940280904003}
{"period": 76, "status": "time_limit", "solve_seconds": 120.01000022888184, "model_wall_seconds": 120.3769081000064, "gap": 0.007741237321675196, "actual_reward": 454.168511382266}
{"period": 77, "status": "time_limit", "solve_seconds": 120.00199890136719, "model_wall_seconds": 120.37401959998533, "gap": 0.014507352548882852, "actual_reward": 738.7411536846747}
{"period": 78, "status": "time_limit", "solve_seconds": 120.00500106811523, "model_wall_seconds": 120.39484880000236, "gap": 0.012335455830169241, "actual_reward": 360.0255509808372}
{"period": 79, "status": "time_limit", "solve_seconds": 120.01099967956543, "model_wall_seconds": 120.42462589999195, "gap": 0.029445639039708496, "actual_reward": 941.4293118122334}
{"period": 80, "status": "time_limit", "solve_seconds": 120.00200080871582, "model_wall_seconds": 120.46080900001107, "gap": 0.0027713350392204288, "actual_reward": 1358.0514186685475}
{"period": 81, "status": "time_limit", "solve_seconds": 120.00799942016602, "model_wall_seconds": 120.4184478999814, "gap": 0.05272374254671264, "actual_reward": 655.9332130080112}
{"period": 82, "status": "time_limit", "solve_seconds": 120.00300025939941, "model_wall_seconds": 120.31080099998508, "gap": 0.004882106889508434, "actual_reward": 685.3212497519604}
{"period": 83, "status": "time_limit", "solve_seconds": 120.0319995880127, "model_wall_seconds": 120.3979185000062, "gap": 0.07467288970253368, "actual_reward": 777.060718144769}
{"period": 84, "status": "time_limit", "solve_seconds": 120.00399971008301, "model_wall_seconds": 120.25601989999996, "gap": 0.007986994847300248, "actual_reward": 153.46393749309775}
{"period": 85, "status": "time_limit", "solve_seconds": 120.01300048828125, "model_wall_seconds": 120.43482639998547, "gap": 0.06819445978821982, "actual_reward": 130.73138245116024}
{"period": 86, "status": "time_limit", "solve_seconds": 120.00300025939941, "model_wall_seconds": 120.37695770000573, "gap": 0.001854196442920996, "actual_reward": 501.55232106594065}
{"period": 87, "status": "time_limit", "solve_seconds": 120.00799942016602, "model_wall_seconds": 120.3724913999904, "gap": 0.022305535814983797, "actual_reward": 37.449443614649724}
{"period": 88, "status": "optimal", "solve_seconds": 8.344999313354492, "model_wall_seconds": 8.628810800000792, "gap": 0.0, "actual_reward": 1051.9420737549349}
{"period": 89, "status": "time_limit", "solve_seconds": 120.00500106811523, "model_wall_seconds": 120.32001080000191, "gap": 0.008085004622452803, "actual_reward": 131.94280543577466}
{"period": 90, "status": "time_limit", "solve_seconds": 120.00300025939941, "model_wall_seconds": 120.27776749999612, "gap": 0.002387025786150091, "actual_reward": -972.7300027908833}
{"period": 91, "status": "optimal", "solve_seconds": 91.60900115966797, "model_wall_seconds": 91.94031050000922, "gap": 9.602935057850869e-05, "actual_reward": 609.308062794329}
{"period": 92, "status": "optimal", "solve_seconds": 4.23499870300293, "model_wall_seconds": 4.419317899999442, "gap": 6.92025659216872e-05, "actual_reward": 3.8946822185327328}
{"period": 93, "status": "optimal", "solve_seconds": 8.251998901367188, "model_wall_seconds": 8.471441100002266, "gap": 8.946993343967826e-05, "actual_reward": 1395.6826964719075}
{"period": 94, "status": "optimal", "solve_seconds": 1.677999496459961, "model_wall_seconds": 1.8431762999971397, "gap": 7.161269369134818e-05, "actual_reward": 504.3034671532324}
{"period": 95, "status": "optimal", "solve_seconds": 2.701000213623047, "model_wall_seconds": 2.8650341000175104, "gap": 0.0, "actual_reward": 322.9801284856541}
{"period": 96, "status": "optimal", "solve_seconds": 0.5230007171630859, "model_wall_seconds": 0.6464856999809854, "gap": 0.0, "actual_reward": 547.6828072589573}
{"period": 97, "status": "optimal", "solve_seconds": 1.1800003051757812, "model_wall_seconds": 1.3394522999878973, "gap": 0.0, "actual_reward": 237.99529491105432}
{"period": 98, "status": "optimal", "solve_seconds": 0.8020000457763672, "model_wall_seconds": 0.922675200010417, "gap": 0.0, "actual_reward": 161.68049431231677}
{"period": 99, "status": "optimal", "solve_seconds": 0.61199951171875, "model_wall_seconds": 0.7157837999984622, "gap": 0.0, "actual_reward": 42.543165512548086}
{"period": 100, "status": "optimal", "solve_seconds": 0.3699989318847656, "model_wall_seconds": 0.470826600008877, "gap": 0.0, "actual_reward": 272.2549284997104}
{"period": 101, "status": "optimal", "solve_seconds": 1.029998779296875, "model_wall_seconds": 1.1389511000015773, "gap": 0.0, "actual_reward": 20.55175438551327}
{"period": 102, "status": "optimal", "solve_seconds": 0.39999961853027344, "model_wall_seconds": 0.5052667999989353, "gap": 0.0, "actual_reward": 109.82198113914265}
{"period": 103, "status": "optimal", "solve_seconds": 0.654998779296875, "model_wall_seconds": 0.7557789999991655, "gap": 0.0, "actual_reward": 241.86348291978027}
{"period": 104, "status": "optimal", "solve_seconds": 0.3150005340576172, "model_wall_seconds": 0.4163850999902934, "gap": 0.0, "actual_reward": 58.126066520177915}
{"period": 105, "status": "optimal", "solve_seconds": 0.305999755859375, "model_wall_seconds": 0.4113360999908764, "gap": 0.0, "actual_reward": 66.93259491075732}
{"period": 106, "status": "optimal", "solve_seconds": 0.26000022888183594, "model_wall_seconds": 0.36681680000037886, "gap": 0.0, "actual_reward": 246.25421890349298}
{"period": 107, "status": "optimal", "solve_seconds": 0.2539997100830078, "model_wall_seconds": 0.3382610999979079, "gap": 0.0, "actual_reward": -7.740000000046104}
{"period": 108, "status": "optimal", "solve_seconds": 0.28100013732910156, "model_wall_seconds": 0.35893980000400916, "gap": 0.0, "actual_reward": 135.35282051668557}
{"period": 109, "status": "optimal", "solve_seconds": 0.2539997100830078, "model_wall_seconds": 0.33345470001222566, "gap": 0.0, "actual_reward": 266.07094188628105}
{"period": 110, "status": "optimal", "solve_seconds": 0.20199966430664062, "model_wall_seconds": 0.27683889999752864, "gap": 0.0, "actual_reward": 48.03030433108975}
{"period": 111, "status": "optimal", "solve_seconds": 0.2220001220703125, "model_wall_seconds": 0.3039113999984693, "gap": 0.0, "actual_reward": -61.190299825947434}
{"period": 112, "status": "optimal", "solve_seconds": 0.15600013732910156, "model_wall_seconds": 0.2282851999916602, "gap": 0.0, "actual_reward": 189.08315789424688}
{"period": 113, "status": "optimal", "solve_seconds": 0.13199996948242188, "model_wall_seconds": 0.20109399998909794, "gap": 0.0, "actual_reward": -46.45000000000003}
{"period": 114, "status": "optimal", "solve_seconds": 0.09800148010253906, "model_wall_seconds": 0.16205519999493845, "gap": 0.0, "actual_reward": 130.02827149252622}
{"period": 115, "status": "optimal", "solve_seconds": 0.17200088500976562, "model_wall_seconds": 0.250173000007635, "gap": 0.0, "actual_reward": 53.58482456124911}
{"period": 116, "status": "optimal", "solve_seconds": 0.12800025939941406, "model_wall_seconds": 0.19530349998967722, "gap": 0.0, "actual_reward": 137.745833334202}
{"period": 117, "status": "optimal", "solve_seconds": 0.14299964904785156, "model_wall_seconds": 0.2162092000071425, "gap": 0.0, "actual_reward": -25.682346491411096}
{"period": 118, "status": "optimal", "solve_seconds": 0.13100051879882812, "model_wall_seconds": 0.19499899999937043, "gap": 0.0, "actual_reward": -3.702412722555322}
{"period": 119, "status": "optimal", "solve_seconds": 0.1289997100830078, "model_wall_seconds": 0.19458250000025146, "gap": 0.0, "actual_reward": -34.783771929741086}
{"period": 120, "status": "optimal", "solve_seconds": 0.0989990234375, "model_wall_seconds": 0.16337940000812523, "gap": 0.0, "actual_reward": 104.12000000004598}
{"period": 121, "status": "optimal", "solve_seconds": 0.1550006866455078, "model_wall_seconds": 0.22657530001015402, "gap": 0.0, "actual_reward": -26.207768403765694}
{"period": 122, "status": "optimal", "solve_seconds": 0.11800003051757812, "model_wall_seconds": 0.1823856999981217, "gap": 0.0, "actual_reward": 55.45236579806837}
{"period": 123, "status": "optimal", "solve_seconds": 0.12299919128417969, "model_wall_seconds": 0.18270549998851493, "gap": 0.0, "actual_reward": 84.59305789871222}
{"period": 124, "status": "optimal", "solve_seconds": 0.1600017547607422, "model_wall_seconds": 0.2341764000011608, "gap": 0.0, "actual_reward": 74.85000000048}
{"period": 125, "status": "optimal", "solve_seconds": 0.10000038146972656, "model_wall_seconds": 0.1585448000114411, "gap": 0.0, "actual_reward": 78.85333333342398}
{"period": 126, "status": "optimal", "solve_seconds": 0.08900070190429688, "model_wall_seconds": 0.1508140999940224, "gap": 0.0, "actual_reward": -19.211591223691617}
{"period": 127, "status": "optimal", "solve_seconds": 0.05800056457519531, "model_wall_seconds": 0.12337290000868961, "gap": 0.0, "actual_reward": 89.23666666625597}
{"period": 128, "status": "optimal", "solve_seconds": 0.03800010681152344, "model_wall_seconds": 0.09496299998136237, "gap": 0.0, "actual_reward": -12.747849412401067}
{"period": 129, "status": "optimal", "solve_seconds": 0.048999786376953125, "model_wall_seconds": 0.10794700001133606, "gap": 0.0, "actual_reward": -10.000000000000043}
{"period": 130, "status": "optimal", "solve_seconds": 0.048000335693359375, "model_wall_seconds": 0.10559719998855144, "gap": 0.0, "actual_reward": -4.031441847018869e-14}
{"period": 131, "status": "optimal", "solve_seconds": 0.0279998779296875, "model_wall_seconds": 0.08751409998512827, "gap": 0.0, "actual_reward": -1.968203378055478e-14}
{"period": 132, "status": "optimal", "solve_seconds": 0.0579986572265625, "model_wall_seconds": 0.11219549999805167, "gap": 0.0, "actual_reward": 124.95999999999998}
{"period": 133, "status": "optimal", "solve_seconds": 0.018999099731445312, "model_wall_seconds": 0.0770619000250008, "gap": 0.0, "actual_reward": -1.968203378055478e-14}
{"period": 134, "status": "optimal", "solve_seconds": 0.03999900817871094, "model_wall_seconds": 0.09629479999421164, "gap": 0.0, "actual_reward": -4.492406446843233e-14}
{"period": 135, "status": "optimal", "solve_seconds": 0.0839996337890625, "model_wall_seconds": 0.1451842999958899, "gap": 0.0, "actual_reward": -6.10711481385806e-14}
{"period": 136, "status": "optimal", "solve_seconds": 0.06699943542480469, "model_wall_seconds": 0.13210149999940768, "gap": 0.0, "actual_reward": 111.23333333339}
{"period": 137, "status": "optimal", "solve_seconds": 0.04400062561035156, "model_wall_seconds": 0.10034750000340864, "gap": 0.0, "actual_reward": -17.400000000000045}
{"period": 138, "status": "optimal", "solve_seconds": 0.033000946044921875, "model_wall_seconds": 0.09051889998954721, "gap": 0.0, "actual_reward": -17.400000000000013}
{"period": 139, "status": "optimal", "solve_seconds": 0.02700042724609375, "model_wall_seconds": 0.07685829998808913, "gap": 0.0, "actual_reward": -17.094736842105267}
{"period": 140, "status": "optimal", "solve_seconds": 0.029001235961914062, "model_wall_seconds": 0.08349689998431131, "gap": 0.0, "actual_reward": -6.608047442568932e-15}
{"period": 141, "status": "optimal", "solve_seconds": 0.024999618530273438, "model_wall_seconds": 0.08065029999124818, "gap": 0.0, "actual_reward": -1.1510792319313624e-14}
{"period": 142, "status": "optimal", "solve_seconds": 0.015001296997070312, "model_wall_seconds": 0.06365150000783615, "gap": 0.0, "actual_reward": -17.40000000000003}
{"period": 143, "status": "optimal", "solve_seconds": 0.009000778198242188, "model_wall_seconds": 0.062188000010792166, "gap": 0.0, "actual_reward": 62.18666666678397}
{"state": "complete", "started_at": "2026-09-18T18:36:44.705055+00:00", "scenario": "D:\\Myfiles\\vscode_files\\cleanrl_BSS\\ExpresswayBSSs_v2\\data\\final_real_data_v1\\scenarios\\day_13.json", "route_mode": "joint", "charging_mode": "joint", "model": null, "deadline": null, "pid": 32216, "created": 1789756604.3788104, "source_snapshot": "D:\\Myfiles\\vscode_files\\cleanrl_BSS\\ExpresswayBSSs_v2\\outputs\\zero_terminal_real_data_seed1_v1\\runs\\h8_day13\\source_snapshots\\bbb97d08cc6193d6f6886a6fec6078efbcccd559ce89c1e0f75fb0dcf6892ad8", "prior_attempt_seconds": 0.0, "runtime_timing_incomplete": false, "runtime_timing_estimated": false, "launcher_source_snapshot": "D:\\Myfiles\\vscode_files\\cleanrl_BSS\\ExpresswayBSSs_v2\\outputs\\zero_terminal_real_data_seed1_v1\\code_snapshots\\d4f2fdbe270e0626bf14cba6d60648977d192f240ac5c40cf1dd439d743c20ce", "finished_at": "2026-09-18T20:02:09.724452+00:00", "wall_seconds": 5125.020375399996, "metrics": {"net_profit_yuan": 36940.18976063126, "service_income_yuan": 54439.04428047444, "charging_cost_yuan": 14708.854519843171, "adjustment_cost_yuan": 1790.0, "reservation_failure_cost_yuan": 1000.0, "reservation_count": 200, "actual_random_count": 200, "reservation_failures": 1, "reservation_failure_rate": 0.005, "reservation_completed": 199, "reservation_unfinished_at_L": 29, "reservation_unfinished_rate_at_L": 0.145, "reservation_unfinished_after_cleanup": 0, "random_services": 183, "random_service_rate": 0.915, "mean_wait_minutes_served": 12.001255688012918, "path_adjustments": 179, "solver_seconds_mean": 33.175146863177105, "solver_seconds_p95": 120.02540092468261, "model_wall_seconds_mean": 33.38854044405467, "model_wall_seconds_p95": 120.49817035000888, "model_wall_seconds_total": 4774.561283499817, "mip_gap_mean": 0.010570127479998746, "mip_gap_max": 0.10976470783909217, "mip_gap_target_met_fraction": 0.7342657342657343, "solver_status_counts": {"optimal": 105, "time_limit": 38}, "completed_periods": 143, "demand_periods": 96, "cleanup_periods": 47, "cleanup_hours": 11.75, "time_limit_fraction": 0.26573426573426573, "final_inventory_kwh": 5003.906816479799, "random_timeouts": 17, "terminal_settlement": "none", "operating_duration_hours": 24.0, "current_attempt_wall_seconds": 5125.016459200007, "prior_attempt_wall_seconds": 0.0, "known_runtime_seconds": 5125.016459200007, "runtime_timing_incomplete": false, "runtime_timing_estimated": false, "worker_wall_seconds": 5125.016459200007}}
