{"period": 1, "status": "optimal", "solve_seconds": 0.16699981689453125, "model_wall_seconds": 0.3344376999884844, "gap": 0.0, "actual_reward": 0.0}
{"period": 2, "status": "optimal", "solve_seconds": 0.13800048828125, "model_wall_seconds": 0.2839533999795094, "gap": 0.0, "actual_reward": 0.0}
{"period": 3, "status": "optimal", "solve_seconds": 0.18199920654296875, "model_wall_seconds": 0.3377049000118859, "gap": 0.0, "actual_reward": 301.8080078008192}
{"period": 4, "status": "optimal", "solve_seconds": 0.03800010681152344, "model_wall_seconds": 0.18979720000061207, "gap": 0.0, "actual_reward": 104.60534331204357}
{"period": 5, "status": "optimal", "solve_seconds": 0.1289997100830078, "model_wall_seconds": 0.27699159999610856, "gap": 0.0, "actual_reward": -20.000000000000004}
{"period": 6, "status": "optimal", "solve_seconds": 0.034999847412109375, "model_wall_seconds": 0.19219209998846054, "gap": 0.0, "actual_reward": 0.0}
{"period": 7, "status": "optimal", "solve_seconds": 0.11499977111816406, "model_wall_seconds": 0.25259340001503006, "gap": 0.0, "actual_reward": 0.0}
{"period": 8, "status": "optimal", "solve_seconds": 0.04699897766113281, "model_wall_seconds": 0.2036452000029385, "gap": 0.0, "actual_reward": 106.244440785693}
{"period": 9, "status": "optimal", "solve_seconds": 0.1490001678466797, "model_wall_seconds": 0.2899881999765057, "gap": 0.0, "actual_reward": 33.474804161693996}
{"period": 10, "status": "optimal", "solve_seconds": 0.05999946594238281, "model_wall_seconds": 0.20679950001067482, "gap": 0.0, "actual_reward": -9.769962616701378e-15}
{"period": 11, "status": "optimal", "solve_seconds": 0.18400001525878906, "model_wall_seconds": 0.3220308000163641, "gap": 0.0, "actual_reward": -9.769962616701378e-15}
{"period": 12, "status": "optimal", "solve_seconds": 0.04399871826171875, "model_wall_seconds": 0.20029900001827627, "gap": 0.0, "actual_reward": 194.83752704151976}
{"period": 13, "status": "optimal", "solve_seconds": 0.11899948120117188, "model_wall_seconds": 0.2562090000137687, "gap": 0.0, "actual_reward": -10.000000000000009}
{"period": 14, "status": "optimal", "solve_seconds": 0.06599998474121094, "model_wall_seconds": 0.21788959999685176, "gap": 0.0, "actual_reward": -4.867217739956687e-15}
{"period": 15, "status": "optimal", "solve_seconds": 0.1289997100830078, "model_wall_seconds": 0.26335029999609105, "gap": 0.0, "actual_reward": 49.219999999908}
{"period": 16, "status": "optimal", "solve_seconds": 0.049999237060546875, "model_wall_seconds": 0.209290200000396, "gap": 0.0, "actual_reward": -4.867217739956687e-15}
{"period": 17, "status": "optimal", "solve_seconds": 0.13300132751464844, "model_wall_seconds": 0.27093539998168126, "gap": 0.0, "actual_reward": 113.31336692335398}
{"period": 18, "status": "optimal", "solve_seconds": 0.047000885009765625, "model_wall_seconds": 0.19096810001065023, "gap": 0.0, "actual_reward": 244.95924111466198}
{"period": 19, "status": "optimal", "solve_seconds": 0.12400054931640625, "model_wall_seconds": 0.2624987000017427, "gap": 0.0, "actual_reward": -4.867217739956687e-15}
{"period": 20, "status": "optimal", "solve_seconds": 0.04400062561035156, "model_wall_seconds": 0.18698840000433847, "gap": 0.0, "actual_reward": -4.867217739956687e-15}
{"period": 21, "status": "optimal", "solve_seconds": 0.14100074768066406, "model_wall_seconds": 0.28266959998290986, "gap": 0.0, "actual_reward": 145.561113709676}
{"period": 22, "status": "optimal", "solve_seconds": 0.082000732421875, "model_wall_seconds": 0.22618130000773817, "gap": 0.0, "actual_reward": 84.74655816540877}
{"period": 23, "status": "optimal", "solve_seconds": 0.125, "model_wall_seconds": 0.26185999999870546, "gap": 0.0, "actual_reward": 97.08668435458999}
{"period": 24, "status": "optimal", "solve_seconds": 0.04200172424316406, "model_wall_seconds": 0.1870299000001978, "gap": 0.0, "actual_reward": -7.656097977815079e-15}
{"period": 25, "status": "optimal", "solve_seconds": 0.11800003051757812, "model_wall_seconds": 0.2544603999995161, "gap": 0.0, "actual_reward": 146.4453430999954}
{"period": 26, "status": "optimal", "solve_seconds": 0.031000137329101562, "model_wall_seconds": 0.18033819997799583, "gap": 0.0, "actual_reward": 177.286618742418}
{"period": 27, "status": "optimal", "solve_seconds": 0.1100006103515625, "model_wall_seconds": 0.2574183999968227, "gap": 0.0, "actual_reward": -1.5196732761069142e-14}
{"period": 28, "status": "optimal", "solve_seconds": 0.042999267578125, "model_wall_seconds": 0.18863970000529662, "gap": 0.0, "actual_reward": -2.0099477637813833e-14}
{"period": 29, "status": "optimal", "solve_seconds": 0.13899993896484375, "model_wall_seconds": 0.2745090000098571, "gap": 0.0, "actual_reward": -2.2586377212974184e-14}
{"period": 30, "status": "optimal", "solve_seconds": 0.055999755859375, "model_wall_seconds": 0.21813190000830218, "gap": 0.0, "actual_reward": 212.27023385200334}
{"period": 31, "status": "optimal", "solve_seconds": 0.14599990844726562, "model_wall_seconds": 0.28160719998413697, "gap": 0.0, "actual_reward": 223.48920209272228}
{"period": 32, "status": "optimal", "solve_seconds": 0.07500076293945312, "model_wall_seconds": 0.21835869998903945, "gap": 0.0, "actual_reward": 98.41951325664388}
{"period": 33, "status": "optimal", "solve_seconds": 0.17600059509277344, "model_wall_seconds": 0.31384170000092126, "gap": 0.0, "actual_reward": 132.15715315215726}
{"period": 34, "status": "optimal", "solve_seconds": 0.09599876403808594, "model_wall_seconds": 0.24494059997959994, "gap": 0.0, "actual_reward": -2.6405544417684727e-14}
{"period": 35, "status": "optimal", "solve_seconds": 0.18000030517578125, "model_wall_seconds": 0.34720939997350797, "gap": 0.0, "actual_reward": 113.21606411784606}
{"period": 36, "status": "optimal", "solve_seconds": 0.15200042724609375, "model_wall_seconds": 0.30394759998307563, "gap": 0.0, "actual_reward": 206.062981594452}
{"period": 37, "status": "optimal", "solve_seconds": 0.22999954223632812, "model_wall_seconds": 0.38089259999105707, "gap": 0.0, "actual_reward": 216.39673043277418}
{"period": 38, "status": "optimal", "solve_seconds": 0.12599945068359375, "model_wall_seconds": 0.2881758000003174, "gap": 0.0, "actual_reward": 118.44148652693}
{"period": 39, "status": "optimal", "solve_seconds": 0.2180004119873047, "model_wall_seconds": 0.3701905000198167, "gap": 0.0, "actual_reward": 150.74505006231598}
{"period": 40, "status": "optimal", "solve_seconds": 0.16500091552734375, "model_wall_seconds": 0.352494899998419, "gap": 0.0, "actual_reward": 107.82525549644197}
{"period": 41, "status": "optimal", "solve_seconds": 0.30500030517578125, "model_wall_seconds": 0.45622319998801686, "gap": 0.0, "actual_reward": 379.99698820209017}
{"period": 42, "status": "optimal", "solve_seconds": 0.22700119018554688, "model_wall_seconds": 0.4300546000013128, "gap": 0.0, "actual_reward": 676.5700053013817}
{"period": 43, "status": "optimal", "solve_seconds": 0.3150005340576172, "model_wall_seconds": 0.47546860002330504, "gap": 0.0, "actual_reward": 331.893821621463}
{"period": 44, "status": "optimal", "solve_seconds": 0.22099876403808594, "model_wall_seconds": 0.40953030000673607, "gap": 0.0, "actual_reward": 504.45809065326347}
{"period": 45, "status": "optimal", "solve_seconds": 0.3959999084472656, "model_wall_seconds": 0.5553184000018518, "gap": 0.0, "actual_reward": 149.3089596582019}
{"period": 46, "status": "optimal", "solve_seconds": 8.832000732421875, "model_wall_seconds": 9.039162900007796, "gap": 9.18253433420986e-05, "actual_reward": 763.8187520073453}
{"period": 47, "status": "optimal", "solve_seconds": 0.5639991760253906, "model_wall_seconds": 0.7291345000267029, "gap": 0.0, "actual_reward": 293.9470855546593}
{"period": 48, "status": "optimal", "solve_seconds": 0.3549995422363281, "model_wall_seconds": 0.5217720000073314, "gap": 0.0, "actual_reward": 183.72187902505712}
{"period": 49, "status": "optimal", "solve_seconds": 0.5139999389648438, "model_wall_seconds": 0.6908213999995496, "gap": 0.0, "actual_reward": 159.2965240524682}
{"period": 50, "status": "time_limit", "solve_seconds": 120.00199890136719, "model_wall_seconds": 120.27316189999692, "gap": 0.002036280739253663, "actual_reward": 475.990580249041}
{"period": 51, "status": "optimal", "solve_seconds": 2.336000442504883, "model_wall_seconds": 2.5250896000070497, "gap": 0.0, "actual_reward": 976.4641340037887}
{"period": 52, "status": "optimal", "solve_seconds": 0.6219997406005859, "model_wall_seconds": 0.8243530000036117, "gap": 0.0, "actual_reward": 770.6100369273157}
{"period": 53, "status": "optimal", "solve_seconds": 0.8229999542236328, "model_wall_seconds": 1.0000178999907803, "gap": 0.0, "actual_reward": 263.8171667946399}
{"period": 54, "status": "optimal", "solve_seconds": 0.5200004577636719, "model_wall_seconds": 0.7092032000073232, "gap": 0.0, "actual_reward": 854.2628768094447}
{"period": 55, "status": "optimal", "solve_seconds": 0.6599998474121094, "model_wall_seconds": 0.8528584000014234, "gap": 7.536348233166669e-11, "actual_reward": 270.7538402205926}
{"period": 56, "status": "optimal", "solve_seconds": 0.4590015411376953, "model_wall_seconds": 0.6553503000177443, "gap": 0.0, "actual_reward": 283.9942458975045}
{"period": 57, "status": "optimal", "solve_seconds": 0.6529998779296875, "model_wall_seconds": 0.8306101000052877, "gap": 0.0, "actual_reward": 1127.5886613451178}
{"period": 58, "status": "optimal", "solve_seconds": 0.4259986877441406, "model_wall_seconds": 0.6221002999809571, "gap": 0.0, "actual_reward": 840.1608349737774}
{"period": 59, "status": "optimal", "solve_seconds": 0.5799999237060547, "model_wall_seconds": 0.7333293000119738, "gap": 0.0, "actual_reward": 367.86052116541}
{"period": 60, "status": "optimal", "solve_seconds": 0.38800048828125, "model_wall_seconds": 0.5585657999909017, "gap": 0.0, "actual_reward": 508.01475154480994}
{"period": 61, "status": "optimal", "solve_seconds": 0.8760013580322266, "model_wall_seconds": 1.0399285999883432, "gap": 0.0, "actual_reward": 491.34242844461085}
{"period": 62, "status": "optimal", "solve_seconds": 0.6269989013671875, "model_wall_seconds": 0.8036082000180613, "gap": 0.0, "actual_reward": 868.264498788439}
{"period": 63, "status": "optimal", "solve_seconds": 0.9810009002685547, "model_wall_seconds": 1.212683299992932, "gap": 0.0, "actual_reward": 398.3171684538559}
{"period": 64, "status": "optimal", "solve_seconds": 0.4759998321533203, "model_wall_seconds": 0.656566899997415, "gap": 0.0, "actual_reward": -119.42774260483147}
{"period": 65, "status": "optimal", "solve_seconds": 0.7919998168945312, "model_wall_seconds": 0.9591757000016514, "gap": 1.2701453802823267e-06, "actual_reward": 916.7105889909541}
{"period": 66, "status": "optimal", "solve_seconds": 1.1999988555908203, "model_wall_seconds": 1.3812315000104718, "gap": 7.223255871644869e-05, "actual_reward": 840.5974964721831}
{"period": 67, "status": "optimal", "solve_seconds": 0.75, "model_wall_seconds": 0.9070561999978963, "gap": 0.0, "actual_reward": 704.0168146461564}
{"period": 68, "status": "optimal", "solve_seconds": 0.4330005645751953, "model_wall_seconds": 0.6466800000052899, "gap": 0.0, "actual_reward": -1821.1993611135972}
{"period": 69, "status": "optimal", "solve_seconds": 0.5219993591308594, "model_wall_seconds": 0.6785771999857388, "gap": 5.568050259255936e-05, "actual_reward": 741.7303780063119}
{"period": 70, "status": "optimal", "solve_seconds": 0.5340003967285156, "model_wall_seconds": 0.7117848999914713, "gap": 4.287537556253283e-06, "actual_reward": -480.8170615647366}
{"period": 71, "status": "optimal", "solve_seconds": 0.6429996490478516, "model_wall_seconds": 0.8036461999872699, "gap": 0.0, "actual_reward": 1023.8137869409368}
{"period": 72, "status": "optimal", "solve_seconds": 0.3969993591308594, "model_wall_seconds": 0.5563927000039257, "gap": 0.0, "actual_reward": 967.8923285149135}
{"period": 73, "status": "optimal", "solve_seconds": 0.4360008239746094, "model_wall_seconds": 0.5903188000083901, "gap": 0.0, "actual_reward": 17.471163841334118}
{"period": 74, "status": "optimal", "solve_seconds": 0.3020000457763672, "model_wall_seconds": 0.4513912000111304, "gap": 0.0, "actual_reward": -621.8727466885692}
{"period": 75, "status": "optimal", "solve_seconds": 0.37800025939941406, "model_wall_seconds": 0.5204670999955852, "gap": 0.0, "actual_reward": -256.45905347792313}
{"period": 76, "status": "optimal", "solve_seconds": 0.29400062561035156, "model_wall_seconds": 0.49012330002733506, "gap": 0.0, "actual_reward": -939.7509500376229}
{"period": 77, "status": "optimal", "solve_seconds": 0.3549995422363281, "model_wall_seconds": 0.4896383000013884, "gap": 0.0, "actual_reward": -1090.4135644593355}
{"period": 78, "status": "optimal", "solve_seconds": 0.25300025939941406, "model_wall_seconds": 0.39593269999022596, "gap": 0.0, "actual_reward": 560.9045717412315}
{"period": 79, "status": "optimal", "solve_seconds": 0.28100013732910156, "model_wall_seconds": 0.45639789997949265, "gap": 0.0, "actual_reward": -452.06753655562227}
{"period": 80, "status": "optimal", "solve_seconds": 0.22999954223632812, "model_wall_seconds": 0.3666277999873273, "gap": 0.0, "actual_reward": -3452.024897595955}
{"period": 81, "status": "optimal", "solve_seconds": 0.24499893188476562, "model_wall_seconds": 0.37718920002225786, "gap": 0.0, "actual_reward": -1055.0040885678782}
{"period": 82, "status": "optimal", "solve_seconds": 0.24900054931640625, "model_wall_seconds": 0.36666989998775534, "gap": 0.0, "actual_reward": -1647.4664828572097}
{"period": 83, "status": "optimal", "solve_seconds": 0.28900146484375, "model_wall_seconds": 0.4333556000201497, "gap": 0.0, "actual_reward": -2997.2446341125096}
{"period": 84, "status": "optimal", "solve_seconds": 0.26000022888183594, "model_wall_seconds": 0.3877988000167534, "gap": 0.0, "actual_reward": 106.33358211766388}
{"period": 85, "status": "optimal", "solve_seconds": 0.6169986724853516, "model_wall_seconds": 0.7443751000100747, "gap": 0.0, "actual_reward": -1482.7846000548743}
{"period": 86, "status": "optimal", "solve_seconds": 0.2760009765625, "model_wall_seconds": 0.39601899997796863, "gap": 0.0, "actual_reward": 461.3585297095527}
{"period": 87, "status": "optimal", "solve_seconds": 0.2779998779296875, "model_wall_seconds": 0.39350559999002144, "gap": 0.0, "actual_reward": -1972.8509916499045}
{"period": 88, "status": "optimal", "solve_seconds": 0.24699974060058594, "model_wall_seconds": 0.37040289997821674, "gap": 8.294238275762645e-05, "actual_reward": -2116.3837870593275}
{"period": 89, "status": "optimal", "solve_seconds": 0.2649993896484375, "model_wall_seconds": 0.43877639999845996, "gap": 0.0, "actual_reward": -5910.1407584124545}
{"period": 90, "status": "optimal", "solve_seconds": 0.22699928283691406, "model_wall_seconds": 0.333312400005525, "gap": 0.0, "actual_reward": -2961.5007692505123}
{"period": 91, "status": "optimal", "solve_seconds": 0.2539997100830078, "model_wall_seconds": 0.37215790001209825, "gap": 9.012608227527037e-05, "actual_reward": 77.37473830892593}
{"period": 92, "status": "optimal", "solve_seconds": 0.26199913024902344, "model_wall_seconds": 0.37420570000540465, "gap": 0.0, "actual_reward": -3822.300507279426}
{"period": 93, "status": "optimal", "solve_seconds": 0.2479991912841797, "model_wall_seconds": 0.3422677000053227, "gap": 0.0, "actual_reward": -2665.950477958013}
{"period": 94, "status": "optimal", "solve_seconds": 0.10799980163574219, "model_wall_seconds": 0.19926579997991212, "gap": 0.0, "actual_reward": -2732.245957289985}
{"period": 95, "status": "optimal", "solve_seconds": 0.11800003051757812, "model_wall_seconds": 0.20355799997923896, "gap": 0.0, "actual_reward": -1762.4704176318528}
{"period": 96, "status": "optimal", "solve_seconds": 0.09200096130371094, "model_wall_seconds": 0.17222900001797825, "gap": 0.0, "actual_reward": -1886.9504986253373}
{"period": 97, "status": "optimal", "solve_seconds": 0.07899856567382812, "model_wall_seconds": 0.15371839998988435, "gap": 0.0, "actual_reward": -2035.057029390578}
{"period": 98, "status": "optimal", "solve_seconds": 0.05999946594238281, "model_wall_seconds": 0.12572179999551736, "gap": 0.0, "actual_reward": -3871.685327023753}
{"period": 99, "status": "optimal", "solve_seconds": 0.05999946594238281, "model_wall_seconds": 0.12765209999633953, "gap": 0.0, "actual_reward": -824.6975764037049}
{"period": 100, "status": "optimal", "solve_seconds": 0.05100059509277344, "model_wall_seconds": 0.11289479999686591, "gap": 0.0, "actual_reward": -4000.0}
{"period": 101, "status": "optimal", "solve_seconds": 0.03299903869628906, "model_wall_seconds": 0.08925710001494735, "gap": 0.0, "actual_reward": -3000.0}
{"period": 102, "status": "optimal", "solve_seconds": 0.018999099731445312, "model_wall_seconds": 0.07213539999793284, "gap": 0.0, "actual_reward": -1000.0}
{"period": 103, "status": "optimal", "solve_seconds": 0.011999130249023438, "model_wall_seconds": 0.06428710001637228, "gap": 0.0, "actual_reward": -863.128495566347}
{"period": 104, "status": "optimal", "solve_seconds": 0.010000228881835938, "model_wall_seconds": 0.05810249998467043, "gap": 0.0, "actual_reward": -2000.0}
{"period": 105, "status": "optimal", "solve_seconds": 0.011999130249023438, "model_wall_seconds": 0.058670700003858656, "gap": 0.0, "actual_reward": -3000.0}
{"period": 106, "status": "optimal", "solve_seconds": 0.0059986114501953125, "model_wall_seconds": 0.049143999989610165, "gap": 0.0, "actual_reward": -1.2434497875801753e-14}
{"period": 107, "status": "optimal", "solve_seconds": 0.006999969482421875, "model_wall_seconds": 0.05603890001657419, "gap": 0.0, "actual_reward": -1.2434497875801753e-14}
{"period": 108, "status": "optimal", "solve_seconds": 0.006999969482421875, "model_wall_seconds": 0.052499799989163876, "gap": 0.0, "actual_reward": -3.2223113066720544e-14}
{"period": 109, "status": "optimal", "solve_seconds": 0.006000518798828125, "model_wall_seconds": 0.05072879997896962, "gap": 0.0, "actual_reward": -2000.0}
{"period": 110, "status": "optimal", "solve_seconds": 0.006000518798828125, "model_wall_seconds": 0.04918309999629855, "gap": 0.0, "actual_reward": -2000.0}
{"period": 111, "status": "optimal", "solve_seconds": 0.010000228881835938, "model_wall_seconds": 0.047416399989742786, "gap": 0.0, "actual_reward": -2.486899575160351e-14}
{"period": 112, "status": "optimal", "solve_seconds": 0.005001068115234375, "model_wall_seconds": 0.045372000022325665, "gap": 0.0, "actual_reward": -1000.0}
{"period": 113, "status": "optimal", "solve_seconds": 0.0049991607666015625, "model_wall_seconds": 0.04693750001024455, "gap": 0.0, "actual_reward": -1000.0}
{"period": 114, "status": "optimal", "solve_seconds": 0.0030002593994140625, "model_wall_seconds": 0.04510049999225885, "gap": 0.0, "actual_reward": -1.9788615190918785e-14}
{"period": 115, "status": "optimal", "solve_seconds": 0.0039997100830078125, "model_wall_seconds": 0.044128900015493855, "gap": 0.0, "actual_reward": -1000.0}
{"state": "complete", "started_at": "2026-09-17T18:32:16.762825+00:00", "scenario": "D:\\Myfiles\\vscode_files\\cleanrl_BSS\\ExpresswayBSSs_v2\\data\\final_real_data_v1\\scenarios\\day_01.json", "route_mode": "joint", "charging_mode": "joint", "model": null, "deadline": null, "pid": 8488, "created": 1789669936.5674171, "source_snapshot": "D:\\Myfiles\\vscode_files\\cleanrl_BSS\\ExpresswayBSSs_v2\\outputs\\zero_terminal_real_data_seed1_v1\\runs\\h6_day01\\source_snapshots\\e04451463b9d6545577ff982cb3a33775239dc78ba1d91c5d8a88c86fabb05aa", "prior_attempt_seconds": 0.0, "runtime_timing_incomplete": false, "runtime_timing_estimated": false, "launcher_source_snapshot": "D:\\Myfiles\\vscode_files\\cleanrl_BSS\\ExpresswayBSSs_v2\\outputs\\zero_terminal_real_data_seed1_v1\\code_snapshots\\40ec378611b206b02ef446c50a74e31e0ead20388937d43f8a3085ca15610712", "finished_at": "2026-09-17T18:38:37.997767+00:00", "wall_seconds": 381.2344161000219, "metrics": {"net_profit_yuan": -48134.62476245131, "service_income_yuan": 35012.35403171973, "charging_cost_yuan": 4346.978794171069, "adjustment_cost_yuan": 800.0, "reservation_failure_cost_yuan": 78000.0, "reservation_count": 200, "actual_random_count": 200, "reservation_failures": 78, "reservation_failure_rate": 0.39, "reservation_completed": 122, "reservation_unfinished_at_L": 31, "reservation_unfinished_rate_at_L": 0.155, "reservation_unfinished_after_cleanup": 0, "random_services": 139, "random_service_rate": 0.695, "mean_wait_minutes_served": 11.557387094607202, "path_adjustments": 80, "solver_seconds_mean": 1.3812086519987687, "solver_seconds_p95": 0.8389003753662108, "model_wall_seconds_mean": 1.5186599399998237, "model_wall_seconds_p95": 1.011991109990049, "model_wall_seconds_total": 174.64589309997973, "mip_gap_mean": 2.117082928032769e-05, "mip_gap_max": 0.002036280739253663, "mip_gap_target_met_fraction": 0.991304347826087, "solver_status_counts": {"optimal": 114, "time_limit": 1}, "completed_periods": 115, "demand_periods": 96, "cleanup_periods": 19, "cleanup_hours": 4.75, "time_limit_fraction": 0.008695652173913044, "final_inventory_kwh": 5667.5437934915, "random_timeouts": 61, "terminal_settlement": "none", "operating_duration_hours": 24.0, "current_attempt_wall_seconds": 381.23166780002066, "prior_attempt_wall_seconds": 0.0, "known_runtime_seconds": 381.23166780002066, "runtime_timing_incomplete": false, "runtime_timing_estimated": false, "worker_wall_seconds": 381.23166780002066}}
