{"period": 1, "status": "optimal", "solve_seconds": 0.15999984741210938, "model_wall_seconds": 0.30714350001653656, "gap": 0.0, "actual_reward": 0.0}
{"period": 2, "status": "optimal", "solve_seconds": 0.11400032043457031, "model_wall_seconds": 0.26516179999453016, "gap": 0.0, "actual_reward": 0.0}
{"period": 3, "status": "optimal", "solve_seconds": 0.2310009002685547, "model_wall_seconds": 0.36288790000253357, "gap": 0.0, "actual_reward": 301.8080078008192}
{"period": 4, "status": "optimal", "solve_seconds": 0.029001235961914062, "model_wall_seconds": 0.17425559999537654, "gap": 0.0, "actual_reward": 104.60534331204357}
{"period": 5, "status": "optimal", "solve_seconds": 0.12600135803222656, "model_wall_seconds": 0.2601896999985911, "gap": 0.0, "actual_reward": 0.0}
{"period": 6, "status": "optimal", "solve_seconds": 0.024000167846679688, "model_wall_seconds": 0.16470470000058413, "gap": 0.0, "actual_reward": 0.0}
{"period": 7, "status": "optimal", "solve_seconds": 0.12100028991699219, "model_wall_seconds": 0.2550943000242114, "gap": 0.0, "actual_reward": -20.0}
{"period": 8, "status": "optimal", "solve_seconds": 0.03700065612792969, "model_wall_seconds": 0.18079240000224672, "gap": 0.0, "actual_reward": 106.244440785693}
{"period": 9, "status": "optimal", "solve_seconds": 0.11700057983398438, "model_wall_seconds": 0.24636990000726655, "gap": 0.0, "actual_reward": 43.474804161693996}
{"period": 10, "status": "optimal", "solve_seconds": 0.029001235961914062, "model_wall_seconds": 0.16674159999820404, "gap": 0.0, "actual_reward": 67.685055168078}
{"period": 11, "status": "optimal", "solve_seconds": 0.17300033569335938, "model_wall_seconds": 0.3059839000052307, "gap": 0.0, "actual_reward": -9.841016890277388e-15}
{"period": 12, "status": "optimal", "solve_seconds": 0.020999908447265625, "model_wall_seconds": 0.16134759999113157, "gap": 0.0, "actual_reward": 194.83752704151976}
{"period": 13, "status": "optimal", "solve_seconds": 0.0989990234375, "model_wall_seconds": 0.23131289999582805, "gap": 0.0, "actual_reward": -9.841016890277388e-15}
{"period": 14, "status": "optimal", "solve_seconds": 0.023000717163085938, "model_wall_seconds": 0.16273770001134835, "gap": 0.0, "actual_reward": -9.841016890277388e-15}
{"period": 15, "status": "optimal", "solve_seconds": 0.11400032043457031, "model_wall_seconds": 0.24484209998627193, "gap": 0.0, "actual_reward": 39.21999999990799}
{"period": 16, "status": "optimal", "solve_seconds": 0.029001235961914062, "model_wall_seconds": 0.16609210000024177, "gap": 0.0, "actual_reward": -7.389644451905042e-15}
{"period": 17, "status": "optimal", "solve_seconds": 0.12400054931640625, "model_wall_seconds": 0.26628029998391867, "gap": 0.0, "actual_reward": 123.31336692335398}
{"period": 18, "status": "optimal", "solve_seconds": 0.03099822998046875, "model_wall_seconds": 0.17291339999064803, "gap": 0.0, "actual_reward": 182.271069214026}
{"period": 19, "status": "optimal", "solve_seconds": 0.12299919128417969, "model_wall_seconds": 0.25673269998515025, "gap": 0.0, "actual_reward": -10.000000000000009}
{"period": 20, "status": "optimal", "solve_seconds": 0.035999298095703125, "model_wall_seconds": 0.21613539999816567, "gap": 0.0, "actual_reward": -9.841016890277388e-15}
{"period": 21, "status": "optimal", "solve_seconds": 0.1359996795654297, "model_wall_seconds": 0.2663899000035599, "gap": 0.0, "actual_reward": 165.561113709676}
{"period": 22, "status": "optimal", "solve_seconds": 0.07600021362304688, "model_wall_seconds": 0.21448369999416173, "gap": 0.0, "actual_reward": 170.64984357412177}
{"period": 23, "status": "optimal", "solve_seconds": 0.10699844360351562, "model_wall_seconds": 0.23453689998132177, "gap": 0.0, "actual_reward": 87.08668435458999}
{"period": 24, "status": "optimal", "solve_seconds": 0.024000167846679688, "model_wall_seconds": 0.15828779997536913, "gap": 0.0, "actual_reward": -1.014299755297543e-14}
{"period": 25, "status": "optimal", "solve_seconds": 0.10799980163574219, "model_wall_seconds": 0.250987699982943, "gap": 0.0, "actual_reward": 146.4453430999954}
{"period": 26, "status": "optimal", "solve_seconds": 0.020000457763671875, "model_wall_seconds": 0.15928160000476055, "gap": 0.0, "actual_reward": -1.7683632336229494e-14}
{"period": 27, "status": "optimal", "solve_seconds": 0.09400177001953125, "model_wall_seconds": 0.21870689999195747, "gap": 0.0, "actual_reward": -1.7683632336229494e-14}
{"period": 28, "status": "optimal", "solve_seconds": 0.02899932861328125, "model_wall_seconds": 0.1870039000059478, "gap": 0.0, "actual_reward": -1.7683632336229494e-14}
{"period": 29, "status": "optimal", "solve_seconds": 0.12399864196777344, "model_wall_seconds": 0.24606520001543686, "gap": 0.0, "actual_reward": -1.5232259897857146e-14}
{"period": 30, "status": "optimal", "solve_seconds": 0.035999298095703125, "model_wall_seconds": 0.196131200005766, "gap": 0.0, "actual_reward": 162.17264698942765}
{"period": 31, "status": "optimal", "solve_seconds": 0.1490001678466797, "model_wall_seconds": 0.2985538000066299, "gap": 0.0, "actual_reward": 227.52147855728367}
{"period": 32, "status": "optimal", "solve_seconds": 0.05299949645996094, "model_wall_seconds": 0.21727330001886003, "gap": 0.0, "actual_reward": 108.62531039810631}
{"period": 33, "status": "optimal", "solve_seconds": 0.12000083923339844, "model_wall_seconds": 0.24593189998995513, "gap": 0.0, "actual_reward": 230.57666640880115}
{"period": 34, "status": "optimal", "solve_seconds": 0.034000396728515625, "model_wall_seconds": 0.19315010000718758, "gap": 0.0, "actual_reward": -2.0401458300511876e-14}
{"period": 35, "status": "optimal", "solve_seconds": 0.1359996795654297, "model_wall_seconds": 0.26742590000503697, "gap": 0.0, "actual_reward": 113.21606411784606}
{"period": 36, "status": "optimal", "solve_seconds": 0.11199951171875, "model_wall_seconds": 0.30322469997918233, "gap": 0.0, "actual_reward": 120.04298159449797}
{"period": 37, "status": "optimal", "solve_seconds": 0.18600082397460938, "model_wall_seconds": 0.3284319000085816, "gap": 0.0, "actual_reward": 262.51673043268215}
{"period": 38, "status": "optimal", "solve_seconds": 0.069000244140625, "model_wall_seconds": 0.2579896000097506, "gap": 0.0, "actual_reward": 70.18309200927598}
{"period": 39, "status": "optimal", "solve_seconds": 0.1569995880126953, "model_wall_seconds": 0.30117190000601113, "gap": 0.0, "actual_reward": 209.00344457997}
{"period": 40, "status": "optimal", "solve_seconds": 0.08099937438964844, "model_wall_seconds": 0.253810499998508, "gap": 0.0, "actual_reward": 107.82525549644197}
{"period": 41, "status": "optimal", "solve_seconds": 0.1849994659423828, "model_wall_seconds": 0.32271229999605566, "gap": 0.0, "actual_reward": 399.99698820209017}
{"period": 42, "status": "optimal", "solve_seconds": 0.12900161743164062, "model_wall_seconds": 0.3058360999857541, "gap": 0.0, "actual_reward": 555.9529598755478}
{"period": 43, "status": "optimal", "solve_seconds": 0.2180004119873047, "model_wall_seconds": 0.35871709999628365, "gap": 0.0, "actual_reward": 369.82915742171485}
{"period": 44, "status": "optimal", "solve_seconds": 0.17399978637695312, "model_wall_seconds": 0.3472730000212323, "gap": 0.0, "actual_reward": 557.1398002788455}
{"period": 45, "status": "optimal", "solve_seconds": 0.18000030517578125, "model_wall_seconds": 0.3130463999987114, "gap": 0.0, "actual_reward": 277.61593023965196}
{"period": 46, "status": "optimal", "solve_seconds": 0.11600112915039062, "model_wall_seconds": 0.2600858999940101, "gap": 0.0, "actual_reward": 533.5958402950756}
{"period": 47, "status": "optimal", "solve_seconds": 0.19700050354003906, "model_wall_seconds": 0.32568979999632575, "gap": 0.0, "actual_reward": 401.8507228009644}
{"period": 48, "status": "optimal", "solve_seconds": 0.1270008087158203, "model_wall_seconds": 0.2582706999965012, "gap": 0.0, "actual_reward": 281.7720772692076}
{"period": 49, "status": "optimal", "solve_seconds": 0.23699951171875, "model_wall_seconds": 0.37191519999760203, "gap": 0.0, "actual_reward": 109.37885084259665}
{"period": 50, "status": "optimal", "solve_seconds": 0.18400001525878906, "model_wall_seconds": 0.3520122000190895, "gap": 0.0, "actual_reward": 754.9132130066234}
{"period": 51, "status": "optimal", "solve_seconds": 0.292999267578125, "model_wall_seconds": 0.431517699995311, "gap": 0.0, "actual_reward": 671.105521458005}
{"period": 52, "status": "optimal", "solve_seconds": 0.17600059509277344, "model_wall_seconds": 0.3206344999780413, "gap": 0.0, "actual_reward": 860.7645701686026}
{"period": 53, "status": "optimal", "solve_seconds": 0.3000011444091797, "model_wall_seconds": 0.4733946000051219, "gap": 0.0, "actual_reward": 161.17589764081677}
{"period": 54, "status": "optimal", "solve_seconds": 0.16400146484375, "model_wall_seconds": 0.30166519997874275, "gap": 0.0, "actual_reward": 711.3005386775169}
{"period": 55, "status": "optimal", "solve_seconds": 0.1919994354248047, "model_wall_seconds": 0.3390961000113748, "gap": 0.0, "actual_reward": -686.0297726283233}
{"period": 56, "status": "optimal", "solve_seconds": 0.167999267578125, "model_wall_seconds": 0.3064565000240691, "gap": 0.0, "actual_reward": -2000.0}
{"period": 57, "status": "optimal", "solve_seconds": 0.23600006103515625, "model_wall_seconds": 0.3671260999981314, "gap": 0.0, "actual_reward": 1360.3168812606016}
{"period": 58, "status": "optimal", "solve_seconds": 0.13399887084960938, "model_wall_seconds": 0.27059379999991506, "gap": 0.0, "actual_reward": 780.8588019201198}
{"period": 59, "status": "optimal", "solve_seconds": 0.2049999237060547, "model_wall_seconds": 0.34033419998013414, "gap": 0.0, "actual_reward": 233.23049908180005}
{"period": 60, "status": "optimal", "solve_seconds": 0.12199974060058594, "model_wall_seconds": 0.25396750000072643, "gap": 0.0, "actual_reward": 526.6857437842411}
{"period": 61, "status": "optimal", "solve_seconds": 0.2479991912841797, "model_wall_seconds": 0.41985820000991225, "gap": 0.0, "actual_reward": 245.1861191227304}
{"period": 62, "status": "optimal", "solve_seconds": 0.13500022888183594, "model_wall_seconds": 0.2650201999931596, "gap": 0.0, "actual_reward": 1047.4366725139912}
{"period": 63, "status": "optimal", "solve_seconds": 0.18600082397460938, "model_wall_seconds": 0.3608210000093095, "gap": 0.0, "actual_reward": -733.1250394884923}
{"period": 64, "status": "optimal", "solve_seconds": 0.12100028991699219, "model_wall_seconds": 0.24687050000648014, "gap": 0.0, "actual_reward": 194.980905591726}
{"period": 65, "status": "optimal", "solve_seconds": 0.220001220703125, "model_wall_seconds": 0.34167229998274706, "gap": 0.0, "actual_reward": -1314.1888784190319}
{"period": 66, "status": "optimal", "solve_seconds": 0.13699913024902344, "model_wall_seconds": 0.2946549999760464, "gap": 0.0, "actual_reward": -295.97776777456477}
{"period": 67, "status": "optimal", "solve_seconds": 0.20800018310546875, "model_wall_seconds": 0.3421862999966834, "gap": 0.0, "actual_reward": 628.7395028999929}
{"period": 68, "status": "optimal", "solve_seconds": 0.18899917602539062, "model_wall_seconds": 0.31398609999450855, "gap": 0.0, "actual_reward": -3051.75}
{"period": 69, "status": "optimal", "solve_seconds": 0.2980003356933594, "model_wall_seconds": 0.42993810001644306, "gap": 0.0, "actual_reward": -602.189260675412}
{"period": 70, "status": "optimal", "solve_seconds": 0.1620006561279297, "model_wall_seconds": 0.2880806000030134, "gap": 8.586063471811045e-05, "actual_reward": -1014.753140792665}
{"period": 71, "status": "optimal", "solve_seconds": 0.1660003662109375, "model_wall_seconds": 0.278554400021676, "gap": 0.0, "actual_reward": -1673.9255492916932}
{"period": 72, "status": "optimal", "solve_seconds": 0.082000732421875, "model_wall_seconds": 0.208221400011098, "gap": 0.0, "actual_reward": -288.1308466038148}
{"period": 73, "status": "optimal", "solve_seconds": 0.14699935913085938, "model_wall_seconds": 0.26435710000805557, "gap": 0.0, "actual_reward": -2894.837957361014}
{"period": 74, "status": "optimal", "solve_seconds": 0.08800125122070312, "model_wall_seconds": 0.2039400000066962, "gap": 0.0, "actual_reward": -423.4394938582725}
{"period": 75, "status": "optimal", "solve_seconds": 0.1399993896484375, "model_wall_seconds": 0.26394870001240633, "gap": 0.0, "actual_reward": -715.5551152798514}
{"period": 76, "status": "optimal", "solve_seconds": 0.10400009155273438, "model_wall_seconds": 0.22012349998112768, "gap": 0.0, "actual_reward": -4112.319865786021}
{"period": 77, "status": "optimal", "solve_seconds": 0.14500045776367188, "model_wall_seconds": 0.2496337000047788, "gap": 0.0, "actual_reward": -2829.451985511504}
{"period": 78, "status": "optimal", "solve_seconds": 0.08900070190429688, "model_wall_seconds": 0.24310540000442415, "gap": 0.0, "actual_reward": -691.3162657126373}
{"period": 79, "status": "optimal", "solve_seconds": 0.12199974060058594, "model_wall_seconds": 0.23308440000982955, "gap": 0.0, "actual_reward": -1466.6208276340553}
{"period": 80, "status": "optimal", "solve_seconds": 0.0540008544921875, "model_wall_seconds": 0.16784009998082183, "gap": 0.0, "actual_reward": -4529.330401871143}
{"period": 81, "status": "optimal", "solve_seconds": 0.07999992370605469, "model_wall_seconds": 0.17010330001357943, "gap": 0.0, "actual_reward": -2867.95506547376}
{"period": 82, "status": "optimal", "solve_seconds": 0.04500007629394531, "model_wall_seconds": 0.13616049999836832, "gap": 0.0, "actual_reward": -5526.744894821436}
{"period": 83, "status": "optimal", "solve_seconds": 0.06699943542480469, "model_wall_seconds": 0.1505988000135403, "gap": 0.0, "actual_reward": -3000.0}
{"period": 84, "status": "optimal", "solve_seconds": 0.0279998779296875, "model_wall_seconds": 0.11815160000696778, "gap": 0.0, "actual_reward": -1854.393172895136}
{"period": 85, "status": "optimal", "solve_seconds": 0.06299972534179688, "model_wall_seconds": 0.2278705000062473, "gap": 0.0, "actual_reward": -2914.285195784219}
{"period": 86, "status": "optimal", "solve_seconds": 0.03800010681152344, "model_wall_seconds": 0.13068160001421347, "gap": 0.0, "actual_reward": -1901.65612702186}
{"period": 87, "status": "optimal", "solve_seconds": 0.062000274658203125, "model_wall_seconds": 0.14977620000718161, "gap": 0.0, "actual_reward": -5918.365620629213}
{"period": 88, "status": "optimal", "solve_seconds": 0.0279998779296875, "model_wall_seconds": 0.11211290000937879, "gap": 0.0, "actual_reward": -5000.0}
{"period": 89, "status": "optimal", "solve_seconds": 0.055999755859375, "model_wall_seconds": 0.19106599999940954, "gap": 0.0, "actual_reward": -8961.635451052312}
{"period": 90, "status": "optimal", "solve_seconds": 0.025999069213867188, "model_wall_seconds": 0.08784089999971911, "gap": 0.0, "actual_reward": -2824.2218173262454}
{"period": 91, "status": "optimal", "solve_seconds": 0.04500007629394531, "model_wall_seconds": 0.11606400000164285, "gap": 0.0, "actual_reward": -953.4391213403927}
{"period": 92, "status": "optimal", "solve_seconds": 0.04400062561035156, "model_wall_seconds": 0.11261609999928623, "gap": 0.0, "actual_reward": -5000.0}
{"period": 93, "status": "optimal", "solve_seconds": 0.03600120544433594, "model_wall_seconds": 0.0931918999995105, "gap": 0.0, "actual_reward": -5024.65}
{"period": 94, "status": "optimal", "solve_seconds": 0.01399993896484375, "model_wall_seconds": 0.07361939997645095, "gap": 0.0, "actual_reward": -4832.028186178759}
{"period": 95, "status": "optimal", "solve_seconds": 0.009000778198242188, "model_wall_seconds": 0.05625369999324903, "gap": 0.0, "actual_reward": -2000.0}
{"period": 96, "status": "optimal", "solve_seconds": 0.016000747680664062, "model_wall_seconds": 0.06682459998410195, "gap": 0.0, "actual_reward": -2000.0}
{"period": 97, "status": "optimal", "solve_seconds": 0.017000198364257812, "model_wall_seconds": 0.06549740000627935, "gap": 0.0, "actual_reward": -2000.0}
{"period": 98, "status": "optimal", "solve_seconds": 0.015001296997070312, "model_wall_seconds": 0.06587140000192448, "gap": 0.0, "actual_reward": -4000.0}
{"period": 99, "status": "optimal", "solve_seconds": 0.0410003662109375, "model_wall_seconds": 0.0804354999854695, "gap": 0.0, "actual_reward": -2866.535327023753}
{"period": 100, "status": "optimal", "solve_seconds": 0.0410003662109375, "model_wall_seconds": 0.07808119998662733, "gap": 0.0, "actual_reward": -2000.0}
{"period": 101, "status": "optimal", "solve_seconds": 0.0149993896484375, "model_wall_seconds": 0.050507100007962435, "gap": 0.0, "actual_reward": -1.9753088054130784e-14}
{"period": 102, "status": "optimal", "solve_seconds": 0.01300048828125, "model_wall_seconds": 0.0506320999993477, "gap": 0.0, "actual_reward": -2000.0}
{"period": 103, "status": "optimal", "solve_seconds": 0.0030002593994140625, "model_wall_seconds": 0.039014300011331216, "gap": 0.0, "actual_reward": -863.128495566347}
{"period": 104, "status": "optimal", "solve_seconds": 0.006000518798828125, "model_wall_seconds": 0.03468609999981709, "gap": 0.0, "actual_reward": -2.4584778657299463e-14}
{"period": 105, "status": "optimal", "solve_seconds": 0.006000518798828125, "model_wall_seconds": 0.038202299998374656, "gap": 0.0, "actual_reward": -3000.0}
{"period": 106, "status": "optimal", "solve_seconds": 0.0030002593994140625, "model_wall_seconds": 0.030409500002861023, "gap": 0.0, "actual_reward": -9.947598300641402e-15}
{"period": 107, "status": "optimal", "solve_seconds": 0.0039997100830078125, "model_wall_seconds": 0.03207119999569841, "gap": 0.0, "actual_reward": -9.947598300641402e-15}
{"period": 108, "status": "optimal", "solve_seconds": 0.0019989013671875, "model_wall_seconds": 0.032336899981601164, "gap": 0.0, "actual_reward": -9.947598300641402e-15}
{"period": 109, "status": "optimal", "solve_seconds": 0.007999420166015625, "model_wall_seconds": 0.032104099984280765, "gap": 0.0, "actual_reward": -1.9753088054130784e-14}
{"period": 110, "status": "optimal", "solve_seconds": 0.0, "model_wall_seconds": 0.03308389999438077, "gap": 0.0, "actual_reward": -1000.0}
{"period": 111, "status": "optimal", "solve_seconds": 0.0030002593994140625, "model_wall_seconds": 0.03483349998714402, "gap": 0.0, "actual_reward": -9.947598300641402e-15}
{"period": 112, "status": "optimal", "solve_seconds": 0.0020008087158203125, "model_wall_seconds": 0.03707900000154041, "gap": 0.0, "actual_reward": -9.947598300641402e-15}
{"period": 113, "status": "optimal", "solve_seconds": 0.0030002593994140625, "model_wall_seconds": 0.03374919999623671, "gap": 0.0, "actual_reward": -9.947598300641402e-15}
{"period": 114, "status": "optimal", "solve_seconds": 0.0030002593994140625, "model_wall_seconds": 0.031044600007589906, "gap": 0.0, "actual_reward": -1.9753088054130784e-14}
{"period": 115, "status": "optimal", "solve_seconds": 0.0030002593994140625, "model_wall_seconds": 0.028691799991065636, "gap": 0.0, "actual_reward": -1000.0}
{"state": "complete", "started_at": "2026-09-17T17:40:29.734331+00:00", "scenario": "D:\\Myfiles\\vscode_files\\cleanrl_BSS\\ExpresswayBSSs_v2\\data\\final_real_data_v1\\scenarios\\day_01.json", "route_mode": "joint", "charging_mode": "joint", "model": null, "deadline": null, "pid": 32352, "created": 1789666829.3270469, "source_snapshot": "D:\\Myfiles\\vscode_files\\cleanrl_BSS\\ExpresswayBSSs_v2\\outputs\\zero_terminal_real_data_seed1_v1\\runs\\h4_day01\\source_snapshots\\e04451463b9d6545577ff982cb3a33775239dc78ba1d91c5d8a88c86fabb05aa", "prior_attempt_seconds": 0.0, "runtime_timing_incomplete": false, "runtime_timing_estimated": false, "launcher_source_snapshot": "D:\\Myfiles\\vscode_files\\cleanrl_BSS\\ExpresswayBSSs_v2\\outputs\\zero_terminal_real_data_seed1_v1\\code_snapshots\\40ec378611b206b02ef446c50a74e31e0ead20388937d43f8a3085ca15610712", "finished_at": "2026-09-17T17:44:20.669092+00:00", "wall_seconds": 230.93505150001147, "metrics": {"net_profit_yuan": -93653.26717971961, "service_income_yuan": 25504.78741950999, "charging_cost_yuan": 638.0545992296103, "adjustment_cost_yuan": 520.0, "reservation_failure_cost_yuan": 118000.0, "reservation_count": 200, "actual_random_count": 200, "reservation_failures": 118, "reservation_failure_rate": 0.59, "reservation_completed": 82, "reservation_unfinished_at_L": 20, "reservation_unfinished_rate_at_L": 0.1, "reservation_unfinished_after_cleanup": 0, "random_services": 121, "random_service_rate": 0.605, "mean_wait_minutes_served": 11.665398423670947, "path_adjustments": 52, "solver_seconds_mean": 0.09769579016644021, "solver_seconds_p95": 0.23250064849853513, "model_wall_seconds_mean": 0.2125570686951624, "model_wall_seconds_p95": 0.3641593600012129, "model_wall_seconds_total": 24.444062899943674, "mip_gap_mean": 7.466142149400908e-07, "mip_gap_max": 8.586063471811045e-05, "mip_gap_target_met_fraction": 1.0, "solver_status_counts": {"optimal": 115}, "completed_periods": 115, "demand_periods": 96, "cleanup_periods": 19, "cleanup_hours": 4.75, "time_limit_fraction": 0.0, "final_inventory_kwh": 6995.9186197741, "random_timeouts": 79, "terminal_settlement": "none", "operating_duration_hours": 24.0, "current_attempt_wall_seconds": 230.9325627000071, "prior_attempt_wall_seconds": 0.0, "known_runtime_seconds": 230.9325627000071, "runtime_timing_incomplete": false, "runtime_timing_estimated": false, "worker_wall_seconds": 230.9325627000071}}
