{"period": 1, "status": "optimal", "solve_seconds": 0.1659984588623047, "model_wall_seconds": 0.3354121000156738, "gap": 0.0, "actual_reward": 0.0}
{"period": 2, "status": "optimal", "solve_seconds": 0.07600021362304688, "model_wall_seconds": 0.25084870000137016, "gap": 0.0, "actual_reward": 126.70182559547729}
{"period": 3, "status": "optimal", "solve_seconds": 0.16900062561035156, "model_wall_seconds": 0.3191975000081584, "gap": 0.0, "actual_reward": 118.6372337163522}
{"period": 4, "status": "optimal", "solve_seconds": 0.049999237060546875, "model_wall_seconds": 0.21150830000988208, "gap": 0.0, "actual_reward": 68.5641117517597}
{"period": 5, "status": "optimal", "solve_seconds": 0.10699844360351562, "model_wall_seconds": 0.26141869998537004, "gap": 0.0, "actual_reward": -4.6540549192286564e-15}
{"period": 6, "status": "optimal", "solve_seconds": 0.042999267578125, "model_wall_seconds": 0.20353839997551404, "gap": 0.0, "actual_reward": -4.6540549192286564e-15}
{"period": 7, "status": "optimal", "solve_seconds": 0.1529998779296875, "model_wall_seconds": 0.3042966999928467, "gap": 0.0, "actual_reward": -4.6540549192286564e-15}
{"period": 8, "status": "optimal", "solve_seconds": 0.06500053405761719, "model_wall_seconds": 0.23064249998424202, "gap": 0.0, "actual_reward": -3.4283687000424837e-15}
{"period": 9, "status": "optimal", "solve_seconds": 0.13299942016601562, "model_wall_seconds": 0.27908179999212734, "gap": 0.0, "actual_reward": 112.21830211949752}
{"period": 10, "status": "optimal", "solve_seconds": 0.049999237060546875, "model_wall_seconds": 0.21304329999838956, "gap": 0.0, "actual_reward": -4.6540549192286564e-15}
{"period": 11, "status": "optimal", "solve_seconds": 0.13500022888183594, "model_wall_seconds": 0.27947360000689514, "gap": 0.0, "actual_reward": -4.6540549192286564e-15}
{"period": 12, "status": "optimal", "solve_seconds": 0.0540008544921875, "model_wall_seconds": 0.22100759999011643, "gap": 0.0, "actual_reward": 176.218310734132}
{"period": 13, "status": "optimal", "solve_seconds": 0.15800094604492188, "model_wall_seconds": 0.3053698999865446, "gap": 0.0, "actual_reward": -20.000000000000004}
{"period": 14, "status": "optimal", "solve_seconds": 0.05699920654296875, "model_wall_seconds": 0.21738099999492988, "gap": 0.0, "actual_reward": 80.99635587593501}
{"period": 15, "status": "optimal", "solve_seconds": 0.1490001678466797, "model_wall_seconds": 0.28936850000172853, "gap": 0.0, "actual_reward": -1.3233858453531866e-14}
{"period": 16, "status": "optimal", "solve_seconds": 0.069000244140625, "model_wall_seconds": 0.22603950000484474, "gap": 0.0, "actual_reward": -4.6540549192286564e-15}
{"period": 17, "status": "optimal", "solve_seconds": 0.16100120544433594, "model_wall_seconds": 0.3274569000059273, "gap": 0.0, "actual_reward": -4.6540549192286564e-15}
{"period": 18, "status": "optimal", "solve_seconds": 0.07500076293945312, "model_wall_seconds": 0.23505399998975918, "gap": 0.0, "actual_reward": 103.996972862112}
{"period": 19, "status": "optimal", "solve_seconds": 0.15800094604492188, "model_wall_seconds": 0.30382890001055785, "gap": 0.0, "actual_reward": -10.000000000000009}
{"period": 20, "status": "optimal", "solve_seconds": 0.06500053405761719, "model_wall_seconds": 0.23279500001808628, "gap": 0.0, "actual_reward": 93.98151728658499}
{"period": 21, "status": "optimal", "solve_seconds": 0.15399932861328125, "model_wall_seconds": 0.3006238999951165, "gap": 0.0, "actual_reward": 39.219999999908}
{"period": 22, "status": "optimal", "solve_seconds": 0.09200096130371094, "model_wall_seconds": 0.24443769999197684, "gap": 0.0, "actual_reward": 180.99233971295536}
{"period": 23, "status": "optimal", "solve_seconds": 0.20800018310546875, "model_wall_seconds": 0.3770721000037156, "gap": 0.0, "actual_reward": 81.70148739308598}
{"period": 24, "status": "optimal", "solve_seconds": 0.11700057983398438, "model_wall_seconds": 0.2712806999916211, "gap": 0.0, "actual_reward": 69.80916699070599}
{"period": 25, "status": "optimal", "solve_seconds": 0.1700000762939453, "model_wall_seconds": 0.32134550000773743, "gap": 0.0, "actual_reward": 116.12238031104198}
{"period": 26, "status": "optimal", "solve_seconds": 0.11999893188476562, "model_wall_seconds": 0.3318538999883458, "gap": 0.0, "actual_reward": -1.8030021919912543e-14}
{"period": 27, "status": "optimal", "solve_seconds": 0.25, "model_wall_seconds": 0.40228430001297966, "gap": 0.0, "actual_reward": -20.000000000000018}
{"period": 28, "status": "optimal", "solve_seconds": 0.1900005340576172, "model_wall_seconds": 0.3519040000101086, "gap": 0.0, "actual_reward": 46.00000000011499}
{"period": 29, "status": "optimal", "solve_seconds": 0.2969989776611328, "model_wall_seconds": 0.47205989999929443, "gap": 0.0, "actual_reward": 87.514005835712}
{"period": 30, "status": "optimal", "solve_seconds": 0.2089996337890625, "model_wall_seconds": 0.3863005999883171, "gap": 0.0, "actual_reward": 132.6122191003709}
{"period": 31, "status": "optimal", "solve_seconds": 0.33899879455566406, "model_wall_seconds": 0.5068245000147726, "gap": 0.0, "actual_reward": 280.69865262430636}
{"period": 32, "status": "optimal", "solve_seconds": 0.2329998016357422, "model_wall_seconds": 0.4204324999882374, "gap": 0.0, "actual_reward": 94.36049222929799}
{"period": 33, "status": "optimal", "solve_seconds": 0.35700035095214844, "model_wall_seconds": 0.5440214000118431, "gap": 0.0, "actual_reward": 582.0523076825883}
{"period": 34, "status": "optimal", "solve_seconds": 0.27700042724609375, "model_wall_seconds": 0.4532813999976497, "gap": 0.0, "actual_reward": 501.50350785440264}
{"period": 35, "status": "optimal", "solve_seconds": 0.3990001678466797, "model_wall_seconds": 0.5862115999916568, "gap": 0.0, "actual_reward": 352.67198082702157}
{"period": 36, "status": "optimal", "solve_seconds": 0.2839984893798828, "model_wall_seconds": 0.4808117000211496, "gap": 0.0, "actual_reward": 623.0842462899966}
{"period": 37, "status": "optimal", "solve_seconds": 0.41900062561035156, "model_wall_seconds": 0.5918044999998529, "gap": 0.0, "actual_reward": 571.9700187846541}
{"period": 38, "status": "optimal", "solve_seconds": 0.319000244140625, "model_wall_seconds": 0.515837900020415, "gap": 0.0, "actual_reward": 555.053355517954}
{"period": 39, "status": "optimal", "solve_seconds": 0.3829994201660156, "model_wall_seconds": 0.55115929999738, "gap": 0.0, "actual_reward": 105.14903314405998}
{"period": 40, "status": "optimal", "solve_seconds": 0.3560009002685547, "model_wall_seconds": 0.5335826999798883, "gap": 0.0, "actual_reward": 370.8547824586215}
{"period": 41, "status": "optimal", "solve_seconds": 0.47300148010253906, "model_wall_seconds": 0.65204369998537, "gap": 0.0, "actual_reward": 337.58689890447687}
{"period": 42, "status": "optimal", "solve_seconds": 0.40600013732910156, "model_wall_seconds": 0.5991580999980215, "gap": 0.0, "actual_reward": 183.83227145740904}
{"period": 43, "status": "optimal", "solve_seconds": 0.5909996032714844, "model_wall_seconds": 0.7928997999988496, "gap": 0.0, "actual_reward": 209.080919619375}
{"period": 44, "status": "optimal", "solve_seconds": 56.239999771118164, "model_wall_seconds": 56.492115300003206, "gap": 9.98898907460504e-05, "actual_reward": 529.0959480869349}
{"period": 45, "status": "optimal", "solve_seconds": 5.159999847412109, "model_wall_seconds": 5.388751100021182, "gap": 0.0, "actual_reward": 108.55552240693589}
{"period": 46, "status": "time_limit", "solve_seconds": 120.01000022888184, "model_wall_seconds": 120.46727419999661, "gap": 0.0012636542458138332, "actual_reward": 336.75608272341674}
{"period": 47, "status": "time_limit", "solve_seconds": 120.00600051879883, "model_wall_seconds": 120.40602649998618, "gap": 0.006439149212715672, "actual_reward": 337.751861877324}
{"period": 48, "status": "time_limit", "solve_seconds": 120.02000045776367, "model_wall_seconds": 120.40627790000872, "gap": 0.008447640814410748, "actual_reward": 155.9620849037868}
{"period": 49, "status": "time_limit", "solve_seconds": 120.01099967956543, "model_wall_seconds": 120.38073909998639, "gap": 0.010620453045835556, "actual_reward": 441.94167488946164}
{"period": 50, "status": "time_limit", "solve_seconds": 120.00300025939941, "model_wall_seconds": 120.40481420001015, "gap": 0.007637464791840475, "actual_reward": 580.9022519220699}
{"period": 51, "status": "time_limit", "solve_seconds": 120.01700019836426, "model_wall_seconds": 120.40896010000142, "gap": 0.007096602277256689, "actual_reward": 737.2302226364274}
{"period": 52, "status": "time_limit", "solve_seconds": 120.3169994354248, "model_wall_seconds": 120.64241960001527, "gap": 0.004201633293278558, "actual_reward": 602.9889091643056}
{"period": 53, "status": "time_limit", "solve_seconds": 120.00399971008301, "model_wall_seconds": 120.39113150001504, "gap": 0.000922095088046054, "actual_reward": 584.5941400819349}
{"period": 54, "status": "time_limit", "solve_seconds": 120.17400169372559, "model_wall_seconds": 120.43845620000502, "gap": 0.0022623068434578122, "actual_reward": 335.34126809133164}
{"period": 55, "status": "optimal", "solve_seconds": 56.808000564575195, "model_wall_seconds": 57.0167057000217, "gap": 0.0, "actual_reward": 544.7098960664262}
{"period": 56, "status": "time_limit", "solve_seconds": 120.00100135803223, "model_wall_seconds": 120.3086799000157, "gap": 0.001675931236983476, "actual_reward": 546.0760048916177}
{"period": 57, "status": "time_limit", "solve_seconds": 120.01599884033203, "model_wall_seconds": 120.40500490000704, "gap": 0.02222300057079687, "actual_reward": 642.0341308601605}
{"period": 58, "status": "time_limit", "solve_seconds": 120.25900077819824, "model_wall_seconds": 120.57706559999497, "gap": 0.009056189903897826, "actual_reward": 478.7371788555657}
{"period": 59, "status": "time_limit", "solve_seconds": 120.28600120544434, "model_wall_seconds": 120.53299059998244, "gap": 0.02119175342071042, "actual_reward": 630.020895474392}
{"period": 60, "status": "time_limit", "solve_seconds": 120.23400115966797, "model_wall_seconds": 120.54452509997645, "gap": 0.004581411083008749, "actual_reward": 65.9052796994196}
{"period": 61, "status": "time_limit", "solve_seconds": 120.00400161743164, "model_wall_seconds": 120.33719560000463, "gap": 0.009461116363280283, "actual_reward": 1529.6433757224943}
{"period": 62, "status": "time_limit", "solve_seconds": 120.0009994506836, "model_wall_seconds": 120.30736059998162, "gap": 0.004000719065428617, "actual_reward": 439.2486549265724}
{"period": 63, "status": "time_limit", "solve_seconds": 120.31099891662598, "model_wall_seconds": 120.57213330001105, "gap": 0.03409325614825695, "actual_reward": 56.59002757979774}
{"period": 64, "status": "time_limit", "solve_seconds": 120.00500106811523, "model_wall_seconds": 120.38620030001039, "gap": 0.010193129094031524, "actual_reward": 398.65503667599916}
{"period": 65, "status": "time_limit", "solve_seconds": 120.00300025939941, "model_wall_seconds": 120.38635070002056, "gap": 0.04072676561954147, "actual_reward": 905.8852822919483}
{"period": 66, "status": "time_limit", "solve_seconds": 120.00699996948242, "model_wall_seconds": 120.44788839999819, "gap": 0.05134648388646634, "actual_reward": 734.2957377521766}
{"period": 67, "status": "time_limit", "solve_seconds": 120.25699996948242, "model_wall_seconds": 120.62478480002028, "gap": 0.04170987291601331, "actual_reward": 583.7728639672526}
{"period": 68, "status": "time_limit", "solve_seconds": 120.31800079345703, "model_wall_seconds": 120.62979440001072, "gap": 0.056044612319386955, "actual_reward": 116.65915350547645}
{"period": 69, "status": "time_limit", "solve_seconds": 120.00200080871582, "model_wall_seconds": 120.42085580001003, "gap": 0.06781444529056231, "actual_reward": 1647.4816470096944}
{"period": 70, "status": "time_limit", "solve_seconds": 120.28300094604492, "model_wall_seconds": 120.60398240000359, "gap": 0.046621310359880624, "actual_reward": 371.9516140885276}
{"period": 71, "status": "time_limit", "solve_seconds": 120.0620002746582, "model_wall_seconds": 120.56539969998994, "gap": 0.062182405254532544, "actual_reward": 857.6592278729969}
{"period": 72, "status": "time_limit", "solve_seconds": 120.00600051879883, "model_wall_seconds": 120.35792490001768, "gap": 0.004927262377301104, "actual_reward": 833.3962322079252}
{"period": 73, "status": "time_limit", "solve_seconds": 120.01799964904785, "model_wall_seconds": 120.55245979997562, "gap": 0.0579669591967301, "actual_reward": 1431.1795259447129}
{"period": 74, "status": "optimal", "solve_seconds": 43.371999740600586, "model_wall_seconds": 43.6519360000093, "gap": 9.968789050589093e-05, "actual_reward": -340.3115486333107}
{"period": 75, "status": "time_limit", "solve_seconds": 120.01299858093262, "model_wall_seconds": 120.44622630000231, "gap": 0.028624025815472527, "actual_reward": 1331.6060022162835}
{"period": 76, "status": "time_limit", "solve_seconds": 120.00800132751465, "model_wall_seconds": 120.41278330000932, "gap": 0.03698172398829818, "actual_reward": 593.8487063022135}
{"period": 77, "status": "time_limit", "solve_seconds": 120.00400161743164, "model_wall_seconds": 120.4114336000057, "gap": 0.021958500814914253, "actual_reward": 858.6952880276725}
{"period": 78, "status": "time_limit", "solve_seconds": 120.00600051879883, "model_wall_seconds": 120.38664090001839, "gap": 0.016676758794021918, "actual_reward": 493.5477803632394}
{"period": 79, "status": "time_limit", "solve_seconds": 120.00600051879883, "model_wall_seconds": 120.42756600002758, "gap": 0.0405817388579418, "actual_reward": 671.4674104827681}
{"period": 80, "status": "time_limit", "solve_seconds": 120.00399971008301, "model_wall_seconds": 120.3574092000199, "gap": 0.010355312173010436, "actual_reward": 336.06939700560076}
{"period": 81, "status": "time_limit", "solve_seconds": 120.01900100708008, "model_wall_seconds": 120.57926410000073, "gap": 0.07232080648719064, "actual_reward": -36.183085077923636}
{"period": 82, "status": "time_limit", "solve_seconds": 120.01799964904785, "model_wall_seconds": 120.39573290001135, "gap": 0.0591736457909064, "actual_reward": 1246.4475766688183}
{"period": 83, "status": "time_limit", "solve_seconds": 120.02099990844727, "model_wall_seconds": 120.38695529999677, "gap": 0.08092666245933929, "actual_reward": 86.87546065450323}
{"period": 84, "status": "time_limit", "solve_seconds": 120.00300025939941, "model_wall_seconds": 120.36427289998392, "gap": 0.006365358042861725, "actual_reward": 987.5677869062894}
{"period": 85, "status": "time_limit", "solve_seconds": 120.00900077819824, "model_wall_seconds": 120.33333530000527, "gap": 0.032751107363120625, "actual_reward": 120.93814718642476}
{"period": 86, "status": "optimal", "solve_seconds": 76.74699974060059, "model_wall_seconds": 77.01825560000725, "gap": 0.0, "actual_reward": -1694.9283547093767}
{"period": 87, "status": "time_limit", "solve_seconds": 120.0009994506836, "model_wall_seconds": 120.27206239997759, "gap": 0.013807582279317098, "actual_reward": 971.4858898059465}
{"period": 88, "status": "optimal", "solve_seconds": 5.843000411987305, "model_wall_seconds": 6.039038200018695, "gap": 1.1087896237316704e-05, "actual_reward": 736.7238824396329}
{"period": 89, "status": "time_limit", "solve_seconds": 120.01600074768066, "model_wall_seconds": 120.27820570001495, "gap": 0.021534501838082493, "actual_reward": 75.61670799667566}
{"period": 90, "status": "optimal", "solve_seconds": 3.7810001373291016, "model_wall_seconds": 4.022579600015888, "gap": 0.0, "actual_reward": 315.09530073844076}
{"period": 91, "status": "time_limit", "solve_seconds": 120.00299835205078, "model_wall_seconds": 120.3015951999987, "gap": 0.0019826427764165788, "actual_reward": 454.23047472085636}
{"period": 92, "status": "optimal", "solve_seconds": 5.593999862670898, "model_wall_seconds": 5.770594499976141, "gap": 0.0, "actual_reward": 399.1351591970501}
{"period": 93, "status": "optimal", "solve_seconds": 16.29800033569336, "model_wall_seconds": 16.4960432999942, "gap": 4.1859740783876515e-05, "actual_reward": 451.9439044629975}
{"period": 94, "status": "optimal", "solve_seconds": 1.9939994812011719, "model_wall_seconds": 2.142824799986556, "gap": 0.0, "actual_reward": 494.2818826213252}
{"period": 95, "status": "optimal", "solve_seconds": 1.5970001220703125, "model_wall_seconds": 1.7409683000005316, "gap": 8.192363343944424e-05, "actual_reward": 136.22877570509704}
{"period": 96, "status": "optimal", "solve_seconds": 0.5380001068115234, "model_wall_seconds": 0.673994800017681, "gap": 0.0, "actual_reward": 476.59135370830546}
{"period": 97, "status": "optimal", "solve_seconds": 0.9510002136230469, "model_wall_seconds": 1.0834042000060435, "gap": 0.0, "actual_reward": 19.82064761048486}
{"period": 98, "status": "optimal", "solve_seconds": 0.4720001220703125, "model_wall_seconds": 0.5869536999962293, "gap": 0.0, "actual_reward": 174.44236595457255}
{"period": 99, "status": "optimal", "solve_seconds": 1.3570003509521484, "model_wall_seconds": 1.47777810000116, "gap": 3.863200589132446e-05, "actual_reward": 297.7366170575334}
{"period": 100, "status": "optimal", "solve_seconds": 0.4370002746582031, "model_wall_seconds": 0.5412433999881614, "gap": 0.0, "actual_reward": 268.7331188557162}
{"period": 101, "status": "optimal", "solve_seconds": 0.6459999084472656, "model_wall_seconds": 0.7710181000002194, "gap": 0.0, "actual_reward": 122.81891075490984}
{"period": 102, "status": "optimal", "solve_seconds": 0.5580005645751953, "model_wall_seconds": 0.6600810999807436, "gap": 0.0, "actual_reward": 349.9164879217736}
{"period": 103, "status": "optimal", "solve_seconds": 0.7450008392333984, "model_wall_seconds": 0.8497535999922547, "gap": 0.0, "actual_reward": -95.47139081512955}
{"period": 104, "status": "optimal", "solve_seconds": 0.6219997406005859, "model_wall_seconds": 0.7120744000130799, "gap": 0.0, "actual_reward": 233.88780831816604}
{"period": 105, "status": "optimal", "solve_seconds": 0.3950004577636719, "model_wall_seconds": 0.4852788000134751, "gap": 0.0, "actual_reward": 101.45807017522995}
{"period": 106, "status": "optimal", "solve_seconds": 0.2259998321533203, "model_wall_seconds": 0.3074013000004925, "gap": 0.0, "actual_reward": 225.72536972929097}
{"period": 107, "status": "optimal", "solve_seconds": 0.319000244140625, "model_wall_seconds": 0.3964585000067018, "gap": 0.0, "actual_reward": 216.91476684219154}
{"period": 108, "status": "optimal", "solve_seconds": 0.17799949645996094, "model_wall_seconds": 0.2532255999976769, "gap": 0.0, "actual_reward": 184.70898338434284}
{"period": 109, "status": "optimal", "solve_seconds": 0.2800006866455078, "model_wall_seconds": 0.3577833999879658, "gap": 0.0, "actual_reward": 265.883333332787}
{"period": 110, "status": "optimal", "solve_seconds": 0.10600090026855469, "model_wall_seconds": 0.17321790001005866, "gap": 0.0, "actual_reward": 266.67999999937297}
{"period": 111, "status": "optimal", "solve_seconds": 0.1529998779296875, "model_wall_seconds": 0.21921489998931065, "gap": 0.0, "actual_reward": 18.366491227791016}
{"period": 112, "status": "optimal", "solve_seconds": 0.1470012664794922, "model_wall_seconds": 0.21087490001809783, "gap": 0.0, "actual_reward": 3.6099122806891626}
{"period": 113, "status": "optimal", "solve_seconds": 0.09199905395507812, "model_wall_seconds": 0.15917369999806397, "gap": 0.0, "actual_reward": -20.850000000000048}
{"period": 114, "status": "optimal", "solve_seconds": 0.10400009155273438, "model_wall_seconds": 0.16692600000533275, "gap": 0.0, "actual_reward": -35.37368421064738}
{"period": 115, "status": "optimal", "solve_seconds": 0.11900138854980469, "model_wall_seconds": 0.19498339999699965, "gap": 0.0, "actual_reward": 132.9461051450603}
{"period": 116, "status": "optimal", "solve_seconds": 0.11700057983398438, "model_wall_seconds": 0.1776088000042364, "gap": 0.0, "actual_reward": -39.82368421037897}
{"period": 117, "status": "optimal", "solve_seconds": 0.125, "model_wall_seconds": 0.19088030001148582, "gap": 0.0, "actual_reward": -4.539999999908037}
{"period": 118, "status": "optimal", "solve_seconds": 0.1289997100830078, "model_wall_seconds": 0.26258579999557696, "gap": 0.0, "actual_reward": 39.08754385970657}
{"period": 119, "status": "optimal", "solve_seconds": 0.14299964904785156, "model_wall_seconds": 0.2029577000066638, "gap": 0.0, "actual_reward": 14.888552631371857}
{"period": 120, "status": "optimal", "solve_seconds": 0.08099937438964844, "model_wall_seconds": 0.1394692000176292, "gap": 0.0, "actual_reward": -22.162500000000005}
{"period": 121, "status": "optimal", "solve_seconds": 0.06499862670898438, "model_wall_seconds": 0.14241240001865663, "gap": 0.0, "actual_reward": 121.50736842110193}
{"period": 122, "status": "optimal", "solve_seconds": 0.05999946594238281, "model_wall_seconds": 0.11854460000176914, "gap": 0.0, "actual_reward": 122.54668731121943}
{"period": 123, "status": "optimal", "solve_seconds": 0.04500007629394531, "model_wall_seconds": 0.10008510001352988, "gap": 0.0, "actual_reward": 142.543333332787}
{"period": 124, "status": "optimal", "solve_seconds": 0.023000717163085938, "model_wall_seconds": 0.07889930001692846, "gap": 0.0, "actual_reward": -20.850000000000033}
{"period": 125, "status": "optimal", "solve_seconds": 0.020000457763671875, "model_wall_seconds": 0.0733814999985043, "gap": 0.0, "actual_reward": 198.663333333727}
{"state": "complete", "started_at": "2026-09-18T17:04:59.193813+00:00", "scenario": "D:\\Myfiles\\vscode_files\\cleanrl_BSS\\ExpresswayBSSs_v2\\data\\final_real_data_v1\\scenarios\\day_19.json", "route_mode": "joint", "charging_mode": "joint", "model": null, "deadline": null, "pid": 29852, "created": 1789751099.005782, "source_snapshot": "D:\\Myfiles\\vscode_files\\cleanrl_BSS\\ExpresswayBSSs_v2\\outputs\\zero_terminal_real_data_seed1_v1\\runs\\h8_day19\\source_snapshots\\bbb97d08cc6193d6f6886a6fec6078efbcccd559ce89c1e0f75fb0dcf6892ad8", "prior_attempt_seconds": 0.0, "runtime_timing_incomplete": false, "runtime_timing_estimated": false, "launcher_source_snapshot": "D:\\Myfiles\\vscode_files\\cleanrl_BSS\\ExpresswayBSSs_v2\\outputs\\zero_terminal_real_data_seed1_v1\\code_snapshots\\d4f2fdbe270e0626bf14cba6d60648977d192f240ac5c40cf1dd439d743c20ce", "finished_at": "2026-09-18T18:36:44.168609+00:00", "wall_seconds": 5504.975222599984, "metrics": {"net_profit_yuan": 36368.99487589026, "service_income_yuan": 54961.761544767796, "charging_cost_yuan": 14682.76666887748, "adjustment_cost_yuan": 1910.0, "reservation_failure_cost_yuan": 2000.0, "reservation_count": 200, "actual_random_count": 200, "reservation_failures": 2, "reservation_failure_rate": 0.01, "reservation_completed": 198, "reservation_unfinished_at_L": 35, "reservation_unfinished_rate_at_L": 0.175, "reservation_unfinished_after_cleanup": 0, "random_services": 174, "random_service_rate": 0.87, "mean_wait_minutes_served": 12.53973713649328, "path_adjustments": 191, "solver_seconds_mean": 41.71351213073731, "solver_seconds_p95": 120.25240020751953, "model_wall_seconds_mean": 41.93073320560204, "model_wall_seconds_p95": 120.57078658000682, "model_wall_seconds_total": 5241.341650700255, "mip_gap_mean": 0.008312968578063703, "mip_gap_max": 0.08092666245933929, "mip_gap_target_met_fraction": 0.672, "solver_status_counts": {"optimal": 84, "time_limit": 41}, "completed_periods": 125, "demand_periods": 96, "cleanup_periods": 29, "cleanup_hours": 7.25, "time_limit_fraction": 0.328, "final_inventory_kwh": 4429.0582042977, "random_timeouts": 26, "terminal_settlement": "none", "operating_duration_hours": 24.0, "current_attempt_wall_seconds": 5504.972677599988, "prior_attempt_wall_seconds": 0.0, "known_runtime_seconds": 5504.972677599988, "runtime_timing_incomplete": false, "runtime_timing_estimated": false, "worker_wall_seconds": 5504.972677599988}}
