{"period": 1, "status": "optimal", "solve_seconds": 0.18700027465820312, "model_wall_seconds": 0.3473546000022907, "gap": 0.0, "actual_reward": 0.0}
{"period": 2, "status": "optimal", "solve_seconds": 0.0709991455078125, "model_wall_seconds": 0.22546990000410005, "gap": 0.0, "actual_reward": 68.67519422028536}
{"period": 3, "status": "optimal", "solve_seconds": 0.15399932861328125, "model_wall_seconds": 0.30056629999307916, "gap": 0.0, "actual_reward": 0.0}
{"period": 4, "status": "optimal", "solve_seconds": 0.05900001525878906, "model_wall_seconds": 0.2136760999856051, "gap": 0.0, "actual_reward": 0.0}
{"period": 5, "status": "optimal", "solve_seconds": 0.11100006103515625, "model_wall_seconds": 0.2583955000154674, "gap": 0.0, "actual_reward": 98.41965993695473}
{"period": 6, "status": "optimal", "solve_seconds": 0.03899955749511719, "model_wall_seconds": 0.18871539999963716, "gap": 0.0, "actual_reward": 0.0}
{"period": 7, "status": "optimal", "solve_seconds": 0.1490001678466797, "model_wall_seconds": 0.28660880000097677, "gap": 0.0, "actual_reward": 70.42739178912254}
{"period": 8, "status": "optimal", "solve_seconds": 0.07200050354003906, "model_wall_seconds": 0.22945980000076815, "gap": 0.0, "actual_reward": 0.0}
{"period": 9, "status": "optimal", "solve_seconds": 0.11300086975097656, "model_wall_seconds": 0.2527155000134371, "gap": 0.0, "actual_reward": 189.04709863717449}
{"period": 10, "status": "optimal", "solve_seconds": 0.03199958801269531, "model_wall_seconds": 0.18346240001847036, "gap": 0.0, "actual_reward": -7.425171588693046e-15}
{"period": 11, "status": "optimal", "solve_seconds": 0.10700035095214844, "model_wall_seconds": 0.24296689999755472, "gap": 0.0, "actual_reward": -7.425171588693046e-15}
{"period": 12, "status": "optimal", "solve_seconds": 0.0709991455078125, "model_wall_seconds": 0.2166328000021167, "gap": 0.0, "actual_reward": 174.8965910526893}
{"period": 13, "status": "optimal", "solve_seconds": 0.11800003051757812, "model_wall_seconds": 0.2539598000003025, "gap": 0.0, "actual_reward": 59.746600537567}
{"period": 14, "status": "optimal", "solve_seconds": 0.033000946044921875, "model_wall_seconds": 0.18381799999042414, "gap": 0.0, "actual_reward": -1.2114753644709709e-14}
{"period": 15, "status": "optimal", "solve_seconds": 0.18700027465820312, "model_wall_seconds": 0.32519269999465905, "gap": 0.0, "actual_reward": 110.17795507467301}
{"period": 16, "status": "optimal", "solve_seconds": 0.034000396728515625, "model_wall_seconds": 0.17508290000841953, "gap": 0.0, "actual_reward": 121.50617319973603}
{"period": 17, "status": "optimal", "solve_seconds": 0.10000038146972656, "model_wall_seconds": 0.2287398999906145, "gap": 0.0, "actual_reward": 108.35659412062199}
{"period": 18, "status": "optimal", "solve_seconds": 0.06699943542480469, "model_wall_seconds": 0.21914319999632426, "gap": 0.0, "actual_reward": -1.334043986389588e-14}
{"period": 19, "status": "optimal", "solve_seconds": 0.1509990692138672, "model_wall_seconds": 0.28606489999219775, "gap": 0.0, "actual_reward": 64.016666666935}
{"period": 20, "status": "optimal", "solve_seconds": 0.046001434326171875, "model_wall_seconds": 0.18942730000708252, "gap": 0.0, "actual_reward": -1.831423901421658e-14}
{"period": 21, "status": "optimal", "solve_seconds": 0.1270008087158203, "model_wall_seconds": 0.2779449000081513, "gap": 0.0, "actual_reward": -1.831423901421658e-14}
{"period": 22, "status": "optimal", "solve_seconds": 0.05699920654296875, "model_wall_seconds": 0.20238899998366833, "gap": 0.0, "actual_reward": -1.831423901421658e-14}
{"period": 23, "status": "optimal", "solve_seconds": 0.12199974060058594, "model_wall_seconds": 0.2637265000084881, "gap": 0.0, "actual_reward": 238.13654994507402}
{"period": 24, "status": "optimal", "solve_seconds": 0.047000885009765625, "model_wall_seconds": 0.20066839997889474, "gap": 0.0, "actual_reward": -1.831423901421658e-14}
{"period": 25, "status": "optimal", "solve_seconds": 0.12399864196777344, "model_wall_seconds": 0.25099020000197925, "gap": 0.0, "actual_reward": 86.53389667851201}
{"period": 26, "status": "optimal", "solve_seconds": 0.062000274658203125, "model_wall_seconds": 0.20342940001864918, "gap": 0.0, "actual_reward": 149.7674689175584}
{"period": 27, "status": "optimal", "solve_seconds": 0.13899993896484375, "model_wall_seconds": 0.27666050000698306, "gap": 0.0, "actual_reward": -3.536726467245899e-14}
{"period": 28, "status": "optimal", "solve_seconds": 0.0579986572265625, "model_wall_seconds": 0.20812509997631423, "gap": 0.0, "actual_reward": -3.288036509729863e-14}
{"period": 29, "status": "optimal", "solve_seconds": 0.13500022888183594, "model_wall_seconds": 0.28912750000017695, "gap": 0.0, "actual_reward": -10.000000000000036}
{"period": 30, "status": "optimal", "solve_seconds": 0.08500099182128906, "model_wall_seconds": 0.2395447000162676, "gap": 0.0, "actual_reward": 101.78232470219}
{"period": 31, "status": "optimal", "solve_seconds": 0.14600181579589844, "model_wall_seconds": 0.28244709997670725, "gap": 0.0, "actual_reward": 47.99999999975996}
{"period": 32, "status": "optimal", "solve_seconds": 0.08299827575683594, "model_wall_seconds": 0.2500452999956906, "gap": 0.0, "actual_reward": -3.288036509729864e-14}
{"period": 33, "status": "optimal", "solve_seconds": 0.19899940490722656, "model_wall_seconds": 0.34774510000715964, "gap": 0.0, "actual_reward": 342.67132032141717}
{"period": 34, "status": "optimal", "solve_seconds": 0.10799980163574219, "model_wall_seconds": 0.2802446999994572, "gap": 0.0, "actual_reward": 217.0969153207289}
{"period": 35, "status": "optimal", "solve_seconds": 0.21199989318847656, "model_wall_seconds": 0.35905929998261854, "gap": 0.0, "actual_reward": 361.4821601425936}
{"period": 36, "status": "optimal", "solve_seconds": 0.14799880981445312, "model_wall_seconds": 0.3028288999921642, "gap": 0.0, "actual_reward": 229.0406609622271}
{"period": 37, "status": "optimal", "solve_seconds": 0.2460002899169922, "model_wall_seconds": 0.4160658000037074, "gap": 0.0, "actual_reward": -10.00000000000006}
{"period": 38, "status": "optimal", "solve_seconds": 0.1439990997314453, "model_wall_seconds": 0.3048541999887675, "gap": 0.0, "actual_reward": 287.4615354137292}
{"period": 39, "status": "optimal", "solve_seconds": 0.23099899291992188, "model_wall_seconds": 0.4121197999920696, "gap": 0.0, "actual_reward": 559.9415734818804}
{"period": 40, "status": "optimal", "solve_seconds": 0.154998779296875, "model_wall_seconds": 0.320513500017114, "gap": 0.0, "actual_reward": 497.38895850834217}
{"period": 41, "status": "optimal", "solve_seconds": 0.2780017852783203, "model_wall_seconds": 0.45620210000197403, "gap": 0.0, "actual_reward": 617.7439211250796}
{"period": 42, "status": "optimal", "solve_seconds": 0.1959991455078125, "model_wall_seconds": 0.35208320000674576, "gap": 0.0, "actual_reward": 187.92508456690453}
{"period": 43, "status": "optimal", "solve_seconds": 0.29900169372558594, "model_wall_seconds": 0.4827516000077594, "gap": 0.0, "actual_reward": 431.69680289039945}
{"period": 44, "status": "optimal", "solve_seconds": 0.2460002899169922, "model_wall_seconds": 0.4152699000260327, "gap": 0.0, "actual_reward": 432.6063954076327}
{"period": 45, "status": "optimal", "solve_seconds": 0.3299999237060547, "model_wall_seconds": 0.492429700010689, "gap": 0.0, "actual_reward": 557.289341910606}
{"period": 46, "status": "optimal", "solve_seconds": 2.6459999084472656, "model_wall_seconds": 2.8514670000004116, "gap": 0.0, "actual_reward": 236.2268713488305}
{"period": 47, "status": "optimal", "solve_seconds": 2.9150009155273438, "model_wall_seconds": 3.1106878999853507, "gap": 0.0, "actual_reward": 642.5506842821127}
{"period": 48, "status": "optimal", "solve_seconds": 10.768001556396484, "model_wall_seconds": 10.976602299982915, "gap": 0.0, "actual_reward": 913.6672836969998}
{"period": 49, "status": "optimal", "solve_seconds": 0.7849998474121094, "model_wall_seconds": 0.9820721999858506, "gap": 0.0, "actual_reward": 219.59200486962823}
{"period": 50, "status": "optimal", "solve_seconds": 0.7220001220703125, "model_wall_seconds": 0.9092745000089053, "gap": 0.0, "actual_reward": 267.1622344405744}
{"period": 51, "status": "optimal", "solve_seconds": 0.8500003814697266, "model_wall_seconds": 1.0204701999900863, "gap": 0.0, "actual_reward": 515.325046129855}
{"period": 52, "status": "optimal", "solve_seconds": 0.8110008239746094, "model_wall_seconds": 0.9849752000009175, "gap": 0.0, "actual_reward": 818.611025907742}
{"period": 53, "status": "optimal", "solve_seconds": 0.7530002593994141, "model_wall_seconds": 0.9272644000011496, "gap": 0.0, "actual_reward": 327.86080815543164}
{"period": 54, "status": "optimal", "solve_seconds": 0.569000244140625, "model_wall_seconds": 0.7493915000231937, "gap": 2.7494528600878497e-05, "actual_reward": 736.7418602793118}
{"period": 55, "status": "optimal", "solve_seconds": 0.8990001678466797, "model_wall_seconds": 1.0739447000087239, "gap": 0.0, "actual_reward": 227.62672211445346}
{"period": 56, "status": "optimal", "solve_seconds": 0.6539993286132812, "model_wall_seconds": 0.8413119000033475, "gap": 0.0, "actual_reward": 73.54623234095575}
{"period": 57, "status": "optimal", "solve_seconds": 0.9890003204345703, "model_wall_seconds": 1.1674264000030234, "gap": 0.0, "actual_reward": 550.1483787856617}
{"period": 58, "status": "optimal", "solve_seconds": 1.8950004577636719, "model_wall_seconds": 2.088295499997912, "gap": 0.0, "actual_reward": 879.8748169132432}
{"period": 59, "status": "optimal", "solve_seconds": 1.3219985961914062, "model_wall_seconds": 1.5416547000058927, "gap": 0.0, "actual_reward": 480.0591006910437}
{"period": 60, "status": "optimal", "solve_seconds": 1.1299991607666016, "model_wall_seconds": 1.3085586999950465, "gap": 0.0, "actual_reward": 397.3531085057896}
{"period": 61, "status": "optimal", "solve_seconds": 1.1949996948242188, "model_wall_seconds": 1.3640023000189103, "gap": 0.0, "actual_reward": 1336.7399687480797}
{"period": 62, "status": "optimal", "solve_seconds": 0.7489986419677734, "model_wall_seconds": 0.9219199999934062, "gap": 0.0, "actual_reward": 854.6018226359436}
{"period": 63, "status": "optimal", "solve_seconds": 1.0190010070800781, "model_wall_seconds": 1.2028476999839768, "gap": 0.0, "actual_reward": 14.026834782981645}
{"period": 64, "status": "optimal", "solve_seconds": 0.7409992218017578, "model_wall_seconds": 0.9162724000052549, "gap": 0.0, "actual_reward": 246.8752969574215}
{"period": 65, "status": "optimal", "solve_seconds": 1.1949996948242188, "model_wall_seconds": 1.3727302000042982, "gap": 0.0, "actual_reward": 854.077761779834}
{"period": 66, "status": "optimal", "solve_seconds": 0.8349990844726562, "model_wall_seconds": 1.0472163000085857, "gap": 0.0, "actual_reward": 392.46221431878007}
{"period": 67, "status": "optimal", "solve_seconds": 1.0729999542236328, "model_wall_seconds": 1.2478852000203915, "gap": 1.6002960304917715e-10, "actual_reward": 628.9329277242373}
{"period": 68, "status": "optimal", "solve_seconds": 2.1569995880126953, "model_wall_seconds": 2.3360251000267453, "gap": 7.468250951038999e-05, "actual_reward": -219.90000000000123}
{"period": 69, "status": "optimal", "solve_seconds": 1.7089996337890625, "model_wall_seconds": 1.8822994000220206, "gap": 0.0, "actual_reward": 1649.9681844112038}
{"period": 70, "status": "optimal", "solve_seconds": 6.940999984741211, "model_wall_seconds": 7.133901000022888, "gap": 9.971423522904566e-05, "actual_reward": 1003.4291703179888}
{"period": 71, "status": "optimal", "solve_seconds": 1.3189983367919922, "model_wall_seconds": 1.527325999981258, "gap": 0.0, "actual_reward": 152.25693970903868}
{"period": 72, "status": "optimal", "solve_seconds": 1.0679988861083984, "model_wall_seconds": 1.2434730999812018, "gap": 0.0, "actual_reward": 1065.243576187073}
{"period": 73, "status": "optimal", "solve_seconds": 0.9390010833740234, "model_wall_seconds": 1.101105000008829, "gap": 0.0, "actual_reward": -255.55810984306265}
{"period": 74, "status": "optimal", "solve_seconds": 0.5310001373291016, "model_wall_seconds": 0.7313642000081018, "gap": 0.0, "actual_reward": 1246.3209265882163}
{"period": 75, "status": "optimal", "solve_seconds": 0.3950004577636719, "model_wall_seconds": 0.5379381999955513, "gap": 0.0, "actual_reward": -1642.647220122567}
{"period": 76, "status": "optimal", "solve_seconds": 0.3110008239746094, "model_wall_seconds": 0.4642481000046246, "gap": 0.0, "actual_reward": -540.0383596707861}
{"period": 77, "status": "optimal", "solve_seconds": 0.3899993896484375, "model_wall_seconds": 0.5824668999994174, "gap": 0.0, "actual_reward": -1417.0726944452736}
{"period": 78, "status": "optimal", "solve_seconds": 0.3430004119873047, "model_wall_seconds": 0.48817090000375174, "gap": 0.0, "actual_reward": -1689.4928736058155}
{"period": 79, "status": "optimal", "solve_seconds": 0.3340015411376953, "model_wall_seconds": 0.46886690001701936, "gap": 0.0, "actual_reward": -759.0219043802495}
{"period": 80, "status": "optimal", "solve_seconds": 0.2649993896484375, "model_wall_seconds": 0.39616910001495853, "gap": 0.0, "actual_reward": -800.234508328166}
{"period": 81, "status": "optimal", "solve_seconds": 0.4519996643066406, "model_wall_seconds": 0.5858297999948263, "gap": 4.244163355141403e-05, "actual_reward": 268.06950855646954}
{"period": 82, "status": "optimal", "solve_seconds": 0.3299999237060547, "model_wall_seconds": 0.4739791000029072, "gap": 0.0, "actual_reward": -2403.2725239369456}
{"period": 83, "status": "optimal", "solve_seconds": 0.37399864196777344, "model_wall_seconds": 0.5509696999797598, "gap": 6.104472162530845e-05, "actual_reward": -1399.8017969464258}
{"period": 84, "status": "optimal", "solve_seconds": 0.2779998779296875, "model_wall_seconds": 0.40482019999762997, "gap": 0.0, "actual_reward": -2084.9581659627497}
{"period": 85, "status": "optimal", "solve_seconds": 0.3269996643066406, "model_wall_seconds": 0.43829630000982434, "gap": 6.711895403072079e-05, "actual_reward": -4097.38705542141}
{"period": 86, "status": "optimal", "solve_seconds": 0.1639995574951172, "model_wall_seconds": 0.27673610000056215, "gap": 0.0, "actual_reward": -508.5336789688823}
{"period": 87, "status": "optimal", "solve_seconds": 0.19299888610839844, "model_wall_seconds": 0.2914740999985952, "gap": 0.0, "actual_reward": -7669.457070285969}
{"period": 88, "status": "optimal", "solve_seconds": 0.11400032043457031, "model_wall_seconds": 0.20433119998779148, "gap": 0.0, "actual_reward": -619.8052587372824}
{"period": 89, "status": "optimal", "solve_seconds": 0.1660003662109375, "model_wall_seconds": 0.2539037000096869, "gap": 0.0, "actual_reward": -2995.807851774378}
{"period": 90, "status": "optimal", "solve_seconds": 0.1529998779296875, "model_wall_seconds": 0.2492744000046514, "gap": 0.0, "actual_reward": -1972.9334232302447}
{"period": 91, "status": "optimal", "solve_seconds": 0.18000030517578125, "model_wall_seconds": 0.2686378000071272, "gap": 0.0, "actual_reward": -2873.512918980354}
{"period": 92, "status": "optimal", "solve_seconds": 0.11099815368652344, "model_wall_seconds": 0.20508139999583364, "gap": 0.0, "actual_reward": -923.8785501789857}
{"period": 93, "status": "optimal", "solve_seconds": 0.11800003051757812, "model_wall_seconds": 0.2269947000022512, "gap": 0.0, "actual_reward": -1059.21033138098}
{"period": 94, "status": "optimal", "solve_seconds": 0.06800079345703125, "model_wall_seconds": 0.16216979999444447, "gap": 0.0, "actual_reward": 227.31666666717797}
{"period": 95, "status": "optimal", "solve_seconds": 0.10900115966796875, "model_wall_seconds": 0.19486560000223108, "gap": 8.204538438178575e-05, "actual_reward": -4764.990022700481}
{"period": 96, "status": "optimal", "solve_seconds": 0.0279998779296875, "model_wall_seconds": 0.09904410000308417, "gap": 0.0, "actual_reward": -3934.993639464994}
{"period": 97, "status": "optimal", "solve_seconds": 0.055999755859375, "model_wall_seconds": 0.12475980000454001, "gap": 0.0, "actual_reward": -5030.35}
{"period": 98, "status": "optimal", "solve_seconds": 0.04200172424316406, "model_wall_seconds": 0.1606585000117775, "gap": 0.0, "actual_reward": -5012.226315789522}
{"period": 99, "status": "optimal", "solve_seconds": 0.06799888610839844, "model_wall_seconds": 0.12283599999500439, "gap": 0.0, "actual_reward": -2010.35}
{"period": 100, "status": "optimal", "solve_seconds": 0.04199981689453125, "model_wall_seconds": 0.09803690001717769, "gap": 0.0, "actual_reward": -1000.0000000000001}
{"period": 101, "status": "optimal", "solve_seconds": 0.04599952697753906, "model_wall_seconds": 0.09701820000191219, "gap": 0.0, "actual_reward": -2010.3500000000001}
{"period": 102, "status": "optimal", "solve_seconds": 0.04500007629394531, "model_wall_seconds": 0.0957823000208009, "gap": 0.0, "actual_reward": -861.353333332901}
{"period": 103, "status": "optimal", "solve_seconds": 0.024999618530273438, "model_wall_seconds": 0.07559849999961443, "gap": 0.0, "actual_reward": -913.522189260658}
{"period": 104, "status": "optimal", "solve_seconds": 0.016000747680664062, "model_wall_seconds": 0.06094300001859665, "gap": 0.0, "actual_reward": -1008.83684210536}
{"period": 105, "status": "optimal", "solve_seconds": 0.01399993896484375, "model_wall_seconds": 0.06426850002026185, "gap": 0.0, "actual_reward": -20.35}
{"period": 106, "status": "optimal", "solve_seconds": 0.01399993896484375, "model_wall_seconds": 0.05834809999214485, "gap": 0.0, "actual_reward": 96.97787288064}
{"period": 107, "status": "optimal", "solve_seconds": 0.011999130249023438, "model_wall_seconds": 0.055230300000403076, "gap": 0.0, "actual_reward": -2000.0}
{"period": 108, "status": "optimal", "solve_seconds": 0.010999679565429688, "model_wall_seconds": 0.04667250000056811, "gap": 0.0, "actual_reward": 0.0}
{"period": 109, "status": "optimal", "solve_seconds": 0.005001068115234375, "model_wall_seconds": 0.04605840001022443, "gap": 0.0, "actual_reward": 0.0}
{"period": 110, "status": "optimal", "solve_seconds": 0.005001068115234375, "model_wall_seconds": 0.04679920000489801, "gap": 0.0, "actual_reward": 0.0}
{"period": 111, "status": "optimal", "solve_seconds": 0.005001068115234375, "model_wall_seconds": 0.046099400002276525, "gap": 0.0, "actual_reward": 0.0}
{"period": 112, "status": "optimal", "solve_seconds": 0.0049991607666015625, "model_wall_seconds": 0.05130749999079853, "gap": 0.0, "actual_reward": -1.2434497875801753e-14}
{"period": 113, "status": "optimal", "solve_seconds": 0.005001068115234375, "model_wall_seconds": 0.04538169997977093, "gap": 0.0, "actual_reward": -1000.0}
{"period": 114, "status": "optimal", "solve_seconds": 0.00099945068359375, "model_wall_seconds": 0.04860539999208413, "gap": 0.0, "actual_reward": 0.0}
{"period": 115, "status": "optimal", "solve_seconds": 0.0049991607666015625, "model_wall_seconds": 0.04690049999044277, "gap": 0.0, "actual_reward": -3.623767952376511e-14}
{"period": 116, "status": "optimal", "solve_seconds": 0.0049991607666015625, "model_wall_seconds": 0.04472499998519197, "gap": 0.0, "actual_reward": -1000.0}
{"state": "complete", "started_at": "2026-09-17T18:38:38.296735+00:00", "scenario": "D:\\Myfiles\\vscode_files\\cleanrl_BSS\\ExpresswayBSSs_v2\\data\\final_real_data_v1\\scenarios\\day_37.json", "route_mode": "joint", "charging_mode": "joint", "model": null, "deadline": null, "pid": 19896, "created": 1789670318.1194975, "source_snapshot": "D:\\Myfiles\\vscode_files\\cleanrl_BSS\\ExpresswayBSSs_v2\\outputs\\zero_terminal_real_data_seed1_v1\\runs\\h6_day37\\source_snapshots\\e04451463b9d6545577ff982cb3a33775239dc78ba1d91c5d8a88c86fabb05aa", "prior_attempt_seconds": 0.0, "runtime_timing_incomplete": false, "runtime_timing_estimated": false, "launcher_source_snapshot": "D:\\Myfiles\\vscode_files\\cleanrl_BSS\\ExpresswayBSSs_v2\\outputs\\zero_terminal_real_data_seed1_v1\\code_snapshots\\40ec378611b206b02ef446c50a74e31e0ead20388937d43f8a3085ca15610712", "finished_at": "2026-09-17T18:43:25.856043+00:00", "wall_seconds": 287.5601364999893, "metrics": {"net_profit_yuan": -42784.36595259729, "service_income_yuan": 36592.13476767216, "charging_cost_yuan": 5486.500720269496, "adjustment_cost_yuan": 890.0, "reservation_failure_cost_yuan": 73000.0, "reservation_count": 200, "actual_random_count": 200, "reservation_failures": 73, "reservation_failure_rate": 0.365, "reservation_completed": 127, "reservation_unfinished_at_L": 25, "reservation_unfinished_rate_at_L": 0.125, "reservation_unfinished_after_cleanup": 0, "random_services": 142, "random_service_rate": 0.71, "mean_wait_minutes_served": 13.12023335474324, "path_adjustments": 89, "solver_seconds_mean": 0.5231637461432095, "solver_seconds_p95": 1.7554998397827148, "model_wall_seconds_mean": 0.6596274301738394, "model_wall_seconds_p95": 1.9337984250159934, "model_wall_seconds_total": 76.51678190016537, "mip_gap_mean": 3.918466611716778e-06, "mip_gap_max": 9.971423522904566e-05, "mip_gap_target_met_fraction": 1.0, "solver_status_counts": {"optimal": 116}, "completed_periods": 116, "demand_periods": 96, "cleanup_periods": 20, "cleanup_hours": 5.0, "time_limit_fraction": 0.0, "final_inventory_kwh": 6190.7781457276005, "random_timeouts": 58, "terminal_settlement": "none", "operating_duration_hours": 24.0, "current_attempt_wall_seconds": 287.5579859999998, "prior_attempt_wall_seconds": 0.0, "known_runtime_seconds": 287.5579859999998, "runtime_timing_incomplete": false, "runtime_timing_estimated": false, "worker_wall_seconds": 287.5579859999998}}
