{"period": 1, "status": "optimal", "solve_seconds": 0.14799880981445312, "model_wall_seconds": 0.29853470000671223, "gap": 0.0, "actual_reward": 0.0}
{"period": 2, "status": "optimal", "solve_seconds": 0.06500053405761719, "model_wall_seconds": 0.2241001999936998, "gap": 0.0, "actual_reward": 126.70182559547729}
{"period": 3, "status": "optimal", "solve_seconds": 0.15400123596191406, "model_wall_seconds": 0.2911636999924667, "gap": 0.0, "actual_reward": 118.6372337163522}
{"period": 4, "status": "optimal", "solve_seconds": 0.030000686645507812, "model_wall_seconds": 0.17303890001494437, "gap": 0.0, "actual_reward": 68.5641117517597}
{"period": 5, "status": "optimal", "solve_seconds": 0.09099960327148438, "model_wall_seconds": 0.22183930000755936, "gap": 0.0, "actual_reward": -1.2256862191861727e-15}
{"period": 6, "status": "optimal", "solve_seconds": 0.030000686645507812, "model_wall_seconds": 0.16697920000297017, "gap": 0.0, "actual_reward": -1.2256862191861727e-15}
{"period": 7, "status": "optimal", "solve_seconds": 0.10000038146972656, "model_wall_seconds": 0.2293562999984715, "gap": 0.0, "actual_reward": -1.2256862191861727e-15}
{"period": 8, "status": "optimal", "solve_seconds": 0.036998748779296875, "model_wall_seconds": 0.17543170001590624, "gap": 0.0, "actual_reward": 0.0}
{"period": 9, "status": "optimal", "solve_seconds": 0.09799957275390625, "model_wall_seconds": 0.23599620000459254, "gap": 0.0, "actual_reward": 112.21830211949752}
{"period": 10, "status": "optimal", "solve_seconds": 0.05800056457519531, "model_wall_seconds": 0.19443679999676533, "gap": 0.0, "actual_reward": -1.2256862191861727e-15}
{"period": 11, "status": "optimal", "solve_seconds": 0.10700035095214844, "model_wall_seconds": 0.24682169998413883, "gap": 0.0, "actual_reward": -1.2256862191861727e-15}
{"period": 12, "status": "optimal", "solve_seconds": 0.034000396728515625, "model_wall_seconds": 0.17063480001525022, "gap": 0.0, "actual_reward": 52.88568547800999}
{"period": 13, "status": "optimal", "solve_seconds": 0.12199974060058594, "model_wall_seconds": 0.24746039998717606, "gap": 0.0, "actual_reward": 123.332625256122}
{"period": 14, "status": "optimal", "solve_seconds": 0.0260009765625, "model_wall_seconds": 0.156973500008462, "gap": 0.0, "actual_reward": -1.2256862191861727e-15}
{"period": 15, "status": "optimal", "solve_seconds": 0.09200096130371094, "model_wall_seconds": 0.2323655000072904, "gap": 0.0, "actual_reward": 80.99635587593501}
{"period": 16, "status": "optimal", "solve_seconds": 0.02700042724609375, "model_wall_seconds": 0.16239429998677224, "gap": 0.0, "actual_reward": -2.4336088699783433e-15}
{"period": 17, "status": "optimal", "solve_seconds": 0.10500144958496094, "model_wall_seconds": 0.24602880000020377, "gap": 0.0, "actual_reward": -10.000000000000004}
{"period": 18, "status": "optimal", "solve_seconds": 0.05900001525878906, "model_wall_seconds": 0.1956404999946244, "gap": 0.0, "actual_reward": 103.996972862112}
{"period": 19, "status": "optimal", "solve_seconds": 0.12599945068359375, "model_wall_seconds": 0.257062999997288, "gap": 0.0, "actual_reward": -10.000000000000005}
{"period": 20, "status": "optimal", "solve_seconds": 0.05200004577636719, "model_wall_seconds": 0.1929369999852497, "gap": 0.0, "actual_reward": 93.98151728658499}
{"period": 21, "status": "optimal", "solve_seconds": 0.11700057983398438, "model_wall_seconds": 0.24425649998011068, "gap": 0.0, "actual_reward": 57.398153420320014}
{"period": 22, "status": "optimal", "solve_seconds": 0.036998748779296875, "model_wall_seconds": 0.1891546999977436, "gap": 0.0, "actual_reward": 230.21233971286335}
{"period": 23, "status": "optimal", "solve_seconds": 0.10700035095214844, "model_wall_seconds": 0.2332505999947898, "gap": 0.0, "actual_reward": -10.000000000000005}
{"period": 24, "status": "optimal", "solve_seconds": 0.020999908447265625, "model_wall_seconds": 0.15168640000047162, "gap": 0.0, "actual_reward": 151.51065438379197}
{"period": 25, "status": "optimal", "solve_seconds": 0.10799980163574219, "model_wall_seconds": 0.25036519998684525, "gap": 0.0, "actual_reward": -10.000000000000005}
{"period": 26, "status": "optimal", "solve_seconds": 0.047000885009765625, "model_wall_seconds": 0.18702710000798106, "gap": 0.0, "actual_reward": -6.057376822354854e-15}
{"period": 27, "status": "optimal", "solve_seconds": 0.13899993896484375, "model_wall_seconds": 0.2743510000000242, "gap": 0.0, "actual_reward": 95.22000000043701}
{"period": 28, "status": "optimal", "solve_seconds": 0.069000244140625, "model_wall_seconds": 0.2105083999922499, "gap": 0.0, "actual_reward": 66.52947825849598}
{"period": 29, "status": "optimal", "solve_seconds": 0.1309986114501953, "model_wall_seconds": 0.26040180001291446, "gap": 0.0, "actual_reward": 152.714005835574}
{"period": 30, "status": "optimal", "solve_seconds": 0.07200050354003906, "model_wall_seconds": 0.22229370000422932, "gap": 0.0, "actual_reward": 132.6122191003709}
{"period": 31, "status": "optimal", "solve_seconds": 0.15900039672851562, "model_wall_seconds": 0.28765240000211634, "gap": 0.0, "actual_reward": 102.08508670868785}
{"period": 32, "status": "optimal", "solve_seconds": 0.09399986267089844, "model_wall_seconds": 0.25765169999795035, "gap": 0.0, "actual_reward": 302.9740581449165}
{"period": 33, "status": "optimal", "solve_seconds": 0.1919994354248047, "model_wall_seconds": 0.3327259999932721, "gap": 0.0, "actual_reward": 626.8241309225168}
{"period": 34, "status": "optimal", "solve_seconds": 0.12400054931640625, "model_wall_seconds": 0.2680374000046868, "gap": 0.0, "actual_reward": 320.0038316755221}
{"period": 35, "status": "optimal", "solve_seconds": 0.17300033569335938, "model_wall_seconds": 0.3097911000077147, "gap": 0.0, "actual_reward": 191.059608643103}
{"period": 36, "status": "optimal", "solve_seconds": 0.167999267578125, "model_wall_seconds": 0.31296959999599494, "gap": 0.0, "actual_reward": 611.1899518070471}
{"period": 37, "status": "optimal", "solve_seconds": 0.20400047302246094, "model_wall_seconds": 0.36319139998522587, "gap": 0.0, "actual_reward": 777.8634397673669}
{"period": 38, "status": "optimal", "solve_seconds": 0.14299964904785156, "model_wall_seconds": 0.2906994999793824, "gap": 0.0, "actual_reward": 279.410605715946}
{"period": 39, "status": "optimal", "solve_seconds": 0.1639995574951172, "model_wall_seconds": 0.32073749997653067, "gap": 0.0, "actual_reward": 382.7504986744093}
{"period": 40, "status": "optimal", "solve_seconds": 0.09300041198730469, "model_wall_seconds": 0.22806619998300448, "gap": 0.0, "actual_reward": 150.81597908085934}
{"period": 41, "status": "optimal", "solve_seconds": 0.20100021362304688, "model_wall_seconds": 0.33539289998589084, "gap": 0.0, "actual_reward": 248.19828547636183}
{"period": 42, "status": "optimal", "solve_seconds": 0.14699935913085938, "model_wall_seconds": 0.3005455000093207, "gap": 0.0, "actual_reward": 226.02088488561702}
{"period": 43, "status": "optimal", "solve_seconds": 0.2220001220703125, "model_wall_seconds": 0.38788059999933466, "gap": 0.0, "actual_reward": 122.284252952813}
{"period": 44, "status": "optimal", "solve_seconds": 0.18700027465820312, "model_wall_seconds": 0.3416938000009395, "gap": 0.0, "actual_reward": 543.845948086763}
{"period": 45, "status": "optimal", "solve_seconds": 0.24300003051757812, "model_wall_seconds": 0.38287339999806136, "gap": 0.0, "actual_reward": 201.85552240693596}
{"period": 46, "status": "optimal", "solve_seconds": 0.1789989471435547, "model_wall_seconds": 0.3300166000262834, "gap": 0.0, "actual_reward": 522.1058926725823}
{"period": 47, "status": "optimal", "solve_seconds": 0.2220001220703125, "model_wall_seconds": 0.35780669999076054, "gap": 0.0, "actual_reward": 349.41467894539704}
{"period": 48, "status": "optimal", "solve_seconds": 0.28299903869628906, "model_wall_seconds": 0.4372787000029348, "gap": 0.0, "actual_reward": 214.08014648684482}
{"period": 49, "status": "optimal", "solve_seconds": 1.427999496459961, "model_wall_seconds": 1.5948006999969948, "gap": 7.025188508388009e-05, "actual_reward": 371.6224930051038}
{"period": 50, "status": "optimal", "solve_seconds": 0.8290004730224609, "model_wall_seconds": 0.9877004000009038, "gap": 0.0, "actual_reward": 662.564767381389}
{"period": 51, "status": "optimal", "solve_seconds": 0.42800140380859375, "model_wall_seconds": 0.5775182000070345, "gap": 0.0, "actual_reward": 663.3479718587228}
{"period": 52, "status": "optimal", "solve_seconds": 0.2259998321533203, "model_wall_seconds": 0.3735296000086237, "gap": 0.0, "actual_reward": 273.6129496712621}
{"period": 53, "status": "optimal", "solve_seconds": 0.2579994201660156, "model_wall_seconds": 0.40589840000029653, "gap": 0.0, "actual_reward": 724.4573202629978}
{"period": 54, "status": "optimal", "solve_seconds": 0.2240009307861328, "model_wall_seconds": 0.3936064999725204, "gap": 0.0, "actual_reward": 433.86316080007464}
{"period": 55, "status": "optimal", "solve_seconds": 0.3150005340576172, "model_wall_seconds": 0.4531552999978885, "gap": 0.0, "actual_reward": 430.7790573598074}
{"period": 56, "status": "optimal", "solve_seconds": 0.3549995422363281, "model_wall_seconds": 0.48638149999896996, "gap": 0.0, "actual_reward": 271.31949597498203}
{"period": 57, "status": "optimal", "solve_seconds": 0.4329986572265625, "model_wall_seconds": 0.5794861000031233, "gap": 0.0, "actual_reward": 619.1503628225206}
{"period": 58, "status": "optimal", "solve_seconds": 0.2579994201660156, "model_wall_seconds": 0.408811200002674, "gap": 0.0, "actual_reward": 372.09221569852144}
{"period": 59, "status": "optimal", "solve_seconds": 0.3020000457763672, "model_wall_seconds": 0.46634520002407953, "gap": 0.0, "actual_reward": 529.8805055771694}
{"period": 60, "status": "optimal", "solve_seconds": 0.2440013885498047, "model_wall_seconds": 0.4026359000126831, "gap": 0.0, "actual_reward": -912.1386917719269}
{"period": 61, "status": "optimal", "solve_seconds": 0.3150005340576172, "model_wall_seconds": 0.4474257999972906, "gap": 0.0, "actual_reward": -258.74663082427605}
{"period": 62, "status": "optimal", "solve_seconds": 0.21599960327148438, "model_wall_seconds": 0.34777379999286495, "gap": 0.0, "actual_reward": -542.7947149354143}
{"period": 63, "status": "optimal", "solve_seconds": 0.2819995880126953, "model_wall_seconds": 0.4080031999910716, "gap": 0.0, "actual_reward": -492.6476502076281}
{"period": 64, "status": "optimal", "solve_seconds": 0.1790008544921875, "model_wall_seconds": 0.35410170000977814, "gap": 0.0, "actual_reward": 129.56222619870357}
{"period": 65, "status": "optimal", "solve_seconds": 0.25, "model_wall_seconds": 0.3753955999854952, "gap": 0.0, "actual_reward": 873.3552170363724}
{"period": 66, "status": "optimal", "solve_seconds": 0.25099945068359375, "model_wall_seconds": 0.375299500010442, "gap": 6.662008278920433e-11, "actual_reward": 49.9569718734665}
{"period": 67, "status": "optimal", "solve_seconds": 0.34799957275390625, "model_wall_seconds": 0.5211867000034545, "gap": 0.0, "actual_reward": 513.3161591292325}
{"period": 68, "status": "optimal", "solve_seconds": 0.5119991302490234, "model_wall_seconds": 0.6677660999994259, "gap": 0.0, "actual_reward": -1554.4382874593214}
{"period": 69, "status": "optimal", "solve_seconds": 0.6979999542236328, "model_wall_seconds": 0.8559921999985818, "gap": 4.365610579452807e-05, "actual_reward": -1131.4557304942432}
{"period": 70, "status": "optimal", "solve_seconds": 0.2960014343261719, "model_wall_seconds": 0.464327299996512, "gap": 0.0, "actual_reward": 782.4568819025964}
{"period": 71, "status": "optimal", "solve_seconds": 0.3559989929199219, "model_wall_seconds": 0.4829996999760624, "gap": 0.0, "actual_reward": -2152.221468436511}
{"period": 72, "status": "optimal", "solve_seconds": 0.31400108337402344, "model_wall_seconds": 0.45042050001211464, "gap": 0.0, "actual_reward": 207.27338775697376}
{"period": 73, "status": "optimal", "solve_seconds": 0.2889995574951172, "model_wall_seconds": 0.4079418000183068, "gap": 0.0, "actual_reward": -3213.252267011125}
{"period": 74, "status": "optimal", "solve_seconds": 0.17600059509277344, "model_wall_seconds": 0.29853309999452904, "gap": 0.0, "actual_reward": -807.9863594018598}
{"period": 75, "status": "optimal", "solve_seconds": 0.21599960327148438, "model_wall_seconds": 0.32961100002285093, "gap": 0.0, "actual_reward": -324.48446249696576}
{"period": 76, "status": "optimal", "solve_seconds": 0.15999984741210938, "model_wall_seconds": 0.2760483000020031, "gap": 0.0, "actual_reward": -756.8042439700821}
{"period": 77, "status": "optimal", "solve_seconds": 0.1750011444091797, "model_wall_seconds": 0.288202600000659, "gap": 0.0, "actual_reward": -2830.3093624815724}
{"period": 78, "status": "optimal", "solve_seconds": 0.15999984741210938, "model_wall_seconds": 0.27220189999206923, "gap": 0.0, "actual_reward": -636.8216699855736}
{"period": 79, "status": "optimal", "solve_seconds": 0.20000076293945312, "model_wall_seconds": 0.38223370001651347, "gap": 0.0, "actual_reward": -3462.6459637227617}
{"period": 80, "status": "optimal", "solve_seconds": 0.16900062561035156, "model_wall_seconds": 0.27843489998485893, "gap": 1.6824227159250327e-05, "actual_reward": -2429.8464413033666}
{"period": 81, "status": "optimal", "solve_seconds": 0.13199996948242188, "model_wall_seconds": 0.233479200018337, "gap": 0.0, "actual_reward": -2080.52880518828}
{"period": 82, "status": "optimal", "solve_seconds": 0.08500099182128906, "model_wall_seconds": 0.18938830000115559, "gap": 4.352558349539426e-05, "actual_reward": -598.0546189511144}
{"period": 83, "status": "optimal", "solve_seconds": 0.08899879455566406, "model_wall_seconds": 0.19897450000280514, "gap": 0.0, "actual_reward": -4660.920235364161}
{"period": 84, "status": "optimal", "solve_seconds": 0.05999946594238281, "model_wall_seconds": 0.1601533999782987, "gap": 0.0, "actual_reward": -2502.6822085750828}
{"period": 85, "status": "optimal", "solve_seconds": 0.06899833679199219, "model_wall_seconds": 0.16496000002371147, "gap": 0.0, "actual_reward": -4043.305263157858}
{"period": 86, "status": "optimal", "solve_seconds": 0.06099891662597656, "model_wall_seconds": 0.20488820000900887, "gap": 0.0, "actual_reward": -8048.780886684291}
{"period": 87, "status": "optimal", "solve_seconds": 0.06999969482421875, "model_wall_seconds": 0.14942999999038875, "gap": 0.0, "actual_reward": -5954.425263157567}
{"period": 88, "status": "optimal", "solve_seconds": 0.034000396728515625, "model_wall_seconds": 0.11785159999271855, "gap": 0.0, "actual_reward": -2928.9237501680627}
{"period": 89, "status": "optimal", "solve_seconds": 0.07800102233886719, "model_wall_seconds": 0.16608259998611175, "gap": 0.0, "actual_reward": -3051.55}
{"period": 90, "status": "optimal", "solve_seconds": 0.06599998474121094, "model_wall_seconds": 0.20290730000124313, "gap": 4.280065116526619e-05, "actual_reward": -3931.58150849011}
{"period": 91, "status": "optimal", "solve_seconds": 0.069000244140625, "model_wall_seconds": 0.14029279997339472, "gap": 0.0, "actual_reward": -2032.6263157895949}
{"period": 92, "status": "optimal", "solve_seconds": 0.06500053405761719, "model_wall_seconds": 0.13661629997659475, "gap": 0.0, "actual_reward": -5929.8623943995635}
{"period": 93, "status": "optimal", "solve_seconds": 0.05999946594238281, "model_wall_seconds": 0.12098409997997805, "gap": 0.0, "actual_reward": -4829.453018192642}
{"period": 94, "status": "optimal", "solve_seconds": 0.055999755859375, "model_wall_seconds": 0.11929780000355095, "gap": 0.0, "actual_reward": -1952.812524629072}
{"period": 95, "status": "optimal", "solve_seconds": 0.03899955749511719, "model_wall_seconds": 0.09264389998861589, "gap": 0.0, "actual_reward": -2011.8763157895946}
{"period": 96, "status": "optimal", "solve_seconds": 0.030000686645507812, "model_wall_seconds": 0.08756779998657294, "gap": 0.0, "actual_reward": -1933.425971492642}
{"period": 97, "status": "optimal", "solve_seconds": 0.024000167846679688, "model_wall_seconds": 0.08541109997895546, "gap": 0.0, "actual_reward": -1832.052301883116}
{"period": 98, "status": "optimal", "solve_seconds": 0.01399993896484375, "model_wall_seconds": 0.06564149999758229, "gap": 0.0, "actual_reward": -10.034888333504226}
{"period": 99, "status": "optimal", "solve_seconds": 0.020999908447265625, "model_wall_seconds": 0.06930790000478737, "gap": 0.0, "actual_reward": -1010.35}
{"period": 100, "status": "optimal", "solve_seconds": 0.011999130249023438, "model_wall_seconds": 0.059891499986406416, "gap": 0.0, "actual_reward": -3000.0}
{"period": 101, "status": "optimal", "solve_seconds": 0.011999130249023438, "model_wall_seconds": 0.05889380001462996, "gap": 0.0, "actual_reward": -2947.9399999999077}
{"period": 102, "status": "optimal", "solve_seconds": 0.020000457763671875, "model_wall_seconds": 0.05967029999010265, "gap": 0.0, "actual_reward": -2010.5}
{"period": 103, "status": "optimal", "solve_seconds": 0.015001296997070312, "model_wall_seconds": 0.05765919998520985, "gap": 0.0, "actual_reward": -1001.9035087719053}
{"period": 104, "status": "optimal", "solve_seconds": 0.01399993896484375, "model_wall_seconds": 0.056313700013561174, "gap": 0.0, "actual_reward": -10.500000000000002}
{"period": 105, "status": "optimal", "solve_seconds": 0.017999649047851562, "model_wall_seconds": 0.05256539999390952, "gap": 0.0, "actual_reward": -1010.0}
{"period": 106, "status": "optimal", "solve_seconds": 0.007999420166015625, "model_wall_seconds": 0.0422390999738127, "gap": 0.0, "actual_reward": 67.546666666468}
{"period": 107, "status": "optimal", "solve_seconds": 0.007999420166015625, "model_wall_seconds": 0.042753799993079156, "gap": 0.0, "actual_reward": -2000.0}
{"period": 108, "status": "optimal", "solve_seconds": 0.0010013580322265625, "model_wall_seconds": 0.0400491000036709, "gap": 0.0, "actual_reward": -1000.0}
{"period": 109, "status": "optimal", "solve_seconds": 0.0039997100830078125, "model_wall_seconds": 0.03824429999804124, "gap": 0.0, "actual_reward": 0.0}
{"period": 110, "status": "optimal", "solve_seconds": 0.0030002593994140625, "model_wall_seconds": 0.03732289999607019, "gap": 0.0, "actual_reward": -4.973799150320701e-15}
{"period": 111, "status": "optimal", "solve_seconds": 0.0039997100830078125, "model_wall_seconds": 0.03899689999525435, "gap": 0.0, "actual_reward": -1000.0}
{"period": 112, "status": "optimal", "solve_seconds": 0.0020008087158203125, "model_wall_seconds": 0.03894709999440238, "gap": 0.0, "actual_reward": 0.0}
{"period": 113, "status": "optimal", "solve_seconds": 0.005001068115234375, "model_wall_seconds": 0.03871090000029653, "gap": 0.0, "actual_reward": 0.0}
{"period": 114, "status": "optimal", "solve_seconds": 0.0030002593994140625, "model_wall_seconds": 0.03829100000439212, "gap": 0.0, "actual_reward": 0.0}
{"period": 115, "status": "optimal", "solve_seconds": 0.006000518798828125, "model_wall_seconds": 0.03783290000865236, "gap": 0.0, "actual_reward": 0.0}
{"period": 116, "status": "optimal", "solve_seconds": 0.0030002593994140625, "model_wall_seconds": 0.03416619999916293, "gap": 0.0, "actual_reward": 0.0}
{"period": 117, "status": "optimal", "solve_seconds": 0.007999420166015625, "model_wall_seconds": 0.035403800022322685, "gap": 0.0, "actual_reward": 0.0}
{"period": 118, "status": "optimal", "solve_seconds": 0.00299835205078125, "model_wall_seconds": 0.037381499976618215, "gap": 0.0, "actual_reward": 0.0}
{"period": 119, "status": "optimal", "solve_seconds": 0.0030002593994140625, "model_wall_seconds": 0.03731399998650886, "gap": 0.0, "actual_reward": 0.0}
{"period": 120, "status": "optimal", "solve_seconds": 0.00299835205078125, "model_wall_seconds": 0.03613190000760369, "gap": 0.0, "actual_reward": 0.0}
{"period": 121, "status": "optimal", "solve_seconds": 0.0039997100830078125, "model_wall_seconds": 0.03793039999436587, "gap": 0.0, "actual_reward": 0.0}
{"period": 122, "status": "optimal", "solve_seconds": 0.0039997100830078125, "model_wall_seconds": 0.037716399994678795, "gap": 0.0, "actual_reward": -4.973799150320701e-15}
{"period": 123, "status": "optimal", "solve_seconds": 0.00299835205078125, "model_wall_seconds": 0.034815499995602295, "gap": 0.0, "actual_reward": -1000.0}
{"state": "complete", "started_at": "2026-09-17T18:20:24.283932+00:00", "scenario": "D:\\Myfiles\\vscode_files\\cleanrl_BSS\\ExpresswayBSSs_v2\\data\\final_real_data_v1\\scenarios\\day_19.json", "route_mode": "joint", "charging_mode": "joint", "model": null, "deadline": null, "pid": 27768, "created": 1789669224.079637, "source_snapshot": "D:\\Myfiles\\vscode_files\\cleanrl_BSS\\ExpresswayBSSs_v2\\outputs\\zero_terminal_real_data_seed1_v1\\runs\\h5_day19\\source_snapshots\\e04451463b9d6545577ff982cb3a33775239dc78ba1d91c5d8a88c86fabb05aa", "prior_attempt_seconds": 0.0, "runtime_timing_incomplete": false, "runtime_timing_estimated": false, "launcher_source_snapshot": "D:\\Myfiles\\vscode_files\\cleanrl_BSS\\ExpresswayBSSs_v2\\outputs\\zero_terminal_real_data_seed1_v1\\code_snapshots\\40ec378611b206b02ef446c50a74e31e0ead20388937d43f8a3085ca15610712", "finished_at": "2026-09-17T18:24:47.056366+00:00", "wall_seconds": 262.77244949998567, "metrics": {"net_profit_yuan": -79954.23162883695, "service_income_yuan": 30015.49393940198, "charging_cost_yuan": 2369.7255682389186, "adjustment_cost_yuan": 600.0, "reservation_failure_cost_yuan": 107000.0, "reservation_count": 200, "actual_random_count": 200, "reservation_failures": 107, "reservation_failure_rate": 0.535, "reservation_completed": 93, "reservation_unfinished_at_L": 20, "reservation_unfinished_rate_at_L": 0.1, "reservation_unfinished_after_cleanup": 0, "random_services": 134, "random_service_rate": 0.67, "mean_wait_minutes_served": 10.954933899457023, "path_adjustments": 60, "solver_seconds_mean": 0.14436585341042618, "solver_seconds_p95": 0.3558990478515625, "model_wall_seconds_mean": 0.2563934243883752, "model_wall_seconds_p95": 0.5177061800030057, "model_wall_seconds_total": 31.53639119977015, "mip_gap_mean": 1.7647034090926967e-06, "mip_gap_max": 7.025188508388009e-05, "mip_gap_target_met_fraction": 1.0, "solver_status_counts": {"optimal": 123}, "completed_periods": 123, "demand_periods": 96, "cleanup_periods": 27, "cleanup_hours": 6.75, "time_limit_fraction": 0.0, "final_inventory_kwh": 6301.223220777701, "random_timeouts": 66, "terminal_settlement": "none", "operating_duration_hours": 24.0, "current_attempt_wall_seconds": 262.7697511999868, "prior_attempt_wall_seconds": 0.0, "known_runtime_seconds": 262.7697511999868, "runtime_timing_incomplete": false, "runtime_timing_estimated": false, "worker_wall_seconds": 262.7697511999868}}
