Setting parameter 'Logging' to 1
Setting parameter 'Threads' to 8
Setting parameter 'TimeLimit' to 1800
Setting parameter 'RelGap' to 0.0001
Setting parameter 'AbsGap' to 0
Setting parameter 'FeasTol' to 1e-08
Setting parameter 'IntTol' to 1e-08
Failed to open 'D:\Users\wo\ÎÄµµ\vscode files\cleanrl_BSS\ExpresswayBSSs_v2\outputs\perfect_information_real_data_seed1_v1\days\day_03\solver.log' for logging
Model fingerprint: acc41e9a

Using Cardinal Optimizer v8.0.6 on Windows (25H2 Build 26200 - x86_64)
The CPU model is Intel(R) Core(TM) i5-10210U CPU @ 1.60GHz
Hardware has 4 physical cores and 8 logical cores. Using instruction set X86_AVX2 (10)
Maximizing a MIP problem

The original problem has:
    131812 rows, 174872 columns and 2815948 non-zero elements
    81622 binaries

Starting the MIP solver with 8 threads and 32 tasks

Presolving the problem

The presolved problem has:
    73945 rows, 127145 columns and 632465 non-zero elements
    80141 binaries and 376 integers

Problem info:
    Range of matrix coefficients:    [2e-03,2e+01]
    Range of rhs coefficients:       [9e-02,1e+03]
    Range of bound coefficients:     [2e-02,9e+01]
    Range of cost coefficients:      [2e-02,4e+02]
    Density of cost:                     75.2%

     Nodes    Active  LPit/n  IntInf     BestBound  BestSolution     Gap   Time
         0         1      --       0  6.473268e+06            --     Inf 16.20s
         0         1      --    7538  5.602042e+04            --     Inf 89.51s
         0         1      --    7028  5.601066e+04            --     Inf   171s
         0         1      --    6890  5.600502e+04            --     Inf   263s
         0         1      --    7087  5.600184e+04            --     Inf   386s
         0         1      --    6742  5.599929e+04            --     Inf   503s
         0         1      --    6804  5.599852e+04            --     Inf   616s
         0         1      --    6833  5.599635e+04            --     Inf   747s
         0         1      --    6978  5.599425e+04            --     Inf   859s
         0         1      --    6960  5.599267e+04            --     Inf   945s
         0         1      --    6716  5.599243e+04            --     Inf   989s
         0         1      --    6946  5.599129e+04            --     Inf  1087s
         0         1      --    7122  5.598943e+04            --     Inf  1224s
         0         1      --    7466  5.598122e+04            --     Inf  1343s
         0         1      --    6846  5.597184e+04            --     Inf  1426s

     Nodes    Active  LPit/n  IntInf     BestBound  BestSolution     Gap   Time
         0         1      --    6737  5.596093e+04            --     Inf  1500s
         0         1      --    7096  5.595421e+04            --     Inf  1617s
         0         1      --    7128  5.594842e+04            --     Inf  1725s
         1         1  417237    7128  5.594842e+04            --     Inf  1800s
         1         1  417237    7128  5.594842e+04            --     Inf  1800s

Best solution   : -inf
Best bound      : 55948.422681628
Best gap        : +inf
Solve time      : 1800.05
Solve node      : 1
MIP status      : stopped (time limit reached)
Solution status : unknown
{"day_id": 3, "state": "finished", "has_verified_incumbent": false}
