Setting parameter 'Logging' to 1
Setting parameter 'Threads' to 8
Setting parameter 'TimeLimit' to 1800
Setting parameter 'RelGap' to 0.0001
Setting parameter 'AbsGap' to 0
Setting parameter 'FeasTol' to 1e-08
Setting parameter 'IntTol' to 1e-08
Failed to open 'D:\Users\wo\ÎÄµµ\vscode files\cleanrl_BSS\ExpresswayBSSs_v2\outputs\perfect_information_real_data_seed1_v1\days\day_04\solver.log' for logging
Model fingerprint: 1804048e

Using Cardinal Optimizer v8.0.6 on Windows (25H2 Build 26200 - x86_64)
The CPU model is Intel(R) Core(TM) i5-10210U CPU @ 1.60GHz
Hardware has 4 physical cores and 8 logical cores. Using instruction set X86_AVX2 (10)
Maximizing a MIP problem

The original problem has:
    123642 rows, 162348 columns and 1917434 non-zero elements
    69098 binaries

Starting the MIP solver with 8 threads and 32 tasks

Presolving the problem

The presolved problem has:
    65227 rows, 113613 columns and 536300 non-zero elements
    67111 binaries and 220 integers

Problem info:
    Range of matrix coefficients:    [2e-03,2e+01]
    Range of rhs coefficients:       [6e-02,1e+03]
    Range of bound coefficients:     [6e-02,9e+01]
    Range of cost coefficients:      [6e-02,4e+02]
    Density of cost:                     74.6%

     Nodes    Active  LPit/n  IntInf     BestBound  BestSolution     Gap   Time
         0         1      --       0  5.662724e+06            --     Inf 15.75s
H        0         1      --       0  5.662724e+06 -1.000743e+04 100.18% 16.61s
         0         1      --    6935  5.377059e+04 -1.000743e+04 118.61% 49.86s
H        0         1      --    6935  5.377059e+04  2.883287e+04  46.38%   173s
H        0         1      --    6935  5.377059e+04  3.633051e+04  32.43%   173s
         0         1      --    6452  5.376493e+04  3.633051e+04  32.43%   252s
         0         1      --    6169  5.376003e+04  3.633051e+04  32.42%   368s
         0         1      --    6254  5.375464e+04  3.633051e+04  32.41%   479s
         0         1      --    6811  5.373735e+04  3.633051e+04  32.39%   618s
         0         1      --    7078  5.371733e+04  3.633051e+04  32.37%   796s
         0         1      --    6855  5.369783e+04  3.633051e+04  32.34%   971s
         0         1      --    7075  5.366731e+04  3.633051e+04  32.30%  1128s
         0         1      --    7179  5.365298e+04  3.633051e+04  32.29%  1356s
         0         1      --    7146  5.363821e+04  3.633051e+04  32.27%  1575s
         1         1  425305    7146  5.363821e+04  3.633051e+04  32.27%  1800s

     Nodes    Active  LPit/n  IntInf     BestBound  BestSolution     Gap   Time
         1         1  425305    7146  5.363821e+04  3.633051e+04  32.27%  1800s

Best solution   : 36330.509289669
Best bound      : 53638.211349932
Best gap        : 32.2675%
Solve time      : 1800.05
Solve node      : 1
MIP status      : stopped (time limit reached)
Solution status : integer feasible

Violations      :     absolute     relative
    bounds      :  6.11067e-13  6.11067e-13
    rows        :   5.9952e-15   5.9952e-15
    integrality :   5.9952e-15
{"day_id": 4, "state": "finished", "has_verified_incumbent": true}
