Setting parameter 'Logging' to 1
Setting parameter 'Threads' to 8
Setting parameter 'TimeLimit' to 1800
Setting parameter 'RelGap' to 0.0001
Setting parameter 'AbsGap' to 0
Setting parameter 'FeasTol' to 1e-08
Setting parameter 'IntTol' to 1e-08
Failed to open 'D:\Users\wo\ÎÄµµ\vscode files\cleanrl_BSS\ExpresswayBSSs_v2\outputs\perfect_information_real_data_seed1_v1\days\day_14\solver.log' for logging
Model fingerprint: 326ce122

Using Cardinal Optimizer v8.0.6 on Windows (25H2 Build 26200 - x86_64)
The CPU model is Intel(R) Core(TM) i5-10210U CPU @ 1.60GHz
Hardware has 4 physical cores and 8 logical cores. Using instruction set X86_AVX2 (10)
Maximizing a MIP problem

The original problem has:
    141320 rows, 189947 columns and 3825041 non-zero elements
    96697 binaries

Starting the MIP solver with 8 threads and 32 tasks

Presolving the problem

The presolved problem has:
    85881 rows, 145683 columns and 774987 non-zero elements
    95875 binaries and 616 integers

Problem info:
    Range of matrix coefficients:    [2e-03,2e+01]
    Range of rhs coefficients:       [1e-01,1e+03]
    Range of bound coefficients:     [1e-01,4e+02]
    Range of cost coefficients:      [6e-02,4e+02]
    Density of cost:                     75.9%

     Nodes    Active  LPit/n  IntInf     BestBound  BestSolution     Gap   Time
         0         1      --       0  7.632614e+06            --     Inf 18.14s
         0         1      --    8996  5.784512e+04            --     Inf   141s
H        0         1      --    8996  5.784512e+04  2.840679e+04  50.89%   274s
H        0         1      --    8996  5.784512e+04  2.946322e+04  49.07%   274s
         0         1      --    7815  5.782791e+04  2.946322e+04  49.05%   368s
         0         1      --    7633  5.782064e+04  2.946322e+04  49.04%   446s
         0         1      --    8009  5.781464e+04  2.946322e+04  49.04%   550s
         0         1      --    7575  5.781376e+04  2.946322e+04  49.04%   694s
         0         1      --    7873  5.780795e+04  2.946322e+04  49.03%   902s
         0         1      --    7622  5.780732e+04  2.946322e+04  49.03%   974s
         0         1      --    7641  5.780728e+04  2.946322e+04  49.03%  1017s
         0         1      --    7641  5.780706e+04  2.946322e+04  49.03%  1120s
         0         1      --    7752  5.780680e+04  2.946322e+04  49.03%  1214s
         0         1      --    7602  5.780621e+04  2.946322e+04  49.03%  1305s
         0         1      --    8664  5.780577e+04  2.946322e+04  49.03%  1493s

     Nodes    Active  LPit/n  IntInf     BestBound  BestSolution     Gap   Time
         0         1      --    7952  5.780576e+04  2.946322e+04  49.03%  1566s
         0         1      --    7848  5.780283e+04  2.946322e+04  49.03%  1790s
         1         1  323046    7848  5.780283e+04  2.946322e+04  49.03%  1800s
         1         1  323046    7848  5.780283e+04  2.946322e+04  49.03%  1800s

Best solution   : 29463.223376894
Best bound      : 57802.826573880
Best gap        : 49.0281%
Solve time      : 1800.07
Solve node      : 1
MIP status      : stopped (time limit reached)
Solution status : integer feasible

Violations      :     absolute     relative
    bounds      :  2.27374e-13  2.27374e-13
    rows        :   1.4877e-14   1.4877e-14
    integrality :            0
{"day_id": 14, "state": "finished", "has_verified_incumbent": true}
