Setting parameter 'Logging' to 1
Setting parameter 'Threads' to 8
Setting parameter 'TimeLimit' to 1800
Setting parameter 'RelGap' to 0.0001
Setting parameter 'AbsGap' to 0
Setting parameter 'FeasTol' to 1e-08
Setting parameter 'IntTol' to 1e-08
Failed to open 'D:\Users\wo\ÎÄµµ\vscode files\cleanrl_BSS\ExpresswayBSSs_v2\outputs\perfect_information_real_data_seed1_v1\days\day_13\solver.log' for logging
Model fingerprint: d46ae59c

Using Cardinal Optimizer v8.0.6 on Windows (25H2 Build 26200 - x86_64)
The CPU model is Intel(R) Core(TM) i5-10210U CPU @ 1.60GHz
Hardware has 4 physical cores and 8 logical cores. Using instruction set X86_AVX2 (10)
Maximizing a MIP problem

The original problem has:
    126315 rows, 166325 columns and 2192446 non-zero elements
    73075 binaries

Starting the MIP solver with 8 threads and 32 tasks

Presolving the problem

The presolved problem has:
    66387 rows, 115842 columns and 563110 non-zero elements
    71201 binaries and 220 integers

Problem info:
    Range of matrix coefficients:    [2e-03,2e+01]
    Range of rhs coefficients:       [1e-01,1e+03]
    Range of bound coefficients:     [1e-01,1e+02]
    Range of cost coefficients:      [6e-02,4e+02]
    Density of cost:                     75.1%

     Nodes    Active  LPit/n  IntInf     BestBound  BestSolution     Gap   Time
         0         1      --       0  5.788182e+06            --     Inf 13.60s
H        0         1      --       0  5.788182e+06 -4.648536e+03 100.08% 14.36s
         0         1      --    7353  5.422517e+04 -4.648536e+03 108.57% 49.42s
H        0         1      --    7353  5.422517e+04  3.462224e+04  36.15%   169s
         0         1      --    6137  5.421610e+04  3.462224e+04  36.14%   230s
         0         1      --    6292  5.420944e+04  3.462224e+04  36.13%   345s
         0         1      --    6266  5.420422e+04  3.462224e+04  36.13%   443s
         0         1      --    6155  5.419916e+04  3.462224e+04  36.12%   621s
         0         1      --    6067  5.419332e+04  3.462224e+04  36.11%   738s
         0         1      --    6037  5.418452e+04  3.462224e+04  36.10%   848s
         0         1      --    6352  5.417375e+04  3.462224e+04  36.09%  1039s
         0         1      --    6396  5.417156e+04  3.462224e+04  36.09%  1160s
         0         1      --    6425  5.416924e+04  3.462224e+04  36.09%  1402s
         0         1      --    6283  5.416786e+04  3.462224e+04  36.08%  1514s
         0         1      --    6337  5.416513e+04  3.462224e+04  36.08%  1635s

     Nodes    Active  LPit/n  IntInf     BestBound  BestSolution     Gap   Time
         1         1  429613    6337  5.416513e+04  3.462224e+04  36.08%  1800s
         1         1  429613    6337  5.416513e+04  3.462224e+04  36.08%  1800s

Best solution   : 34622.242354455
Best bound      : 54165.131163292
Best gap        : 36.0802%
Solve time      : 1800.06
Solve node      : 1
MIP status      : stopped (time limit reached)
Solution status : integer feasible

Violations      :     absolute     relative
    bounds      :  3.69482e-13  3.69482e-13
    rows        :  1.13687e-13  9.32587e-15
    integrality :            0
{"day_id": 13, "state": "finished", "has_verified_incumbent": true}
