\BOOKMARK [1][-]{section.1}{\376\377\0001\000\040\137\025\212\000}{}% 1
\BOOKMARK [1][-]{section.2}{\376\377\0002\000\040\225\356\230\230\143\317\217\360\116\016\127\372\147\054\120\107\213\276}{}% 2
\BOOKMARK [2][-]{subsection.2.1}{\376\377\0002\000.\0001\000\040\225\356\230\230\143\317\217\360}{section.2}% 3
\BOOKMARK [2][-]{subsection.2.2}{\376\377\0002\000.\0002\000\040\127\372\147\054\120\107\213\276}{section.2}% 4
\BOOKMARK [1][-]{section.3}{\376\377\0003\000\040\152\041\127\213\136\372\172\313}{}% 5
\BOOKMARK [2][-]{subsection.3.1}{\376\377\0003\000.\0001\000\040\120\031\220\011\215\357\137\204\177\121\176\334}{section.3}% 6
\BOOKMARK [2][-]{subsection.3.2}{\376\377\0003\000.\0002\000\040\145\345\122\115\143\142\165\065\215\357\137\204\213\241\173\227}{section.3}% 7
\BOOKMARK [2][-]{subsection.3.3}{\376\377\0003\000.\0003\000\040\156\332\122\250\145\366\127\337\117\030\123\026\152\041\127\213}{section.3}% 8
\BOOKMARK [1][-]{section.4}{\376\377\0004\000\040\176\310\172\357\116\367\120\074\133\146\116\140}{}% 9
\BOOKMARK [2][-]{subsection.4.1}{\376\377\0004\000.\0001\000\040\162\266\140\001\116\016\176\310\172\357\116\367\120\074}{section.4}% 10
\BOOKMARK [2][-]{subsection.4.2}{\376\377\0004\000.\0002\000\040\133\236\226\105\145\066\166\312\116\016\162\266\140\001\146\364\145\260}{section.4}% 11
\BOOKMARK [2][-]{subsection.4.3}{\376\377\0004\000.\0003\000\040\116\367\120\074\121\375\145\160\213\255\176\303}{section.4}% 12
\BOOKMARK [1][-]{section.5}{\376\377\0005\000\040\145\160\120\074\133\236\232\214}{}% 13
\BOOKMARK [2][-]{subsection.5.1}{\376\377\0005\000.\0001\000\040\000T\000h\000e\000\040\000r\000o\000l\000e\000\040\000o\000f\000\040\000R\000L\000\040\000t\000e\000r\000m\000i\000n\000a\000l\000\040\000v\000a\000l\000u\000e\000\040\000f\000u\000n\000c\000t\000i\000o\000n}{section.5}% 14
\BOOKMARK [2][-]{subsection.5.2}{\376\377\0005\000.\0002\000\040\000T\000h\000e\000\040\000v\000a\000l\000u\000e\000\040\000o\000f\000\040\000r\000o\000u\000t\000e\000\040\000a\000n\000d\000\040\000c\000h\000a\000r\000g\000i\000n\000g\000\040\000p\000o\000w\000e\000r\000\040\000o\000p\000t\000i\000m\000i\000z\000a\000t\000i\000o\000n}{section.5}% 15
\BOOKMARK [2][-]{subsection.5.3}{\376\377\0005\000.\0003\000\040\145\117\141\037\140\047\122\006\147\220}{section.5}% 16
\BOOKMARK [1][-]{section.6}{\376\377\0006\000\040\176\323\213\272}{}% 17
\BOOKMARK [1][-]{appendix.A}{\376\377\000A\000\040\153\143\145\207\124\004\220\350\122\006\166\204\176\277\140\047\123\026\145\271\154\325}{}% 18
\BOOKMARK [2][-]{subsection.A.1}{\376\377\000A\000.\0001\000\040\215\357\137\204\214\003\145\164\176\246\147\137\176\277\140\047\123\026}{appendix.A}% 19
\BOOKMARK [2][-]{subsection.A.2}{\376\377\000A\000.\0002\000\040\173\111\137\205\124\214\147\015\122\241\230\172\136\217\176\246\147\137\176\277\140\047\123\026}{appendix.A}% 20
\BOOKMARK [2][-]{subsection.A.3}{\376\377\000A\000.\0003\000\040\147\052\156\341\215\263\230\204\176\246\213\367\154\102\122\044\133\232\176\246\147\137\176\277\140\047\123\026}{appendix.A}% 21
\BOOKMARK [2][-]{subsection.A.4}{\376\377\000A\000.\0004\000\040\230\204\155\113\176\310\172\357\162\266\140\001\166\204\176\277\140\047\123\026}{appendix.A}% 22
\BOOKMARK [2][-]{subsection.A.5}{\376\377\000A\000.\0005\000\040\162\266\140\001\177\026\170\001\116\016\116\367\120\074\213\241\173\227\166\204\176\277\140\047\123\026}{appendix.A}% 23
\BOOKMARK [2][-]{subsection.A.6}{\376\377\000A\000.\0006\000\040\127\372\121\306\121\105\165\065\211\304\122\031\176\277\140\047\123\026}{appendix.A}% 24
