{"period": 1, "status": "optimal", "solve_seconds": 0.2240009307861328, "model_wall_seconds": 0.4145942000031937, "gap": 0.0, "actual_reward": 0.0}
{"period": 2, "status": "optimal", "solve_seconds": 0.0970001220703125, "model_wall_seconds": 0.27294759999495, "gap": 0.0, "actual_reward": 86.50305882753351}
{"period": 3, "status": "optimal", "solve_seconds": 0.23999977111816406, "model_wall_seconds": 0.40037700001266785, "gap": 0.0, "actual_reward": 60.64787568015879}
{"period": 4, "status": "optimal", "solve_seconds": 0.10799980163574219, "model_wall_seconds": 0.30435799999395385, "gap": 0.0, "actual_reward": 63.2397766228206}
{"period": 5, "status": "optimal", "solve_seconds": 0.15800094604492188, "model_wall_seconds": 0.3162479999882635, "gap": 0.0, "actual_reward": 264.0657845738867}
{"period": 6, "status": "optimal", "solve_seconds": 0.05900001525878906, "model_wall_seconds": 0.2233113999827765, "gap": 0.0, "actual_reward": -3.9612757518625585e-15}
{"period": 7, "status": "optimal", "solve_seconds": 0.1600017547607422, "model_wall_seconds": 0.32658309998805635, "gap": 0.0, "actual_reward": -20.000000000000004}
{"period": 8, "status": "optimal", "solve_seconds": 0.06799888610839844, "model_wall_seconds": 0.24866039998596534, "gap": 0.0, "actual_reward": -3.9612757518625585e-15}
{"period": 9, "status": "optimal", "solve_seconds": 0.16099929809570312, "model_wall_seconds": 0.32143640000140294, "gap": 0.0, "actual_reward": 165.941156374699}
{"period": 10, "status": "optimal", "solve_seconds": 0.07700157165527344, "model_wall_seconds": 0.24486500001512468, "gap": 0.0, "actual_reward": 70.68078687334001}
{"period": 11, "status": "optimal", "solve_seconds": 0.15200042724609375, "model_wall_seconds": 0.30666550001478754, "gap": 0.0, "actual_reward": -3.9612757518625585e-15}
{"period": 12, "status": "optimal", "solve_seconds": 0.08499908447265625, "model_wall_seconds": 0.24709690001327544, "gap": 0.0, "actual_reward": -3.9612757518625585e-15}
{"period": 13, "status": "optimal", "solve_seconds": 0.1830005645751953, "model_wall_seconds": 0.3454061000084039, "gap": 0.0, "actual_reward": -1.758593271006248e-15}
{"period": 14, "status": "optimal", "solve_seconds": 0.11699867248535156, "model_wall_seconds": 0.2833466000156477, "gap": 0.0, "actual_reward": 104.203447244814}
{"period": 15, "status": "optimal", "solve_seconds": 0.1979999542236328, "model_wall_seconds": 0.36489980001351796, "gap": 0.0, "actual_reward": 193.2400224524552}
{"period": 16, "status": "optimal", "solve_seconds": 0.06999969482421875, "model_wall_seconds": 0.23384249999071471, "gap": 0.0, "actual_reward": 141.219999999839}
{"period": 17, "status": "optimal", "solve_seconds": 0.14299964904785156, "model_wall_seconds": 0.2962505999894347, "gap": 0.0, "actual_reward": -1.6360246490876305e-14}
{"period": 18, "status": "optimal", "solve_seconds": 0.03399848937988281, "model_wall_seconds": 0.19516410000505857, "gap": 0.0, "actual_reward": 75.85130131201699}
{"period": 19, "status": "optimal", "solve_seconds": 0.14500045776367188, "model_wall_seconds": 0.2979598000238184, "gap": 0.0, "actual_reward": 167.502464372448}
{"period": 20, "status": "optimal", "solve_seconds": 0.08099937438964844, "model_wall_seconds": 0.26448169999639504, "gap": 0.0, "actual_reward": -2.851052727237402e-14}
{"period": 21, "status": "optimal", "solve_seconds": 0.16900062561035156, "model_wall_seconds": 0.3191313999996055, "gap": 0.0, "actual_reward": -2.851052727237402e-14}
{"period": 22, "status": "optimal", "solve_seconds": 0.06499862670898438, "model_wall_seconds": 0.22151229999144562, "gap": 0.0, "actual_reward": -2.851052727237402e-14}
{"period": 23, "status": "optimal", "solve_seconds": 0.1849994659423828, "model_wall_seconds": 0.3590196000004653, "gap": 0.0, "actual_reward": -10.000000000000028}
{"period": 24, "status": "optimal", "solve_seconds": 0.10499954223632812, "model_wall_seconds": 0.270367899996927, "gap": 0.0, "actual_reward": -2.730260462158185e-14}
{"period": 25, "status": "optimal", "solve_seconds": 0.28100013732910156, "model_wall_seconds": 0.43587449999176897, "gap": 0.0, "actual_reward": -3.522515612530697e-14}
{"period": 26, "status": "optimal", "solve_seconds": 0.16300010681152344, "model_wall_seconds": 0.3490051999979187, "gap": 0.0, "actual_reward": 198.11391899459778}
{"period": 27, "status": "optimal", "solve_seconds": 0.22800064086914062, "model_wall_seconds": 0.4053243999951519, "gap": 0.0, "actual_reward": 149.695091591354}
{"period": 28, "status": "optimal", "solve_seconds": 0.11600112915039062, "model_wall_seconds": 0.2820289999945089, "gap": 0.0, "actual_reward": 104.75266217923}
{"period": 29, "status": "optimal", "solve_seconds": 0.2539997100830078, "model_wall_seconds": 0.440133700001752, "gap": 0.0, "actual_reward": 86.35333333293599}
{"period": 30, "status": "optimal", "solve_seconds": 0.12999916076660156, "model_wall_seconds": 0.303916599979857, "gap": 0.0, "actual_reward": 338.28371306725586}
{"period": 31, "status": "optimal", "solve_seconds": 0.23799896240234375, "model_wall_seconds": 0.4029035000130534, "gap": 0.0, "actual_reward": 94.03961515779484}
{"period": 32, "status": "optimal", "solve_seconds": 0.16899871826171875, "model_wall_seconds": 0.3579635999922175, "gap": 0.0, "actual_reward": -4.8849813083506894e-14}
{"period": 33, "status": "optimal", "solve_seconds": 0.3409996032714844, "model_wall_seconds": 0.5061257999914233, "gap": 0.0, "actual_reward": 361.602869952471}
{"period": 34, "status": "optimal", "solve_seconds": 0.20800018310546875, "model_wall_seconds": 0.3861054000153672, "gap": 0.0, "actual_reward": 56.12000000032192}
{"period": 35, "status": "optimal", "solve_seconds": 0.39499855041503906, "model_wall_seconds": 0.5841957000084221, "gap": 0.0, "actual_reward": 71.52818230799198}
{"period": 36, "status": "optimal", "solve_seconds": 0.26799964904785156, "model_wall_seconds": 0.45410920001449995, "gap": 0.0, "actual_reward": 388.7076346656855}
{"period": 37, "status": "optimal", "solve_seconds": 0.39299964904785156, "model_wall_seconds": 0.570555999991484, "gap": 0.0, "actual_reward": 281.9492257968899}
{"period": 38, "status": "optimal", "solve_seconds": 0.3209991455078125, "model_wall_seconds": 0.5045309000124689, "gap": 0.0, "actual_reward": 121.99600627411341}
{"period": 39, "status": "optimal", "solve_seconds": 0.4460010528564453, "model_wall_seconds": 0.619652599998517, "gap": 0.0, "actual_reward": 314.6164524095907}
{"period": 40, "status": "optimal", "solve_seconds": 0.3299999237060547, "model_wall_seconds": 0.5427474000025541, "gap": 0.0, "actual_reward": 749.6971673074991}
{"period": 41, "status": "optimal", "solve_seconds": 0.42799949645996094, "model_wall_seconds": 0.6147711999947205, "gap": 0.0, "actual_reward": 603.9519671485428}
{"period": 42, "status": "optimal", "solve_seconds": 0.32900047302246094, "model_wall_seconds": 0.5167695000127424, "gap": 0.0, "actual_reward": 202.66871485075603}
{"period": 43, "status": "optimal", "solve_seconds": 0.49699974060058594, "model_wall_seconds": 0.6836122999957297, "gap": 0.0, "actual_reward": 258.75913928494157}
{"period": 44, "status": "optimal", "solve_seconds": 0.4119987487792969, "model_wall_seconds": 0.6243663000059314, "gap": 0.0, "actual_reward": 505.12994474023935}
{"period": 45, "status": "optimal", "solve_seconds": 0.5960006713867188, "model_wall_seconds": 0.7828397999983281, "gap": 0.0, "actual_reward": 337.5753655344849}
{"period": 46, "status": "optimal", "solve_seconds": 0.47699928283691406, "model_wall_seconds": 0.685822699975688, "gap": 0.0, "actual_reward": 512.0414840553807}
{"period": 47, "status": "optimal", "solve_seconds": 0.6370010375976562, "model_wall_seconds": 0.8667998000164516, "gap": 0.0, "actual_reward": 546.2222310160524}
{"period": 48, "status": "optimal", "solve_seconds": 0.5369987487792969, "model_wall_seconds": 0.7423992000112776, "gap": 0.0, "actual_reward": 467.34666884806376}
{"period": 49, "status": "time_limit", "solve_seconds": 120.00300025939941, "model_wall_seconds": 120.36411259998567, "gap": 0.00027912345694890237, "actual_reward": 378.8431886401338}
{"period": 50, "status": "time_limit", "solve_seconds": 120.2869987487793, "model_wall_seconds": 120.54546709998976, "gap": 0.0013850457532051136, "actual_reward": 468.4280766935914}
{"period": 51, "status": "time_limit", "solve_seconds": 120.00200080871582, "model_wall_seconds": 120.39855039998656, "gap": 0.0009463857179119027, "actual_reward": 345.3063225987388}
{"period": 52, "status": "optimal", "solve_seconds": 43.29400062561035, "model_wall_seconds": 43.59942399998545, "gap": 9.959588875215722e-05, "actual_reward": 1225.1435414752625}
{"period": 53, "status": "optimal", "solve_seconds": 74.91699981689453, "model_wall_seconds": 75.23622779999278, "gap": 0.0, "actual_reward": 386.29327706731135}
{"period": 54, "status": "optimal", "solve_seconds": 8.409000396728516, "model_wall_seconds": 8.720252800005255, "gap": 0.0, "actual_reward": 744.4492365242243}
{"period": 55, "status": "optimal", "solve_seconds": 32.60299873352051, "model_wall_seconds": 32.83507140001166, "gap": 0.0, "actual_reward": 618.3016614236283}
{"period": 56, "status": "time_limit", "solve_seconds": 120.00899887084961, "model_wall_seconds": 120.3011929000204, "gap": 0.0017022774446141303, "actual_reward": 95.84861033487742}
{"period": 57, "status": "time_limit", "solve_seconds": 120.00600051879883, "model_wall_seconds": 120.36115109999082, "gap": 0.031303571075965264, "actual_reward": 1114.2356099101798}
{"period": 58, "status": "time_limit", "solve_seconds": 120.0009994506836, "model_wall_seconds": 120.36594209997565, "gap": 0.005857711751501866, "actual_reward": 450.39042935608757}
{"period": 59, "status": "time_limit", "solve_seconds": 120.00399971008301, "model_wall_seconds": 120.43792889997712, "gap": 0.014959987833465234, "actual_reward": 555.9199354657545}
{"period": 60, "status": "time_limit", "solve_seconds": 120.00199890136719, "model_wall_seconds": 120.41096079998533, "gap": 0.008592715996090827, "actual_reward": 19.600992911222306}
{"period": 61, "status": "time_limit", "solve_seconds": 120.01099967956543, "model_wall_seconds": 120.36660569999367, "gap": 0.036384059086381836, "actual_reward": 1179.3988943755528}
{"period": 62, "status": "time_limit", "solve_seconds": 120.00399971008301, "model_wall_seconds": 120.34275660000276, "gap": 0.029618328284859795, "actual_reward": 482.76695514028415}
{"period": 63, "status": "time_limit", "solve_seconds": 120.00699996948242, "model_wall_seconds": 120.4500233999861, "gap": 0.06621406718378231, "actual_reward": 167.09246194477748}
{"period": 64, "status": "time_limit", "solve_seconds": 120.03000068664551, "model_wall_seconds": 120.50988319999306, "gap": 0.04585819748220253, "actual_reward": -9.777636190575743}
{"period": 65, "status": "time_limit", "solve_seconds": 120.0270004272461, "model_wall_seconds": 120.54109069998958, "gap": 0.04395404184857811, "actual_reward": 1380.1827232905898}
{"period": 66, "status": "time_limit", "solve_seconds": 120.01000022888184, "model_wall_seconds": 120.46863310001208, "gap": 0.0518300079004081, "actual_reward": 658.3035182298306}
{"period": 67, "status": "time_limit", "solve_seconds": 120.00899887084961, "model_wall_seconds": 120.4080197000003, "gap": 0.08221219048403502, "actual_reward": 849.8030253773719}
{"period": 68, "status": "time_limit", "solve_seconds": 120.00399971008301, "model_wall_seconds": 120.45938529999694, "gap": 0.053035673688965404, "actual_reward": 92.24866761460827}
{"period": 69, "status": "time_limit", "solve_seconds": 120.00800132751465, "model_wall_seconds": 120.27299399999902, "gap": 0.09974008372884262, "actual_reward": 1642.0556936115202}
{"period": 70, "status": "time_limit", "solve_seconds": 120.0629997253418, "model_wall_seconds": 120.5243666000024, "gap": 0.08346665641354509, "actual_reward": 704.393122868817}
{"period": 71, "status": "time_limit", "solve_seconds": 120.01700019836426, "model_wall_seconds": 120.36603179998929, "gap": 0.10912297504800837, "actual_reward": 289.2238062380706}
{"period": 72, "status": "time_limit", "solve_seconds": 120.01900100708008, "model_wall_seconds": 120.36105450001196, "gap": 0.04330778557521971, "actual_reward": 992.8822552588648}
{"period": 73, "status": "time_limit", "solve_seconds": 120.01199913024902, "model_wall_seconds": 120.44317210000008, "gap": 0.05986797257089978, "actual_reward": 1208.33307170747}
{"period": 74, "status": "time_limit", "solve_seconds": 120.27599906921387, "model_wall_seconds": 120.49952090001898, "gap": 0.04731088251367876, "actual_reward": 1177.8015385273602}
{"period": 75, "status": "time_limit", "solve_seconds": 120.00799942016602, "model_wall_seconds": 120.39296910000849, "gap": 0.06806918799870929, "actual_reward": 1042.2931061388717}
{"period": 76, "status": "time_limit", "solve_seconds": 120.01600074768066, "model_wall_seconds": 120.36069359999965, "gap": 0.039468060079755465, "actual_reward": 707.2870863279912}
{"period": 77, "status": "time_limit", "solve_seconds": 120.0059986114502, "model_wall_seconds": 120.37425130000338, "gap": 0.10597736410656892, "actual_reward": -332.55497984103704}
{"period": 78, "status": "time_limit", "solve_seconds": 120.25399971008301, "model_wall_seconds": 120.54071229998954, "gap": 0.07337438224396281, "actual_reward": 785.273105102047}
{"period": 79, "status": "time_limit", "solve_seconds": 120.23600006103516, "model_wall_seconds": 120.45543349999934, "gap": 0.049407097375258835, "actual_reward": -83.52200660153773}
{"period": 80, "status": "time_limit", "solve_seconds": 120.00399971008301, "model_wall_seconds": 120.30216529997415, "gap": 0.027114425147051292, "actual_reward": 524.2145652542488}
{"period": 81, "status": "time_limit", "solve_seconds": 120.27300071716309, "model_wall_seconds": 120.48922759998823, "gap": 0.04456039739041058, "actual_reward": 131.47861807487635}
{"period": 82, "status": "time_limit", "solve_seconds": 120.01700019836426, "model_wall_seconds": 120.30864950001705, "gap": 0.018963003502417433, "actual_reward": 483.9493752924681}
{"period": 83, "status": "time_limit", "solve_seconds": 120.01499938964844, "model_wall_seconds": 120.37530340001103, "gap": 0.09964138017927796, "actual_reward": 542.7623424774847}
{"period": 84, "status": "time_limit", "solve_seconds": 120.0059986114502, "model_wall_seconds": 120.31818209998892, "gap": 0.04215015729375199, "actual_reward": 1291.8564023607573}
{"period": 85, "status": "time_limit", "solve_seconds": 120.00399971008301, "model_wall_seconds": 120.24416709999787, "gap": 0.021626917603128983, "actual_reward": 21.069823639390968}
{"period": 86, "status": "optimal", "solve_seconds": 14.161001205444336, "model_wall_seconds": 14.419271399994614, "gap": 0.0, "actual_reward": 774.7314541894665}
{"period": 87, "status": "time_limit", "solve_seconds": 120.0409984588623, "model_wall_seconds": 120.35268919999362, "gap": 0.04576721427452913, "actual_reward": 114.55176193174307}
{"period": 88, "status": "time_limit", "solve_seconds": 120.00399971008301, "model_wall_seconds": 120.32562280001002, "gap": 0.016271204826003707, "actual_reward": 1207.7221738803505}
{"period": 89, "status": "optimal", "solve_seconds": 3.8069992065429688, "model_wall_seconds": 4.043620800017379, "gap": 9.128081094144567e-05, "actual_reward": 222.5873861648144}
{"period": 90, "status": "optimal", "solve_seconds": 19.075000762939453, "model_wall_seconds": 19.278862100007245, "gap": 0.0, "actual_reward": -15.768742973938293}
{"period": 91, "status": "time_limit", "solve_seconds": 120.01499938964844, "model_wall_seconds": 120.31713159999344, "gap": 0.031249703614797966, "actual_reward": 843.3475485007904}
{"period": 92, "status": "optimal", "solve_seconds": 5.611000061035156, "model_wall_seconds": 5.758978300000308, "gap": 0.0, "actual_reward": 31.56284602712679}
{"period": 93, "status": "time_limit", "solve_seconds": 120.00200080871582, "model_wall_seconds": 120.14538540001377, "gap": 0.013296838871027897, "actual_reward": 346.2202992790756}
{"period": 94, "status": "optimal", "solve_seconds": 8.601999282836914, "model_wall_seconds": 8.784427899983712, "gap": 4.3813905209075464e-05, "actual_reward": 253.94046948244892}
{"period": 95, "status": "optimal", "solve_seconds": 6.75, "model_wall_seconds": 6.931871700013289, "gap": 0.0, "actual_reward": 191.86694788558674}
{"period": 96, "status": "optimal", "solve_seconds": 2.0010013580322266, "model_wall_seconds": 2.13539059998584, "gap": 8.22934046324943e-05, "actual_reward": 280.82150001162864}
{"period": 97, "status": "optimal", "solve_seconds": 3.802999496459961, "model_wall_seconds": 3.9334557999973185, "gap": 0.0, "actual_reward": 330.7923011641831}
{"period": 98, "status": "optimal", "solve_seconds": 0.76300048828125, "model_wall_seconds": 0.8872092999808956, "gap": 0.0, "actual_reward": 52.591152738039}
{"period": 99, "status": "optimal", "solve_seconds": 3.082998275756836, "model_wall_seconds": 3.224314899998717, "gap": 5.518885916078308e-05, "actual_reward": 282.6740836596268}
{"period": 100, "status": "optimal", "solve_seconds": 0.7789993286132812, "model_wall_seconds": 0.8850335000024643, "gap": 0.0, "actual_reward": 274.4090925059485}
{"period": 101, "status": "optimal", "solve_seconds": 0.9920005798339844, "model_wall_seconds": 1.0940042000147514, "gap": 0.0, "actual_reward": -19.6976273752113}
{"period": 102, "status": "optimal", "solve_seconds": 0.6319999694824219, "model_wall_seconds": 0.7471394000167493, "gap": 0.0, "actual_reward": 575.9537487896729}
{"period": 103, "status": "optimal", "solve_seconds": 1.1299991607666016, "model_wall_seconds": 1.3288636000070255, "gap": 8.004438218793738e-05, "actual_reward": 121.95783555328035}
{"period": 104, "status": "optimal", "solve_seconds": 0.49700164794921875, "model_wall_seconds": 0.5880748000054155, "gap": 0.0, "actual_reward": 137.57705834221105}
{"period": 105, "status": "optimal", "solve_seconds": 0.4029998779296875, "model_wall_seconds": 0.49429390000295825, "gap": 0.0, "actual_reward": -29.53389010825377}
{"period": 106, "status": "optimal", "solve_seconds": 0.33899879455566406, "model_wall_seconds": 0.42282879998674616, "gap": 0.0, "actual_reward": 102.82600571028895}
{"period": 107, "status": "optimal", "solve_seconds": 0.7290000915527344, "model_wall_seconds": 0.8878649999969639, "gap": 0.0, "actual_reward": 40.39176038263823}
{"period": 108, "status": "optimal", "solve_seconds": 0.3229999542236328, "model_wall_seconds": 0.4086038999957964, "gap": 0.0, "actual_reward": 80.31649122771007}
{"period": 109, "status": "optimal", "solve_seconds": 0.3540000915527344, "model_wall_seconds": 0.4322106000036001, "gap": 0.0, "actual_reward": 193.63835740781886}
{"period": 110, "status": "optimal", "solve_seconds": 0.1920013427734375, "model_wall_seconds": 0.27008220000425354, "gap": 0.0, "actual_reward": 28.756671885075427}
{"period": 111, "status": "optimal", "solve_seconds": 0.20100021362304688, "model_wall_seconds": 0.2754467999911867, "gap": 0.0, "actual_reward": 302.9063618231687}
{"period": 112, "status": "optimal", "solve_seconds": 0.2049999237060547, "model_wall_seconds": 0.2820668999920599, "gap": 0.0, "actual_reward": 97.11982456136558}
{"period": 113, "status": "optimal", "solve_seconds": 0.19099998474121094, "model_wall_seconds": 0.25849390000803396, "gap": 0.0, "actual_reward": 210.76153726284699}
{"period": 114, "status": "optimal", "solve_seconds": 0.1270008087158203, "model_wall_seconds": 0.19073849997948855, "gap": 0.0, "actual_reward": 251.20964912251023}
{"period": 115, "status": "optimal", "solve_seconds": 0.14299964904785156, "model_wall_seconds": 0.21109579998301342, "gap": 0.0, "actual_reward": -30.560072284310557}
{"period": 116, "status": "optimal", "solve_seconds": 0.1639995574951172, "model_wall_seconds": 0.23218120000092313, "gap": 0.0, "actual_reward": 92.29732456097759}
{"period": 117, "status": "optimal", "solve_seconds": 0.23600006103515625, "model_wall_seconds": 0.30711279998649843, "gap": 0.0, "actual_reward": 31.238752914552702}
{"period": 118, "status": "optimal", "solve_seconds": 0.1810016632080078, "model_wall_seconds": 0.2427904999931343, "gap": 0.0, "actual_reward": 47.18666666659801}
{"period": 119, "status": "optimal", "solve_seconds": 0.14800071716308594, "model_wall_seconds": 0.2078703999868594, "gap": 0.0, "actual_reward": -29.349984564920977}
{"period": 120, "status": "optimal", "solve_seconds": 0.10300064086914062, "model_wall_seconds": 0.16101070001604967, "gap": 0.0, "actual_reward": -17.884073190436723}
{"period": 121, "status": "optimal", "solve_seconds": 0.10599899291992188, "model_wall_seconds": 0.24079089998849668, "gap": 0.0, "actual_reward": -17.08245614032739}
{"period": 122, "status": "optimal", "solve_seconds": 0.10400009155273438, "model_wall_seconds": 0.16220079999766313, "gap": 0.0, "actual_reward": 137.69464912318995}
{"period": 123, "status": "optimal", "solve_seconds": 0.15900039672851562, "model_wall_seconds": 0.220967599976575, "gap": 0.0, "actual_reward": -33.841228070128444}
{"period": 124, "status": "optimal", "solve_seconds": 0.12399864196777344, "model_wall_seconds": 0.18714080000063404, "gap": 0.0, "actual_reward": 148.05666666630398}
{"period": 125, "status": "optimal", "solve_seconds": 0.09900093078613281, "model_wall_seconds": 0.15709809999680147, "gap": 0.0, "actual_reward": 123.07964912276508}
{"period": 126, "status": "optimal", "solve_seconds": 0.06299972534179688, "model_wall_seconds": 0.19320570002309978, "gap": 0.0, "actual_reward": -14.869298245449476}
{"period": 127, "status": "optimal", "solve_seconds": 0.05999946594238281, "model_wall_seconds": 0.11314370000036433, "gap": 0.0, "actual_reward": -1.5574561403273803}
{"period": 128, "status": "optimal", "solve_seconds": 0.048000335693359375, "model_wall_seconds": 0.10978299999260344, "gap": 0.0, "actual_reward": -20.10000000000001}
{"period": 129, "status": "optimal", "solve_seconds": 0.08600044250488281, "model_wall_seconds": 0.14462580002145842, "gap": 0.0, "actual_reward": -10.500000000000005}
{"period": 130, "status": "optimal", "solve_seconds": 0.05700111389160156, "model_wall_seconds": 0.11322329999529757, "gap": 0.0, "actual_reward": 247.96333333278497}
{"period": 131, "status": "optimal", "solve_seconds": 0.03900146484375, "model_wall_seconds": 0.09183769999071956, "gap": 0.0, "actual_reward": -12.871929824541077}
{"period": 132, "status": "optimal", "solve_seconds": 0.029998779296875, "model_wall_seconds": 0.09399349999148399, "gap": 0.0, "actual_reward": -1.3145040611561852e-14}
{"period": 133, "status": "optimal", "solve_seconds": 0.0279998779296875, "model_wall_seconds": 0.08108869998250157, "gap": 0.0, "actual_reward": -1.3145040611561852e-14}
{"period": 134, "status": "optimal", "solve_seconds": 0.024999618530273438, "model_wall_seconds": 0.07939510000869632, "gap": 0.0, "actual_reward": -1.3145040611561852e-14}
{"period": 135, "status": "optimal", "solve_seconds": 0.0709991455078125, "model_wall_seconds": 0.12564949999796227, "gap": 0.0, "actual_reward": -22.87192982448003}
{"period": 136, "status": "optimal", "solve_seconds": 0.061000823974609375, "model_wall_seconds": 0.12010780000127852, "gap": 0.0, "actual_reward": 62.18666666713594}
{"period": 137, "status": "optimal", "solve_seconds": 0.06399917602539062, "model_wall_seconds": 0.11254009997355752, "gap": 0.0, "actual_reward": -10.000000000000034}
{"period": 138, "status": "optimal", "solve_seconds": 0.03700065612792969, "model_wall_seconds": 0.09462150000035763, "gap": 0.0, "actual_reward": -1.2185807918285719e-14}
{"period": 139, "status": "optimal", "solve_seconds": 0.030000686645507812, "model_wall_seconds": 0.08388479999848641, "gap": 0.0, "actual_reward": -2.2737367544323206e-15}
{"period": 140, "status": "optimal", "solve_seconds": 0.022998809814453125, "model_wall_seconds": 0.07582679999177344, "gap": 0.0, "actual_reward": 0.0}
{"period": 141, "status": "optimal", "solve_seconds": 0.022998809814453125, "model_wall_seconds": 0.07849119999445975, "gap": 0.0, "actual_reward": -1.5631940186722204e-15}
{"period": 142, "status": "optimal", "solve_seconds": 0.022001266479492188, "model_wall_seconds": 0.07372070002020337, "gap": 0.0, "actual_reward": -13.950000000000003}
{"period": 143, "status": "optimal", "solve_seconds": 0.017000198364257812, "model_wall_seconds": 0.07065999999758787, "gap": 0.0, "actual_reward": 130.139999999784}
{"state": "complete", "started_at": "2026-09-18T10:03:20.942094+00:00", "scenario": "D:\\Myfiles\\vscode_files\\cleanrl_BSS\\ExpresswayBSSs_v2\\data\\final_real_data_v1\\scenarios\\day_03.json", "route_mode": "joint", "charging_mode": "joint", "model": null, "deadline": null, "pid": 30336, "created": 1789725800.6470444, "source_snapshot": "D:\\Myfiles\\vscode_files\\cleanrl_BSS\\ExpresswayBSSs_v2\\outputs\\zero_terminal_real_data_seed1_v1\\runs\\h8_day03\\source_snapshots\\ab6a4edd93da12f2c3274fb2f6c253995674cccb18c880e56c1138d9c19c7b37", "prior_attempt_seconds": 0.0, "runtime_timing_incomplete": false, "runtime_timing_estimated": false, "launcher_source_snapshot": "D:\\Myfiles\\vscode_files\\cleanrl_BSS\\ExpresswayBSSs_v2\\outputs\\zero_terminal_real_data_seed1_v1\\code_snapshots\\9aeebb00aa8bc6a3c0fefc93d624d3533bc60be02ef2fa76568b47e360538acc", "finished_at": "2026-09-18T11:27:16.022484+00:00", "wall_seconds": 5035.080267699988, "metrics": {"net_profit_yuan": 38516.46282127244, "service_income_yuan": 56385.766556917544, "charging_cost_yuan": 15829.303735644946, "adjustment_cost_yuan": 2040.0, "reservation_failure_cost_yuan": 0.0, "reservation_count": 200, "actual_random_count": 200, "reservation_failures": 0, "reservation_failure_rate": 0.0, "reservation_completed": 200, "reservation_unfinished_at_L": 36, "reservation_unfinished_rate_at_L": 0.18, "reservation_unfinished_after_cleanup": 0, "random_services": 183, "random_service_rate": 0.915, "mean_wait_minutes_served": 12.666272281143014, "path_adjustments": 204, "solver_seconds_mean": 32.79240550861492, "solver_seconds_p95": 120.02970066070557, "model_wall_seconds_mean": 32.98449434125751, "model_wall_seconds_p95": 120.46770832001057, "model_wall_seconds_total": 4716.782690799824, "mip_gap_mean": 0.011289085962214312, "mip_gap_max": 0.10912297504800837, "mip_gap_target_met_fraction": 0.7412587412587412, "solver_status_counts": {"optimal": 106, "time_limit": 37}, "completed_periods": 143, "demand_periods": 96, "cleanup_periods": 47, "cleanup_hours": 11.75, "time_limit_fraction": 0.25874125874125875, "final_inventory_kwh": 4845.1395786855, "random_timeouts": 17, "terminal_settlement": "none", "operating_duration_hours": 24.0, "current_attempt_wall_seconds": 5035.077474099991, "prior_attempt_wall_seconds": 0.0, "known_runtime_seconds": 5035.077474099991, "runtime_timing_incomplete": false, "runtime_timing_estimated": false, "worker_wall_seconds": 5035.077474099991}}
