{"period": 1, "status": "optimal", "solve_seconds": 0.19299888610839844, "model_wall_seconds": 0.35805310000432655, "gap": 0.0, "actual_reward": 0.0}
{"period": 2, "status": "optimal", "solve_seconds": 0.07100105285644531, "model_wall_seconds": 0.2350088999955915, "gap": 0.0, "actual_reward": 68.67519422028536}
{"period": 3, "status": "optimal", "solve_seconds": 0.17099952697753906, "model_wall_seconds": 0.32352890001493506, "gap": 0.0, "actual_reward": 0.0}
{"period": 4, "status": "optimal", "solve_seconds": 0.07200050354003906, "model_wall_seconds": 0.24348810000810772, "gap": 0.0, "actual_reward": 0.0}
{"period": 5, "status": "optimal", "solve_seconds": 0.11900138854980469, "model_wall_seconds": 0.2649558999983128, "gap": 0.0, "actual_reward": 98.41965993695473}
{"period": 6, "status": "optimal", "solve_seconds": 0.048999786376953125, "model_wall_seconds": 0.21256350001203828, "gap": 0.0, "actual_reward": 70.42739178912254}
{"period": 7, "status": "optimal", "solve_seconds": 0.15400123596191406, "model_wall_seconds": 0.30345049998140894, "gap": 0.0, "actual_reward": -10.0}
{"period": 8, "status": "optimal", "solve_seconds": 0.09100151062011719, "model_wall_seconds": 0.24559949999093078, "gap": 0.0, "actual_reward": 0.0}
{"period": 9, "status": "optimal", "solve_seconds": 0.11499977111816406, "model_wall_seconds": 0.2576986000058241, "gap": 0.0, "actual_reward": 199.04709863717449}
{"period": 10, "status": "optimal", "solve_seconds": 0.04199981689453125, "model_wall_seconds": 0.1942793000198435, "gap": 0.0, "actual_reward": -4.973799150320701e-15}
{"period": 11, "status": "optimal", "solve_seconds": 0.1289997100830078, "model_wall_seconds": 0.2711663999943994, "gap": 0.0, "actual_reward": -4.973799150320701e-15}
{"period": 12, "status": "optimal", "solve_seconds": 0.0839996337890625, "model_wall_seconds": 0.2508603000023868, "gap": 0.0, "actual_reward": 174.8965910526893}
{"period": 13, "status": "optimal", "solve_seconds": 0.12800025939941406, "model_wall_seconds": 0.27017229999182746, "gap": 0.0, "actual_reward": 39.74660053756699}
{"period": 14, "status": "optimal", "solve_seconds": 0.04599952697753906, "model_wall_seconds": 0.20913699999800883, "gap": 0.0, "actual_reward": -1.4566126083082053e-14}
{"period": 15, "status": "optimal", "solve_seconds": 0.18900108337402344, "model_wall_seconds": 0.33532990000094287, "gap": 0.0, "actual_reward": 120.17795507467301}
{"period": 16, "status": "optimal", "solve_seconds": 0.04799842834472656, "model_wall_seconds": 0.21269559999927878, "gap": 0.0, "actual_reward": 121.50617319973603}
{"period": 17, "status": "optimal", "solve_seconds": 0.125, "model_wall_seconds": 0.2679303000040818, "gap": 0.0, "actual_reward": 108.35659412062199}
{"period": 18, "status": "optimal", "solve_seconds": 0.09000015258789062, "model_wall_seconds": 0.24500380002427846, "gap": 0.0, "actual_reward": -1.5791812302268224e-14}
{"period": 19, "status": "optimal", "solve_seconds": 0.2089996337890625, "model_wall_seconds": 0.3691390999883879, "gap": 0.0, "actual_reward": 64.016666666935}
{"period": 20, "status": "optimal", "solve_seconds": 0.06599998474121094, "model_wall_seconds": 0.21911639999598265, "gap": 0.0, "actual_reward": 33.21333333339597}
{"period": 21, "status": "optimal", "solve_seconds": 0.14400100708007812, "model_wall_seconds": 0.2867299999925308, "gap": 0.0, "actual_reward": -2.0765611452588927e-14}
{"period": 22, "status": "optimal", "solve_seconds": 0.060001373291015625, "model_wall_seconds": 0.22493060000124387, "gap": 0.0, "actual_reward": -2.0765611452588927e-14}
{"period": 23, "status": "optimal", "solve_seconds": 0.14999961853027344, "model_wall_seconds": 0.2932631000003312, "gap": 0.0, "actual_reward": 238.13654994507402}
{"period": 24, "status": "optimal", "solve_seconds": 0.05200004577636719, "model_wall_seconds": 0.20239000002038665, "gap": 0.0, "actual_reward": -2.20090612401691e-14}
{"period": 25, "status": "optimal", "solve_seconds": 0.1309986114501953, "model_wall_seconds": 0.2769845000002533, "gap": 0.0, "actual_reward": 86.53389667851201}
{"period": 26, "status": "optimal", "solve_seconds": 0.07899856567382812, "model_wall_seconds": 0.23398990000714548, "gap": 0.0, "actual_reward": 149.7674689175584}
{"period": 27, "status": "optimal", "solve_seconds": 0.1490001678466797, "model_wall_seconds": 0.3136614999966696, "gap": 0.0, "actual_reward": -10.000000000000037}
{"period": 28, "status": "optimal", "solve_seconds": 0.08499908447265625, "model_wall_seconds": 0.24081869999645278, "gap": 0.0, "actual_reward": -3.288036509729864e-14}
{"period": 29, "status": "optimal", "solve_seconds": 0.17100143432617188, "model_wall_seconds": 0.3157749999954831, "gap": 0.0, "actual_reward": -3.288036509729864e-14}
{"period": 30, "status": "optimal", "solve_seconds": 0.10600090026855469, "model_wall_seconds": 0.27786159998504445, "gap": 0.0, "actual_reward": 101.78232470219}
{"period": 31, "status": "optimal", "solve_seconds": 0.17099952697753906, "model_wall_seconds": 0.32286249997559935, "gap": 0.0, "actual_reward": 47.99999999975995}
{"period": 32, "status": "optimal", "solve_seconds": 0.11800003051757812, "model_wall_seconds": 0.27553380001336336, "gap": 0.0, "actual_reward": 84.15039016916771}
{"period": 33, "status": "optimal", "solve_seconds": 0.24300003051757812, "model_wall_seconds": 0.3976595999847632, "gap": 0.0, "actual_reward": 258.52093015224943}
{"period": 34, "status": "optimal", "solve_seconds": 0.1569995880126953, "model_wall_seconds": 0.3214846999908332, "gap": 0.0, "actual_reward": 120.46500865017887}
{"period": 35, "status": "optimal", "solve_seconds": 0.2779998779296875, "model_wall_seconds": 0.4577554000134114, "gap": 0.0, "actual_reward": 233.9933062979331}
{"period": 36, "status": "optimal", "solve_seconds": 0.19699859619140625, "model_wall_seconds": 0.3671010000107344, "gap": 0.0, "actual_reward": 222.5989645717305}
{"period": 37, "status": "optimal", "solve_seconds": 0.2910003662109375, "model_wall_seconds": 0.4535023999924306, "gap": 0.0, "actual_reward": 174.47648083019712}
{"period": 38, "status": "optimal", "solve_seconds": 0.20400047302246094, "model_wall_seconds": 0.37642119999509305, "gap": 0.0, "actual_reward": 226.91560481868925}
{"period": 39, "status": "optimal", "solve_seconds": 0.3129997253417969, "model_wall_seconds": 0.4755686999997124, "gap": 0.0, "actual_reward": 778.5308545214908}
{"period": 40, "status": "optimal", "solve_seconds": 0.24200057983398438, "model_wall_seconds": 0.4252171999833081, "gap": 0.0, "actual_reward": 437.2917602717846}
{"period": 41, "status": "optimal", "solve_seconds": 0.375, "model_wall_seconds": 0.540083500003675, "gap": 0.0, "actual_reward": 529.5990457676018}
{"period": 42, "status": "optimal", "solve_seconds": 0.2700004577636719, "model_wall_seconds": 0.4726152999792248, "gap": 0.0, "actual_reward": 114.31358175164046}
{"period": 43, "status": "optimal", "solve_seconds": 0.4099998474121094, "model_wall_seconds": 0.5848685999808367, "gap": 0.0, "actual_reward": 317.17337208865416}
{"period": 44, "status": "optimal", "solve_seconds": 0.3260002136230469, "model_wall_seconds": 0.536297899991041, "gap": 0.0, "actual_reward": 812.4357519339094}
{"period": 45, "status": "optimal", "solve_seconds": 4.256999969482422, "model_wall_seconds": 4.463485499989474, "gap": 0.0, "actual_reward": 154.09950421397596}
{"period": 46, "status": "optimal", "solve_seconds": 29.07200050354004, "model_wall_seconds": 29.31201900000451, "gap": 0.0, "actual_reward": 461.69946266690084}
{"period": 47, "status": "optimal", "solve_seconds": 109.97099876403809, "model_wall_seconds": 110.24848950002342, "gap": 9.102828844492162e-05, "actual_reward": 467.98203917021294}
{"period": 48, "status": "time_limit", "solve_seconds": 120.00800132751465, "model_wall_seconds": 120.29464820001158, "gap": 0.0069638215579705485, "actual_reward": 1055.4666602402037}
{"period": 49, "status": "optimal", "solve_seconds": 63.520999908447266, "model_wall_seconds": 63.73884619999444, "gap": 0.0, "actual_reward": 117.7443071308884}
{"period": 50, "status": "time_limit", "solve_seconds": 120.28999900817871, "model_wall_seconds": 120.54106330001378, "gap": 0.009950013057952775, "actual_reward": 311.9292738924109}
{"period": 51, "status": "optimal", "solve_seconds": 6.460000991821289, "model_wall_seconds": 6.724679800012382, "gap": 7.031737065726898e-05, "actual_reward": 661.0764091859336}
{"period": 52, "status": "time_limit", "solve_seconds": 120.0049991607666, "model_wall_seconds": 120.37181149999378, "gap": 0.0021758007249228417, "actual_reward": 713.8253329856018}
{"period": 53, "status": "optimal", "solve_seconds": 2.006999969482422, "model_wall_seconds": 2.226624400005676, "gap": 0.0, "actual_reward": 356.07981618969444}
{"period": 54, "status": "optimal", "solve_seconds": 17.26099967956543, "model_wall_seconds": 17.46827929999563, "gap": 5.369499602884647e-11, "actual_reward": 802.3968225231083}
{"period": 55, "status": "optimal", "solve_seconds": 16.076000213623047, "model_wall_seconds": 16.272103700001026, "gap": 0.0, "actual_reward": 172.45989513280202}
{"period": 56, "status": "optimal", "solve_seconds": 56.643999099731445, "model_wall_seconds": 56.85521310000331, "gap": 0.0, "actual_reward": 158.45448151841276}
{"period": 57, "status": "time_limit", "solve_seconds": 120.0009994506836, "model_wall_seconds": 120.30724719999125, "gap": 0.00748906365312107, "actual_reward": 526.6985935953666}
{"period": 58, "status": "time_limit", "solve_seconds": 120.00200080871582, "model_wall_seconds": 120.38348690001294, "gap": 0.00022099626620100186, "actual_reward": 827.4468029249831}
{"period": 59, "status": "time_limit", "solve_seconds": 120.00199890136719, "model_wall_seconds": 120.32201609999174, "gap": 0.00016824179466127612, "actual_reward": 584.62620906029}
{"period": 60, "status": "optimal", "solve_seconds": 11.218000411987305, "model_wall_seconds": 11.47558949998347, "gap": 9.792892318000533e-05, "actual_reward": 457.68402645900784}
{"period": 61, "status": "optimal", "solve_seconds": 57.9119987487793, "model_wall_seconds": 58.178087099979166, "gap": 9.9940354379037e-05, "actual_reward": 1753.2640578749094}
{"period": 62, "status": "optimal", "solve_seconds": 5.009000778198242, "model_wall_seconds": 5.256946799985599, "gap": 9.150803471000902e-05, "actual_reward": 222.86452487137132}
{"period": 63, "status": "time_limit", "solve_seconds": 120.00200080871582, "model_wall_seconds": 120.3269302000117, "gap": 0.008130304760690524, "actual_reward": 246.02198659916564}
{"period": 64, "status": "optimal", "solve_seconds": 10.656000137329102, "model_wall_seconds": 10.93927000000258, "gap": 9.295489523501881e-05, "actual_reward": -109.41642589515455}
{"period": 65, "status": "optimal", "solve_seconds": 31.243000030517578, "model_wall_seconds": 31.46937330000219, "gap": 6.396751741090689e-05, "actual_reward": 916.8291068455694}
{"period": 66, "status": "optimal", "solve_seconds": 9.01099967956543, "model_wall_seconds": 9.251093500002753, "gap": 0.0, "actual_reward": 575.5180683896291}
{"period": 67, "status": "optimal", "solve_seconds": 25.187999725341797, "model_wall_seconds": 25.4006759999902, "gap": 7.373576382646338e-05, "actual_reward": 756.427418716662}
{"period": 68, "status": "optimal", "solve_seconds": 55.92300033569336, "model_wall_seconds": 56.23507689998951, "gap": 9.948985619422783e-05, "actual_reward": -144.52582329938832}
{"period": 69, "status": "time_limit", "solve_seconds": 120.01300048828125, "model_wall_seconds": 120.40009410001221, "gap": 0.010890249432331023, "actual_reward": 1432.703161853301}
{"period": 70, "status": "time_limit", "solve_seconds": 120.00299835205078, "model_wall_seconds": 120.29903139997623, "gap": 0.007407645451301489, "actual_reward": 868.8966573442368}
{"period": 71, "status": "time_limit", "solve_seconds": 120.0049991607666, "model_wall_seconds": 120.3763679000258, "gap": 0.013406036210059168, "actual_reward": 380.39787532989726}
{"period": 72, "status": "time_limit", "solve_seconds": 120.00600051879883, "model_wall_seconds": 120.36103329999605, "gap": 0.005262513119516616, "actual_reward": 703.4259427002637}
{"period": 73, "status": "time_limit", "solve_seconds": 120.0009994506836, "model_wall_seconds": 120.30722779998905, "gap": 0.017437748549517997, "actual_reward": 488.22684078349977}
{"period": 74, "status": "time_limit", "solve_seconds": 120.00300025939941, "model_wall_seconds": 120.30665929999668, "gap": 0.006776222834242475, "actual_reward": 233.39199877240685}
{"period": 75, "status": "time_limit", "solve_seconds": 120.23100090026855, "model_wall_seconds": 120.44320199999493, "gap": 0.024841763673466116, "actual_reward": 778.474701724951}
{"period": 76, "status": "optimal", "solve_seconds": 69.36000061035156, "model_wall_seconds": 69.59340690000681, "gap": 9.706740957208455e-05, "actual_reward": 1123.0270979473542}
{"period": 77, "status": "time_limit", "solve_seconds": 120.00200080871582, "model_wall_seconds": 120.26126940001268, "gap": 0.012346801116600263, "actual_reward": 990.0690237928437}
{"period": 78, "status": "optimal", "solve_seconds": 58.69900131225586, "model_wall_seconds": 58.9369796999963, "gap": 9.816312444122665e-05, "actual_reward": 510.2149373702142}
{"period": 79, "status": "optimal", "solve_seconds": 81.96100044250488, "model_wall_seconds": 82.19234479998704, "gap": 0.0, "actual_reward": 4.769322471978839}
{"period": 80, "status": "optimal", "solve_seconds": 23.350000381469727, "model_wall_seconds": 23.55787419999251, "gap": 2.7611735142523103e-05, "actual_reward": -26.888914040372395}
{"period": 81, "status": "time_limit", "solve_seconds": 120.01700019836426, "model_wall_seconds": 120.37075150001328, "gap": 0.005950130074174812, "actual_reward": 381.62995522335575}
{"period": 82, "status": "optimal", "solve_seconds": 4.924999237060547, "model_wall_seconds": 5.19562230000156, "gap": 2.5122316259200737e-05, "actual_reward": 247.17996301298612}
{"period": 83, "status": "optimal", "solve_seconds": 7.9720001220703125, "model_wall_seconds": 8.16124720001244, "gap": 0.0, "actual_reward": 1344.5246192005336}
{"period": 84, "status": "optimal", "solve_seconds": 19.64099884033203, "model_wall_seconds": 19.83477829999174, "gap": 7.80837327666492e-05, "actual_reward": 717.0555551571911}
{"period": 85, "status": "optimal", "solve_seconds": 21.871000289916992, "model_wall_seconds": 22.056870000000345, "gap": 0.0, "actual_reward": 61.84837165719959}
{"period": 86, "status": "optimal", "solve_seconds": 1.2299995422363281, "model_wall_seconds": 1.3831725000054576, "gap": 0.0, "actual_reward": 842.9177399486626}
{"period": 87, "status": "optimal", "solve_seconds": 0.9409999847412109, "model_wall_seconds": 1.071222200000193, "gap": 4.752564354498902e-05, "actual_reward": 748.4384301605154}
{"period": 88, "status": "optimal", "solve_seconds": 0.5450000762939453, "model_wall_seconds": 0.6701328000053763, "gap": 0.0, "actual_reward": 583.0668565899168}
{"period": 89, "status": "optimal", "solve_seconds": 0.6599998474121094, "model_wall_seconds": 0.7764497000025585, "gap": 0.0, "actual_reward": 471.9428233838177}
{"period": 90, "status": "optimal", "solve_seconds": 0.7989997863769531, "model_wall_seconds": 0.9332769999746233, "gap": 0.0, "actual_reward": 13.726477245884144}
{"period": 91, "status": "optimal", "solve_seconds": 0.9919986724853516, "model_wall_seconds": 1.1180992999870796, "gap": 0.0, "actual_reward": 473.158525549159}
{"period": 92, "status": "optimal", "solve_seconds": 0.6539993286132812, "model_wall_seconds": 0.8362666000030003, "gap": 0.0, "actual_reward": 26.922391156668972}
{"period": 93, "status": "optimal", "solve_seconds": 0.8220005035400391, "model_wall_seconds": 0.9362913000222761, "gap": 9.64879851507654e-05, "actual_reward": 352.21392596148377}
{"period": 94, "status": "optimal", "solve_seconds": 0.5269985198974609, "model_wall_seconds": 0.6490215999947395, "gap": 8.721443514689883e-05, "actual_reward": 518.6499091066092}
{"period": 95, "status": "optimal", "solve_seconds": 0.6150016784667969, "model_wall_seconds": 0.7214830000011716, "gap": 0.0, "actual_reward": 417.0818511398522}
{"period": 96, "status": "optimal", "solve_seconds": 0.3579998016357422, "model_wall_seconds": 0.5156810999906156, "gap": 0.0, "actual_reward": 524.6158011240572}
{"period": 97, "status": "optimal", "solve_seconds": 0.4249992370605469, "model_wall_seconds": 0.5220733000023756, "gap": 0.0, "actual_reward": 243.4778157266619}
{"period": 98, "status": "optimal", "solve_seconds": 0.3279991149902344, "model_wall_seconds": 0.41978779999772087, "gap": 0.0, "actual_reward": 177.13324351432948}
{"period": 99, "status": "optimal", "solve_seconds": 0.3680000305175781, "model_wall_seconds": 0.44946190001792274, "gap": 0.0, "actual_reward": 164.47929843507856}
{"period": 100, "status": "optimal", "solve_seconds": 0.39800071716308594, "model_wall_seconds": 0.5775764999852981, "gap": 0.0, "actual_reward": 293.5325494999462}
{"period": 101, "status": "optimal", "solve_seconds": 0.3249988555908203, "model_wall_seconds": 0.4058389999845531, "gap": 0.0, "actual_reward": 293.72547490021253}
{"period": 102, "status": "optimal", "solve_seconds": 0.22500038146972656, "model_wall_seconds": 0.3029880999820307, "gap": 0.0, "actual_reward": -28.44999999955302}
{"period": 103, "status": "optimal", "solve_seconds": 0.22999954223632812, "model_wall_seconds": 0.3053512000187766, "gap": 0.0, "actual_reward": 343.5857054765867}
{"period": 104, "status": "optimal", "solve_seconds": 0.11999893188476562, "model_wall_seconds": 0.1890066000050865, "gap": 0.0, "actual_reward": -86.20263157894728}
{"period": 105, "status": "optimal", "solve_seconds": 0.1960010528564453, "model_wall_seconds": 0.2661380000063218, "gap": 0.0, "actual_reward": 238.73666666706404}
{"period": 106, "status": "optimal", "solve_seconds": 0.1289997100830078, "model_wall_seconds": 0.20116709999274462, "gap": 0.0, "actual_reward": 442.87960286303905}
{"period": 107, "status": "optimal", "solve_seconds": 0.14599990844726562, "model_wall_seconds": 0.21624850001535378, "gap": 0.0, "actual_reward": 75.75839764771173}
{"period": 108, "status": "optimal", "solve_seconds": 0.10700035095214844, "model_wall_seconds": 0.1699930000177119, "gap": 0.0, "actual_reward": 116.72666666663898}
{"period": 109, "status": "optimal", "solve_seconds": 0.1569995880126953, "model_wall_seconds": 0.29187139999703504, "gap": 0.0, "actual_reward": 31.578329479686264}
{"period": 110, "status": "optimal", "solve_seconds": 0.13000106811523438, "model_wall_seconds": 0.19151469998178072, "gap": 0.0, "actual_reward": 100.69333333308498}
{"period": 111, "status": "optimal", "solve_seconds": 0.11900138854980469, "model_wall_seconds": 0.1799479000037536, "gap": 0.0, "actual_reward": 44.67000000009197}
{"period": 112, "status": "optimal", "solve_seconds": 0.13199996948242188, "model_wall_seconds": 0.19102319999365136, "gap": 0.0, "actual_reward": -50.68738647615809}
{"period": 113, "status": "optimal", "solve_seconds": 0.11400032043457031, "model_wall_seconds": 0.18305670001427643, "gap": 0.0, "actual_reward": 284.4640350884728}
{"period": 114, "status": "optimal", "solve_seconds": 0.07799911499023438, "model_wall_seconds": 0.14031170000089332, "gap": 0.0, "actual_reward": 96.7679454026502}
{"period": 115, "status": "optimal", "solve_seconds": 0.09000015258789062, "model_wall_seconds": 0.14704489998985082, "gap": 0.0, "actual_reward": 57.246666666585995}
{"period": 116, "status": "optimal", "solve_seconds": 0.07399940490722656, "model_wall_seconds": 0.1315828000078909, "gap": 0.0, "actual_reward": 253.886666665872}
{"period": 117, "status": "optimal", "solve_seconds": 0.04599952697753906, "model_wall_seconds": 0.09963139999308623, "gap": 0.0, "actual_reward": 116.6024561406206}
{"period": 118, "status": "optimal", "solve_seconds": 0.031000137329101562, "model_wall_seconds": 0.081852200004505, "gap": 0.0, "actual_reward": -2.5649122807136857}
{"period": 119, "status": "optimal", "solve_seconds": 0.17099952697753906, "model_wall_seconds": 0.23010660000727512, "gap": 0.0, "actual_reward": -51.200000000000095}
{"period": 120, "status": "optimal", "solve_seconds": 0.08499908447265625, "model_wall_seconds": 0.1417786999954842, "gap": 0.0, "actual_reward": -46.80000000000001}
{"period": 121, "status": "optimal", "solve_seconds": 0.08300018310546875, "model_wall_seconds": 0.13269849997595884, "gap": 0.0, "actual_reward": 64.31175956535472}
{"period": 122, "status": "optimal", "solve_seconds": 0.048999786376953125, "model_wall_seconds": 0.10822600001120009, "gap": 0.0, "actual_reward": -31.200000000000006}
{"period": 123, "status": "optimal", "solve_seconds": 0.06399917602539062, "model_wall_seconds": 0.11004939998383634, "gap": 0.0, "actual_reward": 38.86024772993295}
{"period": 124, "status": "optimal", "solve_seconds": 0.0540008544921875, "model_wall_seconds": 0.10829920001560822, "gap": 0.0, "actual_reward": 57.7407017543604}
{"period": 125, "status": "optimal", "solve_seconds": 0.09000015258789062, "model_wall_seconds": 0.14495429999078624, "gap": 0.0, "actual_reward": -30.850000000000016}
{"period": 126, "status": "optimal", "solve_seconds": 0.06299972534179688, "model_wall_seconds": 0.12381019999156706, "gap": 0.0, "actual_reward": 84.85000000032}
{"period": 127, "status": "optimal", "solve_seconds": 0.09600067138671875, "model_wall_seconds": 0.15292419999605045, "gap": 0.0, "actual_reward": -20.850000000000012}
{"period": 128, "status": "optimal", "solve_seconds": 0.06399917602539062, "model_wall_seconds": 0.11288820000481792, "gap": 0.0, "actual_reward": -24.42368421064736}
{"period": 129, "status": "optimal", "solve_seconds": 0.06499862670898438, "model_wall_seconds": 0.11830460000783205, "gap": 0.0, "actual_reward": 104.11000000017597}
{"period": 130, "status": "optimal", "solve_seconds": 0.05299949645996094, "model_wall_seconds": 0.10618790000444278, "gap": 0.0, "actual_reward": -18.376523430284216}
{"period": 131, "status": "optimal", "solve_seconds": 0.048999786376953125, "model_wall_seconds": 0.10451380000449717, "gap": 0.0, "actual_reward": 36.26868421053597}
{"period": 132, "status": "optimal", "solve_seconds": 0.05300140380859375, "model_wall_seconds": 0.10709119998500682, "gap": 0.0, "actual_reward": 59.59999999970198}
{"period": 133, "status": "optimal", "solve_seconds": 0.05900001525878906, "model_wall_seconds": 0.1109606999962125, "gap": 0.0, "actual_reward": -7.192409096745805}
{"period": 134, "status": "optimal", "solve_seconds": 0.033000946044921875, "model_wall_seconds": 0.08433579999837093, "gap": 0.0, "actual_reward": -10.35}
{"period": 135, "status": "optimal", "solve_seconds": 0.035999298095703125, "model_wall_seconds": 0.0851117999991402, "gap": 0.0, "actual_reward": -19.701315789473682}
{"period": 136, "status": "optimal", "solve_seconds": 0.05100059509277344, "model_wall_seconds": 0.1009413999854587, "gap": 0.0, "actual_reward": 104.12759090292252}
{"period": 137, "status": "optimal", "solve_seconds": 0.03800010681152344, "model_wall_seconds": 0.09375569998519495, "gap": 0.0, "actual_reward": -14.550000000000026}
{"period": 138, "status": "optimal", "solve_seconds": 0.050998687744140625, "model_wall_seconds": 0.11997719999635592, "gap": 0.0, "actual_reward": -4.80000000000003}
{"period": 139, "status": "optimal", "solve_seconds": 0.05100059509277344, "model_wall_seconds": 0.10126910000690259, "gap": 0.0, "actual_reward": 27.7469716369516}
{"period": 140, "status": "optimal", "solve_seconds": 0.05299949645996094, "model_wall_seconds": 0.10542410000925884, "gap": 0.0, "actual_reward": -3.499422973618493e-14}
{"period": 141, "status": "optimal", "solve_seconds": 0.0579986572265625, "model_wall_seconds": 0.10372879999340512, "gap": 0.0, "actual_reward": -3.11928260998684e-14}
{"period": 142, "status": "optimal", "solve_seconds": 0.034999847412109375, "model_wall_seconds": 0.08433099999092519, "gap": 0.0, "actual_reward": -9.750000000000005}
{"period": 143, "status": "optimal", "solve_seconds": 0.02700042724609375, "model_wall_seconds": 0.1629745999816805, "gap": 0.0, "actual_reward": 99.586666666564}
{"period": 144, "status": "optimal", "solve_seconds": 0.01599884033203125, "model_wall_seconds": 0.06530499999644235, "gap": 0.0, "actual_reward": 0.0}
{"period": 145, "status": "optimal", "solve_seconds": 0.019001007080078125, "model_wall_seconds": 0.06910240001161583, "gap": 0.0, "actual_reward": 36.73666666670097}
{"period": 146, "status": "optimal", "solve_seconds": 0.03899955749511719, "model_wall_seconds": 0.08845239999936894, "gap": 0.0, "actual_reward": -17.40000000000001}
{"period": 147, "status": "optimal", "solve_seconds": 0.02700042724609375, "model_wall_seconds": 0.08322450000559911, "gap": 0.0, "actual_reward": -17.4}
{"period": 148, "status": "optimal", "solve_seconds": 0.024000167846679688, "model_wall_seconds": 0.0741750999877695, "gap": 0.0, "actual_reward": -17.4}
{"period": 149, "status": "optimal", "solve_seconds": 0.021999359130859375, "model_wall_seconds": 0.07323569999425672, "gap": 0.0, "actual_reward": -4.819534935359978}
{"period": 150, "status": "optimal", "solve_seconds": 0.0260009765625, "model_wall_seconds": 0.07421349998912774, "gap": 0.0, "actual_reward": -17.4}
{"period": 151, "status": "optimal", "solve_seconds": 0.0149993896484375, "model_wall_seconds": 0.062268099980428815, "gap": 0.0, "actual_reward": 62.18666666660795}
{"state": "complete", "started_at": "2026-09-17T19:55:49.479772+00:00", "scenario": "D:\\Myfiles\\vscode_files\\cleanrl_BSS\\ExpresswayBSSs_v2\\data\\final_real_data_v1\\scenarios\\day_37.json", "route_mode": "joint", "charging_mode": "joint", "model": null, "deadline": null, "pid": 18944, "created": 1789674949.2967641, "source_snapshot": "D:\\Myfiles\\vscode_files\\cleanrl_BSS\\ExpresswayBSSs_v2\\outputs\\zero_terminal_real_data_seed1_v1\\runs\\h7_day37\\source_snapshots\\e04451463b9d6545577ff982cb3a33775239dc78ba1d91c5d8a88c86fabb05aa", "prior_attempt_seconds": 0.0, "runtime_timing_incomplete": false, "runtime_timing_estimated": false, "launcher_source_snapshot": "D:\\Myfiles\\vscode_files\\cleanrl_BSS\\ExpresswayBSSs_v2\\outputs\\zero_terminal_real_data_seed1_v1\\code_snapshots\\40ec378611b206b02ef446c50a74e31e0ead20388937d43f8a3085ca15610712", "finished_at": "2026-09-17T20:47:50.285479+00:00", "wall_seconds": 3120.8052838000003, "metrics": {"net_profit_yuan": 36891.20535547499, "service_income_yuan": 51848.818951564805, "charging_cost_yuan": 13657.613596089679, "adjustment_cost_yuan": 1300.0, "reservation_failure_cost_yuan": 0.0, "reservation_count": 200, "actual_random_count": 200, "reservation_failures": 0, "reservation_failure_rate": 0.0, "reservation_completed": 200, "reservation_unfinished_at_L": 32, "reservation_unfinished_rate_at_L": 0.16, "reservation_unfinished_after_cleanup": 0, "random_services": 170, "random_service_rate": 0.85, "mean_wait_minutes_served": 12.98296246237507, "path_adjustments": 130, "solver_seconds_mean": 18.14928472910496, "solver_seconds_p95": 120.00399971008301, "model_wall_seconds_mean": 18.30132156225046, "model_wall_seconds_p95": 120.34398175000388, "model_wall_seconds_total": 2763.49955589982, "mip_gap_mean": 0.0009321556272615045, "mip_gap_max": 0.024841763673466116, "mip_gap_target_met_fraction": 0.8940397350993378, "solver_status_counts": {"optimal": 135, "time_limit": 16}, "completed_periods": 151, "demand_periods": 96, "cleanup_periods": 55, "cleanup_hours": 13.75, "time_limit_fraction": 0.10596026490066225, "final_inventory_kwh": 5088.1529706939, "random_timeouts": 30, "terminal_settlement": "none", "operating_duration_hours": 24.0, "current_attempt_wall_seconds": 3120.8028200999834, "prior_attempt_wall_seconds": 0.0, "known_runtime_seconds": 3120.8028200999834, "runtime_timing_incomplete": false, "runtime_timing_estimated": false, "worker_wall_seconds": 3120.8028200999834}}
