{"period": 1, "status": "optimal", "solve_seconds": 0.16299819946289062, "model_wall_seconds": 0.3130405999836512, "gap": 0.0, "actual_reward": 0.0}
{"period": 2, "status": "optimal", "solve_seconds": 0.07899856567382812, "model_wall_seconds": 0.23165989998960868, "gap": 0.0, "actual_reward": 66.5842640561615}
{"period": 3, "status": "optimal", "solve_seconds": 0.13300132751464844, "model_wall_seconds": 0.28411940002115443, "gap": 0.0, "actual_reward": -1.1013412404281553e-15}
{"period": 4, "status": "optimal", "solve_seconds": 0.07800102233886719, "model_wall_seconds": 0.23478090000571683, "gap": 0.0, "actual_reward": 184.3607174999094}
{"period": 5, "status": "optimal", "solve_seconds": 0.10700035095214844, "model_wall_seconds": 0.2401945000165142, "gap": 0.0, "actual_reward": 155.68645704468108}
{"period": 6, "status": "optimal", "solve_seconds": 0.022998809814453125, "model_wall_seconds": 0.1647518000099808, "gap": 0.0, "actual_reward": -1.6520118606422328e-15}
{"period": 7, "status": "optimal", "solve_seconds": 0.11499977111816406, "model_wall_seconds": 0.2582594999985304, "gap": 0.0, "actual_reward": 163.4890365733383}
{"period": 8, "status": "optimal", "solve_seconds": 0.029001235961914062, "model_wall_seconds": 0.16625489998841658, "gap": 0.0, "actual_reward": 72.881601385122}
{"period": 9, "status": "optimal", "solve_seconds": 0.10199928283691406, "model_wall_seconds": 0.24017340000136755, "gap": 0.0, "actual_reward": 84.09317079357477}
{"period": 10, "status": "optimal", "solve_seconds": 0.03999900817871094, "model_wall_seconds": 0.18243819999042898, "gap": 0.0, "actual_reward": -3.3040237212844656e-15}
{"period": 11, "status": "optimal", "solve_seconds": 0.10700035095214844, "model_wall_seconds": 0.24347660000785254, "gap": 0.0, "actual_reward": -2.2026824808563106e-15}
{"period": 12, "status": "optimal", "solve_seconds": 0.034999847412109375, "model_wall_seconds": 0.17499549998319708, "gap": 0.0, "actual_reward": -2.2026824808563106e-15}
{"period": 13, "status": "optimal", "solve_seconds": 0.1100006103515625, "model_wall_seconds": 0.2471611000073608, "gap": 0.0, "actual_reward": 94.300768244295}
{"period": 14, "status": "optimal", "solve_seconds": 0.02700042724609375, "model_wall_seconds": 0.16199940000660717, "gap": 0.0, "actual_reward": 84.636564352644}
{"period": 15, "status": "optimal", "solve_seconds": 0.08099937438964844, "model_wall_seconds": 0.21902820002287626, "gap": 0.0, "actual_reward": -7.105427357601002e-15}
{"period": 16, "status": "optimal", "solve_seconds": 0.006000518798828125, "model_wall_seconds": 0.13492299997597001, "gap": 0.0, "actual_reward": -2.2026824808563106e-15}
{"period": 17, "status": "optimal", "solve_seconds": 0.06999969482421875, "model_wall_seconds": 0.21187600001576357, "gap": 0.0, "actual_reward": -2.2026824808563106e-15}
{"period": 18, "status": "optimal", "solve_seconds": 0.010999679565429688, "model_wall_seconds": 0.13690030001453124, "gap": 0.0, "actual_reward": -2.2026824808563106e-15}
{"period": 19, "status": "optimal", "solve_seconds": 0.08699989318847656, "model_wall_seconds": 0.21430730001884513, "gap": 0.0, "actual_reward": -2.2026824808563106e-15}
{"period": 20, "status": "optimal", "solve_seconds": 0.023000717163085938, "model_wall_seconds": 0.15870100000756793, "gap": 0.0, "actual_reward": -2.2026824808563106e-15}
{"period": 21, "status": "optimal", "solve_seconds": 0.09200096130371094, "model_wall_seconds": 0.21537660001195036, "gap": 0.0, "actual_reward": -2.2026824808563106e-15}
{"period": 22, "status": "optimal", "solve_seconds": 0.05800056457519531, "model_wall_seconds": 0.2085557000245899, "gap": 0.0, "actual_reward": -2.2026824808563106e-15}
{"period": 23, "status": "optimal", "solve_seconds": 0.10499954223632812, "model_wall_seconds": 0.23248030000831932, "gap": 0.0, "actual_reward": 148.7737625510851}
{"period": 24, "status": "optimal", "solve_seconds": 0.019001007080078125, "model_wall_seconds": 0.1560833000112325, "gap": 0.0, "actual_reward": 79.54199883693626}
{"period": 25, "status": "optimal", "solve_seconds": 0.08699989318847656, "model_wall_seconds": 0.21598120001726784, "gap": 0.0, "actual_reward": -8.597567102697212e-15}
{"period": 26, "status": "optimal", "solve_seconds": 0.034999847412109375, "model_wall_seconds": 0.17837039998266846, "gap": 0.0, "actual_reward": 65.07894319271136}
{"period": 27, "status": "optimal", "solve_seconds": 0.08900070190429688, "model_wall_seconds": 0.21723979999660514, "gap": 0.0, "actual_reward": -1.2434497875801753e-14}
{"period": 28, "status": "optimal", "solve_seconds": 0.06999969482421875, "model_wall_seconds": 0.20815639998181723, "gap": 0.0, "actual_reward": -1.2434497875801753e-14}
{"period": 29, "status": "optimal", "solve_seconds": 0.125, "model_wall_seconds": 0.2608564000111073, "gap": 0.0, "actual_reward": 108.64083327280862}
{"period": 30, "status": "optimal", "solve_seconds": 0.07800102233886719, "model_wall_seconds": 0.23634639999363571, "gap": 0.0, "actual_reward": -1.666222715357435e-14}
{"period": 31, "status": "optimal", "solve_seconds": 0.194000244140625, "model_wall_seconds": 0.3295143000141252, "gap": 0.0, "actual_reward": 78.14559262368}
{"period": 32, "status": "optimal", "solve_seconds": 0.09600067138671875, "model_wall_seconds": 0.2590982000110671, "gap": 0.0, "actual_reward": 196.13041896833096}
{"period": 33, "status": "optimal", "solve_seconds": 0.1569995880126953, "model_wall_seconds": 0.29403069999534637, "gap": 0.0, "actual_reward": 84.55975674763599}
{"period": 34, "status": "optimal", "solve_seconds": 0.11100006103515625, "model_wall_seconds": 0.26936589999240823, "gap": 0.0, "actual_reward": 214.51942856167648}
{"period": 35, "status": "optimal", "solve_seconds": 0.1750011444091797, "model_wall_seconds": 0.31927760000689887, "gap": 0.0, "actual_reward": 181.7898882627448}
{"period": 36, "status": "optimal", "solve_seconds": 0.11200141906738281, "model_wall_seconds": 0.2823962999973446, "gap": 0.0, "actual_reward": 423.1144237833751}
{"period": 37, "status": "optimal", "solve_seconds": 0.22500038146972656, "model_wall_seconds": 0.366706200002227, "gap": 0.0, "actual_reward": 244.50246025559034}
{"period": 38, "status": "optimal", "solve_seconds": 0.17200088500976562, "model_wall_seconds": 0.33562960001290776, "gap": 0.0, "actual_reward": 654.6532170257552}
{"period": 39, "status": "optimal", "solve_seconds": 0.21500015258789062, "model_wall_seconds": 0.36102139999275096, "gap": 0.0, "actual_reward": 597.9986054939725}
{"period": 40, "status": "optimal", "solve_seconds": 0.16400146484375, "model_wall_seconds": 0.3245392999961041, "gap": 0.0, "actual_reward": 136.89208935456196}
{"period": 41, "status": "optimal", "solve_seconds": 0.2670001983642578, "model_wall_seconds": 0.42134440000518225, "gap": 0.0, "actual_reward": 482.81595775430634}
{"period": 42, "status": "optimal", "solve_seconds": 0.16899871826171875, "model_wall_seconds": 0.3314952000218909, "gap": 0.0, "actual_reward": 360.37651740261015}
{"period": 43, "status": "optimal", "solve_seconds": 0.2969989776611328, "model_wall_seconds": 0.44456720000016503, "gap": 0.0, "actual_reward": 203.671325698261}
{"period": 44, "status": "optimal", "solve_seconds": 0.24200057983398438, "model_wall_seconds": 0.40240549997542985, "gap": 0.0, "actual_reward": 435.18758047427053}
{"period": 45, "status": "optimal", "solve_seconds": 0.3379993438720703, "model_wall_seconds": 0.49428730001091026, "gap": 0.0, "actual_reward": 647.1780245928501}
{"period": 46, "status": "optimal", "solve_seconds": 0.27700042724609375, "model_wall_seconds": 0.4424673999892548, "gap": 0.0, "actual_reward": 525.1956254841842}
{"period": 47, "status": "optimal", "solve_seconds": 0.37999916076660156, "model_wall_seconds": 0.5349330000171904, "gap": 0.0, "actual_reward": 664.909495216858}
{"period": 48, "status": "optimal", "solve_seconds": 0.3040008544921875, "model_wall_seconds": 0.46526080000330694, "gap": 0.0, "actual_reward": 517.9321781316775}
{"period": 49, "status": "optimal", "solve_seconds": 0.3400001525878906, "model_wall_seconds": 0.48959449998801574, "gap": 0.0, "actual_reward": 798.5735544870834}
{"period": 50, "status": "optimal", "solve_seconds": 0.49900054931640625, "model_wall_seconds": 0.6644089999899734, "gap": 0.0, "actual_reward": 412.0680975146808}
{"period": 51, "status": "optimal", "solve_seconds": 0.43900108337402344, "model_wall_seconds": 0.6053838999941945, "gap": 0.0, "actual_reward": 445.44694164058234}
{"period": 52, "status": "optimal", "solve_seconds": 0.3169994354248047, "model_wall_seconds": 0.4703404999745544, "gap": 0.0, "actual_reward": 362.6290306324894}
{"period": 53, "status": "optimal", "solve_seconds": 0.3510017395019531, "model_wall_seconds": 0.4919746999803465, "gap": 0.0, "actual_reward": 806.2835228251358}
{"period": 54, "status": "optimal", "solve_seconds": 0.36499977111816406, "model_wall_seconds": 0.5135750999907032, "gap": 0.0, "actual_reward": 334.4660901481058}
{"period": 55, "status": "optimal", "solve_seconds": 0.45400047302246094, "model_wall_seconds": 0.6005746000155341, "gap": 0.0, "actual_reward": 1009.1501093885083}
{"period": 56, "status": "optimal", "solve_seconds": 0.38699913024902344, "model_wall_seconds": 0.5685072000196669, "gap": 0.0, "actual_reward": -52.05000000000011}
{"period": 57, "status": "optimal", "solve_seconds": 0.9880008697509766, "model_wall_seconds": 1.150103299994953, "gap": 0.0, "actual_reward": 535.9163407920466}
{"period": 58, "status": "optimal", "solve_seconds": 1.2810001373291016, "model_wall_seconds": 1.4449693999777082, "gap": 1.6097133634781606e-06, "actual_reward": 207.55224024299594}
{"period": 59, "status": "optimal", "solve_seconds": 2.3769989013671875, "model_wall_seconds": 2.5506388999929186, "gap": 0.0, "actual_reward": 204.2524894499136}
{"period": 60, "status": "optimal", "solve_seconds": 3.3470001220703125, "model_wall_seconds": 3.518881700001657, "gap": 8.740874685722198e-05, "actual_reward": 119.40155232927465}
{"period": 61, "status": "optimal", "solve_seconds": 2.7350006103515625, "model_wall_seconds": 2.947701400000369, "gap": 5.535392202180192e-05, "actual_reward": 552.0095097690588}
{"period": 62, "status": "optimal", "solve_seconds": 3.0079994201660156, "model_wall_seconds": 3.1784277000115253, "gap": 0.0, "actual_reward": 170.5427942668869}
{"period": 63, "status": "optimal", "solve_seconds": 6.891000747680664, "model_wall_seconds": 7.067905599978985, "gap": 0.0, "actual_reward": 929.8917222443316}
{"period": 64, "status": "optimal", "solve_seconds": 0.4739990234375, "model_wall_seconds": 0.6507418999972288, "gap": 0.0, "actual_reward": 570.7908436694714}
{"period": 65, "status": "optimal", "solve_seconds": 0.8559989929199219, "model_wall_seconds": 1.0218976000032853, "gap": 0.0, "actual_reward": 596.6325995675734}
{"period": 66, "status": "optimal", "solve_seconds": 0.6429996490478516, "model_wall_seconds": 0.8405026999826077, "gap": 0.0, "actual_reward": 1104.1927593302676}
{"period": 67, "status": "optimal", "solve_seconds": 0.4589996337890625, "model_wall_seconds": 0.6103014000109397, "gap": 0.0, "actual_reward": 519.9514431914173}
{"period": 68, "status": "optimal", "solve_seconds": 0.3470001220703125, "model_wall_seconds": 0.5279743999999482, "gap": 0.0, "actual_reward": -1003.833817350114}
{"period": 69, "status": "optimal", "solve_seconds": 0.4809989929199219, "model_wall_seconds": 0.6812890000001062, "gap": 0.0, "actual_reward": 1240.030904154541}
{"period": 70, "status": "optimal", "solve_seconds": 0.4829998016357422, "model_wall_seconds": 0.638127699989127, "gap": 0.0, "actual_reward": -1433.746030074738}
{"period": 71, "status": "optimal", "solve_seconds": 0.5410003662109375, "model_wall_seconds": 0.6893962000031024, "gap": 0.0, "actual_reward": 1153.7661581449754}
{"period": 72, "status": "optimal", "solve_seconds": 0.28900146484375, "model_wall_seconds": 0.42585860000690445, "gap": 0.0, "actual_reward": -1502.84277572538}
{"period": 73, "status": "optimal", "solve_seconds": 0.37599945068359375, "model_wall_seconds": 0.519232299993746, "gap": 0.0, "actual_reward": -514.4904580038033}
{"period": 74, "status": "optimal", "solve_seconds": 0.3950004577636719, "model_wall_seconds": 0.5285604000091553, "gap": 0.0, "actual_reward": -311.2245922274949}
{"period": 75, "status": "optimal", "solve_seconds": 0.4610004425048828, "model_wall_seconds": 0.589906900015194, "gap": 0.0, "actual_reward": -1707.7007121649694}
{"period": 76, "status": "optimal", "solve_seconds": 0.36499977111816406, "model_wall_seconds": 0.5031399999861605, "gap": 0.0, "actual_reward": 267.6689032435072}
{"period": 77, "status": "optimal", "solve_seconds": 0.46700096130371094, "model_wall_seconds": 0.6046458999917377, "gap": 0.0, "actual_reward": -2130.958322586125}
{"period": 78, "status": "optimal", "solve_seconds": 0.46099853515625, "model_wall_seconds": 0.5904810999927577, "gap": 0.0, "actual_reward": -334.405380531848}
{"period": 79, "status": "optimal", "solve_seconds": 0.41699981689453125, "model_wall_seconds": 0.5503883000055794, "gap": 0.0, "actual_reward": -626.8444596280926}
{"period": 80, "status": "optimal", "solve_seconds": 0.2909984588623047, "model_wall_seconds": 0.4130979999899864, "gap": 0.0, "actual_reward": -1268.696586787}
{"period": 81, "status": "optimal", "solve_seconds": 0.3549995422363281, "model_wall_seconds": 0.4913724999933038, "gap": 0.0, "actual_reward": -1987.4557204226162}
{"period": 82, "status": "optimal", "solve_seconds": 0.3080005645751953, "model_wall_seconds": 0.429857200011611, "gap": 0.0, "actual_reward": -5276.350523090507}
{"period": 83, "status": "optimal", "solve_seconds": 0.3120002746582031, "model_wall_seconds": 0.4411795999913011, "gap": 0.0, "actual_reward": -4834.980521530099}
{"period": 84, "status": "optimal", "solve_seconds": 0.24200057983398438, "model_wall_seconds": 0.35823500002152286, "gap": 0.0, "actual_reward": -2096.245438433136}
{"period": 85, "status": "optimal", "solve_seconds": 0.2199993133544922, "model_wall_seconds": 0.3329762000066694, "gap": 0.0, "actual_reward": -4812.445648218036}
{"period": 86, "status": "optimal", "solve_seconds": 0.14299964904785156, "model_wall_seconds": 0.24786120001226664, "gap": 0.0, "actual_reward": -3583.14258780749}
{"period": 87, "status": "optimal", "solve_seconds": 0.1979999542236328, "model_wall_seconds": 0.36035849998006597, "gap": 4.843495813597196e-05, "actual_reward": -963.0761210731591}
{"period": 88, "status": "optimal", "solve_seconds": 0.14400100708007812, "model_wall_seconds": 0.2575832000002265, "gap": 0.0, "actual_reward": -2602.691942991924}
{"period": 89, "status": "optimal", "solve_seconds": 0.1550006866455078, "model_wall_seconds": 0.24698389999684878, "gap": 0.0, "actual_reward": -3881.3971925361675}
{"period": 90, "status": "optimal", "solve_seconds": 0.10099983215332031, "model_wall_seconds": 0.19296810001833364, "gap": 0.0, "actual_reward": -859.5139675659428}
{"period": 91, "status": "optimal", "solve_seconds": 0.17200088500976562, "model_wall_seconds": 0.2553323000029195, "gap": 0.0, "actual_reward": -1986.755797284786}
{"period": 92, "status": "optimal", "solve_seconds": 0.10799980163574219, "model_wall_seconds": 0.1957739000208676, "gap": 0.0, "actual_reward": -800.6104503510518}
{"period": 93, "status": "optimal", "solve_seconds": 0.0970001220703125, "model_wall_seconds": 0.18113260000245646, "gap": 0.0, "actual_reward": -4030.3500000000004}
{"period": 94, "status": "optimal", "solve_seconds": 0.07000160217285156, "model_wall_seconds": 0.1443983999779448, "gap": 0.0, "actual_reward": -3899.029999999816}
{"period": 95, "status": "optimal", "solve_seconds": 0.10200119018554688, "model_wall_seconds": 0.16901170002529398, "gap": 0.0, "actual_reward": -31.05000000000007}
{"period": 96, "status": "optimal", "solve_seconds": 0.08299827575683594, "model_wall_seconds": 0.151959100010572, "gap": 0.0, "actual_reward": -1838.5149911582607}
{"period": 97, "status": "optimal", "solve_seconds": 0.07999992370605469, "model_wall_seconds": 0.14832639999804087, "gap": 0.0, "actual_reward": -1782.0785482394162}
{"period": 98, "status": "optimal", "solve_seconds": 0.05299949645996094, "model_wall_seconds": 0.11482829999295063, "gap": 0.0, "actual_reward": -2019.0785277448495}
{"period": 99, "status": "optimal", "solve_seconds": 0.062000274658203125, "model_wall_seconds": 0.11707510001724586, "gap": 0.0, "actual_reward": -1896.0212854975953}
{"period": 100, "status": "optimal", "solve_seconds": 0.024999618530273438, "model_wall_seconds": 0.07957219998934306, "gap": 0.0, "actual_reward": 62.56000000009199}
{"period": 101, "status": "optimal", "solve_seconds": 0.02700042724609375, "model_wall_seconds": 0.07859350001672283, "gap": 0.0, "actual_reward": -899.179999999954}
{"period": 102, "status": "optimal", "solve_seconds": 0.024999618530273438, "model_wall_seconds": 0.07642920000944287, "gap": 0.0, "actual_reward": -2942.953333333234}
{"period": 103, "status": "optimal", "solve_seconds": 0.0260009765625, "model_wall_seconds": 0.07529390000854619, "gap": 0.0, "actual_reward": -10.500000000000025}
{"period": 104, "status": "optimal", "solve_seconds": 0.017999649047851562, "model_wall_seconds": 0.06986799999140203, "gap": 0.0, "actual_reward": -1.903508771905292}
{"period": 105, "status": "optimal", "solve_seconds": 0.022001266479492188, "model_wall_seconds": 0.07128089998150244, "gap": 0.0, "actual_reward": -1010.5}
{"period": 106, "status": "optimal", "solve_seconds": 0.019001007080078125, "model_wall_seconds": 0.061163000005763024, "gap": 0.0, "actual_reward": -1000.0}
{"period": 107, "status": "optimal", "solve_seconds": 0.009000778198242188, "model_wall_seconds": 0.05282409998471849, "gap": 0.0, "actual_reward": 67.54666666676601}
{"period": 108, "status": "optimal", "solve_seconds": 0.0049991607666015625, "model_wall_seconds": 0.052253899979405105, "gap": 0.0, "actual_reward": -2000.0}
{"period": 109, "status": "optimal", "solve_seconds": 0.00099945068359375, "model_wall_seconds": 0.048472800001036376, "gap": 0.0, "actual_reward": -1.4068746168049984e-14}
{"period": 110, "status": "optimal", "solve_seconds": 0.0059986114501953125, "model_wall_seconds": 0.049547200003871694, "gap": 0.0, "actual_reward": -1.4068746168049984e-14}
{"period": 111, "status": "optimal", "solve_seconds": 0.006999969482421875, "model_wall_seconds": 0.048268400016240776, "gap": 0.0, "actual_reward": -1.4068746168049984e-14}
{"period": 112, "status": "optimal", "solve_seconds": 0.0, "model_wall_seconds": 0.07111769999028184, "gap": 0.0, "actual_reward": -2.4016344468691386e-14}
{"period": 113, "status": "optimal", "solve_seconds": 0.0030002593994140625, "model_wall_seconds": 0.04827339999610558, "gap": 0.0, "actual_reward": -1000.0}
{"period": 114, "status": "optimal", "solve_seconds": 0.0049991607666015625, "model_wall_seconds": 0.048307200020644814, "gap": 0.0, "actual_reward": -1000.0}
{"period": 115, "status": "optimal", "solve_seconds": 0.010000228881835938, "model_wall_seconds": 0.04804809999768622, "gap": 0.0, "actual_reward": -1.4068746168049984e-14}
{"period": 116, "status": "optimal", "solve_seconds": 0.0049991607666015625, "model_wall_seconds": 0.046895000006770715, "gap": 0.0, "actual_reward": -1.4068746168049984e-14}
{"period": 117, "status": "optimal", "solve_seconds": 0.0039997100830078125, "model_wall_seconds": 0.04867679998278618, "gap": 0.0, "actual_reward": -1.4068746168049984e-14}
{"period": 118, "status": "optimal", "solve_seconds": 0.006000518798828125, "model_wall_seconds": 0.04560230000060983, "gap": 0.0, "actual_reward": -2.4016344468691386e-14}
{"period": 119, "status": "optimal", "solve_seconds": 0.006000518798828125, "model_wall_seconds": 0.044685999979265034, "gap": 0.0, "actual_reward": -1000.0}
{"period": 120, "status": "optimal", "solve_seconds": 0.011999130249023438, "model_wall_seconds": 0.046146799984853715, "gap": 0.0, "actual_reward": -4.973799150320701e-15}
{"period": 121, "status": "optimal", "solve_seconds": 0.0039997100830078125, "model_wall_seconds": 0.044912800018209964, "gap": 0.0, "actual_reward": -2.3447910280083305e-14}
{"period": 122, "status": "optimal", "solve_seconds": 0.006999969482421875, "model_wall_seconds": 0.04441000000224449, "gap": 0.0, "actual_reward": -2.3447910280083305e-14}
{"period": 123, "status": "optimal", "solve_seconds": 0.006999969482421875, "model_wall_seconds": 0.04493949998868629, "gap": 0.0, "actual_reward": -2.3447910280083305e-14}
{"period": 124, "status": "optimal", "solve_seconds": 0.0049991607666015625, "model_wall_seconds": 0.0465805999992881, "gap": 0.0, "actual_reward": -3.339550858072471e-14}
{"period": 125, "status": "optimal", "solve_seconds": 0.0030002593994140625, "model_wall_seconds": 0.042753899993840605, "gap": 0.0, "actual_reward": -1000.0}
{"state": "complete", "started_at": "2026-09-17T18:51:06.966673+00:00", "scenario": "D:\\Myfiles\\vscode_files\\cleanrl_BSS\\ExpresswayBSSs_v2\\data\\final_real_data_v1\\scenarios\\day_04.json", "route_mode": "joint", "charging_mode": "joint", "model": null, "deadline": null, "pid": 34612, "created": 1789671066.7909968, "source_snapshot": "D:\\Myfiles\\vscode_files\\cleanrl_BSS\\ExpresswayBSSs_v2\\outputs\\zero_terminal_real_data_seed1_v1\\runs\\h6_day04\\source_snapshots\\e04451463b9d6545577ff982cb3a33775239dc78ba1d91c5d8a88c86fabb05aa", "prior_attempt_seconds": 0.0, "runtime_timing_incomplete": false, "runtime_timing_estimated": false, "launcher_source_snapshot": "D:\\Myfiles\\vscode_files\\cleanrl_BSS\\ExpresswayBSSs_v2\\outputs\\zero_terminal_real_data_seed1_v1\\code_snapshots\\40ec378611b206b02ef446c50a74e31e0ead20388937d43f8a3085ca15610712", "finished_at": "2026-09-17T18:56:03.028222+00:00", "wall_seconds": 296.0610386999906, "metrics": {"net_profit_yuan": -51503.654263794146, "service_income_yuan": 33319.62402304991, "charging_cost_yuan": 3163.2782868440995, "adjustment_cost_yuan": 660.0, "reservation_failure_cost_yuan": 81000.0, "reservation_count": 200, "actual_random_count": 200, "reservation_failures": 81, "reservation_failure_rate": 0.405, "reservation_completed": 119, "reservation_unfinished_at_L": 21, "reservation_unfinished_rate_at_L": 0.105, "reservation_unfinished_after_cleanup": 0, "random_services": 129, "random_service_rate": 0.645, "mean_wait_minutes_served": 11.64734889257024, "path_adjustments": 66, "solver_seconds_mean": 0.3274880523681641, "solver_seconds_p95": 0.9616004943847652, "model_wall_seconds_mean": 0.4475799088005442, "model_wall_seconds_p95": 1.1244621599966191, "model_wall_seconds_total": 55.94748860006803, "mip_gap_mean": 1.5424587230277921e-06, "mip_gap_max": 8.740874685722198e-05, "mip_gap_target_met_fraction": 1.0, "solver_status_counts": {"optimal": 125}, "completed_periods": 125, "demand_periods": 96, "cleanup_periods": 29, "cleanup_hours": 7.25, "time_limit_fraction": 0.0, "final_inventory_kwh": 5664.118932790399, "random_timeouts": 71, "terminal_settlement": "none", "operating_duration_hours": 24.0, "current_attempt_wall_seconds": 296.0587334999873, "prior_attempt_wall_seconds": 0.0, "known_runtime_seconds": 296.0587334999873, "runtime_timing_incomplete": false, "runtime_timing_estimated": false, "worker_wall_seconds": 296.0587334999873}}
