{"period": 1, "status": "optimal", "solve_seconds": 0.2049999237060547, "model_wall_seconds": 0.3944379999884404, "gap": 0.0, "actual_reward": 0.0}
{"period": 2, "status": "optimal", "solve_seconds": 0.07900047302246094, "model_wall_seconds": 0.2716622000152711, "gap": 0.0, "actual_reward": 68.67519422028536}
{"period": 3, "status": "optimal", "solve_seconds": 0.18799972534179688, "model_wall_seconds": 0.35968559997854754, "gap": 0.0, "actual_reward": 0.0}
{"period": 4, "status": "optimal", "solve_seconds": 0.07500076293945312, "model_wall_seconds": 0.25648179999552667, "gap": 0.0, "actual_reward": 0.0}
{"period": 5, "status": "optimal", "solve_seconds": 0.1420001983642578, "model_wall_seconds": 0.31454660001327284, "gap": 0.0, "actual_reward": 98.41965993695473}
{"period": 6, "status": "optimal", "solve_seconds": 0.07600021362304688, "model_wall_seconds": 0.36404300000867806, "gap": 0.0, "actual_reward": 70.42739178912254}
{"period": 7, "status": "optimal", "solve_seconds": 0.2409992218017578, "model_wall_seconds": 0.4585807000112254, "gap": 0.0, "actual_reward": -10.0}
{"period": 8, "status": "optimal", "solve_seconds": 0.1289997100830078, "model_wall_seconds": 0.3450502000050619, "gap": 0.0, "actual_reward": 0.0}
{"period": 9, "status": "optimal", "solve_seconds": 0.2440013885498047, "model_wall_seconds": 0.4353279000206385, "gap": 0.0, "actual_reward": 199.04709863717449}
{"period": 10, "status": "optimal", "solve_seconds": 0.07000160217285156, "model_wall_seconds": 0.3137288999860175, "gap": 0.0, "actual_reward": -4.973799150320701e-15}
{"period": 11, "status": "optimal", "solve_seconds": 0.18700027465820312, "model_wall_seconds": 0.3880862999940291, "gap": 0.0, "actual_reward": -10.000000000000005}
{"period": 12, "status": "optimal", "solve_seconds": 0.11800003051757812, "model_wall_seconds": 0.33943059999728575, "gap": 0.0, "actual_reward": 174.8965910526893}
{"period": 13, "status": "optimal", "solve_seconds": 0.17799949645996094, "model_wall_seconds": 0.46745340002235025, "gap": 0.0, "actual_reward": -10.000000000000012}
{"period": 14, "status": "optimal", "solve_seconds": 0.07399940490722656, "model_wall_seconds": 0.3348563000035938, "gap": 0.0, "actual_reward": -1.2150280781497713e-14}
{"period": 15, "status": "optimal", "solve_seconds": 0.25300025939941406, "model_wall_seconds": 0.45725609999499284, "gap": 0.0, "actual_reward": -7.247535904753022e-15}
{"period": 16, "status": "optimal", "solve_seconds": 0.09099960327148438, "model_wall_seconds": 0.2891005999990739, "gap": 0.0, "actual_reward": 241.68412827440903}
{"period": 17, "status": "optimal", "solve_seconds": 0.2110004425048828, "model_wall_seconds": 0.40757989999838173, "gap": 0.0, "actual_reward": 108.35659412062199}
{"period": 18, "status": "optimal", "solve_seconds": 0.13899993896484375, "model_wall_seconds": 0.35083860001759604, "gap": 0.0, "actual_reward": -1.5827339439056232e-14}
{"period": 19, "status": "optimal", "solve_seconds": 0.27700042724609375, "model_wall_seconds": 0.48984580000978895, "gap": 0.0, "actual_reward": 64.016666666935}
{"period": 20, "status": "optimal", "solve_seconds": 0.108001708984375, "model_wall_seconds": 0.316812300006859, "gap": 0.0, "actual_reward": 87.739357124962}
{"period": 21, "status": "optimal", "solve_seconds": 0.19900131225585938, "model_wall_seconds": 0.4295134000130929, "gap": 0.0, "actual_reward": -2.135180920959101e-14}
{"period": 22, "status": "optimal", "solve_seconds": 0.10400009155273438, "model_wall_seconds": 0.35664990000077523, "gap": 0.0, "actual_reward": -2.135180920959101e-14}
{"period": 23, "status": "optimal", "solve_seconds": 0.24399948120117188, "model_wall_seconds": 0.48387619998538867, "gap": 0.0, "actual_reward": 228.13654994507402}
{"period": 24, "status": "optimal", "solve_seconds": 0.09999847412109375, "model_wall_seconds": 0.45860710000852123, "gap": 0.0, "actual_reward": -2.2044588376957105e-14}
{"period": 25, "status": "optimal", "solve_seconds": 0.24699974060058594, "model_wall_seconds": 0.5554451000061817, "gap": 0.0, "actual_reward": 96.53389667851201}
{"period": 26, "status": "optimal", "solve_seconds": 0.12599945068359375, "model_wall_seconds": 0.4486167999857571, "gap": 0.0, "actual_reward": 149.7674689175584}
{"period": 27, "status": "optimal", "solve_seconds": 0.2520008087158203, "model_wall_seconds": 0.49794199998723343, "gap": 0.0, "actual_reward": -10.000000000000036}
{"period": 28, "status": "optimal", "solve_seconds": 0.1510009765625, "model_wall_seconds": 0.4280795000086073, "gap": 0.0, "actual_reward": -3.055333763768431e-14}
{"period": 29, "status": "optimal", "solve_seconds": 0.2550010681152344, "model_wall_seconds": 0.4898109000059776, "gap": 0.0, "actual_reward": -3.055333763768431e-14}
{"period": 30, "status": "optimal", "solve_seconds": 0.19699859619140625, "model_wall_seconds": 0.454225099994801, "gap": 0.0, "actual_reward": 101.78232470219}
{"period": 31, "status": "optimal", "solve_seconds": 0.27300071716308594, "model_wall_seconds": 0.47839679999742657, "gap": 0.0, "actual_reward": 37.99999999975995}
{"period": 32, "status": "optimal", "solve_seconds": 0.26599884033203125, "model_wall_seconds": 0.5024938999849837, "gap": 0.0, "actual_reward": -3.920419544556353e-14}
{"period": 33, "status": "optimal", "solve_seconds": 0.4050006866455078, "model_wall_seconds": 0.6240990000078455, "gap": 0.0, "actual_reward": 352.67132032141717}
{"period": 34, "status": "optimal", "solve_seconds": 0.319000244140625, "model_wall_seconds": 0.567533800000092, "gap": 0.0, "actual_reward": 96.63190667055001}
{"period": 35, "status": "optimal", "solve_seconds": 0.46000099182128906, "model_wall_seconds": 0.7149239999998827, "gap": 0.0, "actual_reward": 471.9471687927725}
{"period": 36, "status": "optimal", "solve_seconds": 0.38700103759765625, "model_wall_seconds": 0.6527370999974664, "gap": 0.0, "actual_reward": 95.11011072707}
{"period": 37, "status": "optimal", "solve_seconds": 0.4759998321533203, "model_wall_seconds": 0.7491073999844957, "gap": 0.0, "actual_reward": 113.9305502351571}
{"period": 38, "status": "optimal", "solve_seconds": 0.41400146484375, "model_wall_seconds": 0.6553502999886405, "gap": 0.0, "actual_reward": 287.4615354137292}
{"period": 39, "status": "optimal", "solve_seconds": 0.5549983978271484, "model_wall_seconds": 0.8615332999906968, "gap": 0.0, "actual_reward": 569.9415734818804}
{"period": 40, "status": "optimal", "solve_seconds": 0.41500091552734375, "model_wall_seconds": 0.6767038000107277, "gap": 0.0, "actual_reward": 688.365336680854}
{"period": 41, "status": "optimal", "solve_seconds": 0.6619987487792969, "model_wall_seconds": 0.8885378000268247, "gap": 0.0, "actual_reward": 455.9875429523378}
{"period": 42, "status": "optimal", "solve_seconds": 0.5480003356933594, "model_wall_seconds": 0.8439047000138089, "gap": 0.0, "actual_reward": 109.63483614873199}
{"period": 43, "status": "optimal", "solve_seconds": 0.8049983978271484, "model_wall_seconds": 1.0711165000102483, "gap": 0.0, "actual_reward": 533.8025435604209}
{"period": 44, "status": "optimal", "solve_seconds": 0.7250003814697266, "model_wall_seconds": 1.0483651999966241, "gap": 0.0, "actual_reward": 680.1201622136823}
{"period": 45, "status": "time_limit", "solve_seconds": 120.00200080871582, "model_wall_seconds": 120.4139638999768, "gap": 0.009719184360351145, "actual_reward": 20.779782713155935}
{"period": 46, "status": "time_limit", "solve_seconds": 120.00300025939941, "model_wall_seconds": 120.4948904000048, "gap": 0.010009451782612718, "actual_reward": 598.2569396914556}
{"period": 47, "status": "time_limit", "solve_seconds": 120.0049991607666, "model_wall_seconds": 120.58607109999866, "gap": 0.012312494577712694, "actual_reward": 505.10068311948}
{"period": 48, "status": "time_limit", "solve_seconds": 120.00800132751465, "model_wall_seconds": 120.5676739999908, "gap": 0.012261010076819524, "actual_reward": 856.6615275390742}
{"period": 49, "status": "time_limit", "solve_seconds": 120.00900077819824, "model_wall_seconds": 120.55750209998223, "gap": 0.015083025796118118, "actual_reward": 103.86988378941376}
{"period": 50, "status": "time_limit", "solve_seconds": 120.00300025939941, "model_wall_seconds": 120.47495299999719, "gap": 0.014771128670204733, "actual_reward": 646.2383617598362}
{"period": 51, "status": "time_limit", "solve_seconds": 120.00600051879883, "model_wall_seconds": 120.57652619999135, "gap": 0.011407508442141397, "actual_reward": 251.86446548601288}
{"period": 52, "status": "time_limit", "solve_seconds": 120.00199890136719, "model_wall_seconds": 120.45028579997597, "gap": 0.012378885407710314, "actual_reward": 804.0865439667383}
{"period": 53, "status": "time_limit", "solve_seconds": 120.00899887084961, "model_wall_seconds": 120.54026880001766, "gap": 0.019939081078821454, "actual_reward": 297.12279864614925}
{"period": 54, "status": "time_limit", "solve_seconds": 120.00300025939941, "model_wall_seconds": 120.43509780001477, "gap": 0.014907054039297148, "actual_reward": 786.7414961873342}
{"period": 55, "status": "time_limit", "solve_seconds": 120.16900062561035, "model_wall_seconds": 120.44026919998578, "gap": 0.01297613860537507, "actual_reward": 461.3787624803992}
{"period": 56, "status": "time_limit", "solve_seconds": 120.01300048828125, "model_wall_seconds": 120.39834790001623, "gap": 0.012812275056468113, "actual_reward": 76.05708467461575}
{"period": 57, "status": "time_limit", "solve_seconds": 120.00699996948242, "model_wall_seconds": 120.43835149999359, "gap": 0.024199463639731415, "actual_reward": 727.0763749177676}
{"period": 58, "status": "time_limit", "solve_seconds": 120.00300025939941, "model_wall_seconds": 120.52694540002267, "gap": 0.0017311950093062448, "actual_reward": 905.566349520185}
{"period": 59, "status": "time_limit", "solve_seconds": 120.00800132751465, "model_wall_seconds": 120.58940569998231, "gap": 0.009559320594579845, "actual_reward": 435.7312743900312}
{"period": 60, "status": "time_limit", "solve_seconds": 120.01399993896484, "model_wall_seconds": 120.53076249998412, "gap": 0.010029945198996418, "actual_reward": 447.7646017552841}
{"period": 61, "status": "time_limit", "solve_seconds": 120.02300071716309, "model_wall_seconds": 120.63566689999425, "gap": 0.03982563591476611, "actual_reward": 1425.1492097982518}
{"period": 62, "status": "time_limit", "solve_seconds": 120.01399993896484, "model_wall_seconds": 120.45294940000167, "gap": 0.01715744955439261, "actual_reward": 306.8545285368147}
{"period": 63, "status": "time_limit", "solve_seconds": 120.26700019836426, "model_wall_seconds": 120.58308360000956, "gap": 0.026116311950058757, "actual_reward": 169.19345336704563}
{"period": 64, "status": "time_limit", "solve_seconds": 120.01200103759766, "model_wall_seconds": 120.376099599991, "gap": 0.020218405090851186, "actual_reward": 163.70941268180542}
{"period": 65, "status": "time_limit", "solve_seconds": 120.21100044250488, "model_wall_seconds": 120.45394599999418, "gap": 0.05247136647475339, "actual_reward": 1121.3631295913726}
{"period": 66, "status": "time_limit", "solve_seconds": 120.19099998474121, "model_wall_seconds": 120.43538890001946, "gap": 0.05698388095914842, "actual_reward": 350.4622103480055}
{"period": 67, "status": "time_limit", "solve_seconds": 120.0270004272461, "model_wall_seconds": 120.41994089999935, "gap": 0.05520886730782734, "actual_reward": 814.4505020063162}
{"period": 68, "status": "time_limit", "solve_seconds": 120.00300025939941, "model_wall_seconds": 120.30926420001197, "gap": 0.005656631454803976, "actual_reward": -262.48426195263653}
{"period": 69, "status": "time_limit", "solve_seconds": 120.02200126647949, "model_wall_seconds": 120.44534830001066, "gap": 0.0705357951451941, "actual_reward": 1428.5456536622007}
{"period": 70, "status": "time_limit", "solve_seconds": 120.01300048828125, "model_wall_seconds": 120.46868669998366, "gap": 0.07018727350178029, "actual_reward": 727.4486486876195}
{"period": 71, "status": "time_limit", "solve_seconds": 120.18099975585938, "model_wall_seconds": 120.40652499999851, "gap": 0.11087267669625686, "actual_reward": 251.89036336669616}
{"period": 72, "status": "time_limit", "solve_seconds": 120.02300071716309, "model_wall_seconds": 120.37141600000905, "gap": 0.02853422573241035, "actual_reward": 1352.3104060861413}
{"period": 73, "status": "time_limit", "solve_seconds": 120.00299835205078, "model_wall_seconds": 120.39987749999273, "gap": 0.06536847101362522, "actual_reward": 612.7764170083393}
{"period": 74, "status": "time_limit", "solve_seconds": 120.30399894714355, "model_wall_seconds": 120.63829810000607, "gap": 0.054078947919902975, "actual_reward": 552.1945140486635}
{"period": 75, "status": "time_limit", "solve_seconds": 120.12600135803223, "model_wall_seconds": 120.56123750002007, "gap": 0.11206828337031678, "actual_reward": 735.1407293138766}
{"period": 76, "status": "time_limit", "solve_seconds": 120.26999855041504, "model_wall_seconds": 120.50314939999953, "gap": 0.05717497975209015, "actual_reward": 516.9926360147537}
{"period": 77, "status": "time_limit", "solve_seconds": 120.01799964904785, "model_wall_seconds": 120.41797180002322, "gap": 0.11701806420336078, "actual_reward": 834.5858620056437}
{"period": 78, "status": "time_limit", "solve_seconds": 120.00699996948242, "model_wall_seconds": 120.33357340001385, "gap": 0.04105429125642624, "actual_reward": 790.8328899704674}
{"period": 79, "status": "time_limit", "solve_seconds": 120.00399971008301, "model_wall_seconds": 120.27702929999214, "gap": 0.03926883098280615, "actual_reward": -87.37823698378249}
{"period": 80, "status": "time_limit", "solve_seconds": 120.00399971008301, "model_wall_seconds": 120.3361815000244, "gap": 0.01988428752840356, "actual_reward": -61.00973142240351}
{"period": 81, "status": "time_limit", "solve_seconds": 120.06500053405762, "model_wall_seconds": 120.48286940000253, "gap": 0.07989880160700646, "actual_reward": -261.1963801942053}
{"period": 82, "status": "time_limit", "solve_seconds": 120.01299858093262, "model_wall_seconds": 120.40317209999193, "gap": 0.019666018589756723, "actual_reward": 537.6010998065376}
{"period": 83, "status": "time_limit", "solve_seconds": 120.01200103759766, "model_wall_seconds": 120.41581320000114, "gap": 0.10160833070475281, "actual_reward": 1701.0515181257301}
{"period": 84, "status": "time_limit", "solve_seconds": 120.00799942016602, "model_wall_seconds": 120.32815349998418, "gap": 0.025580348652812838, "actual_reward": 1139.4017636289416}
{"period": 85, "status": "time_limit", "solve_seconds": 120.01799964904785, "model_wall_seconds": 120.30379440000979, "gap": 0.0469327041007511, "actual_reward": 800.6849804568163}
{"period": 86, "status": "optimal", "solve_seconds": 5.465999603271484, "model_wall_seconds": 5.659612699993886, "gap": 0.0, "actual_reward": 396.55536658474443}
{"period": 87, "status": "optimal", "solve_seconds": 14.894998550415039, "model_wall_seconds": 15.090224599989597, "gap": 5.323718900277522e-05, "actual_reward": 686.8394270544005}
{"period": 88, "status": "optimal", "solve_seconds": 7.130998611450195, "model_wall_seconds": 7.327253099996597, "gap": 0.0, "actual_reward": 437.20494794654434}
{"period": 89, "status": "optimal", "solve_seconds": 111.90099906921387, "model_wall_seconds": 112.15684189999592, "gap": 8.944696024432559e-05, "actual_reward": 145.480946829737}
{"period": 90, "status": "optimal", "solve_seconds": 3.851999282836914, "model_wall_seconds": 4.035387100011576, "gap": 0.0, "actual_reward": 224.07493294530596}
{"period": 91, "status": "time_limit", "solve_seconds": 120.00399971008301, "model_wall_seconds": 120.3099487000145, "gap": 0.0025684442023499393, "actual_reward": 554.2850071860184}
{"period": 92, "status": "optimal", "solve_seconds": 2.805999755859375, "model_wall_seconds": 2.961876300018048, "gap": 0.0, "actual_reward": -6.1470809484793225}
{"period": 93, "status": "optimal", "solve_seconds": 11.28700065612793, "model_wall_seconds": 11.477747500000987, "gap": 2.223679880058328e-05, "actual_reward": 221.83057557824586}
{"period": 94, "status": "optimal", "solve_seconds": 2.5049991607666016, "model_wall_seconds": 2.7264454000105616, "gap": 0.0, "actual_reward": 270.06689220311625}
{"period": 95, "status": "optimal", "solve_seconds": 3.2910003662109375, "model_wall_seconds": 3.4388636000221595, "gap": 0.0, "actual_reward": 620.5653485937453}
{"period": 96, "status": "optimal", "solve_seconds": 1.0109996795654297, "model_wall_seconds": 1.151486400020076, "gap": 0.0, "actual_reward": 424.5473525434567}
{"period": 97, "status": "optimal", "solve_seconds": 5.638999938964844, "model_wall_seconds": 5.781610500009265, "gap": 5.691918496417775e-05, "actual_reward": 819.7644519358589}
{"period": 98, "status": "optimal", "solve_seconds": 1.2439994812011719, "model_wall_seconds": 1.3951270000252407, "gap": 0.0, "actual_reward": 221.2832173926145}
{"period": 99, "status": "optimal", "solve_seconds": 1.36199951171875, "model_wall_seconds": 1.4772929000027943, "gap": 0.0, "actual_reward": -66.85644815776766}
{"period": 100, "status": "optimal", "solve_seconds": 0.8670005798339844, "model_wall_seconds": 0.9748226999945473, "gap": 0.0, "actual_reward": 164.0124271490367}
{"period": 101, "status": "optimal", "solve_seconds": 0.7950000762939453, "model_wall_seconds": 0.9096984000061639, "gap": 0.0, "actual_reward": 250.1689146974437}
{"period": 102, "status": "optimal", "solve_seconds": 0.6599998474121094, "model_wall_seconds": 0.7558222999796271, "gap": 1.0249925179015185e-06, "actual_reward": 76.23263157811479}
{"period": 103, "status": "optimal", "solve_seconds": 0.5080013275146484, "model_wall_seconds": 0.6010753999871667, "gap": 0.0, "actual_reward": 281.0385161101119}
{"period": 104, "status": "optimal", "solve_seconds": 0.319000244140625, "model_wall_seconds": 0.40595380001468584, "gap": 0.0, "actual_reward": 135.80982456239494}
{"period": 105, "status": "optimal", "solve_seconds": 0.33500099182128906, "model_wall_seconds": 0.4844888999941759, "gap": 0.0, "actual_reward": 360.40464912346715}
{"period": 106, "status": "optimal", "solve_seconds": 0.2579994201660156, "model_wall_seconds": 0.34533250000094995, "gap": 0.0, "actual_reward": 468.76787288081084}
{"period": 107, "status": "optimal", "solve_seconds": 0.26799964904785156, "model_wall_seconds": 0.3373190999845974, "gap": 0.0, "actual_reward": 255.01058910825944}
{"period": 108, "status": "optimal", "solve_seconds": 0.2259998321533203, "model_wall_seconds": 0.30400159998680465, "gap": 0.0, "actual_reward": 78.45783434070799}
{"period": 109, "status": "optimal", "solve_seconds": 0.24599838256835938, "model_wall_seconds": 0.3177162999927532, "gap": 0.0, "actual_reward": -65.60305313549478}
{"period": 110, "status": "optimal", "solve_seconds": 0.26000022888183594, "model_wall_seconds": 0.33115330000873655, "gap": 0.0, "actual_reward": 155.63999999972398}
{"period": 111, "status": "optimal", "solve_seconds": 0.21300125122070312, "model_wall_seconds": 0.283214199997019, "gap": 0.0, "actual_reward": -61.30650438584809}
{"period": 112, "status": "optimal", "solve_seconds": 0.2049999237060547, "model_wall_seconds": 0.27699010001379065, "gap": 0.0, "actual_reward": 49.472162784638655}
{"period": 113, "status": "optimal", "solve_seconds": 0.18199920654296875, "model_wall_seconds": 0.24922030000016093, "gap": 0.0, "actual_reward": 36.34261352392972}
{"period": 114, "status": "optimal", "solve_seconds": 0.108001708984375, "model_wall_seconds": 0.17511370001011528, "gap": 0.0, "actual_reward": 259.38999999996895}
{"period": 115, "status": "optimal", "solve_seconds": 0.1700000762939453, "model_wall_seconds": 0.233718699979363, "gap": 0.0, "actual_reward": -64.48958373762423}
{"period": 116, "status": "optimal", "solve_seconds": 0.1700000762939453, "model_wall_seconds": 0.23452040000120178, "gap": 0.0, "actual_reward": 54.670000000229976}
{"period": 117, "status": "optimal", "solve_seconds": 0.125, "model_wall_seconds": 0.1848980000067968, "gap": 0.0, "actual_reward": 117.33275199012503}
{"period": 118, "status": "optimal", "solve_seconds": 0.08800125122070312, "model_wall_seconds": 0.14699159999145195, "gap": 0.0, "actual_reward": 124.8793526257419}
{"period": 119, "status": "optimal", "solve_seconds": 0.08699989318847656, "model_wall_seconds": 0.14527540002018213, "gap": 0.0, "actual_reward": -15.175000000000018}
{"period": 120, "status": "optimal", "solve_seconds": 0.06599998474121094, "model_wall_seconds": 0.12722709999070503, "gap": 0.0, "actual_reward": -11.118037482776874}
{"period": 121, "status": "optimal", "solve_seconds": 0.12000083923339844, "model_wall_seconds": 0.17965830001048744, "gap": 0.0, "actual_reward": 16.459999999953943}
{"period": 122, "status": "optimal", "solve_seconds": 0.15200042724609375, "model_wall_seconds": 0.21591229998739436, "gap": 0.0, "actual_reward": -22.336842105287424}
{"period": 123, "status": "optimal", "solve_seconds": 0.16100120544433594, "model_wall_seconds": 0.22223630000371486, "gap": 0.0, "actual_reward": 83.24570175446725}
{"period": 124, "status": "optimal", "solve_seconds": 0.09999847412109375, "model_wall_seconds": 0.16242370000691153, "gap": 0.0, "actual_reward": -29.17368421060003}
{"period": 125, "status": "optimal", "solve_seconds": 0.07900047302246094, "model_wall_seconds": 0.1409091000095941, "gap": 0.0, "actual_reward": 42.21000000009198}
{"period": 126, "status": "optimal", "solve_seconds": 0.08499908447265625, "model_wall_seconds": 0.1492148000106681, "gap": 0.0, "actual_reward": -6.143421052643707}
{"period": 127, "status": "optimal", "solve_seconds": 0.09399986267089844, "model_wall_seconds": 0.1607631000224501, "gap": 0.0, "actual_reward": 35.87500000015996}
{"period": 128, "status": "optimal", "solve_seconds": 0.10999870300292969, "model_wall_seconds": 0.17072010002448224, "gap": 0.0, "actual_reward": -23.184649122760057}
{"period": 129, "status": "optimal", "solve_seconds": 0.09000015258789062, "model_wall_seconds": 0.15054450000752695, "gap": 0.0, "actual_reward": 194.230000000072}
{"period": 130, "status": "optimal", "solve_seconds": 0.05800056457519531, "model_wall_seconds": 0.11682760002440773, "gap": 0.0, "actual_reward": -5.64912280682105}
{"period": 131, "status": "optimal", "solve_seconds": 0.05999946594238281, "model_wall_seconds": 0.12219250001362525, "gap": 0.0, "actual_reward": -6.143421052607399}
{"period": 132, "status": "optimal", "solve_seconds": 0.07299995422363281, "model_wall_seconds": 0.13100680001662113, "gap": 0.0, "actual_reward": 43.032500000045985}
{"period": 133, "status": "optimal", "solve_seconds": 0.10999870300292969, "model_wall_seconds": 0.17135030002100393, "gap": 0.0, "actual_reward": 57.012499999701966}
{"period": 134, "status": "optimal", "solve_seconds": 0.07799911499023438, "model_wall_seconds": 0.1375830000033602, "gap": 0.0, "actual_reward": 100.969999999632}
{"period": 135, "status": "optimal", "solve_seconds": 0.06500053405761719, "model_wall_seconds": 0.12557919998653233, "gap": 0.0, "actual_reward": -4.034818193491607}
{"period": 136, "status": "optimal", "solve_seconds": 0.025999069213867188, "model_wall_seconds": 0.08552399999462068, "gap": 0.0, "actual_reward": 0.0}
{"period": 137, "status": "optimal", "solve_seconds": 0.04599952697753906, "model_wall_seconds": 0.10061839999980293, "gap": 0.0, "actual_reward": -14.55000000000003}
{"period": 138, "status": "optimal", "solve_seconds": 0.04500007629394531, "model_wall_seconds": 0.10321939998539165, "gap": 0.0, "actual_reward": -14.550000000000033}
{"period": 139, "status": "optimal", "solve_seconds": 0.08300018310546875, "model_wall_seconds": 0.14213639998342842, "gap": 0.0, "actual_reward": -9.88160651884743}
{"period": 140, "status": "optimal", "solve_seconds": 0.03800010681152344, "model_wall_seconds": 0.09408469998743385, "gap": 0.0, "actual_reward": 40.39999999989895}
{"period": 141, "status": "optimal", "solve_seconds": 0.05100059509277344, "model_wall_seconds": 0.11249679999309592, "gap": 0.0, "actual_reward": -4.0181191707233674e-14}
{"period": 142, "status": "optimal", "solve_seconds": 0.021999359130859375, "model_wall_seconds": 0.0802057999826502, "gap": 0.0, "actual_reward": -9.805489753489383e-15}
{"period": 143, "status": "optimal", "solve_seconds": 0.03800010681152344, "model_wall_seconds": 0.09521959998528473, "gap": 0.0, "actual_reward": -5.081606518847379}
{"period": 144, "status": "optimal", "solve_seconds": 0.026998519897460938, "model_wall_seconds": 0.08300390001386404, "gap": 0.0, "actual_reward": 99.58666666656391}
{"state": "complete", "started_at": "2026-09-18T08:29:53.028906+00:00", "scenario": "D:\\Myfiles\\vscode_files\\cleanrl_BSS\\ExpresswayBSSs_v2\\data\\final_real_data_v1\\scenarios\\day_37.json", "route_mode": "joint", "charging_mode": "joint", "model": null, "deadline": null, "pid": 24844, "created": 1789720192.8368785, "source_snapshot": "D:\\Myfiles\\vscode_files\\cleanrl_BSS\\ExpresswayBSSs_v2\\outputs\\zero_terminal_real_data_seed1_v1\\runs\\h8_day37\\source_snapshots\\ab6a4edd93da12f2c3274fb2f6c253995674cccb18c880e56c1138d9c19c7b37", "prior_attempt_seconds": 0.0, "runtime_timing_incomplete": false, "runtime_timing_estimated": false, "launcher_source_snapshot": "D:\\Myfiles\\vscode_files\\cleanrl_BSS\\ExpresswayBSSs_v2\\outputs\\zero_terminal_real_data_seed1_v1\\code_snapshots\\9aeebb00aa8bc6a3c0fefc93d624d3533bc60be02ef2fa76568b47e360538acc", "finished_at": "2026-09-18T10:03:20.462659+00:00", "wall_seconds": 5607.42908099998, "metrics": {"net_profit_yuan": 37899.68185411986, "service_income_yuan": 55505.37688464479, "charging_cost_yuan": 15505.695030524752, "adjustment_cost_yuan": 2100.0, "reservation_failure_cost_yuan": 0.0, "reservation_count": 200, "actual_random_count": 200, "reservation_failures": 0, "reservation_failure_rate": 0.0, "reservation_completed": 200, "reservation_unfinished_at_L": 39, "reservation_unfinished_rate_at_L": 0.195, "reservation_unfinished_after_cleanup": 0, "random_services": 179, "random_service_rate": 0.895, "mean_wait_minutes_served": 13.223010033881609, "path_adjustments": 210, "solver_seconds_mean": 36.34815279642741, "solver_seconds_p95": 120.11685123443604, "model_wall_seconds_mean": 36.577366863890546, "model_wall_seconds_p95": 120.56067719001439, "model_wall_seconds_total": 5267.140828400239, "mip_gap_mean": 0.010696245493947092, "mip_gap_max": 0.11701806420336078, "mip_gap_target_met_fraction": 0.7083333333333334, "solver_status_counts": {"optimal": 102, "time_limit": 42}, "completed_periods": 144, "demand_periods": 96, "cleanup_periods": 48, "cleanup_hours": 12.0, "time_limit_fraction": 0.2916666666666667, "final_inventory_kwh": 4997.7518020395, "random_timeouts": 21, "terminal_settlement": "none", "operating_duration_hours": 24.0, "current_attempt_wall_seconds": 5607.426822299982, "prior_attempt_wall_seconds": 0.0, "known_runtime_seconds": 5607.426822299982, "runtime_timing_incomplete": false, "runtime_timing_estimated": false, "worker_wall_seconds": 5607.426822299982}}
