{"period": 1, "status": "optimal", "solve_seconds": 0.13500022888183594, "model_wall_seconds": 0.27165800001239404, "gap": 0.0, "actual_reward": 0.0}
{"period": 2, "status": "optimal", "solve_seconds": 0.026998519897460938, "model_wall_seconds": 0.16499600000679493, "gap": 0.0, "actual_reward": 0.0}
{"period": 3, "status": "optimal", "solve_seconds": 0.12099838256835938, "model_wall_seconds": 0.24098599998978898, "gap": 0.0, "actual_reward": 0.0}
{"period": 4, "status": "optimal", "solve_seconds": 0.0279998779296875, "model_wall_seconds": 0.15218479998293333, "gap": 0.0, "actual_reward": 66.61516483348984}
{"period": 5, "status": "optimal", "solve_seconds": 0.12999916076660156, "model_wall_seconds": 0.246942300000228, "gap": 0.0, "actual_reward": 76.41919757984161}
{"period": 6, "status": "optimal", "solve_seconds": 0.036998748779296875, "model_wall_seconds": 0.16374489999725483, "gap": 0.0, "actual_reward": 147.57544693192162}
{"period": 7, "status": "optimal", "solve_seconds": 0.09099960327148438, "model_wall_seconds": 0.21547500000451691, "gap": 0.0, "actual_reward": -1.1013412404281553e-15}
{"period": 8, "status": "optimal", "solve_seconds": 0.048000335693359375, "model_wall_seconds": 0.17328730001463555, "gap": 0.0, "actual_reward": -1.1013412404281553e-15}
{"period": 9, "status": "optimal", "solve_seconds": 0.1100006103515625, "model_wall_seconds": 0.2272573999944143, "gap": 0.0, "actual_reward": -1.1013412404281553e-15}
{"period": 10, "status": "optimal", "solve_seconds": 0.009000778198242188, "model_wall_seconds": 0.1618878000008408, "gap": 0.0, "actual_reward": 86.271309864918}
{"period": 11, "status": "optimal", "solve_seconds": 0.08299827575683594, "model_wall_seconds": 0.2064840999955777, "gap": 0.0, "actual_reward": -1.1013412404281553e-15}
{"period": 12, "status": "optimal", "solve_seconds": 0.019001007080078125, "model_wall_seconds": 0.15261499999905936, "gap": 0.0, "actual_reward": -1.1013412404281553e-15}
{"period": 13, "status": "optimal", "solve_seconds": 0.06799888610839844, "model_wall_seconds": 0.18389559999923222, "gap": 0.0, "actual_reward": -1.1013412404281553e-15}
{"period": 14, "status": "optimal", "solve_seconds": 0.0039997100830078125, "model_wall_seconds": 0.12316509999800473, "gap": 0.0, "actual_reward": -1.1013412404281553e-15}
{"period": 15, "status": "optimal", "solve_seconds": 0.069000244140625, "model_wall_seconds": 0.1828850999881979, "gap": 0.0, "actual_reward": -1.1013412404281553e-15}
{"period": 16, "status": "optimal", "solve_seconds": 0.0059986114501953125, "model_wall_seconds": 0.13136240001767874, "gap": 0.0, "actual_reward": -1.1013412404281553e-15}
{"period": 17, "status": "optimal", "solve_seconds": 0.1139984130859375, "model_wall_seconds": 0.22612229999504052, "gap": 0.0, "actual_reward": -10.000000000000002}
{"period": 18, "status": "optimal", "solve_seconds": 0.0839996337890625, "model_wall_seconds": 0.2025032000092324, "gap": 0.0, "actual_reward": -1.1013412404281553e-15}
{"period": 19, "status": "optimal", "solve_seconds": 0.11700057983398438, "model_wall_seconds": 0.23025620001135394, "gap": 0.0, "actual_reward": 56.37159591825}
{"period": 20, "status": "optimal", "solve_seconds": 0.023000717163085938, "model_wall_seconds": 0.14626940002199262, "gap": 0.0, "actual_reward": -3.517186542012496e-15}
{"period": 21, "status": "optimal", "solve_seconds": 0.08800125122070312, "model_wall_seconds": 0.20336580000002868, "gap": 0.0, "actual_reward": 94.04706247121997}
{"period": 22, "status": "optimal", "solve_seconds": 0.024999618530273438, "model_wall_seconds": 0.1571334000036586, "gap": 0.0, "actual_reward": -3.517186542012496e-15}
{"period": 23, "status": "optimal", "solve_seconds": 0.06699943542480469, "model_wall_seconds": 0.19393149999086745, "gap": 0.0, "actual_reward": -3.517186542012496e-15}
{"period": 24, "status": "optimal", "solve_seconds": 0.01599884033203125, "model_wall_seconds": 0.13817189997644164, "gap": 0.0, "actual_reward": -3.517186542012496e-15}
{"period": 25, "status": "optimal", "solve_seconds": 0.0839996337890625, "model_wall_seconds": 0.1981231999816373, "gap": 0.0, "actual_reward": -7.140954494389008e-15}
{"period": 26, "status": "optimal", "solve_seconds": 0.020000457763671875, "model_wall_seconds": 0.14125139999669045, "gap": 0.0, "actual_reward": -7.140954494389008e-15}
{"period": 27, "status": "optimal", "solve_seconds": 0.08499908447265625, "model_wall_seconds": 0.1976196999894455, "gap": 0.0, "actual_reward": 39.22000000018399}
{"period": 28, "status": "optimal", "solve_seconds": 0.022998809814453125, "model_wall_seconds": 0.1601766000094358, "gap": 0.0, "actual_reward": -7.140954494389008e-15}
{"period": 29, "status": "optimal", "solve_seconds": 0.09900093078613281, "model_wall_seconds": 0.2132700000074692, "gap": 0.0, "actual_reward": 82.83807985668798}
{"period": 30, "status": "optimal", "solve_seconds": 0.03299903869628906, "model_wall_seconds": 0.17363730000215583, "gap": 0.0, "actual_reward": -7.140954494389008e-15}
{"period": 31, "status": "optimal", "solve_seconds": 0.08800125122070312, "model_wall_seconds": 0.20311360000050627, "gap": 0.0, "actual_reward": -10.000000000000007}
{"period": 32, "status": "optimal", "solve_seconds": 0.034000396728515625, "model_wall_seconds": 0.1787033999862615, "gap": 0.0, "actual_reward": -7.140954494389008e-15}
{"period": 33, "status": "optimal", "solve_seconds": 0.13800048828125, "model_wall_seconds": 0.2520176999969408, "gap": 0.0, "actual_reward": 149.0712145065997}
{"period": 34, "status": "optimal", "solve_seconds": 0.049999237060546875, "model_wall_seconds": 0.17740330001106486, "gap": 0.0, "actual_reward": 55.19999999986199}
{"period": 35, "status": "optimal", "solve_seconds": 0.1340007781982422, "model_wall_seconds": 0.2596590000030119, "gap": 0.0, "actual_reward": 527.2011906586335}
{"period": 36, "status": "optimal", "solve_seconds": 0.11400032043457031, "model_wall_seconds": 0.2638260999810882, "gap": 0.0, "actual_reward": 213.82800723944757}
{"period": 37, "status": "optimal", "solve_seconds": 0.13300132751464844, "model_wall_seconds": 0.24830949999159202, "gap": 0.0, "actual_reward": 216.20193133618534}
{"period": 38, "status": "optimal", "solve_seconds": 0.09199905395507812, "model_wall_seconds": 0.22430010000243783, "gap": 0.0, "actual_reward": 331.1747047290247}
{"period": 39, "status": "optimal", "solve_seconds": 0.14400100708007812, "model_wall_seconds": 0.2630326999933459, "gap": 0.0, "actual_reward": 508.02015531061375}
{"period": 40, "status": "optimal", "solve_seconds": 0.061000823974609375, "model_wall_seconds": 0.18997740000486374, "gap": 0.0, "actual_reward": 586.6340791605904}
{"period": 41, "status": "optimal", "solve_seconds": 0.14799880981445312, "model_wall_seconds": 0.2811689999944065, "gap": 0.0, "actual_reward": 389.2239749204992}
{"period": 42, "status": "optimal", "solve_seconds": 0.11400032043457031, "model_wall_seconds": 0.25073369999881834, "gap": 0.0, "actual_reward": 458.10464086785333}
{"period": 43, "status": "optimal", "solve_seconds": 0.15900039672851562, "model_wall_seconds": 0.28353330001118593, "gap": 0.0, "actual_reward": 153.69571771636348}
{"period": 44, "status": "optimal", "solve_seconds": 0.10899925231933594, "model_wall_seconds": 0.24759879999328405, "gap": 0.0, "actual_reward": 625.6403810185147}
{"period": 45, "status": "optimal", "solve_seconds": 0.1790008544921875, "model_wall_seconds": 0.32196380000095814, "gap": 0.0, "actual_reward": 455.04418291286436}
{"period": 46, "status": "optimal", "solve_seconds": 0.10700035095214844, "model_wall_seconds": 0.23653890000423416, "gap": 0.0, "actual_reward": 428.85193743506875}
{"period": 47, "status": "optimal", "solve_seconds": 0.18599891662597656, "model_wall_seconds": 0.3140597000019625, "gap": 0.0, "actual_reward": 618.2830952770063}
{"period": 48, "status": "optimal", "solve_seconds": 0.10899925231933594, "model_wall_seconds": 0.24613010001485236, "gap": 0.0, "actual_reward": 981.7178401115839}
{"period": 49, "status": "optimal", "solve_seconds": 0.15200042724609375, "model_wall_seconds": 0.272013199981302, "gap": 0.0, "actual_reward": 231.4279712046365}
{"period": 50, "status": "optimal", "solve_seconds": 0.10700035095214844, "model_wall_seconds": 0.24124199998914264, "gap": 0.0, "actual_reward": 611.3332090093404}
{"period": 51, "status": "optimal", "solve_seconds": 0.2350006103515625, "model_wall_seconds": 0.3942111000069417, "gap": 0.0, "actual_reward": 444.53523690087735}
{"period": 52, "status": "optimal", "solve_seconds": 0.095001220703125, "model_wall_seconds": 0.22299360000761226, "gap": 0.0, "actual_reward": 169.64209676832087}
{"period": 53, "status": "optimal", "solve_seconds": 0.1569995880126953, "model_wall_seconds": 0.2798977000056766, "gap": 0.0, "actual_reward": 150.53405850799328}
{"period": 54, "status": "optimal", "solve_seconds": 0.11800003051757812, "model_wall_seconds": 0.25033919999259524, "gap": 0.0, "actual_reward": 644.5388857806083}
{"period": 55, "status": "optimal", "solve_seconds": 0.16900062561035156, "model_wall_seconds": 0.2924057000200264, "gap": 0.0, "actual_reward": 786.7913244386997}
{"period": 56, "status": "optimal", "solve_seconds": 0.20100021362304688, "model_wall_seconds": 0.3710711000021547, "gap": 0.0, "actual_reward": 67.25786626726801}
{"period": 57, "status": "optimal", "solve_seconds": 0.27300071716308594, "model_wall_seconds": 0.40750599998864345, "gap": 0.0, "actual_reward": -98.05328565311993}
{"period": 58, "status": "optimal", "solve_seconds": 0.12100028991699219, "model_wall_seconds": 0.2554902999836486, "gap": 0.0, "actual_reward": -825.4077485278806}
{"period": 59, "status": "optimal", "solve_seconds": 0.22099876403808594, "model_wall_seconds": 0.39206410001497716, "gap": 0.0, "actual_reward": -328.17837844281485}
{"period": 60, "status": "optimal", "solve_seconds": 0.09600067138671875, "model_wall_seconds": 0.22905249998439103, "gap": 0.0, "actual_reward": 120.2684119765893}
{"period": 61, "status": "optimal", "solve_seconds": 0.167999267578125, "model_wall_seconds": 0.29619649998494424, "gap": 0.0, "actual_reward": -432.7279756581877}
{"period": 62, "status": "optimal", "solve_seconds": 0.10400009155273438, "model_wall_seconds": 0.23414769998635165, "gap": 0.0, "actual_reward": -520.1696008076437}
{"period": 63, "status": "optimal", "solve_seconds": 0.18000030517578125, "model_wall_seconds": 0.30364289999124594, "gap": 0.0, "actual_reward": -1567.6575802813518}
{"period": 64, "status": "optimal", "solve_seconds": 0.13699913024902344, "model_wall_seconds": 0.2722725000057835, "gap": 0.0, "actual_reward": -658.4654860314919}
{"period": 65, "status": "optimal", "solve_seconds": 0.18700027465820312, "model_wall_seconds": 0.3119756000232883, "gap": 0.0, "actual_reward": -200.9687395089918}
{"period": 66, "status": "optimal", "solve_seconds": 0.11100006103515625, "model_wall_seconds": 0.2386242000211496, "gap": 0.0, "actual_reward": -1216.3367699839146}
{"period": 67, "status": "optimal", "solve_seconds": 0.18199920654296875, "model_wall_seconds": 0.341078400000697, "gap": 0.0, "actual_reward": -56.43753322444991}
{"period": 68, "status": "optimal", "solve_seconds": 0.10700035095214844, "model_wall_seconds": 0.22286799998255447, "gap": 0.0, "actual_reward": -804.6495506527276}
{"period": 69, "status": "optimal", "solve_seconds": 0.16300010681152344, "model_wall_seconds": 0.29476690001320094, "gap": 0.0, "actual_reward": -1211.3561132003479}
{"period": 70, "status": "optimal", "solve_seconds": 0.1309986114501953, "model_wall_seconds": 0.3054178000020329, "gap": 0.0, "actual_reward": -1991.2661917103242}
{"period": 71, "status": "optimal", "solve_seconds": 0.2520008087158203, "model_wall_seconds": 0.365300399978878, "gap": 6.683513245897497e-05, "actual_reward": -424.53781234056237}
{"period": 72, "status": "optimal", "solve_seconds": 0.14100074768066406, "model_wall_seconds": 0.26568280000356026, "gap": 0.0, "actual_reward": -1036.0}
{"period": 73, "status": "optimal", "solve_seconds": 0.20199966430664062, "model_wall_seconds": 0.3575423000147566, "gap": 0.0, "actual_reward": -8153.623451197461}
{"period": 74, "status": "optimal", "solve_seconds": 0.10600090026855469, "model_wall_seconds": 0.21427339999354444, "gap": 0.0, "actual_reward": -494.50298556704496}
{"period": 75, "status": "optimal", "solve_seconds": 0.10799980163574219, "model_wall_seconds": 0.2155921999947168, "gap": 0.0, "actual_reward": -1549.44573123784}
{"period": 76, "status": "optimal", "solve_seconds": 0.09499931335449219, "model_wall_seconds": 0.20274830001289956, "gap": 0.0, "actual_reward": -1576.5444416866728}
{"period": 77, "status": "optimal", "solve_seconds": 0.1379985809326172, "model_wall_seconds": 0.23498169999220408, "gap": 0.0, "actual_reward": -4787.303651756766}
{"period": 78, "status": "optimal", "solve_seconds": 0.04599952697753906, "model_wall_seconds": 0.1474160999932792, "gap": 0.0, "actual_reward": -3016.05}
{"period": 79, "status": "optimal", "solve_seconds": 0.08600044250488281, "model_wall_seconds": 0.19346109998878092, "gap": 0.0, "actual_reward": -2961.079288835399}
{"period": 80, "status": "optimal", "solve_seconds": 0.06299972534179688, "model_wall_seconds": 0.163261900015641, "gap": 0.0, "actual_reward": -4888.650390292103}
{"period": 81, "status": "optimal", "solve_seconds": 0.07500076293945312, "model_wall_seconds": 0.17029109998838976, "gap": 0.0, "actual_reward": -3903.04630953401}
{"period": 82, "status": "optimal", "solve_seconds": 0.04399871826171875, "model_wall_seconds": 0.1405660999880638, "gap": 0.0, "actual_reward": -8869.62885328765}
{"period": 83, "status": "optimal", "solve_seconds": 0.05900001525878906, "model_wall_seconds": 0.1423472999886144, "gap": 0.0, "actual_reward": -5666.442635250607}
{"period": 84, "status": "optimal", "solve_seconds": 0.02899932861328125, "model_wall_seconds": 0.11020639998605475, "gap": 0.0, "actual_reward": -6000.0}
{"period": 85, "status": "optimal", "solve_seconds": 0.03800010681152344, "model_wall_seconds": 0.11491919998661615, "gap": 0.0, "actual_reward": -3867.670562899211}
{"period": 86, "status": "optimal", "solve_seconds": 0.017000198364257812, "model_wall_seconds": 0.08868149999761954, "gap": 0.0, "actual_reward": -5000.0}
{"period": 87, "status": "optimal", "solve_seconds": 0.035999298095703125, "model_wall_seconds": 0.10337169998092577, "gap": 0.0, "actual_reward": -3937.709038951078}
{"period": 88, "status": "optimal", "solve_seconds": 0.030000686645507812, "model_wall_seconds": 0.09302129998104647, "gap": 0.0, "actual_reward": -6000.0}
{"period": 89, "status": "optimal", "solve_seconds": 0.03999900817871094, "model_wall_seconds": 0.0996791000070516, "gap": 0.0, "actual_reward": -2896.824085473414}
{"period": 90, "status": "optimal", "solve_seconds": 0.024000167846679688, "model_wall_seconds": 0.08401140000205487, "gap": 0.0, "actual_reward": -896.769346228216}
{"period": 91, "status": "optimal", "solve_seconds": 0.033000946044921875, "model_wall_seconds": 0.09389819999341853, "gap": 0.0, "actual_reward": -3889.6358766723524}
{"period": 92, "status": "optimal", "solve_seconds": 0.016000747680664062, "model_wall_seconds": 0.07615110001643188, "gap": 0.0, "actual_reward": -1000.0}
{"period": 93, "status": "optimal", "solve_seconds": 0.034000396728515625, "model_wall_seconds": 0.09124169999267906, "gap": 0.0, "actual_reward": -7863.544915682725}
{"period": 94, "status": "optimal", "solve_seconds": 0.020000457763671875, "model_wall_seconds": 0.07743379997555166, "gap": 0.0, "actual_reward": -2000.0}
{"period": 95, "status": "optimal", "solve_seconds": 0.020999908447265625, "model_wall_seconds": 0.07525970001006499, "gap": 0.0, "actual_reward": -4947.710133186816}
{"period": 96, "status": "optimal", "solve_seconds": 0.0039997100830078125, "model_wall_seconds": 0.056049700011499226, "gap": 0.0, "actual_reward": -2000.0}
{"period": 97, "status": "optimal", "solve_seconds": 0.010999679565429688, "model_wall_seconds": 0.05327209999086335, "gap": 0.0, "actual_reward": -4000.0}
{"period": 98, "status": "optimal", "solve_seconds": 0.00299835205078125, "model_wall_seconds": 0.04240539998863824, "gap": 0.0, "actual_reward": -1000.0}
{"period": 99, "status": "optimal", "solve_seconds": 0.006000518798828125, "model_wall_seconds": 0.04408069999772124, "gap": 0.0, "actual_reward": -2010.0}
{"period": 100, "status": "optimal", "solve_seconds": 0.006000518798828125, "model_wall_seconds": 0.037494100019102916, "gap": 0.0, "actual_reward": -1000.0}
{"period": 101, "status": "optimal", "solve_seconds": 0.0039997100830078125, "model_wall_seconds": 0.036968300002627075, "gap": 0.0, "actual_reward": -2010.0}
{"period": 102, "status": "optimal", "solve_seconds": 0.0030002593994140625, "model_wall_seconds": 0.03297259999089874, "gap": 0.0, "actual_reward": -7.46069872548105e-15}
{"period": 103, "status": "optimal", "solve_seconds": 0.0039997100830078125, "model_wall_seconds": 0.03496160000213422, "gap": 0.0, "actual_reward": -1000.0}
{"period": 104, "status": "optimal", "solve_seconds": 0.0030002593994140625, "model_wall_seconds": 0.03427669999655336, "gap": 0.0, "actual_reward": -1.4708234630234073e-14}
{"period": 105, "status": "optimal", "solve_seconds": 0.009000778198242188, "model_wall_seconds": 0.0356651000038255, "gap": 0.0, "actual_reward": -1000.0}
{"period": 106, "status": "optimal", "solve_seconds": 0.0030002593994140625, "model_wall_seconds": 0.03450410001096316, "gap": 0.0, "actual_reward": -1000.0}
{"period": 107, "status": "optimal", "solve_seconds": 0.0030002593994140625, "model_wall_seconds": 0.030871299997670576, "gap": 0.0, "actual_reward": -2000.0}
{"state": "complete", "started_at": "2026-09-17T17:57:44.820595+00:00", "scenario": "D:\\Myfiles\\vscode_files\\cleanrl_BSS\\ExpresswayBSSs_v2\\data\\final_real_data_v1\\scenarios\\day_13.json", "route_mode": "joint", "charging_mode": "joint", "model": null, "deadline": null, "pid": 19080, "created": 1789667864.6358733, "source_snapshot": "D:\\Myfiles\\vscode_files\\cleanrl_BSS\\ExpresswayBSSs_v2\\outputs\\zero_terminal_real_data_seed1_v1\\runs\\h4_day13\\source_snapshots\\e04451463b9d6545577ff982cb3a33775239dc78ba1d91c5d8a88c86fabb05aa", "prior_attempt_seconds": 0.0, "runtime_timing_incomplete": false, "runtime_timing_estimated": false, "launcher_source_snapshot": "D:\\Myfiles\\vscode_files\\cleanrl_BSS\\ExpresswayBSSs_v2\\outputs\\zero_terminal_real_data_seed1_v1\\code_snapshots\\40ec378611b206b02ef446c50a74e31e0ead20388937d43f8a3085ca15610712", "finished_at": "2026-09-17T18:01:01.672259+00:00", "wall_seconds": 196.85582340002293, "metrics": {"net_profit_yuan": -112004.81449225164, "service_income_yuan": 24621.297544058558, "charging_cost_yuan": 206.1120363101885, "adjustment_cost_yuan": 420.0, "reservation_failure_cost_yuan": 136000.0, "reservation_count": 200, "actual_random_count": 200, "reservation_failures": 136, "reservation_failure_rate": 0.68, "reservation_completed": 64, "reservation_unfinished_at_L": 17, "reservation_unfinished_rate_at_L": 0.085, "reservation_unfinished_after_cleanup": 0, "random_services": 132, "random_service_rate": 0.66, "mean_wait_minutes_served": 11.867490753424796, "path_adjustments": 42, "solver_seconds_mean": 0.08587844349513545, "solver_seconds_p95": 0.19680023193359358, "model_wall_seconds_mean": 0.19483053551281793, "model_wall_seconds_p95": 0.35260313001053856, "model_wall_seconds_total": 20.84686729987152, "mip_gap_mean": 6.246274061586446e-07, "mip_gap_max": 6.683513245897497e-05, "mip_gap_target_met_fraction": 1.0, "solver_status_counts": {"optimal": 107}, "completed_periods": 107, "demand_periods": 96, "cleanup_periods": 11, "cleanup_hours": 2.75, "time_limit_fraction": 0.0, "final_inventory_kwh": 7229.1294411253, "random_timeouts": 68, "terminal_settlement": "none", "operating_duration_hours": 24.0, "current_attempt_wall_seconds": 196.85222860000795, "prior_attempt_wall_seconds": 0.0, "known_runtime_seconds": 196.85222860000795, "runtime_timing_incomplete": false, "runtime_timing_estimated": false, "worker_wall_seconds": 196.85222860000795}}
