{"period": 1, "status": "optimal", "solve_seconds": 0.21099853515625, "model_wall_seconds": 0.3816334000148345, "gap": 0.0, "actual_reward": 0.0}
{"period": 2, "status": "optimal", "solve_seconds": 0.060001373291015625, "model_wall_seconds": 0.22663380001904443, "gap": 0.0, "actual_reward": 0.0}
{"period": 3, "status": "optimal", "solve_seconds": 0.18199920654296875, "model_wall_seconds": 0.34219329999177717, "gap": 0.0, "actual_reward": 92.24586134786142}
{"period": 4, "status": "optimal", "solve_seconds": 0.04199981689453125, "model_wall_seconds": 0.2147658999892883, "gap": 0.0, "actual_reward": -6.039613253960852e-16}
{"period": 5, "status": "optimal", "solve_seconds": 0.1510009765625, "model_wall_seconds": 0.3047638999996707, "gap": 0.0, "actual_reward": -6.039613253960852e-16}
{"period": 6, "status": "optimal", "solve_seconds": 0.05700111389160156, "model_wall_seconds": 0.2343813999905251, "gap": 0.0, "actual_reward": 119.55647370370488}
{"period": 7, "status": "optimal", "solve_seconds": 0.14599990844726562, "model_wall_seconds": 0.2986549999914132, "gap": 0.0, "actual_reward": -3.0908609005564358e-15}
{"period": 8, "status": "optimal", "solve_seconds": 0.08500099182128906, "model_wall_seconds": 0.26148049999028444, "gap": 0.0, "actual_reward": 85.18183330259399}
{"period": 9, "status": "optimal", "solve_seconds": 0.17600059509277344, "model_wall_seconds": 0.3269543999922462, "gap": 0.0, "actual_reward": -7.993605777301127e-15}
{"period": 10, "status": "optimal", "solve_seconds": 0.10099983215332031, "model_wall_seconds": 0.2733596000180114, "gap": 0.0, "actual_reward": 235.95858909691498}
{"period": 11, "status": "optimal", "solve_seconds": 0.14300155639648438, "model_wall_seconds": 0.29567009999300353, "gap": 0.0, "actual_reward": -10.000000000000005}
{"period": 12, "status": "optimal", "solve_seconds": 0.0839996337890625, "model_wall_seconds": 0.2587812000128906, "gap": 0.0, "actual_reward": -5.506706202140776e-15}
{"period": 13, "status": "optimal", "solve_seconds": 0.14400100708007812, "model_wall_seconds": 0.2906477000215091, "gap": 0.0, "actual_reward": 228.17848574171052}
{"period": 14, "status": "optimal", "solve_seconds": 0.03700065612792969, "model_wall_seconds": 0.2027259000169579, "gap": 0.0, "actual_reward": 190.2837383152978}
{"period": 15, "status": "optimal", "solve_seconds": 0.12999916076660156, "model_wall_seconds": 0.2768104000133462, "gap": 0.0, "actual_reward": 46.120000000183985}
{"period": 16, "status": "optimal", "solve_seconds": 0.03700065612792969, "model_wall_seconds": 0.19473660000949167, "gap": 0.0, "actual_reward": 105.92301645595266}
{"period": 17, "status": "optimal", "solve_seconds": 0.11999893188476562, "model_wall_seconds": 0.2861826999869663, "gap": 0.0, "actual_reward": -1.165290086646564e-14}
{"period": 18, "status": "optimal", "solve_seconds": 0.029998779296875, "model_wall_seconds": 0.1816617000149563, "gap": 0.0, "actual_reward": -1.165290086646564e-14}
{"period": 19, "status": "optimal", "solve_seconds": 0.1509990692138672, "model_wall_seconds": 0.29738790000556037, "gap": 0.0, "actual_reward": 81.71290044714999}
{"period": 20, "status": "optimal", "solve_seconds": 0.03600120544433594, "model_wall_seconds": 0.20813909999560565, "gap": 0.0, "actual_reward": 64.01666666682}
{"period": 21, "status": "optimal", "solve_seconds": 0.12800025939941406, "model_wall_seconds": 0.28341929998714477, "gap": 0.0, "actual_reward": -1.9042545318370683e-14}
{"period": 22, "status": "optimal", "solve_seconds": 0.03700065612792969, "model_wall_seconds": 0.1926341000071261, "gap": 0.0, "actual_reward": -2.4016344468691382e-14}
{"period": 23, "status": "optimal", "solve_seconds": 0.1620006561279297, "model_wall_seconds": 0.3338235999981407, "gap": 0.0, "actual_reward": 141.22962319168914}
{"period": 24, "status": "optimal", "solve_seconds": 0.05299949645996094, "model_wall_seconds": 0.2139096999890171, "gap": 0.0, "actual_reward": -1.4139800441625992e-14}
{"period": 25, "status": "optimal", "solve_seconds": 0.13899993896484375, "model_wall_seconds": 0.2871586999972351, "gap": 0.0, "actual_reward": 102.563596221612}
{"period": 26, "status": "optimal", "solve_seconds": 0.04500007629394531, "model_wall_seconds": 0.20293349999701604, "gap": 0.0, "actual_reward": -1.8420820424580596e-14}
{"period": 27, "status": "optimal", "solve_seconds": 0.16499900817871094, "model_wall_seconds": 0.3184346999914851, "gap": 0.0, "actual_reward": -10.000000000000016}
{"period": 28, "status": "optimal", "solve_seconds": 0.05900001525878906, "model_wall_seconds": 0.23844799998914823, "gap": 0.0, "actual_reward": -1.8349766151004587e-14}
{"period": 29, "status": "optimal", "solve_seconds": 0.18400001525878906, "model_wall_seconds": 0.33394690000568517, "gap": 0.0, "actual_reward": -1.8349766151004587e-14}
{"period": 30, "status": "optimal", "solve_seconds": 0.08899879455566406, "model_wall_seconds": 0.26804700001957826, "gap": 0.0, "actual_reward": 226.91110203788656}
{"period": 31, "status": "optimal", "solve_seconds": 0.1829986572265625, "model_wall_seconds": 0.35730669999611564, "gap": 0.0, "actual_reward": 106.99369080145743}
{"period": 32, "status": "optimal", "solve_seconds": 0.07799911499023438, "model_wall_seconds": 0.2434030000003986, "gap": 0.0, "actual_reward": 97.85638104643255}
{"period": 33, "status": "optimal", "solve_seconds": 0.19099998474121094, "model_wall_seconds": 0.3434337999788113, "gap": 0.0, "actual_reward": 151.943449387853}
{"period": 34, "status": "optimal", "solve_seconds": 0.11299896240234375, "model_wall_seconds": 0.27811169999768026, "gap": 0.0, "actual_reward": 64.49203636536}
{"period": 35, "status": "optimal", "solve_seconds": 0.20800018310546875, "model_wall_seconds": 0.36602570000104606, "gap": 0.0, "actual_reward": -3.3875124927362783e-14}
{"period": 36, "status": "optimal", "solve_seconds": 0.1289997100830078, "model_wall_seconds": 0.326841100002639, "gap": 0.0, "actual_reward": 278.9971691905307}
{"period": 37, "status": "optimal", "solve_seconds": 0.24300003051757812, "model_wall_seconds": 0.4064442999952007, "gap": 0.0, "actual_reward": 112.66010873379}
{"period": 38, "status": "optimal", "solve_seconds": 0.15999984741210938, "model_wall_seconds": 0.3563187000108883, "gap": 0.0, "actual_reward": 491.3087850940792}
{"period": 39, "status": "optimal", "solve_seconds": 0.2560005187988281, "model_wall_seconds": 0.42046880000270903, "gap": 0.0, "actual_reward": 386.7255759173153}
{"period": 40, "status": "optimal", "solve_seconds": 0.17399978637695312, "model_wall_seconds": 0.35570140002528206, "gap": 0.0, "actual_reward": 363.5378842077738}
{"period": 41, "status": "optimal", "solve_seconds": 0.2859992980957031, "model_wall_seconds": 0.45689339999808, "gap": 0.0, "actual_reward": 503.750997345757}
{"period": 42, "status": "optimal", "solve_seconds": 0.21700096130371094, "model_wall_seconds": 0.3988625000056345, "gap": 0.0, "actual_reward": 159.915081222598}
{"period": 43, "status": "optimal", "solve_seconds": 0.34999847412109375, "model_wall_seconds": 0.5443112000066321, "gap": 0.0, "actual_reward": 226.5820189524805}
{"period": 44, "status": "optimal", "solve_seconds": 0.2389984130859375, "model_wall_seconds": 0.41915199998766184, "gap": 0.0, "actual_reward": 550.2592066233939}
{"period": 45, "status": "optimal", "solve_seconds": 0.3770008087158203, "model_wall_seconds": 0.5715166000009049, "gap": 0.0, "actual_reward": 533.3265826467926}
{"period": 46, "status": "optimal", "solve_seconds": 0.26199913024902344, "model_wall_seconds": 0.44401099998503923, "gap": 0.0, "actual_reward": 756.1796750723706}
{"period": 47, "status": "optimal", "solve_seconds": 0.9659996032714844, "model_wall_seconds": 1.1738300000142772, "gap": 0.0, "actual_reward": 796.7466964490405}
{"period": 48, "status": "optimal", "solve_seconds": 0.44699859619140625, "model_wall_seconds": 0.638219599990407, "gap": 0.0, "actual_reward": 969.1324342722367}
{"period": 49, "status": "optimal", "solve_seconds": 0.3789997100830078, "model_wall_seconds": 0.5729893000097945, "gap": 0.0, "actual_reward": 83.14851293559492}
{"period": 50, "status": "optimal", "solve_seconds": 0.2569999694824219, "model_wall_seconds": 0.4389136000245344, "gap": 0.0, "actual_reward": 322.9023159015733}
{"period": 51, "status": "optimal", "solve_seconds": 0.6709995269775391, "model_wall_seconds": 0.8391452000068966, "gap": 0.0, "actual_reward": 530.4776319634544}
{"period": 52, "status": "optimal", "solve_seconds": 0.7649993896484375, "model_wall_seconds": 0.9677324999938719, "gap": 0.0, "actual_reward": 458.3968875228366}
{"period": 53, "status": "optimal", "solve_seconds": 0.5760002136230469, "model_wall_seconds": 0.7542027000163216, "gap": 0.0, "actual_reward": 277.36367338315733}
{"period": 54, "status": "optimal", "solve_seconds": 0.3470001220703125, "model_wall_seconds": 0.5394519999972545, "gap": 0.0, "actual_reward": 279.227381604827}
{"period": 55, "status": "optimal", "solve_seconds": 0.7060012817382812, "model_wall_seconds": 0.8778032000118401, "gap": 0.0, "actual_reward": 271.8092752556816}
{"period": 56, "status": "optimal", "solve_seconds": 0.9169998168945312, "model_wall_seconds": 1.1118048999924213, "gap": 5.22988322233613e-11, "actual_reward": 136.35166454761912}
{"period": 57, "status": "optimal", "solve_seconds": 1.164999008178711, "model_wall_seconds": 1.366632200020831, "gap": 0.0, "actual_reward": 1617.2936021792952}
{"period": 58, "status": "optimal", "solve_seconds": 0.8260002136230469, "model_wall_seconds": 1.0367726999975275, "gap": 0.0, "actual_reward": 499.0807221368466}
{"period": 59, "status": "optimal", "solve_seconds": 1.3869991302490234, "model_wall_seconds": 1.5743576000095345, "gap": 0.0, "actual_reward": 862.0556335289566}
{"period": 60, "status": "optimal", "solve_seconds": 0.6979999542236328, "model_wall_seconds": 0.8841231999977026, "gap": 0.0, "actual_reward": 273.3919613539123}
{"period": 61, "status": "optimal", "solve_seconds": 0.832000732421875, "model_wall_seconds": 1.0147923000040464, "gap": 0.0, "actual_reward": 871.1860235556841}
{"period": 62, "status": "optimal", "solve_seconds": 0.4099998474121094, "model_wall_seconds": 0.6285973000049125, "gap": 0.0, "actual_reward": 1338.4740814938953}
{"period": 63, "status": "optimal", "solve_seconds": 0.4569988250732422, "model_wall_seconds": 0.6236166000016965, "gap": 0.0, "actual_reward": 524.0325970871344}
{"period": 64, "status": "optimal", "solve_seconds": 0.40600013732910156, "model_wall_seconds": 0.5729037999990396, "gap": 0.0, "actual_reward": -1874.5869944962196}
{"period": 65, "status": "optimal", "solve_seconds": 0.5499992370605469, "model_wall_seconds": 0.7213773000112269, "gap": 0.0, "actual_reward": -1328.9579192940332}
{"period": 66, "status": "optimal", "solve_seconds": 0.3680000305175781, "model_wall_seconds": 0.5285614999884274, "gap": 0.0, "actual_reward": 190.62366973455758}
{"period": 67, "status": "optimal", "solve_seconds": 6.091999053955078, "model_wall_seconds": 6.303358500008471, "gap": 0.0, "actual_reward": 692.5689057199206}
{"period": 68, "status": "optimal", "solve_seconds": 1.0249996185302734, "model_wall_seconds": 1.222620199987432, "gap": 9.462172469314036e-11, "actual_reward": -906.1345209681213}
{"period": 69, "status": "optimal", "solve_seconds": 0.8980007171630859, "model_wall_seconds": 1.0689728999859653, "gap": 0.0, "actual_reward": 201.35100911288032}
{"period": 70, "status": "optimal", "solve_seconds": 0.5719985961914062, "model_wall_seconds": 0.7428941999969538, "gap": 0.0, "actual_reward": -363.6868147917463}
{"period": 71, "status": "optimal", "solve_seconds": 0.5389995574951172, "model_wall_seconds": 0.7045753999846056, "gap": 0.0, "actual_reward": 441.5633157397783}
{"period": 72, "status": "optimal", "solve_seconds": 0.680999755859375, "model_wall_seconds": 0.9030163999996148, "gap": 0.0, "actual_reward": 941.3422646762673}
{"period": 73, "status": "optimal", "solve_seconds": 0.6260013580322266, "model_wall_seconds": 0.795890600013081, "gap": 0.0, "actual_reward": 868.7382869894827}
{"period": 74, "status": "optimal", "solve_seconds": 0.4479999542236328, "model_wall_seconds": 0.6273110000183806, "gap": 0.0, "actual_reward": -627.2855303643667}
{"period": 75, "status": "optimal", "solve_seconds": 0.555999755859375, "model_wall_seconds": 0.7636003000079654, "gap": 0.0, "actual_reward": -2996.539296506897}
{"period": 76, "status": "optimal", "solve_seconds": 0.3859996795654297, "model_wall_seconds": 0.5489066000154708, "gap": 9.391872003044048e-05, "actual_reward": -2590.122584362457}
{"period": 77, "status": "optimal", "solve_seconds": 0.3729991912841797, "model_wall_seconds": 0.5152990000206046, "gap": 0.0, "actual_reward": -1603.8890289161031}
{"period": 78, "status": "optimal", "solve_seconds": 0.2279987335205078, "model_wall_seconds": 0.4190175000112504, "gap": 0.0, "actual_reward": -2887.3925232541205}
{"period": 79, "status": "optimal", "solve_seconds": 0.3339996337890625, "model_wall_seconds": 0.4645920000039041, "gap": 0.0, "actual_reward": -341.31108255000856}
{"period": 80, "status": "optimal", "solve_seconds": 0.292999267578125, "model_wall_seconds": 0.426612599985674, "gap": 0.0, "actual_reward": -1952.6995055863536}
{"period": 81, "status": "optimal", "solve_seconds": 0.33699989318847656, "model_wall_seconds": 0.5151514000026509, "gap": 0.0, "actual_reward": -1726.8343876042056}
{"period": 82, "status": "optimal", "solve_seconds": 0.37800025939941406, "model_wall_seconds": 0.5051248999952804, "gap": 5.32272828921597e-05, "actual_reward": -3442.6387723151956}
{"period": 83, "status": "optimal", "solve_seconds": 0.4790000915527344, "model_wall_seconds": 0.6009869999834336, "gap": 0.0, "actual_reward": 159.39968185318043}
{"period": 84, "status": "optimal", "solve_seconds": 0.47699928283691406, "model_wall_seconds": 0.6050611000100616, "gap": 8.684538887626729e-05, "actual_reward": -1850.6054113405776}
{"period": 85, "status": "optimal", "solve_seconds": 0.7139987945556641, "model_wall_seconds": 0.8410015999979805, "gap": 4.3637007581408567e-05, "actual_reward": -4915.374371986009}
{"period": 86, "status": "optimal", "solve_seconds": 1.0520000457763672, "model_wall_seconds": 1.18215790000977, "gap": 0.0, "actual_reward": -4571.239045801356}
{"period": 87, "status": "optimal", "solve_seconds": 0.7679996490478516, "model_wall_seconds": 0.8872373000194784, "gap": 0.0, "actual_reward": -3391.366015126814}
{"period": 88, "status": "optimal", "solve_seconds": 0.5230007171630859, "model_wall_seconds": 0.6895629999926314, "gap": 0.0, "actual_reward": -604.339943017986}
{"period": 89, "status": "optimal", "solve_seconds": 0.66400146484375, "model_wall_seconds": 0.779769100015983, "gap": 0.0, "actual_reward": -1897.9893802625436}
{"period": 90, "status": "optimal", "solve_seconds": 0.20599937438964844, "model_wall_seconds": 0.3067872000101488, "gap": 0.0, "actual_reward": -3341.3965502729584}
{"period": 91, "status": "optimal", "solve_seconds": 0.180999755859375, "model_wall_seconds": 0.2767079999903217, "gap": 0.0, "actual_reward": -1637.094339450077}
{"period": 92, "status": "optimal", "solve_seconds": 0.13199996948242188, "model_wall_seconds": 0.22650099999736995, "gap": 0.0, "actual_reward": -3925.784205313252}
{"period": 93, "status": "optimal", "solve_seconds": 0.16099929809570312, "model_wall_seconds": 0.2577525999804493, "gap": 0.0, "actual_reward": -2881.3815437838675}
{"period": 94, "status": "optimal", "solve_seconds": 0.08899879455566406, "model_wall_seconds": 0.16662759997416288, "gap": 0.0, "actual_reward": -1894.4038789036258}
{"period": 95, "status": "optimal", "solve_seconds": 0.08499908447265625, "model_wall_seconds": 0.1520897000154946, "gap": 0.0, "actual_reward": -2900.413333332974}
{"period": 96, "status": "optimal", "solve_seconds": 0.08299827575683594, "model_wall_seconds": 0.16613279999000952, "gap": 0.0, "actual_reward": -936.400198301367}
{"period": 97, "status": "optimal", "solve_seconds": 0.08299827575683594, "model_wall_seconds": 0.1498548999952618, "gap": 0.0, "actual_reward": -797.069227869717}
{"period": 98, "status": "optimal", "solve_seconds": 0.01399993896484375, "model_wall_seconds": 0.07057280000299215, "gap": 0.0, "actual_reward": -891.3218700430137}
{"period": 99, "status": "optimal", "solve_seconds": 0.018001556396484375, "model_wall_seconds": 0.07738940001581796, "gap": 0.0, "actual_reward": -2000.0}
{"period": 100, "status": "optimal", "solve_seconds": 0.008001327514648438, "model_wall_seconds": 0.06466880001244135, "gap": 0.0, "actual_reward": -3000.0}
{"period": 101, "status": "optimal", "solve_seconds": 0.023000717163085938, "model_wall_seconds": 0.0805361999955494, "gap": 0.0, "actual_reward": -2010.0}
{"period": 102, "status": "optimal", "solve_seconds": 0.006999969482421875, "model_wall_seconds": 0.05595630002790131, "gap": 0.0, "actual_reward": -3000.0}
{"period": 103, "status": "optimal", "solve_seconds": 0.011999130249023438, "model_wall_seconds": 0.06519249998382293, "gap": 0.0, "actual_reward": -3000.0}
{"period": 104, "status": "optimal", "solve_seconds": 0.0049991607666015625, "model_wall_seconds": 0.05130760002066381, "gap": 0.0, "actual_reward": -1000.0}
{"period": 105, "status": "optimal", "solve_seconds": 0.0110015869140625, "model_wall_seconds": 0.05579590002889745, "gap": 0.0, "actual_reward": -4.405364961712621e-15}
{"period": 106, "status": "optimal", "solve_seconds": 0.006000518798828125, "model_wall_seconds": 0.11508789999061264, "gap": 0.0, "actual_reward": -1000.0}
{"period": 107, "status": "optimal", "solve_seconds": 0.016000747680664062, "model_wall_seconds": 0.05657229997450486, "gap": 0.0, "actual_reward": 0.0}
{"period": 108, "status": "optimal", "solve_seconds": 0.010999679565429688, "model_wall_seconds": 0.047715599997900426, "gap": 0.0, "actual_reward": -2000.0}
{"period": 109, "status": "optimal", "solve_seconds": 0.01300048828125, "model_wall_seconds": 0.053672000009100884, "gap": 0.0, "actual_reward": 0.0}
{"period": 110, "status": "optimal", "solve_seconds": 0.005001068115234375, "model_wall_seconds": 0.04644880001433194, "gap": 0.0, "actual_reward": 0.0}
{"period": 111, "status": "optimal", "solve_seconds": 0.01200103759765625, "model_wall_seconds": 0.05552470000111498, "gap": 0.0, "actual_reward": -1.4708234630234073e-14}
{"period": 112, "status": "optimal", "solve_seconds": 0.0059986114501953125, "model_wall_seconds": 0.04575379999005236, "gap": 0.0, "actual_reward": -1000.0}
{"state": "complete", "started_at": "2026-09-17T19:08:36.750318+00:00", "scenario": "D:\\Myfiles\\vscode_files\\cleanrl_BSS\\ExpresswayBSSs_v2\\data\\final_real_data_v1\\scenarios\\day_14.json", "route_mode": "joint", "charging_mode": "joint", "model": null, "deadline": null, "pid": 20488, "created": 1789672116.5679936, "source_snapshot": "D:\\Myfiles\\vscode_files\\cleanrl_BSS\\ExpresswayBSSs_v2\\outputs\\zero_terminal_real_data_seed1_v1\\runs\\h6_day14\\source_snapshots\\e04451463b9d6545577ff982cb3a33775239dc78ba1d91c5d8a88c86fabb05aa", "prior_attempt_seconds": 0.0, "runtime_timing_incomplete": false, "runtime_timing_estimated": false, "launcher_source_snapshot": "D:\\Myfiles\\vscode_files\\cleanrl_BSS\\ExpresswayBSSs_v2\\outputs\\zero_terminal_real_data_seed1_v1\\code_snapshots\\40ec378611b206b02ef446c50a74e31e0ead20388937d43f8a3085ca15610712", "finished_at": "2026-09-17T19:12:49.022213+00:00", "wall_seconds": 252.2660141000233, "metrics": {"net_profit_yuan": -56997.18951768081, "service_income_yuan": 34669.53935092937, "charging_cost_yuan": 3986.7288686101697, "adjustment_cost_yuan": 680.0, "reservation_failure_cost_yuan": 87000.0, "reservation_count": 200, "actual_random_count": 200, "reservation_failures": 87, "reservation_failure_rate": 0.435, "reservation_completed": 113, "reservation_unfinished_at_L": 22, "reservation_unfinished_rate_at_L": 0.11, "reservation_unfinished_after_cleanup": 0, "random_services": 145, "random_service_rate": 0.725, "mean_wait_minutes_served": 11.366910944602534, "path_adjustments": 68, "solver_seconds_mean": 0.3518748623984201, "solver_seconds_p95": 0.9390497207641596, "model_wall_seconds_mean": 0.49948498482340903, "model_wall_seconds_p95": 1.1397161950022556, "model_wall_seconds_total": 55.942318300221814, "mip_gap_mean": 2.4788263062574377e-06, "mip_gap_max": 9.391872003044048e-05, "mip_gap_target_met_fraction": 1.0, "solver_status_counts": {"optimal": 112}, "completed_periods": 112, "demand_periods": 96, "cleanup_periods": 16, "cleanup_hours": 4.0, "time_limit_fraction": 0.0, "final_inventory_kwh": 5258.0617736523, "random_timeouts": 55, "terminal_settlement": "none", "operating_duration_hours": 24.0, "current_attempt_wall_seconds": 252.26351980000618, "prior_attempt_wall_seconds": 0.0, "known_runtime_seconds": 252.26351980000618, "runtime_timing_incomplete": false, "runtime_timing_estimated": false, "worker_wall_seconds": 252.26351980000618}}
