{"period": 1, "status": "optimal", "solve_seconds": 0.20199966430664062, "model_wall_seconds": 0.3615177000174299, "gap": 0.0, "actual_reward": 0.0}
{"period": 2, "status": "optimal", "solve_seconds": 0.04199981689453125, "model_wall_seconds": 0.19314059999305755, "gap": 0.0, "actual_reward": 0.0}
{"period": 3, "status": "optimal", "solve_seconds": 0.1919994354248047, "model_wall_seconds": 0.3403751000005286, "gap": 0.0, "actual_reward": 92.24586134786142}
{"period": 4, "status": "optimal", "solve_seconds": 0.042999267578125, "model_wall_seconds": 0.19463010001345538, "gap": 0.0, "actual_reward": -6.039613253960852e-16}
{"period": 5, "status": "optimal", "solve_seconds": 0.13899993896484375, "model_wall_seconds": 0.2875972999900114, "gap": 0.0, "actual_reward": -6.039613253960852e-16}
{"period": 6, "status": "optimal", "solve_seconds": 0.03999900817871094, "model_wall_seconds": 0.19975140001042746, "gap": 0.0, "actual_reward": 119.55647370370488}
{"period": 7, "status": "optimal", "solve_seconds": 0.12800025939941406, "model_wall_seconds": 0.27366259999689646, "gap": 0.0, "actual_reward": -6.039613253960852e-16}
{"period": 8, "status": "optimal", "solve_seconds": 0.04599952697753906, "model_wall_seconds": 0.1986398999870289, "gap": 0.0, "actual_reward": 85.18183330259399}
{"period": 9, "status": "optimal", "solve_seconds": 0.17399978637695312, "model_wall_seconds": 0.3144204000127502, "gap": 0.0, "actual_reward": -5.506706202140776e-15}
{"period": 10, "status": "optimal", "solve_seconds": 0.09499931335449219, "model_wall_seconds": 0.24574320000829175, "gap": 0.0, "actual_reward": 235.95858909691498}
{"period": 11, "status": "optimal", "solve_seconds": 0.1569995880126953, "model_wall_seconds": 0.2998995000089053, "gap": 0.0, "actual_reward": -10.000000000000007}
{"period": 12, "status": "optimal", "solve_seconds": 0.07999992370605469, "model_wall_seconds": 0.2388630000059493, "gap": 0.0, "actual_reward": -6.7146288529329464e-15}
{"period": 13, "status": "optimal", "solve_seconds": 0.14500045776367188, "model_wall_seconds": 0.28653399998438545, "gap": 0.0, "actual_reward": 228.17848574171052}
{"period": 14, "status": "optimal", "solve_seconds": 0.03700065612792969, "model_wall_seconds": 0.1995018000015989, "gap": 0.0, "actual_reward": 190.2837383152978}
{"period": 15, "status": "optimal", "solve_seconds": 0.12400054931640625, "model_wall_seconds": 0.25609870001790114, "gap": 0.0, "actual_reward": 56.120000000183985}
{"period": 16, "status": "optimal", "solve_seconds": 0.020999908447265625, "model_wall_seconds": 0.17622189997928217, "gap": 0.0, "actual_reward": 105.92301645595266}
{"period": 17, "status": "optimal", "solve_seconds": 0.12100028991699219, "model_wall_seconds": 0.26694050000514835, "gap": 0.0, "actual_reward": -10.00000000000001}
{"period": 18, "status": "optimal", "solve_seconds": 0.030000686645507812, "model_wall_seconds": 0.17970680000144057, "gap": 0.0, "actual_reward": -1.165290086646564e-14}
{"period": 19, "status": "optimal", "solve_seconds": 0.11699867248535156, "model_wall_seconds": 0.2575642000010703, "gap": 0.0, "actual_reward": 81.71290044714999}
{"period": 20, "status": "optimal", "solve_seconds": 0.02700042724609375, "model_wall_seconds": 0.1700622999924235, "gap": 0.0, "actual_reward": 64.01666666682}
{"period": 21, "status": "optimal", "solve_seconds": 0.11599922180175781, "model_wall_seconds": 0.25808029997278936, "gap": 0.0, "actual_reward": -1.4139800441625992e-14}
{"period": 22, "status": "optimal", "solve_seconds": 0.02899932861328125, "model_wall_seconds": 0.17366349999792874, "gap": 0.0, "actual_reward": -1.911359959194669e-14}
{"period": 23, "status": "optimal", "solve_seconds": 0.17099952697753906, "model_wall_seconds": 0.3094000999990385, "gap": 0.0, "actual_reward": 141.22962319168914}
{"period": 24, "status": "optimal", "solve_seconds": 0.030000686645507812, "model_wall_seconds": 0.17343910000636242, "gap": 0.0, "actual_reward": -1.4139800441625992e-14}
{"period": 25, "status": "optimal", "solve_seconds": 0.1360015869140625, "model_wall_seconds": 0.27739909998490475, "gap": 0.0, "actual_reward": 102.563596221612}
{"period": 26, "status": "optimal", "solve_seconds": 0.035999298095703125, "model_wall_seconds": 0.17926420000731014, "gap": 0.0, "actual_reward": -1.8349766151004587e-14}
{"period": 27, "status": "optimal", "solve_seconds": 0.13199996948242188, "model_wall_seconds": 0.2923102999920957, "gap": 0.0, "actual_reward": -1.8349766151004587e-14}
{"period": 28, "status": "optimal", "solve_seconds": 0.031000137329101562, "model_wall_seconds": 0.18167580000590533, "gap": 0.0, "actual_reward": -1.8349766151004587e-14}
{"period": 29, "status": "optimal", "solve_seconds": 0.19099998474121094, "model_wall_seconds": 0.33088570000836626, "gap": 0.0, "actual_reward": -10.000000000000016}
{"period": 30, "status": "optimal", "solve_seconds": 0.07299995422363281, "model_wall_seconds": 0.22748659999342635, "gap": 0.0, "actual_reward": 226.91110203788656}
{"period": 31, "status": "optimal", "solve_seconds": 0.16499900817871094, "model_wall_seconds": 0.3007367000100203, "gap": 0.0, "actual_reward": 106.99369080145743}
{"period": 32, "status": "optimal", "solve_seconds": 0.0579986572265625, "model_wall_seconds": 0.2053147000260651, "gap": 0.0, "actual_reward": -1.4779288903810084e-14}
{"period": 33, "status": "optimal", "solve_seconds": 0.14499855041503906, "model_wall_seconds": 0.3083872999995947, "gap": 0.0, "actual_reward": 259.7998304342856}
{"period": 34, "status": "optimal", "solve_seconds": 0.07200050354003906, "model_wall_seconds": 0.22259389999089763, "gap": 0.0, "actual_reward": 64.49203636536}
{"period": 35, "status": "optimal", "solve_seconds": 0.18600082397460938, "model_wall_seconds": 0.32892319999518804, "gap": 0.0, "actual_reward": -10.000000000000018}
{"period": 36, "status": "optimal", "solve_seconds": 0.11300086975097656, "model_wall_seconds": 0.27587510002194904, "gap": 0.0, "actual_reward": 278.9971691905307}
{"period": 37, "status": "optimal", "solve_seconds": 0.21000099182128906, "model_wall_seconds": 0.359963399998378, "gap": 0.0, "actual_reward": 122.66010873379}
{"period": 38, "status": "optimal", "solve_seconds": 0.10599899291992188, "model_wall_seconds": 0.2848556999815628, "gap": 0.0, "actual_reward": 323.47244440696994}
{"period": 39, "status": "optimal", "solve_seconds": 0.23099899291992188, "model_wall_seconds": 0.38246940000681207, "gap": 0.0, "actual_reward": 571.8332507952115}
{"period": 40, "status": "optimal", "solve_seconds": 0.15400123596191406, "model_wall_seconds": 0.33399610000196844, "gap": 0.0, "actual_reward": 336.2665500169869}
{"period": 41, "status": "optimal", "solve_seconds": 0.25300025939941406, "model_wall_seconds": 0.4055266999930609, "gap": 0.0, "actual_reward": 503.750997345757}
{"period": 42, "status": "optimal", "solve_seconds": 0.15399932861328125, "model_wall_seconds": 0.3238197000173386, "gap": 0.0, "actual_reward": 159.915081222598}
{"period": 43, "status": "optimal", "solve_seconds": 0.3040008544921875, "model_wall_seconds": 0.45793829998001456, "gap": 0.0, "actual_reward": 226.5820189524805}
{"period": 44, "status": "optimal", "solve_seconds": 0.20299911499023438, "model_wall_seconds": 0.3693811999983154, "gap": 0.0, "actual_reward": 550.2592066233939}
{"period": 45, "status": "optimal", "solve_seconds": 0.3129997253417969, "model_wall_seconds": 0.4753688999917358, "gap": 0.0, "actual_reward": 471.7258875856887}
{"period": 46, "status": "optimal", "solve_seconds": 0.18600082397460938, "model_wall_seconds": 0.3502431999950204, "gap": 0.0, "actual_reward": 957.2812908938653}
{"period": 47, "status": "optimal", "solve_seconds": 0.5659999847412109, "model_wall_seconds": 0.7316380999982357, "gap": 3.164978981155061e-05, "actual_reward": 412.6509778675803}
{"period": 48, "status": "optimal", "solve_seconds": 0.3469982147216797, "model_wall_seconds": 0.5169963999942411, "gap": 0.0, "actual_reward": 1116.61022064564}
{"period": 49, "status": "optimal", "solve_seconds": 0.3280010223388672, "model_wall_seconds": 0.4804729000024963, "gap": 0.0, "actual_reward": 143.07258859932438}
{"period": 50, "status": "optimal", "solve_seconds": 0.19700050354003906, "model_wall_seconds": 0.35431269998662174, "gap": 0.0, "actual_reward": 402.63361888763086}
{"period": 51, "status": "optimal", "solve_seconds": 0.3040008544921875, "model_wall_seconds": 0.457994399999734, "gap": 0.0, "actual_reward": 446.02668283526435}
{"period": 52, "status": "optimal", "solve_seconds": 0.20000076293945312, "model_wall_seconds": 0.3657818000065163, "gap": 0.0, "actual_reward": 507.90179625720856}
{"period": 53, "status": "optimal", "solve_seconds": 0.3339996337890625, "model_wall_seconds": 0.5025238000089303, "gap": 0.0, "actual_reward": 167.26696495207406}
{"period": 54, "status": "optimal", "solve_seconds": 0.20799827575683594, "model_wall_seconds": 0.3687043999962043, "gap": 0.0, "actual_reward": 298.3985589874584}
{"period": 55, "status": "optimal", "solve_seconds": 0.4270000457763672, "model_wall_seconds": 0.5910572999855503, "gap": 0.0, "actual_reward": 590.7776066596406}
{"period": 56, "status": "optimal", "solve_seconds": 0.319000244140625, "model_wall_seconds": 0.4851108999864664, "gap": 0.0, "actual_reward": 83.25983714598586}
{"period": 57, "status": "optimal", "solve_seconds": 0.470001220703125, "model_wall_seconds": 0.6314966999925673, "gap": 0.0, "actual_reward": 27.604670392848448}
{"period": 58, "status": "optimal", "solve_seconds": 0.5349998474121094, "model_wall_seconds": 0.74452609999571, "gap": 0.0, "actual_reward": 575.6916528062321}
{"period": 59, "status": "optimal", "solve_seconds": 0.40799903869628906, "model_wall_seconds": 0.5680624000087846, "gap": 0.0, "actual_reward": 847.2013560128976}
{"period": 60, "status": "optimal", "solve_seconds": 0.2089996337890625, "model_wall_seconds": 0.3644723999896087, "gap": 0.0, "actual_reward": 260.78245586452863}
{"period": 61, "status": "optimal", "solve_seconds": 0.30700111389160156, "model_wall_seconds": 0.4644894999801181, "gap": 0.0, "actual_reward": 25.7904895046031}
{"period": 62, "status": "optimal", "solve_seconds": 0.17499923706054688, "model_wall_seconds": 0.32882910000626, "gap": 0.0, "actual_reward": 1122.8833638169795}
{"period": 63, "status": "optimal", "solve_seconds": 0.2930011749267578, "model_wall_seconds": 0.4400239000096917, "gap": 0.0, "actual_reward": 428.05978955586096}
{"period": 64, "status": "optimal", "solve_seconds": 0.15600013732910156, "model_wall_seconds": 0.3080039999913424, "gap": 0.0, "actual_reward": -4735.175870751216}
{"period": 65, "status": "optimal", "solve_seconds": 0.2800006866455078, "model_wall_seconds": 0.42501989999436773, "gap": 0.0, "actual_reward": -1288.5979192937812}
{"period": 66, "status": "optimal", "solve_seconds": 0.19099998474121094, "model_wall_seconds": 0.3424634999828413, "gap": 0.0, "actual_reward": 264.67849498793595}
{"period": 67, "status": "optimal", "solve_seconds": 0.2840003967285156, "model_wall_seconds": 0.4241680999984965, "gap": 0.0, "actual_reward": 290.3883048465328}
{"period": 68, "status": "optimal", "solve_seconds": 0.33100128173828125, "model_wall_seconds": 0.5271178999973927, "gap": 0.0, "actual_reward": -1827.6262126998313}
{"period": 69, "status": "optimal", "solve_seconds": 0.4200000762939453, "model_wall_seconds": 0.5607940999907441, "gap": 0.0, "actual_reward": -783.5549109030883}
{"period": 70, "status": "optimal", "solve_seconds": 0.2800006866455078, "model_wall_seconds": 0.4215400000102818, "gap": 0.0, "actual_reward": -1342.8387488408607}
{"period": 71, "status": "optimal", "solve_seconds": 0.3040008544921875, "model_wall_seconds": 0.4577290000161156, "gap": 0.0, "actual_reward": 531.4200305785819}
{"period": 72, "status": "optimal", "solve_seconds": 0.2819995880126953, "model_wall_seconds": 0.43684020001091994, "gap": 7.480301145234745e-05, "actual_reward": 841.3115328945936}
{"period": 73, "status": "optimal", "solve_seconds": 0.24500083923339844, "model_wall_seconds": 0.43109060000278987, "gap": 0.0, "actual_reward": -3660.3115457989525}
{"period": 74, "status": "optimal", "solve_seconds": 0.1620006561279297, "model_wall_seconds": 0.29357189999427646, "gap": 0.0, "actual_reward": -1647.07014861565}
{"period": 75, "status": "optimal", "solve_seconds": 0.2569999694824219, "model_wall_seconds": 0.3879791999934241, "gap": 0.0, "actual_reward": -3012.5395042348164}
{"period": 76, "status": "optimal", "solve_seconds": 0.12099838256835938, "model_wall_seconds": 0.2943510999903083, "gap": 0.0, "actual_reward": -1618.9665164139556}
{"period": 77, "status": "optimal", "solve_seconds": 0.18199920654296875, "model_wall_seconds": 0.3061834000109229, "gap": 0.0, "actual_reward": -2679.6906118385023}
{"period": 78, "status": "optimal", "solve_seconds": 0.11800003051757812, "model_wall_seconds": 0.2376007999991998, "gap": 0.0, "actual_reward": -2955.910878638449}
{"period": 79, "status": "optimal", "solve_seconds": 0.1999988555908203, "model_wall_seconds": 0.30549520000931807, "gap": 0.0, "actual_reward": -2568.14151237407}
{"period": 80, "status": "optimal", "solve_seconds": 0.10499954223632812, "model_wall_seconds": 0.22700889999396168, "gap": 0.0, "actual_reward": -2044.1000000000001}
{"period": 81, "status": "optimal", "solve_seconds": 0.1830005645751953, "model_wall_seconds": 0.29401499999221414, "gap": 0.0, "actual_reward": -3123.75}
{"period": 82, "status": "optimal", "solve_seconds": 0.08799934387207031, "model_wall_seconds": 0.20057849999284372, "gap": 0.0, "actual_reward": -4403.146344495934}
{"period": 83, "status": "optimal", "solve_seconds": 0.1750011444091797, "model_wall_seconds": 0.33029899999382906, "gap": 2.8499145882799584e-05, "actual_reward": -1800.9792103857467}
{"period": 84, "status": "optimal", "solve_seconds": 0.12999916076660156, "model_wall_seconds": 0.23274659999879077, "gap": 5.259896248171137e-05, "actual_reward": -877.0282701016769}
{"period": 85, "status": "optimal", "solve_seconds": 0.1340007781982422, "model_wall_seconds": 0.22681180000654422, "gap": 0.0, "actual_reward": -5983.684371986414}
{"period": 86, "status": "optimal", "solve_seconds": 0.07399940490722656, "model_wall_seconds": 0.1751067000150215, "gap": 0.0, "actual_reward": -7685.7143705043145}
{"period": 87, "status": "optimal", "solve_seconds": 0.11299896240234375, "model_wall_seconds": 0.2079049000167288, "gap": 0.0, "actual_reward": -2682.7135235869137}
{"period": 88, "status": "optimal", "solve_seconds": 0.12400054931640625, "model_wall_seconds": 0.21448359999340028, "gap": 0.0, "actual_reward": -1604.3399430223785}
{"period": 89, "status": "optimal", "solve_seconds": 0.07800102233886719, "model_wall_seconds": 0.1552873000036925, "gap": 0.0, "actual_reward": -2018.6910676624243}
{"period": 90, "status": "optimal", "solve_seconds": 0.05500030517578125, "model_wall_seconds": 0.13309230000595562, "gap": 0.0, "actual_reward": -7853.854188872139}
{"period": 91, "status": "optimal", "solve_seconds": 0.07400131225585938, "model_wall_seconds": 0.15014260000316426, "gap": 0.0, "actual_reward": -2852.846898749358}
{"period": 92, "status": "optimal", "solve_seconds": 0.062000274658203125, "model_wall_seconds": 0.14754740000353195, "gap": 0.0, "actual_reward": -4814.083366122006}
{"period": 93, "status": "optimal", "solve_seconds": 0.07600021362304688, "model_wall_seconds": 0.14699839998502284, "gap": 0.0, "actual_reward": -1875.822214062878}
{"period": 94, "status": "optimal", "solve_seconds": 0.035999298095703125, "model_wall_seconds": 0.09867169999051839, "gap": 0.0, "actual_reward": -4020.25}
{"period": 95, "status": "optimal", "solve_seconds": 0.04300117492675781, "model_wall_seconds": 0.0990892999980133, "gap": 0.0, "actual_reward": -2008.7145598982684}
{"period": 96, "status": "optimal", "solve_seconds": 0.0260009765625, "model_wall_seconds": 0.08167250000406057, "gap": 0.0, "actual_reward": -2000.0}
{"period": 97, "status": "optimal", "solve_seconds": 0.034999847412109375, "model_wall_seconds": 0.08413209998980165, "gap": 0.0, "actual_reward": -939.612561202802}
{"period": 98, "status": "optimal", "solve_seconds": 0.005001068115234375, "model_wall_seconds": 0.05551979999290779, "gap": 0.0, "actual_reward": -891.3218700430137}
{"period": 99, "status": "optimal", "solve_seconds": 0.012998580932617188, "model_wall_seconds": 0.06172359999618493, "gap": 0.0, "actual_reward": -2000.0}
{"period": 100, "status": "optimal", "solve_seconds": 0.0049991607666015625, "model_wall_seconds": 0.04970360000152141, "gap": 0.0, "actual_reward": -2000.0}
{"period": 101, "status": "optimal", "solve_seconds": 0.011999130249023438, "model_wall_seconds": 0.057055899989791214, "gap": 0.0, "actual_reward": -2010.0}
{"period": 102, "status": "optimal", "solve_seconds": 0.0039997100830078125, "model_wall_seconds": 0.04577860000426881, "gap": 0.0, "actual_reward": -3000.0}
{"period": 103, "status": "optimal", "solve_seconds": 0.006000518798828125, "model_wall_seconds": 0.04332790002808906, "gap": 0.0, "actual_reward": -1000.0}
{"period": 104, "status": "optimal", "solve_seconds": 0.0039997100830078125, "model_wall_seconds": 0.04279720000340603, "gap": 0.0, "actual_reward": -2000.0}
{"period": 105, "status": "optimal", "solve_seconds": 0.00299835205078125, "model_wall_seconds": 0.04420909998589195, "gap": 0.0, "actual_reward": -8.872902412804251e-15}
{"period": 106, "status": "optimal", "solve_seconds": 0.0030002593994140625, "model_wall_seconds": 0.038927200017496943, "gap": 0.0, "actual_reward": -1000.0}
{"period": 107, "status": "optimal", "solve_seconds": 0.0049991607666015625, "model_wall_seconds": 0.038698899996234104, "gap": 0.0, "actual_reward": -7.771561172376096e-15}
{"period": 108, "status": "optimal", "solve_seconds": 0.0030002593994140625, "model_wall_seconds": 0.03863890000502579, "gap": 0.0, "actual_reward": -2000.0}
{"state": "complete", "started_at": "2026-09-17T18:28:42.633707+00:00", "scenario": "D:\\Myfiles\\vscode_files\\cleanrl_BSS\\ExpresswayBSSs_v2\\data\\final_real_data_v1\\scenarios\\day_14.json", "route_mode": "joint", "charging_mode": "joint", "model": null, "deadline": null, "pid": 26044, "created": 1789669722.4555268, "source_snapshot": "D:\\Myfiles\\vscode_files\\cleanrl_BSS\\ExpresswayBSSs_v2\\outputs\\zero_terminal_real_data_seed1_v1\\runs\\h5_day14\\source_snapshots\\e04451463b9d6545577ff982cb3a33775239dc78ba1d91c5d8a88c86fabb05aa", "prior_attempt_seconds": 0.0, "runtime_timing_incomplete": false, "runtime_timing_estimated": false, "launcher_source_snapshot": "D:\\Myfiles\\vscode_files\\cleanrl_BSS\\ExpresswayBSSs_v2\\outputs\\zero_terminal_real_data_seed1_v1\\code_snapshots\\40ec378611b206b02ef446c50a74e31e0ead20388937d43f8a3085ca15610712", "finished_at": "2026-09-17T18:32:16.454195+00:00", "wall_seconds": 213.82357149999007, "metrics": {"net_profit_yuan": -86602.75469710231, "service_income_yuan": 28665.87788079676, "charging_cost_yuan": 1768.6325778990436, "adjustment_cost_yuan": 500.0, "reservation_failure_cost_yuan": 113000.0, "reservation_count": 200, "actual_random_count": 200, "reservation_failures": 113, "reservation_failure_rate": 0.565, "reservation_completed": 87, "reservation_unfinished_at_L": 19, "reservation_unfinished_rate_at_L": 0.095, "reservation_unfinished_after_cleanup": 0, "random_services": 135, "random_service_rate": 0.675, "mean_wait_minutes_served": 11.811833714360342, "path_adjustments": 50, "solver_seconds_mean": 0.1562222021597403, "solver_seconds_p95": 0.38664875030517526, "model_wall_seconds_mean": 0.287113705555115, "model_wall_seconds_p95": 0.5490074299930708, "model_wall_seconds_total": 31.008280199952424, "mip_gap_mean": 1.7365824965593427e-06, "mip_gap_max": 7.480301145234745e-05, "mip_gap_target_met_fraction": 1.0, "solver_status_counts": {"optimal": 108}, "completed_periods": 108, "demand_periods": 96, "cleanup_periods": 12, "cleanup_hours": 3.0, "time_limit_fraction": 0.0, "final_inventory_kwh": 6451.7526106898, "random_timeouts": 65, "terminal_settlement": "none", "operating_duration_hours": 24.0, "current_attempt_wall_seconds": 213.82108009999502, "prior_attempt_wall_seconds": 0.0, "known_runtime_seconds": 213.82108009999502, "runtime_timing_incomplete": false, "runtime_timing_estimated": false, "worker_wall_seconds": 213.82108009999502}}
