{"period": 1, "status": "optimal", "solve_seconds": 0.18899917602539062, "model_wall_seconds": 0.39141829998698086, "gap": 0.0, "actual_reward": 0.0}
{"period": 2, "status": "optimal", "solve_seconds": 0.17300033569335938, "model_wall_seconds": 0.3479695999994874, "gap": 0.0, "actual_reward": 0.0}
{"period": 3, "status": "optimal", "solve_seconds": 0.2160015106201172, "model_wall_seconds": 0.39358559998800047, "gap": 0.0, "actual_reward": 291.8080078008192}
{"period": 4, "status": "optimal", "solve_seconds": 0.05500030517578125, "model_wall_seconds": 0.2284778999746777, "gap": 0.0, "actual_reward": 104.60534331204357}
{"period": 5, "status": "optimal", "solve_seconds": 0.1490001678466797, "model_wall_seconds": 0.31223380001029, "gap": 0.0, "actual_reward": -7.318590178329032e-15}
{"period": 6, "status": "optimal", "solve_seconds": 0.055999755859375, "model_wall_seconds": 0.2300317999906838, "gap": 0.0, "actual_reward": -2.415845301584341e-15}
{"period": 7, "status": "optimal", "solve_seconds": 0.12599945068359375, "model_wall_seconds": 0.2823678000131622, "gap": 0.0, "actual_reward": -10.000000000000007}
{"period": 8, "status": "optimal", "solve_seconds": 0.06199836730957031, "model_wall_seconds": 0.23267989998566918, "gap": 0.0, "actual_reward": 106.244440785693}
{"period": 9, "status": "optimal", "solve_seconds": 0.18400001525878906, "model_wall_seconds": 0.3440497000119649, "gap": 0.0, "actual_reward": -4.902744876744691e-15}
{"period": 10, "status": "optimal", "solve_seconds": 0.0970001220703125, "model_wall_seconds": 0.2691309000074398, "gap": 0.0, "actual_reward": 43.47480416169399}
{"period": 11, "status": "optimal", "solve_seconds": 0.20600128173828125, "model_wall_seconds": 0.36619950001477264, "gap": 0.0, "actual_reward": -10.000000000000009}
{"period": 12, "status": "optimal", "solve_seconds": 0.05699920654296875, "model_wall_seconds": 0.22604329997557215, "gap": 0.0, "actual_reward": 194.83752704151976}
{"period": 13, "status": "optimal", "solve_seconds": 0.16500091552734375, "model_wall_seconds": 0.33831700001610443, "gap": 0.0, "actual_reward": -1.5294432387236155e-14}
{"period": 14, "status": "optimal", "solve_seconds": 0.08499908447265625, "model_wall_seconds": 0.24766719999024644, "gap": 0.0, "actual_reward": -1.5294432387236155e-14}
{"period": 15, "status": "optimal", "solve_seconds": 0.1490001678466797, "model_wall_seconds": 0.31212510002660565, "gap": 0.0, "actual_reward": -1.0391687510491466e-14}
{"period": 16, "status": "optimal", "solve_seconds": 0.07299995422363281, "model_wall_seconds": 0.23992260001250543, "gap": 0.0, "actual_reward": 49.219999999908}
{"period": 17, "status": "optimal", "solve_seconds": 0.14500045776367188, "model_wall_seconds": 0.30216660001315176, "gap": 0.0, "actual_reward": 233.02443613714996}
{"period": 18, "status": "optimal", "solve_seconds": 0.06699943542480469, "model_wall_seconds": 0.2451623999804724, "gap": 0.0, "actual_reward": 125.24817190086598}
{"period": 19, "status": "optimal", "solve_seconds": 0.14599990844726562, "model_wall_seconds": 0.31836410000687465, "gap": 0.0, "actual_reward": -20.000000000000014}
{"period": 20, "status": "optimal", "solve_seconds": 0.07899856567382812, "model_wall_seconds": 0.24118819998693652, "gap": 0.0, "actual_reward": 96.01511092055401}
{"period": 21, "status": "optimal", "solve_seconds": 0.16500091552734375, "model_wall_seconds": 0.3371970999869518, "gap": 0.0, "actual_reward": 59.54600278912198}
{"period": 22, "status": "optimal", "solve_seconds": 0.10700035095214844, "model_wall_seconds": 0.27437210001517087, "gap": 0.0, "actual_reward": 84.74655816540877}
{"period": 23, "status": "optimal", "solve_seconds": 0.15800094604492188, "model_wall_seconds": 0.31441869999980554, "gap": 0.0, "actual_reward": 87.08668435458999}
{"period": 24, "status": "optimal", "solve_seconds": 0.08900070190429688, "model_wall_seconds": 0.26015109999570996, "gap": 0.0, "actual_reward": 55.199999999999996}
{"period": 25, "status": "optimal", "solve_seconds": 0.15700149536132812, "model_wall_seconds": 0.3369417999929283, "gap": 0.0, "actual_reward": 91.24534309999541}
{"period": 26, "status": "optimal", "solve_seconds": 0.08300018310546875, "model_wall_seconds": 0.2512797999952454, "gap": 0.0, "actual_reward": 177.286618742418}
{"period": 27, "status": "optimal", "solve_seconds": 0.16300010681152344, "model_wall_seconds": 0.3168312000052538, "gap": 0.0, "actual_reward": 42.39999999983998}
{"period": 28, "status": "optimal", "solve_seconds": 0.08299827575683594, "model_wall_seconds": 0.2623489999969024, "gap": 0.0, "actual_reward": 42.39999999983998}
{"period": 29, "status": "optimal", "solve_seconds": 0.18900108337402344, "model_wall_seconds": 0.3473511000047438, "gap": 0.0, "actual_reward": -10.000000000000027}
{"period": 30, "status": "optimal", "solve_seconds": 0.10099983215332031, "model_wall_seconds": 0.2697129999869503, "gap": 0.0, "actual_reward": 99.61264698933564}
{"period": 31, "status": "optimal", "solve_seconds": 0.2579994201660156, "model_wall_seconds": 0.441593900002772, "gap": 0.0, "actual_reward": 326.14678895539}
{"period": 32, "status": "optimal", "solve_seconds": 0.16900062561035156, "model_wall_seconds": 0.34477290001814254, "gap": 0.0, "actual_reward": -3.1823432777855486e-14}
{"period": 33, "status": "optimal", "solve_seconds": 0.2780017852783203, "model_wall_seconds": 0.4444913999759592, "gap": 0.0, "actual_reward": 220.57666640880115}
{"period": 34, "status": "optimal", "solve_seconds": 0.18200111389160156, "model_wall_seconds": 0.36366949998773634, "gap": 0.0, "actual_reward": 123.216064117846}
{"period": 35, "status": "optimal", "solve_seconds": 0.2819995880126953, "model_wall_seconds": 0.45725150001817383, "gap": 0.0, "actual_reward": -6.352252057695295e-14}
{"period": 36, "status": "optimal", "solve_seconds": 0.2690010070800781, "model_wall_seconds": 0.4776881000143476, "gap": 0.0, "actual_reward": 210.980000000482}
{"period": 37, "status": "optimal", "solve_seconds": 0.39100074768066406, "model_wall_seconds": 0.5783741000050213, "gap": 0.0, "actual_reward": 232.37616212228394}
{"period": 38, "status": "optimal", "solve_seconds": 0.28600120544433594, "model_wall_seconds": 0.48197870000149123, "gap": 0.0, "actual_reward": 241.7250364316882}
{"period": 39, "status": "optimal", "solve_seconds": 0.4389991760253906, "model_wall_seconds": 0.63014620001195, "gap": 0.0, "actual_reward": 50.18309200927596}
{"period": 40, "status": "optimal", "solve_seconds": 0.4109992980957031, "model_wall_seconds": 0.6111490000039339, "gap": 0.0, "actual_reward": 198.3872135494819}
{"period": 41, "status": "optimal", "solve_seconds": 0.5929985046386719, "model_wall_seconds": 0.8223192000004929, "gap": 0.0, "actual_reward": 379.99698820209017}
{"period": 42, "status": "optimal", "solve_seconds": 6.706998825073242, "model_wall_seconds": 6.921760400000494, "gap": 0.0, "actual_reward": 594.1740971558686}
{"period": 43, "status": "optimal", "solve_seconds": 4.783000946044922, "model_wall_seconds": 5.001737100013997, "gap": 0.0, "actual_reward": 434.68972976717805}
{"period": 44, "status": "optimal", "solve_seconds": 25.68600082397461, "model_wall_seconds": 26.00811560000875, "gap": 9.889292960051819e-05, "actual_reward": 413.28475731987754}
{"period": 45, "status": "optimal", "solve_seconds": 3.3909988403320312, "model_wall_seconds": 3.618676800018875, "gap": 0.0, "actual_reward": 172.0161986648243}
{"period": 46, "status": "time_limit", "solve_seconds": 120.00199890136719, "model_wall_seconds": 120.39564180001616, "gap": 0.0006030383087590197, "actual_reward": 849.6315647070661}
{"period": 47, "status": "optimal", "solve_seconds": 3.1949996948242188, "model_wall_seconds": 3.4784034000185784, "gap": 0.0, "actual_reward": 214.11694464026417}
{"period": 48, "status": "optimal", "solve_seconds": 4.0019989013671875, "model_wall_seconds": 4.29541339998832, "gap": 4.241128521303338e-06, "actual_reward": 258.23670459026476}
{"period": 49, "status": "time_limit", "solve_seconds": 120.01200103759766, "model_wall_seconds": 120.46862759999931, "gap": 0.006857078221394979, "actual_reward": 326.08890085432944}
{"period": 50, "status": "time_limit", "solve_seconds": 120.34299850463867, "model_wall_seconds": 120.62288869998883, "gap": 0.0064936242345377745, "actual_reward": 752.5932765027712}
{"period": 51, "status": "time_limit", "solve_seconds": 120.00200080871582, "model_wall_seconds": 120.4122623000003, "gap": 0.0049887741720255115, "actual_reward": 796.0658178675569}
{"period": 52, "status": "time_limit", "solve_seconds": 120.00199890136719, "model_wall_seconds": 120.47343250000267, "gap": 0.0011699093908698309, "actual_reward": 583.2660990286353}
{"period": 53, "status": "time_limit", "solve_seconds": 120.00300025939941, "model_wall_seconds": 120.33234290001565, "gap": 0.01862171368284778, "actual_reward": 399.76517383754975}
{"period": 54, "status": "time_limit", "solve_seconds": 120.00200080871582, "model_wall_seconds": 120.3332835000183, "gap": 0.01142640672140364, "actual_reward": 556.1850213489315}
{"period": 55, "status": "time_limit", "solve_seconds": 120.00299835205078, "model_wall_seconds": 120.30560419999529, "gap": 0.00435288801089649, "actual_reward": 630.019293273298}
{"period": 56, "status": "time_limit", "solve_seconds": 120.00799942016602, "model_wall_seconds": 120.3705317999993, "gap": 0.003552389909685567, "actual_reward": 180.35343998424324}
{"period": 57, "status": "time_limit", "solve_seconds": 120.00200080871582, "model_wall_seconds": 120.4460226999945, "gap": 0.0023833505570673547, "actual_reward": 1131.6212011218313}
{"period": 58, "status": "time_limit", "solve_seconds": 120.24399948120117, "model_wall_seconds": 120.55909470000188, "gap": 0.017145248887120625, "actual_reward": 848.4504429110674}
{"period": 59, "status": "time_limit", "solve_seconds": 120.00399971008301, "model_wall_seconds": 120.36872359999688, "gap": 0.0025919716762441416, "actual_reward": 108.84904466406533}
{"period": 60, "status": "time_limit", "solve_seconds": 120.01599884033203, "model_wall_seconds": 120.48820849999902, "gap": 0.03756755507434877, "actual_reward": 623.4493749526214}
{"period": 61, "status": "time_limit", "solve_seconds": 120.00399971008301, "model_wall_seconds": 120.38115760000073, "gap": 0.027139628182544236, "actual_reward": 351.56321337521683}
{"period": 62, "status": "time_limit", "solve_seconds": 120.2400016784668, "model_wall_seconds": 120.49870669998927, "gap": 0.03597022422487757, "actual_reward": 1320.624636590018}
{"period": 63, "status": "time_limit", "solve_seconds": 120.01399993896484, "model_wall_seconds": 120.39629710000008, "gap": 0.0243218903976541, "actual_reward": 446.03685508364987}
{"period": 64, "status": "time_limit", "solve_seconds": 120.2810001373291, "model_wall_seconds": 120.56548300001305, "gap": 0.03848074294829776, "actual_reward": 142.45447923537498}
{"period": 65, "status": "time_limit", "solve_seconds": 120.02300071716309, "model_wall_seconds": 120.33987669998896, "gap": 0.04133744614692072, "actual_reward": 970.9808251288882}
{"period": 66, "status": "time_limit", "solve_seconds": 120.36899948120117, "model_wall_seconds": 120.62834960001055, "gap": 0.03744951216823098, "actual_reward": 371.2147854735014}
{"period": 67, "status": "time_limit", "solve_seconds": 120.23899841308594, "model_wall_seconds": 120.48151510002208, "gap": 0.0892798619663139, "actual_reward": 1199.263666867733}
{"period": 68, "status": "time_limit", "solve_seconds": 120.17400169372559, "model_wall_seconds": 120.41392780002207, "gap": 0.03082198518484327, "actual_reward": -162.9796768031529}
{"period": 69, "status": "time_limit", "solve_seconds": 120.01200103759766, "model_wall_seconds": 120.42466039999272, "gap": 0.08648458243589742, "actual_reward": 987.2533381578116}
{"period": 70, "status": "time_limit", "solve_seconds": 120.01500129699707, "model_wall_seconds": 120.45222249999642, "gap": 0.0452810920775561, "actual_reward": 620.3746668040908}
{"period": 71, "status": "time_limit", "solve_seconds": 120.0049991607666, "model_wall_seconds": 120.35716839999077, "gap": 0.09655765576099949, "actual_reward": 708.6851111398273}
{"period": 72, "status": "time_limit", "solve_seconds": 120.00399971008301, "model_wall_seconds": 120.30454839998856, "gap": 0.03223420345395267, "actual_reward": 249.91387757054352}
{"period": 73, "status": "time_limit", "solve_seconds": 120.00399971008301, "model_wall_seconds": 120.39870489999885, "gap": 0.09588556638012134, "actual_reward": 683.6751170185892}
{"period": 74, "status": "time_limit", "solve_seconds": 120.00199890136719, "model_wall_seconds": 120.25415749999229, "gap": 0.033022349703590505, "actual_reward": 315.9577001869591}
{"period": 75, "status": "time_limit", "solve_seconds": 120.01300048828125, "model_wall_seconds": 120.36998469999526, "gap": 0.08706626258192622, "actual_reward": 380.46149955710075}
{"period": 76, "status": "time_limit", "solve_seconds": 120.00399971008301, "model_wall_seconds": 120.43302399999811, "gap": 0.06155241272484321, "actual_reward": 1932.3193162625048}
{"period": 77, "status": "time_limit", "solve_seconds": 120.00600051879883, "model_wall_seconds": 120.43235129999812, "gap": 0.09656376652771254, "actual_reward": 529.749025559651}
{"period": 78, "status": "time_limit", "solve_seconds": 120.00200080871582, "model_wall_seconds": 120.29383969999617, "gap": 0.039288227880994855, "actual_reward": -319.777021799263}
{"period": 79, "status": "time_limit", "solve_seconds": 120.29300117492676, "model_wall_seconds": 120.50105040002381, "gap": 0.0777523722245534, "actual_reward": 708.1730356392843}
{"period": 80, "status": "time_limit", "solve_seconds": 120.21399879455566, "model_wall_seconds": 120.43722669998533, "gap": 0.03365459415014888, "actual_reward": 1580.7048742827637}
{"period": 81, "status": "time_limit", "solve_seconds": 120.26199913024902, "model_wall_seconds": 120.48685290000867, "gap": 0.059132394599491614, "actual_reward": -53.849113144441866}
{"period": 82, "status": "time_limit", "solve_seconds": 120.18899917602539, "model_wall_seconds": 120.45014440000523, "gap": 0.011872151410919261, "actual_reward": 833.2421831827072}
{"period": 83, "status": "time_limit", "solve_seconds": 120.00399971008301, "model_wall_seconds": 120.38776149999467, "gap": 0.07123378519903917, "actual_reward": 492.70836924243207}
{"period": 84, "status": "optimal", "solve_seconds": 18.09600067138672, "model_wall_seconds": 18.32398290000856, "gap": 7.603221040171273e-05, "actual_reward": 418.87742516291445}
{"period": 85, "status": "time_limit", "solve_seconds": 120.00300025939941, "model_wall_seconds": 120.32455759998993, "gap": 0.03211606929218301, "actual_reward": 29.82633030033639}
{"period": 86, "status": "time_limit", "solve_seconds": 120.00300025939941, "model_wall_seconds": 120.34951929998351, "gap": 0.003709820515317655, "actual_reward": 431.16831712928064}
{"period": 87, "status": "time_limit", "solve_seconds": 120.00299835205078, "model_wall_seconds": 120.31812569999602, "gap": 0.01177049810233813, "actual_reward": 586.9091323879803}
{"period": 88, "status": "optimal", "solve_seconds": 58.47100067138672, "model_wall_seconds": 58.757965500000864, "gap": 0.0, "actual_reward": 1587.2737041517944}
{"period": 89, "status": "time_limit", "solve_seconds": 120.39799880981445, "model_wall_seconds": 120.60778450002545, "gap": 0.009388596988212053, "actual_reward": -145.7082659221672}
{"period": 90, "status": "optimal", "solve_seconds": 81.61400032043457, "model_wall_seconds": 81.84675620001508, "gap": 9.999333386460896e-05, "actual_reward": 590.510803653307}
{"state": "failed", "started_at": "2026-09-18T05:53:20.443685+00:00", "scenario": "D:\\Myfiles\\vscode_files\\cleanrl_BSS\\ExpresswayBSSs_v2\\data\\final_real_data_v1\\scenarios\\day_01.json", "route_mode": "joint", "charging_mode": "joint", "model": null, "deadline": null, "pid": 3764, "created": 1789710800.1961672, "source_snapshot": "D:\\Myfiles\\vscode_files\\cleanrl_BSS\\ExpresswayBSSs_v2\\outputs\\zero_terminal_real_data_seed1_v1\\runs\\h8_day01\\source_snapshots\\e04451463b9d6545577ff982cb3a33775239dc78ba1d91c5d8a88c86fabb05aa", "prior_attempt_seconds": 0.0, "runtime_timing_incomplete": false, "runtime_timing_estimated": false, "launcher_source_snapshot": "D:\\Myfiles\\vscode_files\\cleanrl_BSS\\ExpresswayBSSs_v2\\outputs\\zero_terminal_real_data_seed1_v1\\code_snapshots\\40ec378611b206b02ef446c50a74e31e0ead20388937d43f8a3085ca15610712", "finished_at": "2026-09-18T07:21:36.229411+00:00", "wall_seconds": 5295.790301300003, "error_type": "ExecutionError", "error": "invalid slot charging power", "traceback": "Traceback (most recent call last):\n  File \"D:\\Myfiles\\vscode_files\\cleanrl_BSS\\ExpresswayBSSs_v2\\outputs\\zero_terminal_real_data_seed1_v1\\code_snapshots\\40ec378611b206b02ef446c50a74e31e0ead20388937d43f8a3085ca15610712\\experiment_worker.py\", line 165, in _run_owned\n    result=run_rolling_mpc(params,scenario,network,progress=progress,\n  File \"D:\\Myfiles\\vscode_files\\cleanrl_BSS\\ExpresswayBSSs_v2\\outputs\\zero_terminal_real_data_seed1_v1\\code_snapshots\\40ec378611b206b02ef446c50a74e31e0ead20388937d43f8a3085ca15610712\\src\\rolling_runner.py\", line 121, in run_rolling_mpc\n    execution = execute_step(params, state, solution, scenario.arrivals_between(\n  File \"D:\\Myfiles\\vscode_files\\cleanrl_BSS\\ExpresswayBSSs_v2\\outputs\\zero_terminal_real_data_seed1_v1\\code_snapshots\\40ec378611b206b02ef446c50a74e31e0ead20388937d43f8a3085ca15610712\\src\\execution.py\", line 268, in execute_step\n    powers = _validate_power(params, result, solution)\n  File \"D:\\Myfiles\\vscode_files\\cleanrl_BSS\\ExpresswayBSSs_v2\\outputs\\zero_terminal_real_data_seed1_v1\\code_snapshots\\40ec378611b206b02ef446c50a74e31e0ead20388937d43f8a3085ca15610712\\src\\execution.py\", line 246, in _validate_power\n    raise ExecutionError(\"invalid slot charging power\")\nsrc.execution.ExecutionError: invalid slot charging power\n"}
{"period": 91, "status": "time_limit", "solve_seconds": 120.00299835205078, "model_wall_seconds": 120.37454379998962, "gap": 0.0004434778329048169, "actual_reward": 148.11001997689175}
{"period": 92, "status": "optimal", "solve_seconds": 67.40999984741211, "model_wall_seconds": 67.69118999998318, "gap": 8.457666117217965e-05, "actual_reward": 35.689077466625825}
{"period": 93, "status": "time_limit", "solve_seconds": 120.00500106811523, "model_wall_seconds": 120.49140220001573, "gap": 0.007672072370388663, "actual_reward": 1015.946839645231}
{"period": 94, "status": "optimal", "solve_seconds": 4.52400016784668, "model_wall_seconds": 4.7321188999922015, "gap": 9.069010186987156e-06, "actual_reward": 243.4750221855971}
{"period": 95, "status": "optimal", "solve_seconds": 11.892999649047852, "model_wall_seconds": 12.216807400021935, "gap": 0.0, "actual_reward": 412.70402893472874}
{"period": 96, "status": "optimal", "solve_seconds": 1.0849990844726562, "model_wall_seconds": 1.3006407999782823, "gap": 0.0, "actual_reward": 692.0237639645549}
{"period": 97, "status": "optimal", "solve_seconds": 1.5990009307861328, "model_wall_seconds": 1.7993605000083335, "gap": 8.410748501233916e-05, "actual_reward": 339.80459228103126}
{"period": 98, "status": "optimal", "solve_seconds": 0.5839996337890625, "model_wall_seconds": 0.779041400004644, "gap": 0.0, "actual_reward": 401.4149344128137}
{"period": 99, "status": "optimal", "solve_seconds": 0.5100002288818359, "model_wall_seconds": 0.7100329000095371, "gap": 0.0, "actual_reward": 144.02474884248434}
{"period": 100, "status": "optimal", "solve_seconds": 0.36300086975097656, "model_wall_seconds": 0.5259848000132479, "gap": 0.0, "actual_reward": 675.9215853577605}
{"period": 101, "status": "optimal", "solve_seconds": 0.5069999694824219, "model_wall_seconds": 0.6397241999802645, "gap": 0.0, "actual_reward": -13.14027500577089}
{"period": 102, "status": "optimal", "solve_seconds": 0.4780006408691406, "model_wall_seconds": 0.6304566999897361, "gap": 5.95364333072085e-05, "actual_reward": 285.0506475522459}
{"period": 103, "status": "optimal", "solve_seconds": 0.5279998779296875, "model_wall_seconds": 0.6563020999892615, "gap": 0.0, "actual_reward": 30.41786546064711}
{"period": 104, "status": "optimal", "solve_seconds": 0.5860004425048828, "model_wall_seconds": 0.6999551999906544, "gap": 8.81870430425068e-05, "actual_reward": 146.5574492383079}
{"period": 105, "status": "optimal", "solve_seconds": 0.6040000915527344, "model_wall_seconds": 0.7201915999758057, "gap": 2.5608515348891754e-06, "actual_reward": 48.5610358898337}
{"period": 106, "status": "optimal", "solve_seconds": 0.44499969482421875, "model_wall_seconds": 0.5668739999819081, "gap": 0.0, "actual_reward": 46.720909636634666}
{"period": 107, "status": "optimal", "solve_seconds": 0.5939998626708984, "model_wall_seconds": 0.7007955999870319, "gap": 0.0, "actual_reward": 378.0423392996976}
{"period": 108, "status": "optimal", "solve_seconds": 0.3080005645751953, "model_wall_seconds": 0.49672470000223257, "gap": 0.0, "actual_reward": 48.079254386086866}
{"period": 109, "status": "optimal", "solve_seconds": 0.417999267578125, "model_wall_seconds": 0.5476598000095692, "gap": 7.860460182696864e-05, "actual_reward": 325.1523684210488}
{"period": 110, "status": "optimal", "solve_seconds": 0.28800010681152344, "model_wall_seconds": 0.4643666000047233, "gap": 0.0, "actual_reward": 26.659824561271996}
{"period": 111, "status": "optimal", "solve_seconds": 0.3079986572265625, "model_wall_seconds": 0.45544190000509843, "gap": 0.0, "actual_reward": 365.05649122747235}
{"period": 112, "status": "optimal", "solve_seconds": 0.2149982452392578, "model_wall_seconds": 0.3651491999917198, "gap": 0.0, "actual_reward": 112.86131578949863}
{"period": 113, "status": "optimal", "solve_seconds": 0.27700042724609375, "model_wall_seconds": 0.38995820001582615, "gap": 0.0, "actual_reward": 154.30249999990795}
{"period": 114, "status": "optimal", "solve_seconds": 0.23399925231933594, "model_wall_seconds": 0.48206389998085797, "gap": 0.0, "actual_reward": 13.101916527739641}
{"period": 115, "status": "optimal", "solve_seconds": 0.2759990692138672, "model_wall_seconds": 0.39609629998449236, "gap": 0.0, "actual_reward": 3.50999999995396}
{"period": 116, "status": "optimal", "solve_seconds": 0.21500015258789062, "model_wall_seconds": 0.30162709997966886, "gap": 0.0, "actual_reward": 356.2644945581369}
{"period": 117, "status": "optimal", "solve_seconds": 0.2589988708496094, "model_wall_seconds": 0.3699690999928862, "gap": 0.0, "actual_reward": -1.0314035084884543}
{"period": 118, "status": "optimal", "solve_seconds": 0.26799964904785156, "model_wall_seconds": 0.42180010001175106, "gap": 0.0, "actual_reward": -58.16315789468846}
{"period": 119, "status": "optimal", "solve_seconds": 0.22100067138671875, "model_wall_seconds": 0.3356750999810174, "gap": 0.0, "actual_reward": 50.6463157896238}
{"period": 120, "status": "optimal", "solve_seconds": 0.17799949645996094, "model_wall_seconds": 0.2630825999949593, "gap": 0.0, "actual_reward": -42.21495789987685}
{"period": 121, "status": "optimal", "solve_seconds": 0.21199989318847656, "model_wall_seconds": 0.3043857000011485, "gap": 0.0, "actual_reward": -38.054213325515256}
{"period": 122, "status": "optimal", "solve_seconds": 0.15800094604492188, "model_wall_seconds": 0.2502999000134878, "gap": 0.0, "actual_reward": 140.63982456170044}
{"period": 123, "status": "optimal", "solve_seconds": 0.1680011749267578, "model_wall_seconds": 0.26281509999535047, "gap": 0.0, "actual_reward": 16.87500000019997}
{"period": 124, "status": "optimal", "solve_seconds": 0.10899925231933594, "model_wall_seconds": 0.19540719999349676, "gap": 0.0, "actual_reward": -10.500000000000028}
{"period": 125, "status": "optimal", "solve_seconds": 0.18799972534179688, "model_wall_seconds": 0.27893940001376905, "gap": 0.0, "actual_reward": 109.2181140352002}
{"period": 126, "status": "optimal", "solve_seconds": 0.17099952697753906, "model_wall_seconds": 0.25643760000821203, "gap": 0.0, "actual_reward": 67.36017543866775}
{"period": 127, "status": "optimal", "solve_seconds": 0.18600082397460938, "model_wall_seconds": 0.2894273000129033, "gap": 4.7602710222989946e-05, "actual_reward": 21.971008771880108}
{"period": 128, "status": "optimal", "solve_seconds": 0.1340007781982422, "model_wall_seconds": 0.20538400000077672, "gap": 0.0, "actual_reward": 76.22350877221135}
{"period": 129, "status": "optimal", "solve_seconds": 0.13899993896484375, "model_wall_seconds": 0.277130100002978, "gap": 0.0, "actual_reward": -33.03487618170529}
{"period": 130, "status": "optimal", "solve_seconds": 0.10400009155273438, "model_wall_seconds": 0.19951360000413842, "gap": 0.0, "actual_reward": 108.18000000013798}
{"period": 131, "status": "optimal", "solve_seconds": 0.11200141906738281, "model_wall_seconds": 0.18698520000907592, "gap": 0.0, "actual_reward": 49.60000000029797}
{"period": 132, "status": "optimal", "solve_seconds": 0.08100128173828125, "model_wall_seconds": 0.15393040000344627, "gap": 0.0, "actual_reward": 62.18666666713597}
{"period": 133, "status": "optimal", "solve_seconds": 0.12800025939941406, "model_wall_seconds": 0.22679190000053495, "gap": 0.0, "actual_reward": 44.257384143310176}
{"period": 134, "status": "optimal", "solve_seconds": 0.11899948120117188, "model_wall_seconds": 0.20629779997398145, "gap": 0.0, "actual_reward": -23.506307928367928}
{"period": 135, "status": "optimal", "solve_seconds": 0.1270008087158203, "model_wall_seconds": 0.28265469998586923, "gap": 0.0, "actual_reward": -14.450167577852696}
{"period": 136, "status": "optimal", "solve_seconds": 0.20099830627441406, "model_wall_seconds": 0.2807711999921594, "gap": 0.0, "actual_reward": -8.242295734817162e-15}
{"period": 137, "status": "optimal", "solve_seconds": 0.13199996948242188, "model_wall_seconds": 0.21957950000069104, "gap": 0.0, "actual_reward": -12.763135826416887}
{"period": 138, "status": "optimal", "solve_seconds": 0.08300018310546875, "model_wall_seconds": 0.16216020000865683, "gap": 0.0, "actual_reward": -31.95000000000002}
{"period": 139, "status": "optimal", "solve_seconds": 0.11800003051757812, "model_wall_seconds": 0.22583479998866096, "gap": 0.0, "actual_reward": 110.41000000035196}
{"period": 140, "status": "optimal", "solve_seconds": 0.05300140380859375, "model_wall_seconds": 0.13675899998634122, "gap": 0.0, "actual_reward": -8.768398984242127}
{"period": 141, "status": "optimal", "solve_seconds": 0.12100028991699219, "model_wall_seconds": 0.2175944999908097, "gap": 0.0, "actual_reward": 13.150000000181969}
{"period": 142, "status": "optimal", "solve_seconds": 0.10599899291992188, "model_wall_seconds": 0.18636250001145527, "gap": 0.0, "actual_reward": 96.13666666656398}
{"period": 143, "status": "optimal", "solve_seconds": 0.06699943542480469, "model_wall_seconds": 0.16892640001606196, "gap": 0.0, "actual_reward": 183.086666667154}
{"period": 144, "status": "optimal", "solve_seconds": 0.06099891662597656, "model_wall_seconds": 0.14763579997816123, "gap": 0.0, "actual_reward": -17.40000000000003}
{"period": 145, "status": "optimal", "solve_seconds": 0.034999847412109375, "model_wall_seconds": 0.09844840000732802, "gap": 0.0, "actual_reward": -17.247368421174738}
{"period": 146, "status": "optimal", "solve_seconds": 0.04300117492675781, "model_wall_seconds": 0.10519800000474788, "gap": 0.0, "actual_reward": 0.0}
{"period": 147, "status": "optimal", "solve_seconds": 0.055999755859375, "model_wall_seconds": 0.12777430002461188, "gap": 0.0, "actual_reward": -14.800000000000015}
{"period": 148, "status": "optimal", "solve_seconds": 0.05800056457519531, "model_wall_seconds": 0.14085480000358075, "gap": 0.0, "actual_reward": -22.200000000000006}
{"period": 149, "status": "optimal", "solve_seconds": 0.069000244140625, "model_wall_seconds": 0.1808039000025019, "gap": 0.0, "actual_reward": 60.895438596267766}
{"period": 150, "status": "optimal", "solve_seconds": 0.036998748779296875, "model_wall_seconds": 0.12744130002101883, "gap": 0.0, "actual_reward": -4.800000000000005}
{"period": 151, "status": "optimal", "solve_seconds": 0.05900001525878906, "model_wall_seconds": 0.1371050000016112, "gap": 0.0, "actual_reward": -1.2912280701642196}
{"period": 152, "status": "optimal", "solve_seconds": 0.034000396728515625, "model_wall_seconds": 0.134086500009289, "gap": 0.0, "actual_reward": -4.8}
{"period": 153, "status": "optimal", "solve_seconds": 0.0279998779296875, "model_wall_seconds": 0.0971494999830611, "gap": 0.0, "actual_reward": 0.0}
{"period": 154, "status": "optimal", "solve_seconds": 0.02700042724609375, "model_wall_seconds": 0.11187739999149926, "gap": 0.0, "actual_reward": 99.58666666718}
{"state": "complete", "started_at": "2026-09-18T08:18:50.835291+00:00", "scenario": "D:\\Myfiles\\vscode_files\\cleanrl_BSS\\ExpresswayBSSs_v2\\data\\final_real_data_v1\\scenarios\\day_01.json", "route_mode": "joint", "charging_mode": "joint", "model": null, "deadline": null, "pid": 9136, "created": 1789719530.355566, "source_snapshot": "D:\\Myfiles\\vscode_files\\cleanrl_BSS\\ExpresswayBSSs_v2\\outputs\\zero_terminal_real_data_seed1_v1\\runs\\h8_day01\\source_snapshots\\ab6a4edd93da12f2c3274fb2f6c253995674cccb18c880e56c1138d9c19c7b37", "prior_attempt_seconds": 5295.790301300003, "runtime_timing_incomplete": false, "runtime_timing_estimated": false, "launcher_source_snapshot": "D:\\Myfiles\\vscode_files\\cleanrl_BSS\\ExpresswayBSSs_v2\\outputs\\zero_terminal_real_data_seed1_v1\\code_snapshots\\9aeebb00aa8bc6a3c0fefc93d624d3533bc60be02ef2fa76568b47e360538acc", "finished_at": "2026-09-18T08:29:52.665480+00:00", "wall_seconds": 661.831466100004, "metrics": {"net_profit_yuan": 38967.81597443553, "service_income_yuan": 55535.731425562386, "charging_cost_yuan": 14657.915451126708, "adjustment_cost_yuan": 1910.0, "reservation_failure_cost_yuan": 0.0, "reservation_count": 200, "actual_random_count": 200, "reservation_failures": 0, "reservation_failure_rate": 0.0, "reservation_completed": 200, "reservation_unfinished_at_L": 36, "reservation_unfinished_rate_at_L": 0.18, "reservation_unfinished_after_cleanup": 0, "random_services": 176, "random_service_rate": 0.88, "mean_wait_minutes_served": 12.085696507897408, "path_adjustments": 191, "solver_seconds_mean": 34.775370114809505, "solver_seconds_p95": 120.23934955596924, "model_wall_seconds_mean": 34.97869749870147, "model_wall_seconds_p95": 120.48932629500487, "model_wall_seconds_total": 5386.719414800027, "mip_gap_mean": 0.009324484394017332, "mip_gap_max": 0.09656376652771254, "mip_gap_target_met_fraction": 0.7272727272727273, "solver_status_counts": {"optimal": 112, "time_limit": 42}, "completed_periods": 154, "demand_periods": 96, "cleanup_periods": 58, "cleanup_hours": 14.5, "time_limit_fraction": 0.2727272727272727, "final_inventory_kwh": 4385.2024325927, "random_timeouts": 24, "terminal_settlement": "none", "operating_duration_hours": 24.0, "current_attempt_wall_seconds": 661.8279175000207, "prior_attempt_wall_seconds": 5295.790301300003, "known_runtime_seconds": 5957.618218800024, "runtime_timing_incomplete": false, "runtime_timing_estimated": false, "worker_wall_seconds": 5957.618218800024}}
