{"period": 1, "status": "optimal", "solve_seconds": 0.16699981689453125, "model_wall_seconds": 0.3176252999983262, "gap": 0.0, "actual_reward": 0.0}
{"period": 2, "status": "optimal", "solve_seconds": 0.06499862670898438, "model_wall_seconds": 0.23701490001985803, "gap": 0.0, "actual_reward": 126.70182559547729}
{"period": 3, "status": "optimal", "solve_seconds": 0.16899871826171875, "model_wall_seconds": 0.31407389999367297, "gap": 0.0, "actual_reward": 118.6372337163522}
{"period": 4, "status": "optimal", "solve_seconds": 0.029998779296875, "model_wall_seconds": 0.18228419998195022, "gap": 0.0, "actual_reward": 68.5641117517597}
{"period": 5, "status": "optimal", "solve_seconds": 0.10400009155273438, "model_wall_seconds": 0.2525008000084199, "gap": 0.0, "actual_reward": -1.2256862191861727e-15}
{"period": 6, "status": "optimal", "solve_seconds": 0.03199958801269531, "model_wall_seconds": 0.17865779998828657, "gap": 0.0, "actual_reward": -1.2256862191861727e-15}
{"period": 7, "status": "optimal", "solve_seconds": 0.10799980163574219, "model_wall_seconds": 0.24639769998611882, "gap": 0.0, "actual_reward": -1.2256862191861727e-15}
{"period": 8, "status": "optimal", "solve_seconds": 0.04400062561035156, "model_wall_seconds": 0.19442119999439456, "gap": 0.0, "actual_reward": -1.1013412404281553e-15}
{"period": 9, "status": "optimal", "solve_seconds": 0.10799980163574219, "model_wall_seconds": 0.24814749998040497, "gap": 0.0, "actual_reward": 112.21830211949752}
{"period": 10, "status": "optimal", "solve_seconds": 0.06400108337402344, "model_wall_seconds": 0.20775669999420643, "gap": 0.0, "actual_reward": -2.3270274596143282e-15}
{"period": 11, "status": "optimal", "solve_seconds": 0.10600090026855469, "model_wall_seconds": 0.2440853000152856, "gap": 0.0, "actual_reward": -2.3270274596143282e-15}
{"period": 12, "status": "optimal", "solve_seconds": 0.04400062561035156, "model_wall_seconds": 0.18453220001538284, "gap": 0.0, "actual_reward": 176.218310734132}
{"period": 13, "status": "optimal", "solve_seconds": 0.13800048828125, "model_wall_seconds": 0.2651084999961313, "gap": 0.0, "actual_reward": -1.2256862191861727e-15}
{"period": 14, "status": "optimal", "solve_seconds": 0.030000686645507812, "model_wall_seconds": 0.17611020000185817, "gap": 0.0, "actual_reward": -1.2256862191861727e-15}
{"period": 15, "status": "optimal", "solve_seconds": 0.09499931335449219, "model_wall_seconds": 0.23127359998761676, "gap": 0.0, "actual_reward": 70.99635587593501}
{"period": 16, "status": "optimal", "solve_seconds": 0.03800010681152344, "model_wall_seconds": 0.20237330000963993, "gap": 0.0, "actual_reward": -1.2256862191861727e-15}
{"period": 17, "status": "optimal", "solve_seconds": 0.11300086975097656, "model_wall_seconds": 0.24653880001278594, "gap": 0.0, "actual_reward": -10.000000000000002}
{"period": 18, "status": "optimal", "solve_seconds": 0.05299949645996094, "model_wall_seconds": 0.20930290000978857, "gap": 0.0, "actual_reward": 103.996972862112}
{"period": 19, "status": "optimal", "solve_seconds": 0.13199996948242188, "model_wall_seconds": 0.27561009998316877, "gap": 0.0, "actual_reward": -4.884981308350689e-15}
{"period": 20, "status": "optimal", "solve_seconds": 0.048999786376953125, "model_wall_seconds": 0.19601320000947453, "gap": 0.0, "actual_reward": 93.98151728658499}
{"period": 21, "status": "optimal", "solve_seconds": 0.11800003051757812, "model_wall_seconds": 0.26584700000239536, "gap": 0.0, "actual_reward": 57.398153420320014}
{"period": 22, "status": "optimal", "solve_seconds": 0.05300140380859375, "model_wall_seconds": 0.20179759999155067, "gap": 0.0, "actual_reward": 180.99233971295536}
{"period": 23, "status": "optimal", "solve_seconds": 0.12299919128417969, "model_wall_seconds": 0.2609640999871772, "gap": 0.0, "actual_reward": 39.21999999990799}
{"period": 24, "status": "optimal", "solve_seconds": 0.033000946044921875, "model_wall_seconds": 0.19430880001164041, "gap": 0.0, "actual_reward": 151.51065438379197}
{"period": 25, "status": "optimal", "solve_seconds": 0.12800025939941406, "model_wall_seconds": 0.2640854000055697, "gap": 0.0, "actual_reward": -10.000000000000014}
{"period": 26, "status": "optimal", "solve_seconds": 0.061000823974609375, "model_wall_seconds": 0.21698090000427328, "gap": 0.0, "actual_reward": -1.319833131674386e-14}
{"period": 27, "status": "optimal", "solve_seconds": 0.16699981689453125, "model_wall_seconds": 0.32820649998029694, "gap": 0.0, "actual_reward": 95.22000000043701}
{"period": 28, "status": "optimal", "solve_seconds": 0.09399986267089844, "model_wall_seconds": 0.23983959999168292, "gap": 0.0, "actual_reward": 66.52947825849598}
{"period": 29, "status": "optimal", "solve_seconds": 0.18199920654296875, "model_wall_seconds": 0.3206452000013087, "gap": 0.0, "actual_reward": -10.000000000000027}
{"period": 30, "status": "optimal", "solve_seconds": 0.10099983215332031, "model_wall_seconds": 0.2500424000027124, "gap": 0.0, "actual_reward": 285.3262249359449}
{"period": 31, "status": "optimal", "solve_seconds": 0.20400047302246094, "model_wall_seconds": 0.3512656999810133, "gap": 0.0, "actual_reward": 208.28032412370285}
{"period": 32, "status": "optimal", "solve_seconds": 0.13299942016601562, "model_wall_seconds": 0.3066453000064939, "gap": 0.0, "actual_reward": 206.7788207299015}
{"period": 33, "status": "optimal", "solve_seconds": 0.2110004425048828, "model_wall_seconds": 0.36217670000041835, "gap": 0.0, "actual_reward": 626.8241309225168}
{"period": 34, "status": "optimal", "solve_seconds": 0.16400146484375, "model_wall_seconds": 0.32847840001340955, "gap": 0.0, "actual_reward": 320.0038316755221}
{"period": 35, "status": "optimal", "solve_seconds": 0.23399925231933594, "model_wall_seconds": 0.3788455000030808, "gap": 0.0, "actual_reward": 346.0582561372805}
{"period": 36, "status": "optimal", "solve_seconds": 0.1960010528564453, "model_wall_seconds": 0.35215240000979975, "gap": 0.0, "actual_reward": 588.7875412229844}
{"period": 37, "status": "optimal", "solve_seconds": 0.2520008087158203, "model_wall_seconds": 0.4167816999834031, "gap": 0.0, "actual_reward": 593.2477104398174}
{"period": 38, "status": "optimal", "solve_seconds": 0.14699935913085938, "model_wall_seconds": 0.299575899989577, "gap": 0.0, "actual_reward": 228.3667648001237}
{"period": 39, "status": "optimal", "solve_seconds": 0.2240009307861328, "model_wall_seconds": 0.39194259999203496, "gap": 0.0, "actual_reward": 225.0183619633781}
{"period": 40, "status": "optimal", "solve_seconds": 0.15900039672851562, "model_wall_seconds": 0.3154192000220064, "gap": 0.0, "actual_reward": 370.7547824584735}
{"period": 41, "status": "optimal", "solve_seconds": 0.2519989013671875, "model_wall_seconds": 0.4288232999970205, "gap": 0.0, "actual_reward": 327.58689890447687}
{"period": 42, "status": "optimal", "solve_seconds": 0.1939983367919922, "model_wall_seconds": 0.35661240000627004, "gap": 0.0, "actual_reward": 149.27939276049602}
{"period": 43, "status": "optimal", "solve_seconds": 0.30500030517578125, "model_wall_seconds": 0.4875576999911573, "gap": 0.0, "actual_reward": 132.31865287297398}
{"period": 44, "status": "optimal", "solve_seconds": 0.2539997100830078, "model_wall_seconds": 0.42920839998987503, "gap": 0.0, "actual_reward": 550.204426863608}
{"period": 45, "status": "optimal", "solve_seconds": 0.3080005645751953, "model_wall_seconds": 0.4882160999986809, "gap": 0.0, "actual_reward": 160.602189073724}
{"period": 46, "status": "optimal", "solve_seconds": 1.6609992980957031, "model_wall_seconds": 1.8535409000178333, "gap": 5.423208104769494e-05, "actual_reward": 377.4225739514805}
{"period": 47, "status": "optimal", "solve_seconds": 87.25400161743164, "model_wall_seconds": 87.50063710001996, "gap": 9.986692186760574e-05, "actual_reward": 424.95647477441133}
{"period": 48, "status": "optimal", "solve_seconds": 2.536001205444336, "model_wall_seconds": 2.741313199978322, "gap": 9.27658746633928e-05, "actual_reward": 159.4120849038007}
{"period": 49, "status": "optimal", "solve_seconds": 66.80500030517578, "model_wall_seconds": 67.01907420001226, "gap": 0.0, "actual_reward": 547.2054491374461}
{"period": 50, "status": "optimal", "solve_seconds": 1.4500007629394531, "model_wall_seconds": 1.6491638000006787, "gap": 0.0, "actual_reward": 687.8019878074092}
{"period": 51, "status": "optimal", "solve_seconds": 0.7349987030029297, "model_wall_seconds": 0.9428322000021581, "gap": 0.0, "actual_reward": 577.4626799430499}
{"period": 52, "status": "optimal", "solve_seconds": 0.40399932861328125, "model_wall_seconds": 0.5779727999761235, "gap": 0.0, "actual_reward": 459.91927762134463}
{"period": 53, "status": "optimal", "solve_seconds": 0.8129997253417969, "model_wall_seconds": 0.995831599982921, "gap": 0.0, "actual_reward": 436.28646576227123}
{"period": 54, "status": "optimal", "solve_seconds": 0.5079994201660156, "model_wall_seconds": 0.6693053999915719, "gap": 0.0, "actual_reward": 493.4740621911487}
{"period": 55, "status": "optimal", "solve_seconds": 0.8169994354248047, "model_wall_seconds": 0.9874230999848805, "gap": 3.7415431225999394e-05, "actual_reward": 331.28976839104445}
{"period": 56, "status": "optimal", "solve_seconds": 0.6669998168945312, "model_wall_seconds": 0.8416249000001699, "gap": 0.0, "actual_reward": 745.5704013214198}
{"period": 57, "status": "optimal", "solve_seconds": 0.9519996643066406, "model_wall_seconds": 1.1305699000076856, "gap": 0.0, "actual_reward": 509.5636447374911}
{"period": 58, "status": "optimal", "solve_seconds": 0.5470008850097656, "model_wall_seconds": 0.7427915999724064, "gap": 0.0, "actual_reward": 238.64276849997202}
{"period": 59, "status": "optimal", "solve_seconds": 0.9330005645751953, "model_wall_seconds": 1.1039219999802299, "gap": 0.0, "actual_reward": 319.92712421825075}
{"period": 60, "status": "optimal", "solve_seconds": 0.694000244140625, "model_wall_seconds": 0.8557916000136174, "gap": 0.0, "actual_reward": 122.02255223187801}
{"period": 61, "status": "optimal", "solve_seconds": 0.654998779296875, "model_wall_seconds": 0.81067219999386, "gap": 0.0, "actual_reward": 1558.8428167621644}
{"period": 62, "status": "optimal", "solve_seconds": 0.48000144958496094, "model_wall_seconds": 0.6694158999889623, "gap": 9.187323329745432e-05, "actual_reward": 543.0382127194869}
{"period": 63, "status": "optimal", "solve_seconds": 0.4979991912841797, "model_wall_seconds": 0.691253199998755, "gap": 0.0, "actual_reward": 512.666723415732}
{"period": 64, "status": "optimal", "solve_seconds": 0.4949989318847656, "model_wall_seconds": 0.6772439999913331, "gap": 0.0, "actual_reward": 126.62014304899735}
{"period": 65, "status": "optimal", "solve_seconds": 13.180999755859375, "model_wall_seconds": 13.361449300020467, "gap": 9.827289367928206e-05, "actual_reward": 760.7235876724701}
{"period": 66, "status": "optimal", "solve_seconds": 0.6329994201660156, "model_wall_seconds": 0.8184895000013057, "gap": 8.4139105451062e-05, "actual_reward": 1045.3776425928093}
{"period": 67, "status": "optimal", "solve_seconds": 5.160001754760742, "model_wall_seconds": 5.366125800006557, "gap": 8.494950279724747e-05, "actual_reward": 544.4496692673491}
{"period": 68, "status": "optimal", "solve_seconds": 2.7420005798339844, "model_wall_seconds": 2.9918423000199255, "gap": 0.0, "actual_reward": -819.6987689852143}
{"period": 69, "status": "optimal", "solve_seconds": 2.246999740600586, "model_wall_seconds": 2.44394490000559, "gap": 6.947471256228714e-05, "actual_reward": 422.98839728704934}
{"period": 70, "status": "optimal", "solve_seconds": 3.118999481201172, "model_wall_seconds": 3.309157999989111, "gap": 6.038687869926899e-06, "actual_reward": 421.91929647289163}
{"period": 71, "status": "optimal", "solve_seconds": 1.8010005950927734, "model_wall_seconds": 2.000622299994575, "gap": 0.0, "actual_reward": -857.9066602662242}
{"period": 72, "status": "optimal", "solve_seconds": 0.8349990844726562, "model_wall_seconds": 1.0042405999847688, "gap": 0.0, "actual_reward": 237.8399143565946}
{"period": 73, "status": "optimal", "solve_seconds": 0.3680000305175781, "model_wall_seconds": 0.509003399987705, "gap": 0.0, "actual_reward": -1420.0312437394555}
{"period": 74, "status": "optimal", "solve_seconds": 0.6770000457763672, "model_wall_seconds": 0.876028500002576, "gap": 0.0, "actual_reward": 378.79032883592157}
{"period": 75, "status": "optimal", "solve_seconds": 1.3330001831054688, "model_wall_seconds": 1.473979700007476, "gap": 0.0, "actual_reward": 412.53696502662683}
{"period": 76, "status": "optimal", "solve_seconds": 0.5949993133544922, "model_wall_seconds": 0.7521246999967843, "gap": 0.0, "actual_reward": 729.4657457462736}
{"period": 77, "status": "optimal", "solve_seconds": 4.73699951171875, "model_wall_seconds": 4.897572999994736, "gap": 0.0, "actual_reward": -2609.6836590362173}
{"period": 78, "status": "optimal", "solve_seconds": 4.934999465942383, "model_wall_seconds": 5.094639000017196, "gap": 0.0, "actual_reward": -474.488760806365}
{"period": 79, "status": "optimal", "solve_seconds": 0.5529994964599609, "model_wall_seconds": 0.6923753999872133, "gap": 1.7028722029965717e-05, "actual_reward": -1035.911966098162}
{"period": 80, "status": "optimal", "solve_seconds": 0.2279987335205078, "model_wall_seconds": 0.3646870000229683, "gap": 0.0, "actual_reward": -374.2414514500201}
{"period": 81, "status": "optimal", "solve_seconds": 0.4530010223388672, "model_wall_seconds": 0.5915710999979638, "gap": 0.0, "actual_reward": -1195.884831551239}
{"period": 82, "status": "optimal", "solve_seconds": 0.5089988708496094, "model_wall_seconds": 0.6524927999998908, "gap": 6.714967704152376e-05, "actual_reward": 24.09503599801451}
{"period": 83, "status": "optimal", "solve_seconds": 0.3640003204345703, "model_wall_seconds": 0.49011590000009164, "gap": 0.0, "actual_reward": -5007.376297044928}
{"period": 84, "status": "optimal", "solve_seconds": 0.2409992218017578, "model_wall_seconds": 0.3718765999947209, "gap": 0.0, "actual_reward": -1263.553415540061}
{"period": 85, "status": "optimal", "solve_seconds": 0.24699974060058594, "model_wall_seconds": 0.36031780001940206, "gap": 0.0, "actual_reward": -794.311676640957}
{"period": 86, "status": "optimal", "solve_seconds": 0.17099952697753906, "model_wall_seconds": 0.3332372999866493, "gap": 0.0, "actual_reward": -5562.335688431169}
{"period": 87, "status": "optimal", "solve_seconds": 0.22900009155273438, "model_wall_seconds": 0.33338940000976436, "gap": 0.0, "actual_reward": -4955.205459901928}
{"period": 88, "status": "optimal", "solve_seconds": 0.23099899291992188, "model_wall_seconds": 0.3368810999963898, "gap": 0.0, "actual_reward": -2662.059178158177}
{"period": 89, "status": "optimal", "solve_seconds": 0.23400115966796875, "model_wall_seconds": 0.33667470002546906, "gap": 0.0, "actual_reward": -3056.440276240288}
{"period": 90, "status": "optimal", "solve_seconds": 0.1660003662109375, "model_wall_seconds": 0.2763651999994181, "gap": 0.0, "actual_reward": -3971.93150849011}
{"period": 91, "status": "optimal", "solve_seconds": 0.19500160217285156, "model_wall_seconds": 0.2905658000090625, "gap": 2.758574773722946e-06, "actual_reward": -2063.891680777654}
{"period": 92, "status": "optimal", "solve_seconds": 0.17300033569335938, "model_wall_seconds": 0.2635428000066895, "gap": 4.596044263334207e-05, "actual_reward": -4936.690822881902}
{"period": 93, "status": "optimal", "solve_seconds": 0.16300010681152344, "model_wall_seconds": 0.25959729999885894, "gap": 0.0, "actual_reward": -5669.827747776857}
{"period": 94, "status": "optimal", "solve_seconds": 0.11199951171875, "model_wall_seconds": 0.18620160000864416, "gap": 0.0, "actual_reward": -1727.295204929973}
{"period": 95, "status": "optimal", "solve_seconds": 0.06299972534179688, "model_wall_seconds": 0.12403450001147576, "gap": 0.0, "actual_reward": -1022.5832706677853}
{"period": 96, "status": "optimal", "solve_seconds": 0.05100059509277344, "model_wall_seconds": 0.12575920001836494, "gap": 0.0, "actual_reward": -943.775971492642}
{"period": 97, "status": "optimal", "solve_seconds": 0.05800056457519531, "model_wall_seconds": 0.12428950000321493, "gap": 0.0, "actual_reward": -1731.0823018833457}
{"period": 98, "status": "optimal", "solve_seconds": 0.04500007629394531, "model_wall_seconds": 0.1060832999937702, "gap": 4.52861334199727e-05, "actual_reward": -1020.7}
{"period": 99, "status": "optimal", "solve_seconds": 0.04300117492675781, "model_wall_seconds": 0.1045933999994304, "gap": 0.0, "actual_reward": -1012.219584179519}
{"period": 100, "status": "optimal", "solve_seconds": 0.061000823974609375, "model_wall_seconds": 0.12362590001430362, "gap": 0.0, "actual_reward": -3034.4793148294516}
{"period": 101, "status": "optimal", "solve_seconds": 0.07600021362304688, "model_wall_seconds": 0.13495740000507794, "gap": 6.18488341049121e-05, "actual_reward": -3031.3500000000004}
{"period": 102, "status": "optimal", "solve_seconds": 0.04400062561035156, "model_wall_seconds": 0.09977669999352656, "gap": 0.0, "actual_reward": -1945.9071400331186}
{"period": 103, "status": "optimal", "solve_seconds": 0.03199958801269531, "model_wall_seconds": 0.0863316000031773, "gap": 0.0, "actual_reward": -888.680000000092}
{"period": 104, "status": "optimal", "solve_seconds": 0.033000946044921875, "model_wall_seconds": 0.08554179998463951, "gap": 0.0, "actual_reward": -21.000000000000032}
{"period": 105, "status": "optimal", "solve_seconds": 0.024000167846679688, "model_wall_seconds": 0.08490340001299046, "gap": 0.0, "actual_reward": -874.906666666766}
{"period": 106, "status": "optimal", "solve_seconds": 0.01399993896484375, "model_wall_seconds": 0.063563499978045, "gap": 0.0, "actual_reward": -10.500000000000057}
{"period": 107, "status": "optimal", "solve_seconds": 0.029001235961914062, "model_wall_seconds": 0.07584140001563355, "gap": 0.0, "actual_reward": -3010.5}
{"period": 108, "status": "optimal", "solve_seconds": 0.01599884033203125, "model_wall_seconds": 0.06443060000310652, "gap": 0.0, "actual_reward": -1001.9035087718316}
{"period": 109, "status": "optimal", "solve_seconds": 0.017000198364257812, "model_wall_seconds": 0.06070279999403283, "gap": 0.0, "actual_reward": -9.947598300641402e-15}
{"period": 110, "status": "optimal", "solve_seconds": 0.017000198364257812, "model_wall_seconds": 0.06156969998846762, "gap": 0.0, "actual_reward": -10.500000000000018}
{"period": 111, "status": "optimal", "solve_seconds": 0.020000457763671875, "model_wall_seconds": 0.058879699994577095, "gap": 0.0, "actual_reward": -932.453333333532}
{"period": 112, "status": "optimal", "solve_seconds": 0.0059986114501953125, "model_wall_seconds": 0.045409100013785064, "gap": 0.0, "actual_reward": -9.947598300641402e-15}
{"period": 113, "status": "optimal", "solve_seconds": 0.006000518798828125, "model_wall_seconds": 0.05016820001765154, "gap": 0.0, "actual_reward": -9.947598300641402e-15}
{"period": 114, "status": "optimal", "solve_seconds": 0.006000518798828125, "model_wall_seconds": 0.048526099999435246, "gap": 0.0, "actual_reward": -9.947598300641402e-15}
{"period": 115, "status": "optimal", "solve_seconds": 0.006999969482421875, "model_wall_seconds": 0.046699400001671165, "gap": 0.0, "actual_reward": -9.947598300641402e-15}
{"period": 116, "status": "optimal", "solve_seconds": 0.006000518798828125, "model_wall_seconds": 0.05382110000937246, "gap": 0.0, "actual_reward": -9.947598300641402e-15}
{"period": 117, "status": "optimal", "solve_seconds": 0.006999969482421875, "model_wall_seconds": 0.05005479999817908, "gap": 0.0, "actual_reward": -9.947598300641402e-15}
{"period": 118, "status": "optimal", "solve_seconds": 0.005001068115234375, "model_wall_seconds": 0.04825190000701696, "gap": 0.0, "actual_reward": -9.947598300641402e-15}
{"period": 119, "status": "optimal", "solve_seconds": 0.006000518798828125, "model_wall_seconds": 0.053701700002420694, "gap": 0.0, "actual_reward": -9.947598300641402e-15}
{"period": 120, "status": "optimal", "solve_seconds": 0.0049991607666015625, "model_wall_seconds": 0.0479672999936156, "gap": 0.0, "actual_reward": -9.947598300641402e-15}
{"period": 121, "status": "optimal", "solve_seconds": 0.006999969482421875, "model_wall_seconds": 0.0516965999850072, "gap": 0.0, "actual_reward": -9.947598300641402e-15}
{"period": 122, "status": "optimal", "solve_seconds": 0.0049991607666015625, "model_wall_seconds": 0.046172000002115965, "gap": 0.0, "actual_reward": -2000.0}
{"period": 123, "status": "optimal", "solve_seconds": 0.0039997100830078125, "model_wall_seconds": 0.045010399975581095, "gap": 0.0, "actual_reward": -9.947598300641402e-15}
{"period": 124, "status": "optimal", "solve_seconds": 0.010999679565429688, "model_wall_seconds": 0.04438879998633638, "gap": 0.0, "actual_reward": -9.947598300641402e-15}
{"period": 125, "status": "optimal", "solve_seconds": 0.006000518798828125, "model_wall_seconds": 0.04982310000923462, "gap": 0.0, "actual_reward": -9.947598300641402e-15}
{"period": 126, "status": "optimal", "solve_seconds": 0.00299835205078125, "model_wall_seconds": 0.04536920000100508, "gap": 0.0, "actual_reward": -9.947598300641402e-15}
{"period": 127, "status": "optimal", "solve_seconds": 0.0049991607666015625, "model_wall_seconds": 0.04418450000230223, "gap": 0.0, "actual_reward": -1.7408297026122453e-14}
{"period": 128, "status": "optimal", "solve_seconds": 0.0049991607666015625, "model_wall_seconds": 0.04307499999413267, "gap": 0.0, "actual_reward": -1000.0}
{"state": "complete", "started_at": "2026-09-17T18:56:03.333117+00:00", "scenario": "D:\\Myfiles\\vscode_files\\cleanrl_BSS\\ExpresswayBSSs_v2\\data\\final_real_data_v1\\scenarios\\day_19.json", "route_mode": "joint", "charging_mode": "joint", "model": null, "deadline": null, "pid": 10468, "created": 1789671363.1489577, "source_snapshot": "D:\\Myfiles\\vscode_files\\cleanrl_BSS\\ExpresswayBSSs_v2\\outputs\\zero_terminal_real_data_seed1_v1\\runs\\h6_day19\\source_snapshots\\e04451463b9d6545577ff982cb3a33775239dc78ba1d91c5d8a88c86fabb05aa", "prior_attempt_seconds": 0.0, "runtime_timing_incomplete": false, "runtime_timing_estimated": false, "launcher_source_snapshot": "D:\\Myfiles\\vscode_files\\cleanrl_BSS\\ExpresswayBSSs_v2\\outputs\\zero_terminal_real_data_seed1_v1\\code_snapshots\\40ec378611b206b02ef446c50a74e31e0ead20388937d43f8a3085ca15610712", "finished_at": "2026-09-17T19:04:17.037839+00:00", "wall_seconds": 493.7048924000119, "metrics": {"net_profit_yuan": -53049.372030307335, "service_income_yuan": 36686.896526787765, "charging_cost_yuan": 4876.268557095268, "adjustment_cost_yuan": 860.0, "reservation_failure_cost_yuan": 84000.0, "reservation_count": 200, "actual_random_count": 200, "reservation_failures": 84, "reservation_failure_rate": 0.42, "reservation_completed": 116, "reservation_unfinished_at_L": 24, "reservation_unfinished_rate_at_L": 0.12, "reservation_unfinished_after_cleanup": 0, "random_services": 149, "random_service_rate": 0.745, "mean_wait_minutes_served": 11.80615874781108, "path_adjustments": 86, "solver_seconds_mean": 1.7364453226327896, "solver_seconds_p95": 2.987049865722653, "model_wall_seconds_mean": 1.865194866406, "model_wall_seconds_p95": 3.198097504999893, "model_wall_seconds_total": 238.744942899968, "mip_gap_mean": 7.4926627223858755e-06, "mip_gap_max": 9.986692186760574e-05, "mip_gap_target_met_fraction": 1.0, "solver_status_counts": {"optimal": 128}, "completed_periods": 128, "demand_periods": 96, "cleanup_periods": 32, "cleanup_hours": 8.0, "time_limit_fraction": 0.0, "final_inventory_kwh": 5156.941884627499, "random_timeouts": 51, "terminal_settlement": "none", "operating_duration_hours": 24.0, "current_attempt_wall_seconds": 493.70236060000025, "prior_attempt_wall_seconds": 0.0, "known_runtime_seconds": 493.70236060000025, "runtime_timing_incomplete": false, "runtime_timing_estimated": false, "worker_wall_seconds": 493.70236060000025}}
