{"period": 1, "status": "optimal", "solve_seconds": 0.24100112915039062, "model_wall_seconds": 1.0459863000141922, "gap": 0.0, "actual_reward": 0.0}
{"period": 2, "status": "optimal", "solve_seconds": 0.06699943542480469, "model_wall_seconds": 0.2396469000086654, "gap": 0.0, "actual_reward": 0.0}
{"period": 3, "status": "optimal", "solve_seconds": 0.18400001525878906, "model_wall_seconds": 0.34687209999538027, "gap": 0.0, "actual_reward": 92.24586134786142}
{"period": 4, "status": "optimal", "solve_seconds": 0.05299949645996094, "model_wall_seconds": 0.22948909999104217, "gap": 0.0, "actual_reward": -2.415845301584341e-15}
{"period": 5, "status": "optimal", "solve_seconds": 0.1719989776611328, "model_wall_seconds": 0.338320200011367, "gap": 0.0, "actual_reward": -6.039613253960852e-16}
{"period": 6, "status": "optimal", "solve_seconds": 0.06699943542480469, "model_wall_seconds": 0.2380113999824971, "gap": 0.0, "actual_reward": 119.55647370370488}
{"period": 7, "status": "optimal", "solve_seconds": 0.1639995574951172, "model_wall_seconds": 0.3279026999953203, "gap": 0.0, "actual_reward": 85.18183330259399}
{"period": 8, "status": "optimal", "solve_seconds": 0.08600044250488281, "model_wall_seconds": 0.2696261999954004, "gap": 0.0, "actual_reward": -9.805489753489383e-15}
{"period": 9, "status": "optimal", "solve_seconds": 0.207000732421875, "model_wall_seconds": 0.3726734000083525, "gap": 0.0, "actual_reward": -10.000000000000007}
{"period": 10, "status": "optimal", "solve_seconds": 0.1100006103515625, "model_wall_seconds": 0.28331890000845306, "gap": 0.0, "actual_reward": 235.95858909691498}
{"period": 11, "status": "optimal", "solve_seconds": 0.14599990844726562, "model_wall_seconds": 0.313422500010347, "gap": 0.0, "actual_reward": -7.318590178329032e-15}
{"period": 12, "status": "optimal", "solve_seconds": 0.0839996337890625, "model_wall_seconds": 0.25431429999298416, "gap": 0.0, "actual_reward": -7.318590178329032e-15}
{"period": 13, "status": "optimal", "solve_seconds": 0.15200042724609375, "model_wall_seconds": 0.3268541000143159, "gap": 0.0, "actual_reward": 218.17848574171052}
{"period": 14, "status": "optimal", "solve_seconds": 0.07699966430664062, "model_wall_seconds": 0.24216930000693537, "gap": 0.0, "actual_reward": 89.356748247154}
{"period": 15, "status": "optimal", "solve_seconds": 0.14100074768066406, "model_wall_seconds": 0.3108997000090312, "gap": 0.0, "actual_reward": 80.92699006814378}
{"period": 16, "status": "optimal", "solve_seconds": 0.05100059509277344, "model_wall_seconds": 0.21654470000066794, "gap": 0.0, "actual_reward": 105.92301645595266}
{"period": 17, "status": "optimal", "solve_seconds": 0.14499855041503906, "model_wall_seconds": 0.30289360001916066, "gap": 0.0, "actual_reward": -2.518873998269555e-14}
{"period": 18, "status": "optimal", "solve_seconds": 0.03700065612792969, "model_wall_seconds": 0.21377319999737665, "gap": 0.0, "actual_reward": -2.518873998269555e-14}
{"period": 19, "status": "optimal", "solve_seconds": 0.17099952697753906, "model_wall_seconds": 0.33182269998360425, "gap": 0.0, "actual_reward": 81.71290044714999}
{"period": 20, "status": "optimal", "solve_seconds": 0.0410003662109375, "model_wall_seconds": 0.21757539999089204, "gap": 0.0, "actual_reward": 64.01666666682}
{"period": 21, "status": "optimal", "solve_seconds": 0.13800048828125, "model_wall_seconds": 0.3082214000169188, "gap": 0.0, "actual_reward": -3.26494387081766e-14}
{"period": 22, "status": "optimal", "solve_seconds": 0.04199981689453125, "model_wall_seconds": 0.20788290002383292, "gap": 0.0, "actual_reward": 128.140000000149}
{"period": 23, "status": "optimal", "solve_seconds": 0.1810016632080078, "model_wall_seconds": 0.3446053999941796, "gap": 0.0, "actual_reward": 73.68295652522114}
{"period": 24, "status": "optimal", "solve_seconds": 0.05999946594238281, "model_wall_seconds": 0.2402777999814134, "gap": 0.0, "actual_reward": -2.3980817331903378e-14}
{"period": 25, "status": "optimal", "solve_seconds": 0.15000152587890625, "model_wall_seconds": 0.31083339999895543, "gap": 0.0, "actual_reward": -2.930988785010413e-14}
{"period": 26, "status": "optimal", "solve_seconds": 0.055999755859375, "model_wall_seconds": 0.23056540000834502, "gap": 0.0, "actual_reward": 102.563596221612}
{"period": 27, "status": "optimal", "solve_seconds": 0.19899940490722656, "model_wall_seconds": 0.3664709000149742, "gap": 0.0, "actual_reward": -10.000000000000027}
{"period": 28, "status": "optimal", "solve_seconds": 0.10099983215332031, "model_wall_seconds": 0.2872685000183992, "gap": 0.0, "actual_reward": -3.421263272684882e-14}
{"period": 29, "status": "optimal", "solve_seconds": 0.21000099182128906, "model_wall_seconds": 0.37443050000001676, "gap": 0.0, "actual_reward": -3.421263272684882e-14}
{"period": 30, "status": "optimal", "solve_seconds": 0.10299873352050781, "model_wall_seconds": 0.27660420001484454, "gap": 0.0, "actual_reward": 226.91110203788656}
{"period": 31, "status": "optimal", "solve_seconds": 0.19899940490722656, "model_wall_seconds": 0.38301019999198616, "gap": 0.0, "actual_reward": 96.99369080145743}
{"period": 32, "status": "optimal", "solve_seconds": 0.1420001983642578, "model_wall_seconds": 0.32086000000708736, "gap": 0.0, "actual_reward": 168.89610968665653}
{"period": 33, "status": "optimal", "solve_seconds": 0.2479991912841797, "model_wall_seconds": 0.43528649999643676, "gap": 0.0, "actual_reward": 73.143788587573}
{"period": 34, "status": "optimal", "solve_seconds": 0.13199996948242188, "model_wall_seconds": 0.31235570000717416, "gap": 0.0, "actual_reward": 64.49203636535998}
{"period": 35, "status": "optimal", "solve_seconds": 0.24900054931640625, "model_wall_seconds": 0.42254190001403913, "gap": 0.0, "actual_reward": -10.00000000000005}
{"period": 36, "status": "optimal", "solve_seconds": 0.18000030517578125, "model_wall_seconds": 0.38669689997914247, "gap": 0.0, "actual_reward": 278.9971691905307}
{"period": 37, "status": "optimal", "solve_seconds": 0.3229999542236328, "model_wall_seconds": 0.5098008000059053, "gap": 0.0, "actual_reward": 102.66010873379}
{"period": 38, "status": "optimal", "solve_seconds": 0.2350006103515625, "model_wall_seconds": 0.44681690001743846, "gap": 0.0, "actual_reward": 435.30734386250924}
{"period": 39, "status": "optimal", "solve_seconds": 0.3600006103515625, "model_wall_seconds": 0.5525716999836732, "gap": 0.0, "actual_reward": 209.63994067730687}
{"period": 40, "status": "optimal", "solve_seconds": 0.25, "model_wall_seconds": 0.4424536000005901, "gap": 0.0, "actual_reward": 461.4035194480122}
{"period": 41, "status": "optimal", "solve_seconds": 0.4109992980957031, "model_wall_seconds": 0.6280300999933388, "gap": 0.0, "actual_reward": 379.6546585640624}
{"period": 42, "status": "optimal", "solve_seconds": 0.3260002136230469, "model_wall_seconds": 0.5236427999916486, "gap": 0.0, "actual_reward": 208.0148531543006}
{"period": 43, "status": "optimal", "solve_seconds": 0.45800018310546875, "model_wall_seconds": 0.6773282999929506, "gap": 0.0, "actual_reward": 272.6053522858475}
{"period": 44, "status": "optimal", "solve_seconds": 0.3150005340576172, "model_wall_seconds": 0.5164086000004318, "gap": 0.0, "actual_reward": 607.9681334880107}
{"period": 45, "status": "optimal", "solve_seconds": 0.4490013122558594, "model_wall_seconds": 0.6398134999908507, "gap": 0.0, "actual_reward": 601.8762918092929}
{"period": 46, "status": "optimal", "solve_seconds": 0.4330005645751953, "model_wall_seconds": 0.6535699999949429, "gap": 0.0, "actual_reward": 879.6295115366838}
{"period": 47, "status": "optimal", "solve_seconds": 2.062000274658203, "model_wall_seconds": 2.269899200007785, "gap": 0.0, "actual_reward": 800.8043124404197}
{"period": 48, "status": "optimal", "solve_seconds": 0.8629989624023438, "model_wall_seconds": 1.0973922999983188, "gap": 1.7647549701977777e-05, "actual_reward": 980.3923504474133}
{"period": 49, "status": "optimal", "solve_seconds": 0.6770000457763672, "model_wall_seconds": 0.8726500000047963, "gap": 0.0, "actual_reward": 323.9197076921207}
{"period": 50, "status": "optimal", "solve_seconds": 0.5650005340576172, "model_wall_seconds": 0.806827099993825, "gap": 0.0, "actual_reward": 298.25026992611345}
{"period": 51, "status": "optimal", "solve_seconds": 0.9720001220703125, "model_wall_seconds": 1.1681339000060689, "gap": 0.0, "actual_reward": 564.7827277825376}
{"period": 52, "status": "optimal", "solve_seconds": 1.315999984741211, "model_wall_seconds": 1.5511497000115924, "gap": 0.0, "actual_reward": 469.811560805957}
{"period": 53, "status": "optimal", "solve_seconds": 2.9810009002685547, "model_wall_seconds": 3.1924846000038087, "gap": 3.2276570736860314e-05, "actual_reward": 259.6864604577017}
{"period": 54, "status": "optimal", "solve_seconds": 1.3939990997314453, "model_wall_seconds": 1.6290612999873701, "gap": 0.0, "actual_reward": 341.6440400444821}
{"period": 55, "status": "optimal", "solve_seconds": 2.7259998321533203, "model_wall_seconds": 2.92662760001258, "gap": 4.4862891063705065e-11, "actual_reward": 482.9965258573826}
{"period": 56, "status": "optimal", "solve_seconds": 1.5839996337890625, "model_wall_seconds": 1.8368128000001889, "gap": 0.0, "actual_reward": -64.20000000000003}
{"period": 57, "status": "optimal", "solve_seconds": 47.54199981689453, "model_wall_seconds": 47.79668959998526, "gap": 9.988867433982185e-05, "actual_reward": 1509.1550929196849}
{"period": 58, "status": "optimal", "solve_seconds": 4.069999694824219, "model_wall_seconds": 4.3694394000049215, "gap": 0.0, "actual_reward": 135.1718423343952}
{"period": 59, "status": "time_limit", "solve_seconds": 120.01200103759766, "model_wall_seconds": 120.3715314999863, "gap": 0.01930581461819353, "actual_reward": 987.4599720477934}
{"period": 60, "status": "optimal", "solve_seconds": 118.83300018310547, "model_wall_seconds": 119.10654989999603, "gap": 9.991976158473673e-05, "actual_reward": 52.43630687641027}
{"period": 61, "status": "time_limit", "solve_seconds": 120.01100158691406, "model_wall_seconds": 120.39620899999863, "gap": 0.04040444357595861, "actual_reward": 1057.0300418181828}
{"period": 62, "status": "time_limit", "solve_seconds": 120.00199890136719, "model_wall_seconds": 120.3013607999892, "gap": 0.0029898452213446077, "actual_reward": 1017.2487737929349}
{"period": 63, "status": "time_limit", "solve_seconds": 120.00500106811523, "model_wall_seconds": 120.45352170002297, "gap": 0.00320355767991927, "actual_reward": 1001.5486380296734}
{"period": 64, "status": "optimal", "solve_seconds": 34.784000396728516, "model_wall_seconds": 35.0683467000199, "gap": 0.0, "actual_reward": 423.54638030469545}
{"period": 65, "status": "time_limit", "solve_seconds": 120.00200080871582, "model_wall_seconds": 120.28646470000967, "gap": 0.018565488755480423, "actual_reward": 387.64101118957547}
{"period": 66, "status": "time_limit", "solve_seconds": 120.01099967956543, "model_wall_seconds": 120.43947350000963, "gap": 0.011189937922926257, "actual_reward": 718.8704941616672}
{"period": 67, "status": "time_limit", "solve_seconds": 120.00399971008301, "model_wall_seconds": 120.43191829998977, "gap": 0.030819935967863577, "actual_reward": 459.92062453479963}
{"period": 68, "status": "time_limit", "solve_seconds": 120.01900100708008, "model_wall_seconds": 120.39806639999733, "gap": 0.018716660101334697, "actual_reward": -22.165613649652272}
{"period": 69, "status": "time_limit", "solve_seconds": 120.00600051879883, "model_wall_seconds": 120.4128619999974, "gap": 0.02740186549590542, "actual_reward": 1097.5130688602662}
{"period": 70, "status": "time_limit", "solve_seconds": 120.00699996948242, "model_wall_seconds": 120.41606000001775, "gap": 0.03033708004223213, "actual_reward": 1005.011012849814}
{"period": 71, "status": "time_limit", "solve_seconds": 120.0059986114502, "model_wall_seconds": 120.3582854999986, "gap": 0.018603953921533245, "actual_reward": 604.6226022895512}
{"period": 72, "status": "optimal", "solve_seconds": 16.049999237060547, "model_wall_seconds": 16.36588130000746, "gap": 0.0, "actual_reward": 485.10243203063584}
{"period": 73, "status": "optimal", "solve_seconds": 118.98099899291992, "model_wall_seconds": 119.33746109998901, "gap": 2.363465051157512e-05, "actual_reward": 1199.033576980474}
{"period": 74, "status": "optimal", "solve_seconds": 10.023000717163086, "model_wall_seconds": 10.312411999999313, "gap": 2.2794799590032785e-05, "actual_reward": 692.9330971078342}
{"period": 75, "status": "optimal", "solve_seconds": 8.607999801635742, "model_wall_seconds": 8.87001880002208, "gap": 0.0, "actual_reward": 618.2030546760093}
{"period": 76, "status": "optimal", "solve_seconds": 10.533000946044922, "model_wall_seconds": 10.846631099993829, "gap": 0.0, "actual_reward": 1172.9528992848134}
{"period": 77, "status": "time_limit", "solve_seconds": 120.01399993896484, "model_wall_seconds": 120.4102587000234, "gap": 0.005021270844869671, "actual_reward": 572.8319713130477}
{"period": 78, "status": "optimal", "solve_seconds": 4.680999755859375, "model_wall_seconds": 4.9339158999791835, "gap": 7.693811735882633e-05, "actual_reward": 515.7803339424436}
{"period": 79, "status": "optimal", "solve_seconds": 3.272998809814453, "model_wall_seconds": 3.5554054000240285, "gap": 0.0, "actual_reward": 275.04900531816077}
{"period": 80, "status": "optimal", "solve_seconds": 5.27400016784668, "model_wall_seconds": 5.546302100003231, "gap": 8.892939331461552e-05, "actual_reward": 322.58037745576746}
{"period": 81, "status": "time_limit", "solve_seconds": 120.00399971008301, "model_wall_seconds": 120.32040419999976, "gap": 0.0027162460232909337, "actual_reward": 65.3140255043017}
{"period": 82, "status": "optimal", "solve_seconds": 6.488000869750977, "model_wall_seconds": 6.730551500018919, "gap": 9.617655135657973e-05, "actual_reward": 811.9178928432932}
{"period": 83, "status": "optimal", "solve_seconds": 15.520999908447266, "model_wall_seconds": 15.75483340001665, "gap": 0.0, "actual_reward": 269.1683777540515}
{"period": 84, "status": "optimal", "solve_seconds": 14.133001327514648, "model_wall_seconds": 14.502855400001863, "gap": 9.995497544629179e-05, "actual_reward": 363.9282226166245}
{"period": 85, "status": "optimal", "solve_seconds": 7.224000930786133, "model_wall_seconds": 7.449415200011572, "gap": 8.252677760863765e-05, "actual_reward": 685.3814722831248}
{"period": 86, "status": "optimal", "solve_seconds": 8.770999908447266, "model_wall_seconds": 9.034264299989445, "gap": 9.58698354899808e-05, "actual_reward": 212.0849951069967}
{"period": 87, "status": "optimal", "solve_seconds": 47.2549991607666, "model_wall_seconds": 47.585526300012134, "gap": 6.473184519163883e-05, "actual_reward": 676.0894803226437}
{"period": 88, "status": "optimal", "solve_seconds": 2.437000274658203, "model_wall_seconds": 2.6771469000086654, "gap": 8.245295477619885e-05, "actual_reward": 1093.059781645652}
{"period": 89, "status": "optimal", "solve_seconds": 2.642000198364258, "model_wall_seconds": 2.858960900019156, "gap": 2.2620319320778478e-05, "actual_reward": -84.8739310595625}
{"period": 90, "status": "optimal", "solve_seconds": 1.2900009155273438, "model_wall_seconds": 1.4849313999875449, "gap": 0.0, "actual_reward": 1229.5189990832866}
{"period": 91, "status": "optimal", "solve_seconds": 1.1130008697509766, "model_wall_seconds": 1.3241207000100985, "gap": 0.0, "actual_reward": 184.69250387615202}
{"period": 92, "status": "optimal", "solve_seconds": 1.023000717163086, "model_wall_seconds": 1.2088331000122707, "gap": 8.353859965299269e-05, "actual_reward": 926.8796424390653}
{"period": 93, "status": "optimal", "solve_seconds": 2.625, "model_wall_seconds": 2.8784797999833245, "gap": 7.374616924761437e-05, "actual_reward": 143.74937757900292}
{"period": 94, "status": "optimal", "solve_seconds": 1.2840003967285156, "model_wall_seconds": 1.4644059999845922, "gap": 0.0, "actual_reward": 585.6028667048848}
{"period": 95, "status": "optimal", "solve_seconds": 0.875, "model_wall_seconds": 1.0075738000159618, "gap": 0.0, "actual_reward": 340.08527413382063}
{"period": 96, "status": "optimal", "solve_seconds": 0.5149993896484375, "model_wall_seconds": 0.6427745000110008, "gap": 0.0, "actual_reward": 8.86359655443029}
{"period": 97, "status": "optimal", "solve_seconds": 0.9669990539550781, "model_wall_seconds": 1.1869626000116114, "gap": 0.0, "actual_reward": 81.53931335831838}
{"period": 98, "status": "optimal", "solve_seconds": 0.5900001525878906, "model_wall_seconds": 0.7110826999996789, "gap": 0.0, "actual_reward": 107.88723827768014}
{"period": 99, "status": "optimal", "solve_seconds": 0.6420001983642578, "model_wall_seconds": 0.8147169000003487, "gap": 0.0, "actual_reward": 784.3244412411233}
{"period": 100, "status": "optimal", "solve_seconds": 0.40399932861328125, "model_wall_seconds": 0.5115284999774303, "gap": 0.0, "actual_reward": 183.90506134171616}
{"period": 101, "status": "optimal", "solve_seconds": 0.41400146484375, "model_wall_seconds": 0.5785992999735754, "gap": 0.0, "actual_reward": 293.35143289738465}
{"period": 102, "status": "optimal", "solve_seconds": 0.5939998626708984, "model_wall_seconds": 0.7914180000079796, "gap": 0.0, "actual_reward": 166.22652146386355}
{"period": 103, "status": "optimal", "solve_seconds": 0.5380001068115234, "model_wall_seconds": 0.7261994000000414, "gap": 0.0, "actual_reward": 379.90871513014525}
{"period": 104, "status": "optimal", "solve_seconds": 0.37399864196777344, "model_wall_seconds": 0.588266200007638, "gap": 0.0, "actual_reward": 88.34284166566924}
{"period": 105, "status": "optimal", "solve_seconds": 0.5, "model_wall_seconds": 0.6663292000012007, "gap": 0.0, "actual_reward": 32.36666991845199}
{"period": 106, "status": "optimal", "solve_seconds": 0.3509998321533203, "model_wall_seconds": 0.5320900999940932, "gap": 0.0, "actual_reward": 2.5108894178091683}
{"period": 107, "status": "optimal", "solve_seconds": 0.46099853515625, "model_wall_seconds": 0.626089299999876, "gap": 0.0, "actual_reward": -44.14668013589419}
{"period": 108, "status": "optimal", "solve_seconds": 0.44099998474121094, "model_wall_seconds": 0.6445880999963265, "gap": 0.0, "actual_reward": 488.64455905372705}
{"period": 109, "status": "optimal", "solve_seconds": 0.3339996337890625, "model_wall_seconds": 0.5017318000027444, "gap": 0.0, "actual_reward": 190.45913992002906}
{"period": 110, "status": "optimal", "solve_seconds": 0.2849998474121094, "model_wall_seconds": 0.39876049998565577, "gap": 0.0, "actual_reward": 182.81228375785045}
{"period": 111, "status": "optimal", "solve_seconds": 0.3430004119873047, "model_wall_seconds": 0.5111112000013236, "gap": 0.0, "actual_reward": -80.42125696995633}
{"period": 112, "status": "optimal", "solve_seconds": 0.26200103759765625, "model_wall_seconds": 0.35708280000835657, "gap": 0.0, "actual_reward": 290.97757327001045}
{"period": 113, "status": "optimal", "solve_seconds": 0.2700004577636719, "model_wall_seconds": 0.4007372999913059, "gap": 0.0, "actual_reward": 278.627861597373}
{"period": 114, "status": "optimal", "solve_seconds": 0.21899986267089844, "model_wall_seconds": 0.3169079000072088, "gap": 0.0, "actual_reward": 72.09438596544057}
{"period": 115, "status": "optimal", "solve_seconds": 0.2719993591308594, "model_wall_seconds": 0.3514646999828983, "gap": 0.0, "actual_reward": 46.472007646592964}
{"period": 116, "status": "optimal", "solve_seconds": 0.23999977111816406, "model_wall_seconds": 0.3388091000088025, "gap": 0.0, "actual_reward": 7.033586593765764}
{"period": 117, "status": "optimal", "solve_seconds": 0.23400115966796875, "model_wall_seconds": 0.30970329997944646, "gap": 0.0, "actual_reward": -39.45350877203395}
{"period": 118, "status": "optimal", "solve_seconds": 0.22999954223632812, "model_wall_seconds": 0.31894240001565777, "gap": 0.0, "actual_reward": 225.8083662900802}
{"period": 119, "status": "optimal", "solve_seconds": 0.17499923706054688, "model_wall_seconds": 0.2806726999988314, "gap": 0.0, "actual_reward": 89.33245614061292}
{"period": 120, "status": "optimal", "solve_seconds": 0.11199951171875, "model_wall_seconds": 0.20642070000758395, "gap": 0.0, "actual_reward": 3.3499999995529928}
{"period": 121, "status": "optimal", "solve_seconds": 0.13899993896484375, "model_wall_seconds": 0.24091230001067743, "gap": 0.0, "actual_reward": 160.9456140343602}
{"period": 122, "status": "optimal", "solve_seconds": 0.10700035095214844, "model_wall_seconds": 0.19673380002495833, "gap": 0.0, "actual_reward": 88.74631578998674}
{"period": 123, "status": "optimal", "solve_seconds": 0.09799957275390625, "model_wall_seconds": 0.2126538000011351, "gap": 0.0, "actual_reward": 76.39000000044697}
{"period": 124, "status": "optimal", "solve_seconds": 0.0839996337890625, "model_wall_seconds": 0.1619852999865543, "gap": 0.0, "actual_reward": 275.9221052640353}
{"period": 125, "status": "optimal", "solve_seconds": 0.15900039672851562, "model_wall_seconds": 0.26512929997988977, "gap": 0.0, "actual_reward": 71.71964912271561}
{"period": 126, "status": "optimal", "solve_seconds": 0.15900039672851562, "model_wall_seconds": 0.24814729997888207, "gap": 0.0, "actual_reward": 98.43000000027598}
{"period": 127, "status": "optimal", "solve_seconds": 0.1659984588623047, "model_wall_seconds": 0.24854249999043532, "gap": 0.0, "actual_reward": -89.51885964892632}
{"period": 128, "status": "optimal", "solve_seconds": 0.1309986114501953, "model_wall_seconds": 0.2202904000005219, "gap": 0.0, "actual_reward": -54.37697368413791}
{"period": 129, "status": "optimal", "solve_seconds": 0.14100074768066406, "model_wall_seconds": 0.21202849998371676, "gap": 0.0, "actual_reward": -10.477836236926331}
{"period": 130, "status": "optimal", "solve_seconds": 0.10400009155273438, "model_wall_seconds": 0.19503639999311417, "gap": 0.0, "actual_reward": -38.260087718950544}
{"period": 131, "status": "optimal", "solve_seconds": 0.1289997100830078, "model_wall_seconds": 0.1994723999814596, "gap": 0.0, "actual_reward": 232.51333333277097}
{"period": 132, "status": "optimal", "solve_seconds": 0.08300018310546875, "model_wall_seconds": 0.15065640001557767, "gap": 0.0, "actual_reward": 117.32434210540514}
{"period": 133, "status": "optimal", "solve_seconds": 0.04199981689453125, "model_wall_seconds": 0.10710709998966195, "gap": 0.0, "actual_reward": 159.66000000058992}
{"period": 134, "status": "optimal", "solve_seconds": 0.03700065612792969, "model_wall_seconds": 0.12745729999733157, "gap": 0.0, "actual_reward": -10.500000000000004}
{"period": 135, "status": "optimal", "solve_seconds": 0.04300117492675781, "model_wall_seconds": 0.11423850001301616, "gap": 0.0, "actual_reward": -10.5}
{"period": 136, "status": "optimal", "solve_seconds": 0.02700042724609375, "model_wall_seconds": 0.08848070001113228, "gap": 0.0, "actual_reward": -1.2864425663157937}
{"period": 137, "status": "optimal", "solve_seconds": 0.034999847412109375, "model_wall_seconds": 0.09557419997872785, "gap": 0.0, "actual_reward": -4.95}
{"period": 138, "status": "optimal", "solve_seconds": 0.030000686645507812, "model_wall_seconds": 0.10989780002273619, "gap": 0.0, "actual_reward": -4.950000000000011}
{"period": 139, "status": "optimal", "solve_seconds": 0.010999679565429688, "model_wall_seconds": 0.0896393999864813, "gap": 0.0, "actual_reward": 34.749999999887976}
{"period": 140, "status": "optimal", "solve_seconds": 0.018999099731445312, "model_wall_seconds": 0.09023919998435304, "gap": 0.0, "actual_reward": 31.10666666671195}
{"period": 141, "status": "optimal", "solve_seconds": 0.03299903869628906, "model_wall_seconds": 0.08298569999169558, "gap": 0.0, "actual_reward": -8.34385964883789}
{"period": 142, "status": "optimal", "solve_seconds": 0.029001235961914062, "model_wall_seconds": 0.08674920001067221, "gap": 0.0, "actual_reward": 0.0}
{"period": 143, "status": "optimal", "solve_seconds": 0.02700042724609375, "model_wall_seconds": 0.08813429999281652, "gap": 0.0, "actual_reward": 0.0}
{"period": 144, "status": "optimal", "solve_seconds": 0.031000137329101562, "model_wall_seconds": 0.09871560000465252, "gap": 0.0, "actual_reward": 0.0}
{"period": 145, "status": "optimal", "solve_seconds": 0.035999298095703125, "model_wall_seconds": 0.10569050000049174, "gap": 0.0, "actual_reward": 0.0}
{"period": 146, "status": "optimal", "solve_seconds": 0.006999969482421875, "model_wall_seconds": 0.060509700007969514, "gap": 0.0, "actual_reward": -17.40000000000003}
{"period": 147, "status": "optimal", "solve_seconds": 0.006000518798828125, "model_wall_seconds": 0.05424880000646226, "gap": 0.0, "actual_reward": 62.186666666431954}
{"state": "complete", "started_at": "2026-09-18T05:11:08.629048+00:00", "scenario": "D:\\Myfiles\\vscode_files\\cleanrl_BSS\\ExpresswayBSSs_v2\\data\\final_real_data_v1\\scenarios\\day_14.json", "route_mode": "joint", "charging_mode": "joint", "model": null, "deadline": null, "pid": 28368, "created": 1789708266.9770207, "source_snapshot": "D:\\Myfiles\\vscode_files\\cleanrl_BSS\\ExpresswayBSSs_v2\\outputs\\zero_terminal_real_data_seed1_v1\\runs\\h7_day14\\source_snapshots\\e04451463b9d6545577ff982cb3a33775239dc78ba1d91c5d8a88c86fabb05aa", "prior_attempt_seconds": 0.0, "runtime_timing_incomplete": false, "runtime_timing_estimated": false, "launcher_source_snapshot": "D:\\Myfiles\\vscode_files\\cleanrl_BSS\\ExpresswayBSSs_v2\\outputs\\zero_terminal_real_data_seed1_v1\\code_snapshots\\40ec378611b206b02ef446c50a74e31e0ead20388937d43f8a3085ca15610712", "finished_at": "2026-09-18T05:53:20.038936+00:00", "wall_seconds": 2531.410424700007, "metrics": {"net_profit_yuan": 39765.7497899139, "service_income_yuan": 57569.976893091516, "charging_cost_yuan": 16184.227103177505, "adjustment_cost_yuan": 1620.0, "reservation_failure_cost_yuan": 0.0, "reservation_count": 200, "actual_random_count": 200, "reservation_failures": 0, "reservation_failure_rate": 0.0, "reservation_completed": 200, "reservation_unfinished_at_L": 42, "reservation_unfinished_rate_at_L": 0.21, "reservation_unfinished_after_cleanup": 0, "random_services": 176, "random_service_rate": 0.88, "mean_wait_minutes_served": 13.30030646869268, "path_adjustments": 162, "solver_seconds_mean": 14.221782359947152, "solver_seconds_p95": 120.00569934844971, "model_wall_seconds_mean": 14.414306918368398, "model_wall_seconds_p95": 120.38880574999493, "model_wall_seconds_total": 2118.9031170001545, "mip_gap_mean": 0.001567617331707105, "mip_gap_max": 0.04040444357595861, "mip_gap_target_met_fraction": 0.9115646258503401, "solver_status_counts": {"optimal": 134, "time_limit": 13}, "completed_periods": 147, "demand_periods": 96, "cleanup_periods": 51, "cleanup_hours": 12.75, "time_limit_fraction": 0.08843537414965986, "final_inventory_kwh": 4437.2503109791005, "random_timeouts": 24, "terminal_settlement": "none", "operating_duration_hours": 24.0, "current_attempt_wall_seconds": 2531.407541499997, "prior_attempt_wall_seconds": 0.0, "known_runtime_seconds": 2531.407541499997, "runtime_timing_incomplete": false, "runtime_timing_estimated": false, "worker_wall_seconds": 2531.407541499997}}
