{"period": 1, "status": "optimal", "solve_seconds": 0.13300132751464844, "model_wall_seconds": 0.28899939998518676, "gap": 0.0, "actual_reward": 0.0}
{"period": 2, "status": "optimal", "solve_seconds": 0.0410003662109375, "model_wall_seconds": 0.18708040000637993, "gap": 0.0, "actual_reward": 0.0}
{"period": 3, "status": "optimal", "solve_seconds": 0.15999984741210938, "model_wall_seconds": 0.3058883000048809, "gap": 0.0, "actual_reward": 0.0}
{"period": 4, "status": "optimal", "solve_seconds": 0.055999755859375, "model_wall_seconds": 0.22769810000318103, "gap": 0.0, "actual_reward": 66.61516483348984}
{"period": 5, "status": "optimal", "solve_seconds": 0.12299919128417969, "model_wall_seconds": 0.26523980000638403, "gap": 0.0, "actual_reward": 147.42882171004368}
{"period": 6, "status": "optimal", "solve_seconds": 0.04599952697753906, "model_wall_seconds": 0.20229039998957887, "gap": 0.0, "actual_reward": 76.56582280171953}
{"period": 7, "status": "optimal", "solve_seconds": 0.09600067138671875, "model_wall_seconds": 0.23625029998947866, "gap": 0.0, "actual_reward": -1.1013412404281553e-15}
{"period": 8, "status": "optimal", "solve_seconds": 0.0540008544921875, "model_wall_seconds": 0.20063569999183528, "gap": 0.0, "actual_reward": -2.2026824808563106e-15}
{"period": 9, "status": "optimal", "solve_seconds": 0.125, "model_wall_seconds": 0.26948580000316724, "gap": 0.0, "actual_reward": -2.2026824808563106e-15}
{"period": 10, "status": "optimal", "solve_seconds": 0.0260009765625, "model_wall_seconds": 0.1738443000067491, "gap": 0.0, "actual_reward": 86.271309864918}
{"period": 11, "status": "optimal", "solve_seconds": 0.08199882507324219, "model_wall_seconds": 0.22399250001762994, "gap": 0.0, "actual_reward": -2.2026824808563106e-15}
{"period": 12, "status": "optimal", "solve_seconds": 0.017999649047851562, "model_wall_seconds": 0.1619180999987293, "gap": 0.0, "actual_reward": -1.1013412404281553e-15}
{"period": 13, "status": "optimal", "solve_seconds": 0.07199859619140625, "model_wall_seconds": 0.20613430000958033, "gap": 0.0, "actual_reward": -1.1013412404281553e-15}
{"period": 14, "status": "optimal", "solve_seconds": 0.006999969482421875, "model_wall_seconds": 0.14581460002227686, "gap": 0.0, "actual_reward": -1.1013412404281553e-15}
{"period": 15, "status": "optimal", "solve_seconds": 0.12100028991699219, "model_wall_seconds": 0.2610500000009779, "gap": 0.0, "actual_reward": -10.000000000000002}
{"period": 16, "status": "optimal", "solve_seconds": 0.05500030517578125, "model_wall_seconds": 0.19507670000893995, "gap": 0.0, "actual_reward": -1.1013412404281553e-15}
{"period": 17, "status": "optimal", "solve_seconds": 0.12600135803222656, "model_wall_seconds": 0.25572529999772087, "gap": 0.0, "actual_reward": -1.1013412404281553e-15}
{"period": 18, "status": "optimal", "solve_seconds": 0.08799934387207031, "model_wall_seconds": 0.2276488000061363, "gap": 0.0, "actual_reward": -1.1013412404281553e-15}
{"period": 19, "status": "optimal", "solve_seconds": 0.1289997100830078, "model_wall_seconds": 0.2640848999726586, "gap": 0.0, "actual_reward": 56.37159591825}
{"period": 20, "status": "optimal", "solve_seconds": 0.02700042724609375, "model_wall_seconds": 0.16786869999486953, "gap": 0.0, "actual_reward": -3.517186542012496e-15}
{"period": 21, "status": "optimal", "solve_seconds": 0.09799957275390625, "model_wall_seconds": 0.22799919999670237, "gap": 0.0, "actual_reward": 94.04706247121997}
{"period": 22, "status": "optimal", "solve_seconds": 0.03800010681152344, "model_wall_seconds": 0.17702810000628233, "gap": 0.0, "actual_reward": -8.419931418757188e-15}
{"period": 23, "status": "optimal", "solve_seconds": 0.08600044250488281, "model_wall_seconds": 0.21875880000879988, "gap": 0.0, "actual_reward": -8.419931418757188e-15}
{"period": 24, "status": "optimal", "solve_seconds": 0.020999908447265625, "model_wall_seconds": 0.15734259999589995, "gap": 0.0, "actual_reward": -8.419931418757188e-15}
{"period": 25, "status": "optimal", "solve_seconds": 0.09399986267089844, "model_wall_seconds": 0.23752009999589063, "gap": 0.0, "actual_reward": -10.000000000000012}
{"period": 26, "status": "optimal", "solve_seconds": 0.033000946044921875, "model_wall_seconds": 0.1713152000156697, "gap": 0.0, "actual_reward": 49.22000000018398}
{"period": 27, "status": "optimal", "solve_seconds": 0.11199951171875, "model_wall_seconds": 0.2491300000110641, "gap": 0.0, "actual_reward": -1.4424017535930032e-14}
{"period": 28, "status": "optimal", "solve_seconds": 0.05100059509277344, "model_wall_seconds": 0.19563529998413287, "gap": 0.0, "actual_reward": -1.4424017535930032e-14}
{"period": 29, "status": "optimal", "solve_seconds": 0.13100051879882812, "model_wall_seconds": 0.25968920000013895, "gap": 0.0, "actual_reward": 72.83807985668798}
{"period": 30, "status": "optimal", "solve_seconds": 0.06299972534179688, "model_wall_seconds": 0.22416100002010353, "gap": 0.0, "actual_reward": -9.521272659185343e-15}
{"period": 31, "status": "optimal", "solve_seconds": 0.125, "model_wall_seconds": 0.2637762999802362, "gap": 0.0, "actual_reward": -1.6804335700726368e-14}
{"period": 32, "status": "optimal", "solve_seconds": 0.07500076293945312, "model_wall_seconds": 0.21906100001069717, "gap": 0.0, "actual_reward": -1.2043699371133697e-14}
{"period": 33, "status": "optimal", "solve_seconds": 0.18000030517578125, "model_wall_seconds": 0.33444979999330826, "gap": 0.0, "actual_reward": 149.0712145065997}
{"period": 34, "status": "optimal", "solve_seconds": 0.1100006103515625, "model_wall_seconds": 0.25622150002163835, "gap": 0.0, "actual_reward": 165.25753132700666}
{"period": 35, "status": "optimal", "solve_seconds": 0.21400070190429688, "model_wall_seconds": 0.3768584999779705, "gap": 0.0, "actual_reward": 518.1639734587657}
{"period": 36, "status": "optimal", "solve_seconds": 0.11700057983398438, "model_wall_seconds": 0.26965539998491295, "gap": 0.0, "actual_reward": 217.27665017216873}
{"period": 37, "status": "optimal", "solve_seconds": 0.17300033569335938, "model_wall_seconds": 0.3327517000143416, "gap": 0.0, "actual_reward": 111.7329742761873}
{"period": 38, "status": "optimal", "solve_seconds": 0.11400032043457031, "model_wall_seconds": 0.2625427999882959, "gap": 0.0, "actual_reward": 331.1747047290247}
{"period": 39, "status": "optimal", "solve_seconds": 0.2259998321533203, "model_wall_seconds": 0.3696717999991961, "gap": 0.0, "actual_reward": 643.5674240762314}
{"period": 40, "status": "optimal", "solve_seconds": 0.14599990844726562, "model_wall_seconds": 0.301766199991107, "gap": 0.0, "actual_reward": 441.08681039497264}
{"period": 41, "status": "optimal", "solve_seconds": 0.23399925231933594, "model_wall_seconds": 0.3761671000102069, "gap": 0.0, "actual_reward": 348.51682483544573}
{"period": 42, "status": "optimal", "solve_seconds": 0.1919994354248047, "model_wall_seconds": 0.35943630000110716, "gap": 0.0, "actual_reward": 329.1525222887325}
{"period": 43, "status": "optimal", "solve_seconds": 0.28800010681152344, "model_wall_seconds": 0.4442385000002105, "gap": 0.0, "actual_reward": 326.13637530171934}
{"period": 44, "status": "optimal", "solve_seconds": 0.2390003204345703, "model_wall_seconds": 0.40621099999407306, "gap": 0.0, "actual_reward": 612.8589920973332}
{"period": 45, "status": "optimal", "solve_seconds": 0.2609996795654297, "model_wall_seconds": 0.41187369998078793, "gap": 0.0, "actual_reward": 306.6951641493525}
{"period": 46, "status": "optimal", "solve_seconds": 0.18799972534179688, "model_wall_seconds": 0.36133059998974204, "gap": 0.0, "actual_reward": 550.0675723390873}
{"period": 47, "status": "optimal", "solve_seconds": 0.2870006561279297, "model_wall_seconds": 0.43905010001617484, "gap": 0.0, "actual_reward": 508.85120419983076}
{"period": 48, "status": "optimal", "solve_seconds": 0.23000144958496094, "model_wall_seconds": 0.3968142999801785, "gap": 0.0, "actual_reward": 1042.0747615928503}
{"period": 49, "status": "optimal", "solve_seconds": 0.36100006103515625, "model_wall_seconds": 0.5155129000195302, "gap": 0.0, "actual_reward": 316.4747992042387}
{"period": 50, "status": "optimal", "solve_seconds": 0.6400012969970703, "model_wall_seconds": 0.8133686000073794, "gap": 0.0, "actual_reward": 485.95994242831017}
{"period": 51, "status": "optimal", "solve_seconds": 0.4220008850097656, "model_wall_seconds": 0.5887526999867987, "gap": 0.0, "actual_reward": 254.08058902297074}
{"period": 52, "status": "optimal", "solve_seconds": 0.4740009307861328, "model_wall_seconds": 0.6429264000034891, "gap": 0.0, "actual_reward": 369.81753222702133}
{"period": 53, "status": "optimal", "solve_seconds": 0.6879997253417969, "model_wall_seconds": 0.8469357999856584, "gap": 0.0, "actual_reward": 273.66758241804786}
{"period": 54, "status": "optimal", "solve_seconds": 0.5459995269775391, "model_wall_seconds": 0.7258993000141345, "gap": 0.0, "actual_reward": 808.1166826690497}
{"period": 55, "status": "optimal", "solve_seconds": 0.9009990692138672, "model_wall_seconds": 1.0702837000135332, "gap": 2.247141021997121e-06, "actual_reward": 564.2715856535349}
{"period": 56, "status": "optimal", "solve_seconds": 1.0509986877441406, "model_wall_seconds": 1.237389699992491, "gap": 0.0, "actual_reward": -52.64999999999884}
{"period": 57, "status": "optimal", "solve_seconds": 1.746999740600586, "model_wall_seconds": 1.9654313999926671, "gap": 0.0, "actual_reward": 926.8329517555034}
{"period": 58, "status": "optimal", "solve_seconds": 1.3540000915527344, "model_wall_seconds": 1.5257038999989163, "gap": 0.0, "actual_reward": 562.3790422679307}
{"period": 59, "status": "optimal", "solve_seconds": 2.9160003662109375, "model_wall_seconds": 3.1263289999915287, "gap": 2.6179380840748875e-05, "actual_reward": 240.14288872981243}
{"period": 60, "status": "optimal", "solve_seconds": 1.286001205444336, "model_wall_seconds": 1.4649770999967586, "gap": 9.735357844607382e-05, "actual_reward": 311.489916292528}
{"period": 61, "status": "optimal", "solve_seconds": 1.6429996490478516, "model_wall_seconds": 1.8273243000148796, "gap": 5.602061667774747e-11, "actual_reward": 899.5240100109095}
{"period": 62, "status": "optimal", "solve_seconds": 0.5380001068115234, "model_wall_seconds": 0.7139862999902107, "gap": 0.0, "actual_reward": 574.9622008153345}
{"period": 63, "status": "optimal", "solve_seconds": 0.8140010833740234, "model_wall_seconds": 0.9834137000143528, "gap": 0.0, "actual_reward": 433.23487759781347}
{"period": 64, "status": "optimal", "solve_seconds": 0.5619983673095703, "model_wall_seconds": 0.7763398999813944, "gap": 0.0, "actual_reward": 542.6416297162043}
{"period": 65, "status": "optimal", "solve_seconds": 0.8529987335205078, "model_wall_seconds": 1.0127834000159055, "gap": 0.0, "actual_reward": 1782.2783366267663}
{"period": 66, "status": "optimal", "solve_seconds": 0.48799896240234375, "model_wall_seconds": 0.6617713000159711, "gap": 4.370206169708087e-11, "actual_reward": 1057.396228113039}
{"period": 67, "status": "optimal", "solve_seconds": 0.582000732421875, "model_wall_seconds": 0.7400083999964409, "gap": 0.0, "actual_reward": 300.5606740614706}
{"period": 68, "status": "optimal", "solve_seconds": 0.707000732421875, "model_wall_seconds": 0.8658983999921475, "gap": 6.807690573838028e-11, "actual_reward": -684.5585123590204}
{"period": 69, "status": "optimal", "solve_seconds": 0.6090011596679688, "model_wall_seconds": 0.762542200012831, "gap": 0.0, "actual_reward": 855.6390168089445}
{"period": 70, "status": "optimal", "solve_seconds": 0.9419994354248047, "model_wall_seconds": 1.1026583000202663, "gap": 0.0, "actual_reward": -977.3974312072329}
{"period": 71, "status": "optimal", "solve_seconds": 0.9149990081787109, "model_wall_seconds": 1.0711111999989953, "gap": 4.560045728177083e-05, "actual_reward": 801.2520935399546}
{"period": 72, "status": "optimal", "solve_seconds": 0.7169990539550781, "model_wall_seconds": 0.9254394999879878, "gap": 0.0, "actual_reward": 716.2515062981599}
{"period": 73, "status": "optimal", "solve_seconds": 0.48600006103515625, "model_wall_seconds": 0.6339663999970071, "gap": 0.0, "actual_reward": 946.5950546364891}
{"period": 74, "status": "optimal", "solve_seconds": 0.430999755859375, "model_wall_seconds": 0.5868218999821693, "gap": 0.0, "actual_reward": -1054.6650185633605}
{"period": 75, "status": "optimal", "solve_seconds": 0.7300014495849609, "model_wall_seconds": 0.9352338000026066, "gap": 0.0, "actual_reward": -1474.2076785387158}
{"period": 76, "status": "optimal", "solve_seconds": 0.9629993438720703, "model_wall_seconds": 1.1325977999949828, "gap": 0.0, "actual_reward": -231.25719388073696}
{"period": 77, "status": "optimal", "solve_seconds": 0.8950004577636719, "model_wall_seconds": 1.0458099999814294, "gap": 0.0, "actual_reward": 668.0352921100199}
{"period": 78, "status": "optimal", "solve_seconds": 0.5640010833740234, "model_wall_seconds": 0.7675349999917671, "gap": 8.021661134493666e-05, "actual_reward": -1512.766451601016}
{"period": 79, "status": "optimal", "solve_seconds": 1.029998779296875, "model_wall_seconds": 1.182011800003238, "gap": 0.0, "actual_reward": -683.816153570104}
{"period": 80, "status": "optimal", "solve_seconds": 0.5020008087158203, "model_wall_seconds": 0.6411600999999791, "gap": 6.966093886567244e-05, "actual_reward": 318.2916123661448}
{"period": 81, "status": "optimal", "solve_seconds": 0.27499961853027344, "model_wall_seconds": 0.4539297000155784, "gap": 0.0, "actual_reward": -2815.0417102211145}
{"period": 82, "status": "optimal", "solve_seconds": 0.2849998474121094, "model_wall_seconds": 0.41395409998949617, "gap": 0.0, "actual_reward": -3247.716274819517}
{"period": 83, "status": "optimal", "solve_seconds": 0.28299903869628906, "model_wall_seconds": 0.4132003000122495, "gap": 0.0, "actual_reward": -3851.850237022691}
{"period": 84, "status": "optimal", "solve_seconds": 0.2460002899169922, "model_wall_seconds": 0.36886869999580085, "gap": 0.0, "actual_reward": -5754.00302402228}
{"period": 85, "status": "optimal", "solve_seconds": 0.23199844360351562, "model_wall_seconds": 0.35258099998463877, "gap": 0.0, "actual_reward": -1801.4458693541542}
{"period": 86, "status": "optimal", "solve_seconds": 0.23000144958496094, "model_wall_seconds": 0.36515090000466444, "gap": 0.0, "actual_reward": -2676.508389071513}
{"period": 87, "status": "optimal", "solve_seconds": 0.24499893188476562, "model_wall_seconds": 0.35381950001465157, "gap": 0.0, "actual_reward": -1686.3371263882113}
{"period": 88, "status": "optimal", "solve_seconds": 0.1289997100830078, "model_wall_seconds": 0.25237810000544414, "gap": 0.0, "actual_reward": -5639.06800066207}
{"period": 89, "status": "optimal", "solve_seconds": 0.1289997100830078, "model_wall_seconds": 0.23301089997403324, "gap": 0.0, "actual_reward": -952.953333333234}
{"period": 90, "status": "optimal", "solve_seconds": 0.09300041198730469, "model_wall_seconds": 0.19118149997666478, "gap": 0.0, "actual_reward": -2896.769346228216}
{"period": 91, "status": "optimal", "solve_seconds": 0.08799934387207031, "model_wall_seconds": 0.1871635999996215, "gap": 0.0, "actual_reward": -2909.9858766723523}
{"period": 92, "status": "optimal", "solve_seconds": 0.07999992370605469, "model_wall_seconds": 0.1776125000033062, "gap": 0.0, "actual_reward": -1926.308621552465}
{"period": 93, "status": "optimal", "solve_seconds": 0.08099937438964844, "model_wall_seconds": 0.17191190001904033, "gap": 0.0, "actual_reward": -6863.544915682725}
{"period": 94, "status": "optimal", "solve_seconds": 0.06199836730957031, "model_wall_seconds": 0.14637269999366254, "gap": 0.0, "actual_reward": -4803.932128121879}
{"period": 95, "status": "optimal", "solve_seconds": 0.0970001220703125, "model_wall_seconds": 0.17076839998480864, "gap": 0.0, "actual_reward": -3958.210133186816}
{"period": 96, "status": "optimal", "solve_seconds": 0.034000396728515625, "model_wall_seconds": 0.1011315000068862, "gap": 0.0, "actual_reward": -1883.223508772117}
{"period": 97, "status": "optimal", "solve_seconds": 0.035999298095703125, "model_wall_seconds": 0.09977709999657236, "gap": 0.0, "actual_reward": -4010.0}
{"period": 98, "status": "optimal", "solve_seconds": 0.019001007080078125, "model_wall_seconds": 0.07787469998584129, "gap": 0.0, "actual_reward": -4010.5}
{"period": 99, "status": "optimal", "solve_seconds": 0.020999908447265625, "model_wall_seconds": 0.07834750000620261, "gap": 0.0, "actual_reward": -1010.0}
{"period": 100, "status": "optimal", "solve_seconds": 0.006999969482421875, "model_wall_seconds": 0.060179100022651255, "gap": 0.0, "actual_reward": 69.053902611286}
{"period": 101, "status": "optimal", "solve_seconds": 0.010000228881835938, "model_wall_seconds": 0.06229010000242852, "gap": 0.0, "actual_reward": -2000.0}
{"period": 102, "status": "optimal", "solve_seconds": 0.006000518798828125, "model_wall_seconds": 0.05733799998415634, "gap": 0.0, "actual_reward": -1000.0}
{"period": 103, "status": "optimal", "solve_seconds": 0.009000778198242188, "model_wall_seconds": 0.05718529998557642, "gap": 0.0, "actual_reward": -2000.0}
{"period": 104, "status": "optimal", "solve_seconds": 0.007999420166015625, "model_wall_seconds": 0.05629209999460727, "gap": 0.0, "actual_reward": -1.2967404927621826e-14}
{"period": 105, "status": "optimal", "solve_seconds": 0.009000778198242188, "model_wall_seconds": 0.05870299998787232, "gap": 0.0, "actual_reward": -1000.0}
{"period": 106, "status": "optimal", "solve_seconds": 0.010999679565429688, "model_wall_seconds": 0.05172839999431744, "gap": 0.0, "actual_reward": -3000.0}
{"period": 107, "status": "optimal", "solve_seconds": 0.006000518798828125, "model_wall_seconds": 0.050931100005982444, "gap": 0.0, "actual_reward": -2000.0}
{"period": 108, "status": "optimal", "solve_seconds": 0.006999969482421875, "model_wall_seconds": 0.04943670000648126, "gap": 0.0, "actual_reward": -1.7408297026122453e-14}
{"period": 109, "status": "optimal", "solve_seconds": 0.0049991607666015625, "model_wall_seconds": 0.047958600014681, "gap": 0.0, "actual_reward": -1000.0}
{"period": 110, "status": "optimal", "solve_seconds": 0.007999420166015625, "model_wall_seconds": 0.04582200001459569, "gap": 0.0, "actual_reward": -1000.0}
{"period": 111, "status": "optimal", "solve_seconds": 0.005001068115234375, "model_wall_seconds": 0.046017999993637204, "gap": 0.0, "actual_reward": -9.947598300641402e-15}
{"period": 112, "status": "optimal", "solve_seconds": 0.0049991607666015625, "model_wall_seconds": 0.04790609999326989, "gap": 0.0, "actual_reward": -9.947598300641402e-15}
{"period": 113, "status": "optimal", "solve_seconds": 0.0059986114501953125, "model_wall_seconds": 0.04465389999677427, "gap": 0.0, "actual_reward": -9.947598300641402e-15}
{"period": 114, "status": "optimal", "solve_seconds": 0.005001068115234375, "model_wall_seconds": 0.045579400000860915, "gap": 0.0, "actual_reward": -9.947598300641402e-15}
{"period": 115, "status": "optimal", "solve_seconds": 0.0049991607666015625, "model_wall_seconds": 0.04505530002643354, "gap": 0.0, "actual_reward": -1.7408297026122453e-14}
{"period": 116, "status": "optimal", "solve_seconds": 0.0049991607666015625, "model_wall_seconds": 0.044935000012628734, "gap": 0.0, "actual_reward": -1000.0}
{"state": "complete", "started_at": "2026-09-17T19:04:17.344398+00:00", "scenario": "D:\\Myfiles\\vscode_files\\cleanrl_BSS\\ExpresswayBSSs_v2\\data\\final_real_data_v1\\scenarios\\day_13.json", "route_mode": "joint", "charging_mode": "joint", "model": null, "deadline": null, "pid": 16980, "created": 1789671857.1643322, "source_snapshot": "D:\\Myfiles\\vscode_files\\cleanrl_BSS\\ExpresswayBSSs_v2\\outputs\\zero_terminal_real_data_seed1_v1\\runs\\h6_day13\\source_snapshots\\e04451463b9d6545577ff982cb3a33775239dc78ba1d91c5d8a88c86fabb05aa", "prior_attempt_seconds": 0.0, "runtime_timing_incomplete": false, "runtime_timing_estimated": false, "launcher_source_snapshot": "D:\\Myfiles\\vscode_files\\cleanrl_BSS\\ExpresswayBSSs_v2\\outputs\\zero_terminal_real_data_seed1_v1\\code_snapshots\\40ec378611b206b02ef446c50a74e31e0ead20388937d43f8a3085ca15610712", "finished_at": "2026-09-17T19:08:36.448270+00:00", "wall_seconds": 259.1042606999981, "metrics": {"net_profit_yuan": -61058.72442964826, "service_income_yuan": 34761.654458204976, "charging_cost_yuan": 4140.378887853218, "adjustment_cost_yuan": 680.0, "reservation_failure_cost_yuan": 91000.0, "reservation_count": 200, "actual_random_count": 200, "reservation_failures": 91, "reservation_failure_rate": 0.455, "reservation_completed": 109, "reservation_unfinished_at_L": 25, "reservation_unfinished_rate_at_L": 0.125, "reservation_unfinished_after_cleanup": 0, "random_services": 146, "random_service_rate": 0.73, "mean_wait_minutes_served": 12.797635207209773, "path_adjustments": 68, "solver_seconds_mean": 0.30905172742646314, "solver_seconds_p95": 1.0352487564086914, "model_wall_seconds_mean": 0.4408633913792136, "model_wall_seconds_p95": 1.1958562750005512, "model_wall_seconds_total": 51.140153399988776, "mip_gap_mean": 2.769467893110206e-06, "mip_gap_max": 9.735357844607382e-05, "mip_gap_target_met_fraction": 1.0, "solver_status_counts": {"optimal": 116}, "completed_periods": 116, "demand_periods": 96, "cleanup_periods": 20, "cleanup_hours": 5.0, "time_limit_fraction": 0.0, "final_inventory_kwh": 5647.6999232027, "random_timeouts": 54, "terminal_settlement": "none", "operating_duration_hours": 24.0, "current_attempt_wall_seconds": 259.1017754000204, "prior_attempt_wall_seconds": 0.0, "known_runtime_seconds": 259.1017754000204, "runtime_timing_incomplete": false, "runtime_timing_estimated": false, "worker_wall_seconds": 259.1017754000204}}
