{"period": 1, "status": "optimal", "solve_seconds": 0.1849994659423828, "model_wall_seconds": 0.34409659999073483, "gap": 0.0, "actual_reward": 0.0}
{"period": 2, "status": "optimal", "solve_seconds": 0.095001220703125, "model_wall_seconds": 0.25231589999748394, "gap": 0.0, "actual_reward": 66.5842640561615}
{"period": 3, "status": "optimal", "solve_seconds": 0.1569995880126953, "model_wall_seconds": 0.30910479999147356, "gap": 0.0, "actual_reward": -1.1013412404281553e-15}
{"period": 4, "status": "optimal", "solve_seconds": 0.08500099182128906, "model_wall_seconds": 0.24599669998860918, "gap": 0.0, "actual_reward": 184.3607174999094}
{"period": 5, "status": "optimal", "solve_seconds": 0.10199928283691406, "model_wall_seconds": 0.2410243000194896, "gap": 0.0, "actual_reward": 155.68645704468108}
{"period": 6, "status": "optimal", "solve_seconds": 0.025999069213867188, "model_wall_seconds": 0.17242369998712093, "gap": 0.0, "actual_reward": -2.2026824808563106e-15}
{"period": 7, "status": "optimal", "solve_seconds": 0.11900138854980469, "model_wall_seconds": 0.25685139998677187, "gap": 0.0, "actual_reward": 82.94420130761894}
{"period": 8, "status": "optimal", "solve_seconds": 0.048000335693359375, "model_wall_seconds": 0.19653570000082254, "gap": 0.0, "actual_reward": 80.54483526571936}
{"period": 9, "status": "optimal", "solve_seconds": 0.1230010986328125, "model_wall_seconds": 0.26061729999491945, "gap": 0.0, "actual_reward": 156.97477217869675}
{"period": 10, "status": "optimal", "solve_seconds": 0.04500007629394531, "model_wall_seconds": 0.1959461999940686, "gap": 0.0, "actual_reward": -3.854694341498543e-15}
{"period": 11, "status": "optimal", "solve_seconds": 0.10900115966796875, "model_wall_seconds": 0.24877370000467636, "gap": 0.0, "actual_reward": -2.2026824808563106e-15}
{"period": 12, "status": "optimal", "solve_seconds": 0.036998748779296875, "model_wall_seconds": 0.17976410000119358, "gap": 0.0, "actual_reward": -3.3040237212844656e-15}
{"period": 13, "status": "optimal", "solve_seconds": 0.10900115966796875, "model_wall_seconds": 0.2472649000119418, "gap": 0.0, "actual_reward": 84.300768244295}
{"state": "failed", "started_at": "2026-09-17T21:31:56.846224+00:00", "scenario": "D:\\Myfiles\\vscode_files\\cleanrl_BSS\\ExpresswayBSSs_v2\\data\\final_real_data_v1\\scenarios\\day_04.json", "route_mode": "joint", "charging_mode": "joint", "model": null, "deadline": null, "pid": 25112, "created": 1789680716.6628883, "source_snapshot": "D:\\Myfiles\\vscode_files\\cleanrl_BSS\\ExpresswayBSSs_v2\\outputs\\zero_terminal_real_data_seed1_v1\\runs\\h7_day04\\source_snapshots\\e04451463b9d6545577ff982cb3a33775239dc78ba1d91c5d8a88c86fabb05aa", "prior_attempt_seconds": 0.0, "runtime_timing_incomplete": false, "runtime_timing_estimated": false, "launcher_source_snapshot": "D:\\Myfiles\\vscode_files\\cleanrl_BSS\\ExpresswayBSSs_v2\\outputs\\zero_terminal_real_data_seed1_v1\\code_snapshots\\40ec378611b206b02ef446c50a74e31e0ead20388937d43f8a3085ca15610712", "finished_at": "2026-09-17T21:32:04.248698+00:00", "wall_seconds": 7.40659460000461, "error_type": "PermissionError", "error": "[WinError 5] ¾Ü¾ø·ÃÎÊ¡£: 'D:\\\\Myfiles\\\\vscode_files\\\\cleanrl_BSS\\\\ExpresswayBSSs_v2\\\\outputs\\\\zero_terminal_real_data_seed1_v1\\\\runs\\\\h7_day04\\\\journal\\\\status.json.tmp' -> 'D:\\\\Myfiles\\\\vscode_files\\\\cleanrl_BSS\\\\ExpresswayBSSs_v2\\\\outputs\\\\zero_terminal_real_data_seed1_v1\\\\runs\\\\h7_day04\\\\journal\\\\status.json'", "traceback": "Traceback (most recent call last):\n  File \"D:\\Myfiles\\vscode_files\\cleanrl_BSS\\ExpresswayBSSs_v2\\outputs\\zero_terminal_real_data_seed1_v1\\code_snapshots\\40ec378611b206b02ef446c50a74e31e0ead20388937d43f8a3085ca15610712\\experiment_worker.py\", line 165, in _run_owned\n    result=run_rolling_mpc(params,scenario,network,progress=progress,\n  File \"D:\\Myfiles\\vscode_files\\cleanrl_BSS\\ExpresswayBSSs_v2\\outputs\\zero_terminal_real_data_seed1_v1\\code_snapshots\\40ec378611b206b02ef446c50a74e31e0ead20388937d43f8a3085ca15610712\\src\\rolling_runner.py\", line 138, in run_rolling_mpc\n    journal.append(record)\n  File \"D:\\Myfiles\\vscode_files\\cleanrl_BSS\\ExpresswayBSSs_v2\\outputs\\zero_terminal_real_data_seed1_v1\\code_snapshots\\40ec378611b206b02ef446c50a74e31e0ead20388937d43f8a3085ca15610712\\src\\experiment_control.py\", line 118, in append\n    self.status(\"running\", completed_periods=record[\"period\"] + 1)\n  File \"D:\\Myfiles\\vscode_files\\cleanrl_BSS\\ExpresswayBSSs_v2\\outputs\\zero_terminal_real_data_seed1_v1\\code_snapshots\\40ec378611b206b02ef446c50a74e31e0ead20388937d43f8a3085ca15610712\\src\\experiment_control.py\", line 121, in status\n    atomic_json(self.status_path, {\"state\": state, \"updated_at\": utc_now().isoformat(),\n  File \"D:\\Myfiles\\vscode_files\\cleanrl_BSS\\ExpresswayBSSs_v2\\outputs\\zero_terminal_real_data_seed1_v1\\code_snapshots\\40ec378611b206b02ef446c50a74e31e0ead20388937d43f8a3085ca15610712\\src\\experiment_control.py\", line 60, in atomic_json\n    os.replace(pending, path)\nPermissionError: [WinError 5] ¾Ü¾ø·ÃÎÊ¡£: 'D:\\\\Myfiles\\\\vscode_files\\\\cleanrl_BSS\\\\ExpresswayBSSs_v2\\\\outputs\\\\zero_terminal_real_data_seed1_v1\\\\runs\\\\h7_day04\\\\journal\\\\status.json.tmp' -> 'D:\\\\Myfiles\\\\vscode_files\\\\cleanrl_BSS\\\\ExpresswayBSSs_v2\\\\outputs\\\\zero_terminal_real_data_seed1_v1\\\\runs\\\\h7_day04\\\\journal\\\\status.json'\n"}
{"period": 15, "status": "optimal", "solve_seconds": 0.180999755859375, "model_wall_seconds": 0.35729459999129176, "gap": 0.0, "actual_reward": -8.757439218243234e-15}
{"period": 16, "status": "optimal", "solve_seconds": 0.034999847412109375, "model_wall_seconds": 0.19343620000290684, "gap": 0.0, "actual_reward": -3.854694341498543e-15}
{"period": 17, "status": "optimal", "solve_seconds": 0.12100028991699219, "model_wall_seconds": 0.2735468999890145, "gap": 0.0, "actual_reward": -3.854694341498543e-15}
{"period": 18, "status": "optimal", "solve_seconds": 0.04599952697753906, "model_wall_seconds": 0.33414649998303503, "gap": 0.0, "actual_reward": -3.4106051316484808e-15}
{"period": 19, "status": "optimal", "solve_seconds": 0.1620006561279297, "model_wall_seconds": 0.4896041000029072, "gap": 0.0, "actual_reward": 33.213333333584}
{"period": 20, "status": "optimal", "solve_seconds": 0.047000885009765625, "model_wall_seconds": 0.3370279000082519, "gap": 0.0, "actual_reward": -4.511946372076636e-15}
{"period": 21, "status": "optimal", "solve_seconds": 0.1359996795654297, "model_wall_seconds": 0.4317915000137873, "gap": 0.0, "actual_reward": -4.511946372076636e-15}
{"period": 22, "status": "optimal", "solve_seconds": 0.1289997100830078, "model_wall_seconds": 0.4634485999995377, "gap": 0.0, "actual_reward": 74.35097235376811}
{"period": 23, "status": "optimal", "solve_seconds": 0.14799880981445312, "model_wall_seconds": 0.4191912999958731, "gap": 0.0, "actual_reward": 143.96478903425327}
{"period": 24, "status": "optimal", "solve_seconds": 0.05399894714355469, "model_wall_seconds": 0.357705900009023, "gap": 0.0, "actual_reward": -4.867217739956687e-15}
{"period": 25, "status": "optimal", "solve_seconds": 0.14800071716308594, "model_wall_seconds": 0.44925920001696795, "gap": 0.0, "actual_reward": -1.0977885267493547e-14}
{"period": 26, "status": "optimal", "solve_seconds": 0.09600067138671875, "model_wall_seconds": 0.3611436999926809, "gap": 0.0, "actual_reward": 65.07894319271136}
{"period": 27, "status": "optimal", "solve_seconds": 0.2129993438720703, "model_wall_seconds": 0.543456800020067, "gap": 0.0, "actual_reward": -1.6004975122996256e-14}
{"period": 28, "status": "optimal", "solve_seconds": 0.17399978637695312, "model_wall_seconds": 0.49550550000276417, "gap": 0.0, "actual_reward": -1.84563475613686e-14}
{"period": 29, "status": "optimal", "solve_seconds": 0.25800132751464844, "model_wall_seconds": 0.4600127000012435, "gap": 0.0, "actual_reward": 49.22000000018399}
{"period": 30, "status": "optimal", "solve_seconds": 0.167999267578125, "model_wall_seconds": 0.48777470001368783, "gap": 0.0, "actual_reward": 108.64083327280862}
{"period": 31, "status": "optimal", "solve_seconds": 0.3560009002685547, "model_wall_seconds": 0.6642127999803051, "gap": 0.0, "actual_reward": 78.14559262368}
{"period": 32, "status": "optimal", "solve_seconds": 0.11299896240234375, "model_wall_seconds": 0.33519199999864213, "gap": 0.0, "actual_reward": 93.30353379201198}
{"period": 33, "status": "optimal", "solve_seconds": 0.20400047302246094, "model_wall_seconds": 0.37151200001244433, "gap": 0.0, "actual_reward": 187.38664192395498}
{"period": 34, "status": "optimal", "solve_seconds": 0.14800071716308594, "model_wall_seconds": 0.34171509998850524, "gap": 0.0, "actual_reward": 214.51942856167648}
{"period": 35, "status": "optimal", "solve_seconds": 0.21599960327148438, "model_wall_seconds": 0.38077269998029806, "gap": 0.0, "actual_reward": 181.7898882627448}
{"period": 36, "status": "optimal", "solve_seconds": 0.17499923706054688, "model_wall_seconds": 0.38883819998591207, "gap": 0.0, "actual_reward": 299.86482141324285}
{"period": 37, "status": "optimal", "solve_seconds": 0.3599987030029297, "model_wall_seconds": 0.5287409999873489, "gap": 0.0, "actual_reward": 367.7520626257226}
{"period": 38, "status": "optimal", "solve_seconds": 0.2759990692138672, "model_wall_seconds": 0.4768197999801487, "gap": 0.0, "actual_reward": 654.6532170257552}
{"period": 39, "status": "optimal", "solve_seconds": 0.3379993438720703, "model_wall_seconds": 0.5040912000113167, "gap": 0.0, "actual_reward": 597.9986054939725}
{"period": 40, "status": "optimal", "solve_seconds": 0.23099899291992188, "model_wall_seconds": 0.42813010001555085, "gap": 0.0, "actual_reward": 136.89208935456196}
{"period": 41, "status": "optimal", "solve_seconds": 0.37800025939941406, "model_wall_seconds": 0.5600573999981862, "gap": 0.0, "actual_reward": 439.27601030918635}
{"period": 42, "status": "optimal", "solve_seconds": 0.26399993896484375, "model_wall_seconds": 0.45934800000395626, "gap": 0.0, "actual_reward": 360.37651740261015}
{"period": 43, "status": "optimal", "solve_seconds": 0.4289989471435547, "model_wall_seconds": 0.6014030000078492, "gap": 0.0, "actual_reward": 174.30750448265724}
{"period": 44, "status": "optimal", "solve_seconds": 0.3829994201660156, "model_wall_seconds": 0.5980940999870654, "gap": 0.0, "actual_reward": 444.55140168987424}
{"period": 45, "status": "optimal", "solve_seconds": 0.5629997253417969, "model_wall_seconds": 0.7525462999765296, "gap": 0.0, "actual_reward": 861.1253698727035}
{"period": 46, "status": "optimal", "solve_seconds": 0.4770011901855469, "model_wall_seconds": 0.7102927999803796, "gap": 0.0, "actual_reward": 395.5532545050828}
{"period": 47, "status": "optimal", "solve_seconds": 0.4850006103515625, "model_wall_seconds": 0.6639316000218969, "gap": 0.0, "actual_reward": 550.6045209161059}
{"period": 48, "status": "optimal", "solve_seconds": 0.4759998321533203, "model_wall_seconds": 0.6925115999765694, "gap": 0.0, "actual_reward": 451.27911010642146}
{"period": 49, "status": "optimal", "solve_seconds": 0.44099998474121094, "model_wall_seconds": 0.6187851999711711, "gap": 0.0, "actual_reward": 866.4064284530311}
{"period": 50, "status": "optimal", "solve_seconds": 10.072999954223633, "model_wall_seconds": 10.323490600014338, "gap": 9.998171784282546e-05, "actual_reward": 341.31174458087395}
{"period": 51, "status": "optimal", "solve_seconds": 13.129999160766602, "model_wall_seconds": 13.337713799992343, "gap": 9.965177869179434e-05, "actual_reward": 676.5439100085715}
{"period": 52, "status": "optimal", "solve_seconds": 0.9009990692138672, "model_wall_seconds": 1.128848399996059, "gap": 0.0, "actual_reward": 177.50883659342986}
{"period": 53, "status": "optimal", "solve_seconds": 1.1700000762939453, "model_wall_seconds": 1.3819984000001568, "gap": 0.0, "actual_reward": 509.2078554342546}
{"period": 54, "status": "optimal", "solve_seconds": 3.8309993743896484, "model_wall_seconds": 4.059126799984369, "gap": 0.0, "actual_reward": 386.7929485011959}
{"period": 55, "status": "optimal", "solve_seconds": 27.58300018310547, "model_wall_seconds": 27.838507400010712, "gap": 9.995911064874975e-05, "actual_reward": 1054.1065857002866}
{"period": 56, "status": "time_limit", "solve_seconds": 120.00100135803223, "model_wall_seconds": 120.43967839999823, "gap": 0.0012261223572132118, "actual_reward": 127.3309116072794}
{"period": 57, "status": "optimal", "solve_seconds": 40.70399856567383, "model_wall_seconds": 40.975788900017506, "gap": 9.80226951584806e-05, "actual_reward": 767.6677447821346}
{"period": 58, "status": "optimal", "solve_seconds": 37.21600151062012, "model_wall_seconds": 37.47987790001207, "gap": 9.949506774184358e-05, "actual_reward": 295.10395937903786}
{"period": 59, "status": "time_limit", "solve_seconds": 120.0059986114502, "model_wall_seconds": 120.36392020000494, "gap": 0.02618236228363657, "actual_reward": 74.69369296034075}
{"period": 60, "status": "time_limit", "solve_seconds": 120.00799942016602, "model_wall_seconds": 120.39176460000454, "gap": 0.02943138517933995, "actual_reward": 74.77014879807929}
{"period": 61, "status": "time_limit", "solve_seconds": 120.00300025939941, "model_wall_seconds": 120.37390910001704, "gap": 0.04082785324446245, "actual_reward": 450.3188373273648}
{"period": 62, "status": "optimal", "solve_seconds": 45.78800010681152, "model_wall_seconds": 46.05958410000312, "gap": 9.996729462570837e-05, "actual_reward": 22.41684773957085}
{"period": 63, "status": "time_limit", "solve_seconds": 120.01099967956543, "model_wall_seconds": 120.36211009998806, "gap": 0.025813295801418733, "actual_reward": 1013.1353265685466}
{"period": 64, "status": "time_limit", "solve_seconds": 120.00200080871582, "model_wall_seconds": 120.32552690000739, "gap": 0.010646210277618966, "actual_reward": 400.8387245060338}
{"period": 65, "status": "time_limit", "solve_seconds": 120.00300025939941, "model_wall_seconds": 120.33215200001723, "gap": 0.009080776754830301, "actual_reward": -431.31278077605623}
{"period": 66, "status": "time_limit", "solve_seconds": 120.0049991607666, "model_wall_seconds": 120.39789419999579, "gap": 0.006449731493793926, "actual_reward": 1712.2341700106078}
{"period": 67, "status": "time_limit", "solve_seconds": 120.00900077819824, "model_wall_seconds": 120.51216280000517, "gap": 0.0010694339995146588, "actual_reward": 664.5065649650514}
{"period": 68, "status": "optimal", "solve_seconds": 35.834001541137695, "model_wall_seconds": 36.131320000014966, "gap": 0.0, "actual_reward": -128.10706272878465}
{"period": 69, "status": "time_limit", "solve_seconds": 120.00500106811523, "model_wall_seconds": 120.43858270000783, "gap": 0.020527029236525565, "actual_reward": 722.0991448029245}
{"period": 70, "status": "time_limit", "solve_seconds": 120.00199890136719, "model_wall_seconds": 120.41173210000852, "gap": 0.0019817587480918477, "actual_reward": 565.7076274186076}
{"period": 71, "status": "time_limit", "solve_seconds": 120.00399971008301, "model_wall_seconds": 120.44713279997814, "gap": 0.024433938687205427, "actual_reward": 1217.9890427589282}
{"period": 72, "status": "optimal", "solve_seconds": 9.954999923706055, "model_wall_seconds": 10.24598840001272, "gap": 0.0, "actual_reward": 844.2677899149595}
{"period": 73, "status": "optimal", "solve_seconds": 5.125, "model_wall_seconds": 5.580691599985585, "gap": 0.0, "actual_reward": 397.88415590427593}
{"period": 74, "status": "optimal", "solve_seconds": 116.91899871826172, "model_wall_seconds": 117.32707769999979, "gap": 1.5661556680539555e-10, "actual_reward": 461.3245914793223}
{"period": 75, "status": "optimal", "solve_seconds": 21.381999969482422, "model_wall_seconds": 21.554747700021835, "gap": 0.0, "actual_reward": 804.3315137894266}
{"period": 76, "status": "optimal", "solve_seconds": 2.5580005645751953, "model_wall_seconds": 2.7555888000060804, "gap": 3.832157488240707e-06, "actual_reward": 626.4989309727382}
{"period": 77, "status": "optimal", "solve_seconds": 19.163999557495117, "model_wall_seconds": 19.368024600000354, "gap": 0.0, "actual_reward": 152.09665305156935}
{"period": 78, "status": "optimal", "solve_seconds": 3.131999969482422, "model_wall_seconds": 3.3315544000070076, "gap": 0.0, "actual_reward": 704.772411868567}
{"period": 79, "status": "optimal", "solve_seconds": 20.286001205444336, "model_wall_seconds": 20.490345900005195, "gap": 9.650955194262592e-05, "actual_reward": 608.1065205549395}
{"period": 80, "status": "optimal", "solve_seconds": 2.8629989624023438, "model_wall_seconds": 3.032952200010186, "gap": 0.0, "actual_reward": 841.1575767678659}
{"period": 81, "status": "optimal", "solve_seconds": 7.233999252319336, "model_wall_seconds": 7.4128250000067055, "gap": 5.6848750955336206e-05, "actual_reward": 421.36259869752445}
{"period": 82, "status": "optimal", "solve_seconds": 4.076000213623047, "model_wall_seconds": 4.2605424000066705, "gap": 0.0, "actual_reward": 559.5885339310115}
{"period": 83, "status": "optimal", "solve_seconds": 3.3889999389648438, "model_wall_seconds": 3.5567416999838315, "gap": 0.0, "actual_reward": 402.87028190282354}
{"period": 84, "status": "optimal", "solve_seconds": 5.288999557495117, "model_wall_seconds": 5.46355620000395, "gap": 0.0, "actual_reward": 589.0194137665792}
{"period": 85, "status": "optimal", "solve_seconds": 2.315999984741211, "model_wall_seconds": 2.5262119000253733, "gap": 0.0, "actual_reward": 741.0129759931564}
{"period": 86, "status": "optimal", "solve_seconds": 1.3170013427734375, "model_wall_seconds": 1.5014060999965295, "gap": 0.0, "actual_reward": -557.5812180057333}
{"period": 87, "status": "optimal", "solve_seconds": 1.8549995422363281, "model_wall_seconds": 2.0115830000140704, "gap": 0.0, "actual_reward": 301.14523860841865}
{"period": 88, "status": "optimal", "solve_seconds": 0.9939994812011719, "model_wall_seconds": 1.1433218000165652, "gap": 8.930584155334138e-05, "actual_reward": 1374.0604427605874}
{"period": 89, "status": "optimal", "solve_seconds": 0.8139991760253906, "model_wall_seconds": 0.9441506000002846, "gap": 0.0, "actual_reward": 576.0224085121408}
{"period": 90, "status": "optimal", "solve_seconds": 0.5400009155273438, "model_wall_seconds": 0.6765223999973387, "gap": 0.0, "actual_reward": 171.22659029369376}
{"period": 91, "status": "optimal", "solve_seconds": 1.4489994049072266, "model_wall_seconds": 1.5781005999888293, "gap": 0.0, "actual_reward": 346.4632070077381}
{"period": 92, "status": "optimal", "solve_seconds": 0.9759998321533203, "model_wall_seconds": 1.1669492999790236, "gap": 0.0, "actual_reward": 542.7808777986995}
{"period": 93, "status": "optimal", "solve_seconds": 0.5030002593994141, "model_wall_seconds": 0.6088952999853063, "gap": 0.0, "actual_reward": 253.28843529806838}
{"period": 94, "status": "optimal", "solve_seconds": 0.4139995574951172, "model_wall_seconds": 0.5349380999978166, "gap": 7.816388578678503e-05, "actual_reward": 535.1985369858635}
{"period": 95, "status": "optimal", "solve_seconds": 0.8420009613037109, "model_wall_seconds": 0.9610577000130434, "gap": 4.0258522918927126e-05, "actual_reward": 104.41395442080932}
{"period": 96, "status": "optimal", "solve_seconds": 0.5520000457763672, "model_wall_seconds": 0.7144308999995701, "gap": 6.383311982666903e-06, "actual_reward": 201.46432869077938}
{"period": 97, "status": "optimal", "solve_seconds": 0.4589996337890625, "model_wall_seconds": 0.553415699978359, "gap": 0.0, "actual_reward": 379.2052664590418}
{"period": 98, "status": "optimal", "solve_seconds": 0.34399986267089844, "model_wall_seconds": 0.43857219998608343, "gap": 0.0, "actual_reward": 51.279223276137394}
{"period": 99, "status": "optimal", "solve_seconds": 0.37399864196777344, "model_wall_seconds": 0.46140199998626485, "gap": 0.0, "actual_reward": 278.00402664755757}
{"period": 100, "status": "optimal", "solve_seconds": 0.2970008850097656, "model_wall_seconds": 0.39714489999460056, "gap": 0.0, "actual_reward": 367.0758247195278}
{"period": 101, "status": "optimal", "solve_seconds": 0.28100013732910156, "model_wall_seconds": 0.3737235000007786, "gap": 0.0, "actual_reward": 413.87789473690697}
{"period": 102, "status": "optimal", "solve_seconds": 0.26599884033203125, "model_wall_seconds": 0.34942849999060854, "gap": 0.0, "actual_reward": 214.33533990972418}
{"period": 103, "status": "optimal", "solve_seconds": 0.2610015869140625, "model_wall_seconds": 0.33706530000199564, "gap": 0.0, "actual_reward": -66.92649122829644}
{"period": 104, "status": "optimal", "solve_seconds": 0.18199920654296875, "model_wall_seconds": 0.26025220000883564, "gap": 0.0, "actual_reward": 429.3431468838614}
{"period": 105, "status": "optimal", "solve_seconds": 0.26399993896484375, "model_wall_seconds": 0.34862939998856746, "gap": 0.0, "actual_reward": 63.89578947402514}
{"period": 106, "status": "optimal", "solve_seconds": 0.1680011749267578, "model_wall_seconds": 0.24374529998749495, "gap": 0.0, "actual_reward": -11.835964912387674}
{"period": 107, "status": "optimal", "solve_seconds": 0.1830005645751953, "model_wall_seconds": 0.25832930000615306, "gap": 0.0, "actual_reward": -823.8268421046063}
{"period": 108, "status": "optimal", "solve_seconds": 0.1360015869140625, "model_wall_seconds": 0.20418790000258014, "gap": 0.0, "actual_reward": 13.575000000275953}
{"period": 109, "status": "optimal", "solve_seconds": 0.15900039672851562, "model_wall_seconds": 0.22880569999688305, "gap": 0.0, "actual_reward": 2.342017543669843}
{"period": 110, "status": "optimal", "solve_seconds": 0.17200088500976562, "model_wall_seconds": 0.24062020002747886, "gap": 0.0, "actual_reward": 36.66333333353395}
{"period": 111, "status": "optimal", "solve_seconds": 0.14799880981445312, "model_wall_seconds": 0.21481400000629947, "gap": 0.0, "actual_reward": 114.35017543790278}
{"period": 112, "status": "optimal", "solve_seconds": 0.10799980163574219, "model_wall_seconds": 0.17045689999940805, "gap": 0.0, "actual_reward": 22.32992966014564}
{"period": 113, "status": "optimal", "solve_seconds": 0.12199974060058594, "model_wall_seconds": 0.18446590000530705, "gap": 0.0, "actual_reward": 90.71429448833737}
{"period": 114, "status": "optimal", "solve_seconds": 0.09599876403808594, "model_wall_seconds": 0.15632860001642257, "gap": 0.0, "actual_reward": -6.201434954230241}
{"period": 115, "status": "optimal", "solve_seconds": 0.07399940490722656, "model_wall_seconds": 0.13323649999802, "gap": 0.0, "actual_reward": 118.91964912315473}
{"period": 116, "status": "optimal", "solve_seconds": 0.05700111389160156, "model_wall_seconds": 0.11155750000034459, "gap": 0.0, "actual_reward": 210.08999999955302}
{"period": 117, "status": "optimal", "solve_seconds": 0.05699920654296875, "model_wall_seconds": 0.11311410000780597, "gap": 0.0, "actual_reward": -35.500000000000014}
{"period": 118, "status": "optimal", "solve_seconds": 0.04500007629394531, "model_wall_seconds": 0.10676049999892712, "gap": 0.0, "actual_reward": 160.306666666779}
{"period": 119, "status": "optimal", "solve_seconds": 0.06099891662597656, "model_wall_seconds": 0.13133280002512038, "gap": 0.0, "actual_reward": 40.91035087738491}
{"period": 120, "status": "optimal", "solve_seconds": 0.07900047302246094, "model_wall_seconds": 0.13551510000252165, "gap": 0.0, "actual_reward": -15.15}
{"period": 121, "status": "optimal", "solve_seconds": 0.07799911499023438, "model_wall_seconds": 0.13356930000009015, "gap": 0.0, "actual_reward": -9.517543859600023}
{"period": 122, "status": "optimal", "solve_seconds": 0.05999946594238281, "model_wall_seconds": 0.11711099999956787, "gap": 0.0, "actual_reward": -10.350000000000009}
{"period": 123, "status": "optimal", "solve_seconds": 0.0709991455078125, "model_wall_seconds": 0.12564499999280088, "gap": 0.0, "actual_reward": 52.55999999967796}
{"period": 124, "status": "optimal", "solve_seconds": 0.06599998474121094, "model_wall_seconds": 0.12230070002260618, "gap": 0.0, "actual_reward": 84.26736842074894}
{"period": 125, "status": "optimal", "solve_seconds": 0.069000244140625, "model_wall_seconds": 0.12636749999364838, "gap": 0.0, "actual_reward": 88.85000000024}
{"period": 126, "status": "optimal", "solve_seconds": 0.0540008544921875, "model_wall_seconds": 0.1050911000056658, "gap": 0.0, "actual_reward": -18.85263157909265}
{"period": 127, "status": "optimal", "solve_seconds": 0.0839996337890625, "model_wall_seconds": 0.137653899990255, "gap": 0.0, "actual_reward": -10.500000000000027}
{"period": 128, "status": "optimal", "solve_seconds": 0.049999237060546875, "model_wall_seconds": 0.10705500000040047, "gap": 0.0, "actual_reward": -10.5}
{"period": 129, "status": "optimal", "solve_seconds": 0.048000335693359375, "model_wall_seconds": 0.10240140001405962, "gap": 0.0, "actual_reward": 104.92754385968686}
{"period": 130, "status": "optimal", "solve_seconds": 0.0279998779296875, "model_wall_seconds": 0.08228390000294894, "gap": 0.0, "actual_reward": 56.120000000045984}
{"period": 131, "status": "optimal", "solve_seconds": 0.05299949645996094, "model_wall_seconds": 0.18889730001683347, "gap": 0.0, "actual_reward": -15.67500000000002}
{"period": 132, "status": "optimal", "solve_seconds": 0.04400062561035156, "model_wall_seconds": 0.09609570002066903, "gap": 0.0, "actual_reward": 59.599999999552985}
{"period": 133, "status": "optimal", "solve_seconds": 0.034000396728515625, "model_wall_seconds": 0.0794123999949079, "gap": 0.0, "actual_reward": -4.902744876744691e-15}
{"period": 134, "status": "optimal", "solve_seconds": 0.021999359130859375, "model_wall_seconds": 0.07490510001662187, "gap": 0.0, "actual_reward": 0.0}
{"period": 135, "status": "optimal", "solve_seconds": 0.023998260498046875, "model_wall_seconds": 0.07668030000058934, "gap": 0.0, "actual_reward": -5.17500000000001}
{"period": 136, "status": "optimal", "solve_seconds": 0.010000228881835938, "model_wall_seconds": 0.06697760001407005, "gap": 0.0, "actual_reward": 55.20000000013798}
{"state": "complete", "started_at": "2026-09-18T03:12:14.393762+00:00", "scenario": "D:\\Myfiles\\vscode_files\\cleanrl_BSS\\ExpresswayBSSs_v2\\data\\final_real_data_v1\\scenarios\\day_04.json", "route_mode": "joint", "charging_mode": "joint", "model": null, "deadline": null, "pid": 35396, "created": 1789701134.1926737, "source_snapshot": "D:\\Myfiles\\vscode_files\\cleanrl_BSS\\ExpresswayBSSs_v2\\outputs\\zero_terminal_real_data_seed1_v1\\runs\\h7_day04\\source_snapshots\\e04451463b9d6545577ff982cb3a33775239dc78ba1d91c5d8a88c86fabb05aa", "prior_attempt_seconds": 7.40659460000461, "runtime_timing_incomplete": false, "runtime_timing_estimated": false, "launcher_source_snapshot": "D:\\Myfiles\\vscode_files\\cleanrl_BSS\\ExpresswayBSSs_v2\\outputs\\zero_terminal_real_data_seed1_v1\\code_snapshots\\40ec378611b206b02ef446c50a74e31e0ead20388937d43f8a3085ca15610712", "finished_at": "2026-09-18T03:49:23.991231+00:00", "wall_seconds": 2229.6129831, "metrics": {"net_profit_yuan": 33892.66091473557, "service_income_yuan": 51753.786829830424, "charging_cost_yuan": 13461.125915094877, "adjustment_cost_yuan": 1400.0, "reservation_failure_cost_yuan": 3000.0, "reservation_count": 200, "actual_random_count": 200, "reservation_failures": 3, "reservation_failure_rate": 0.015, "reservation_completed": 197, "reservation_unfinished_at_L": 31, "reservation_unfinished_rate_at_L": 0.155, "reservation_unfinished_after_cleanup": 0, "random_services": 173, "random_service_rate": 0.865, "mean_wait_minutes_served": 12.606973288380662, "path_adjustments": 140, "solver_seconds_mean": 14.00827200272504, "solver_seconds_p95": 120.00325012207031, "model_wall_seconds_mean": 14.191304686030302, "model_wall_seconds_p95": 120.37837297501392, "model_wall_seconds_total": 1930.017437300121, "mip_gap_mean": 0.001460575572850033, "mip_gap_max": 0.04082785324446245, "mip_gap_target_met_fraction": 0.9117647058823529, "solver_status_counts": {"optimal": 124, "time_limit": 12}, "completed_periods": 136, "demand_periods": 96, "cleanup_periods": 40, "cleanup_hours": 10.0, "time_limit_fraction": 0.08823529411764706, "final_inventory_kwh": 4835.0127861135, "random_timeouts": 27, "terminal_settlement": "none", "operating_duration_hours": 24.0, "current_attempt_wall_seconds": 2229.6102732, "prior_attempt_wall_seconds": 7.40659460000461, "known_runtime_seconds": 2237.0168678000045, "runtime_timing_incomplete": false, "runtime_timing_estimated": false, "worker_wall_seconds": 2237.0168678000045}}
