{"period": 1, "status": "optimal", "solve_seconds": 0.1510009765625, "model_wall_seconds": 0.28853869999875315, "gap": 0.0, "actual_reward": 0.0}
{"period": 2, "status": "optimal", "solve_seconds": 0.033000946044921875, "model_wall_seconds": 0.18934659997466952, "gap": 0.0, "actual_reward": 68.67519422028536}
{"period": 3, "status": "optimal", "solve_seconds": 0.16699981689453125, "model_wall_seconds": 0.3000262000132352, "gap": 0.0, "actual_reward": 0.0}
{"period": 4, "status": "optimal", "solve_seconds": 0.047000885009765625, "model_wall_seconds": 0.18870420000166632, "gap": 0.0, "actual_reward": 0.0}
{"period": 5, "status": "optimal", "solve_seconds": 0.09199905395507812, "model_wall_seconds": 0.21693160000722855, "gap": 0.0, "actual_reward": 98.41965993695473}
{"period": 6, "status": "optimal", "solve_seconds": 0.030000686645507812, "model_wall_seconds": 0.16319090002798475, "gap": 0.0, "actual_reward": 0.0}
{"period": 7, "status": "optimal", "solve_seconds": 0.1400012969970703, "model_wall_seconds": 0.2712081999925431, "gap": 0.0, "actual_reward": 70.42739178912254}
{"period": 8, "status": "optimal", "solve_seconds": 0.062000274658203125, "model_wall_seconds": 0.1921654000179842, "gap": 0.0, "actual_reward": 0.0}
{"period": 9, "status": "optimal", "solve_seconds": 0.09299850463867188, "model_wall_seconds": 0.21104520000517368, "gap": 0.0, "actual_reward": 199.04709863717449}
{"period": 10, "status": "optimal", "solve_seconds": 0.018999099731445312, "model_wall_seconds": 0.14491940001607873, "gap": 0.0, "actual_reward": -7.425171588693046e-15}
{"period": 11, "status": "optimal", "solve_seconds": 0.09600067138671875, "model_wall_seconds": 0.21408410000731237, "gap": 0.0, "actual_reward": -10.000000000000007}
{"period": 12, "status": "optimal", "solve_seconds": 0.060001373291015625, "model_wall_seconds": 0.1966756999900099, "gap": 0.0, "actual_reward": 174.8965910526893}
{"period": 13, "status": "optimal", "solve_seconds": 0.10000038146972656, "model_wall_seconds": 0.22145710000768304, "gap": 0.0, "actual_reward": 59.746600537567}
{"period": 14, "status": "optimal", "solve_seconds": 0.024000167846679688, "model_wall_seconds": 0.15001119999215007, "gap": 0.0, "actual_reward": -1.2114753644709709e-14}
{"period": 15, "status": "optimal", "solve_seconds": 0.14100074768066406, "model_wall_seconds": 0.25939009999274276, "gap": 0.0, "actual_reward": 120.17795507467301}
{"period": 16, "status": "optimal", "solve_seconds": 0.024999618530273438, "model_wall_seconds": 0.15432760000112467, "gap": 0.0, "actual_reward": 121.50617319973603}
{"period": 17, "status": "optimal", "solve_seconds": 0.09799957275390625, "model_wall_seconds": 0.21502000000327826, "gap": 0.0, "actual_reward": 98.35659412062199}
{"period": 18, "status": "optimal", "solve_seconds": 0.048999786376953125, "model_wall_seconds": 0.17727449999074452, "gap": 0.0, "actual_reward": -1.334043986389588e-14}
{"period": 19, "status": "optimal", "solve_seconds": 0.11899948120117188, "model_wall_seconds": 0.2348385999794118, "gap": 0.0, "actual_reward": 64.016666666935}
{"period": 20, "status": "optimal", "solve_seconds": 0.023000717163085938, "model_wall_seconds": 0.14782309997826815, "gap": 0.0, "actual_reward": -1.831423901421658e-14}
{"period": 21, "status": "optimal", "solve_seconds": 0.11299896240234375, "model_wall_seconds": 0.23932940000668168, "gap": 0.0, "actual_reward": -1.831423901421658e-14}
{"period": 22, "status": "optimal", "solve_seconds": 0.03899955749511719, "model_wall_seconds": 0.17021049998584203, "gap": 0.0, "actual_reward": -1.831423901421658e-14}
{"period": 23, "status": "optimal", "solve_seconds": 0.10700035095214844, "model_wall_seconds": 0.22649939998518676, "gap": 0.0, "actual_reward": 238.13654994507402}
{"period": 24, "status": "optimal", "solve_seconds": 0.0260009765625, "model_wall_seconds": 0.16601290000835434, "gap": 0.0, "actual_reward": -1.831423901421658e-14}
{"period": 25, "status": "optimal", "solve_seconds": 0.09399986267089844, "model_wall_seconds": 0.21342489999369718, "gap": 0.0, "actual_reward": 96.53389667851201}
{"period": 26, "status": "optimal", "solve_seconds": 0.033000946044921875, "model_wall_seconds": 0.18588889998500235, "gap": 0.0, "actual_reward": 59.59999999985098}
{"period": 27, "status": "optimal", "solve_seconds": 0.10600090026855469, "model_wall_seconds": 0.22456310002598912, "gap": 0.0, "actual_reward": 80.1674689177074}
{"period": 28, "status": "optimal", "solve_seconds": 0.03600120544433594, "model_wall_seconds": 0.17314699999406002, "gap": 0.0, "actual_reward": -3.042899265892629e-14}
{"period": 29, "status": "optimal", "solve_seconds": 0.11300086975097656, "model_wall_seconds": 0.2545663000200875, "gap": 0.0, "actual_reward": -3.042899265892629e-14}
{"period": 30, "status": "optimal", "solve_seconds": 0.03700065612792969, "model_wall_seconds": 0.17081270000198856, "gap": 0.0, "actual_reward": 47.99999999975996}
{"period": 31, "status": "optimal", "solve_seconds": 0.10399818420410156, "model_wall_seconds": 0.23725860001286492, "gap": 0.0, "actual_reward": 91.78232470219}
{"period": 32, "status": "optimal", "solve_seconds": 0.03800010681152344, "model_wall_seconds": 0.17174840002553537, "gap": 0.0, "actual_reward": -3.7783109974043327e-14}
{"period": 33, "status": "optimal", "solve_seconds": 0.1700000762939453, "model_wall_seconds": 0.29480299999704584, "gap": 0.0, "actual_reward": 362.67132032141717}
{"period": 34, "status": "optimal", "solve_seconds": 0.05299949645996094, "model_wall_seconds": 0.18761860000086017, "gap": 0.0, "actual_reward": 217.0969153207289}
{"period": 35, "status": "optimal", "solve_seconds": 0.1399993896484375, "model_wall_seconds": 0.26942110000527464, "gap": 0.0, "actual_reward": 107.48885384466051}
{"period": 36, "status": "optimal", "solve_seconds": 0.07500076293945312, "model_wall_seconds": 0.20919310001772828, "gap": 0.0, "actual_reward": 463.0339672601602}
{"period": 37, "status": "optimal", "solve_seconds": 0.167999267578125, "model_wall_seconds": 0.2970537999935914, "gap": 0.0, "actual_reward": 60.54593059503993}
{"period": 38, "status": "optimal", "solve_seconds": 0.11499977111816406, "model_wall_seconds": 0.28580139999394305, "gap": 0.0, "actual_reward": 347.8422714854183}
{"period": 39, "status": "optimal", "solve_seconds": 0.17099952697753906, "model_wall_seconds": 0.3004238000139594, "gap": 0.0, "actual_reward": 640.8684832244509}
{"period": 40, "status": "optimal", "solve_seconds": 0.08300018310546875, "model_wall_seconds": 0.24338700002408586, "gap": 0.0, "actual_reward": 295.53538209904275}
{"period": 41, "status": "optimal", "solve_seconds": 0.14899826049804688, "model_wall_seconds": 0.27858710000873543, "gap": 0.0, "actual_reward": 299.80702597872744}
{"period": 42, "status": "optimal", "solve_seconds": 0.08800125122070312, "model_wall_seconds": 0.24898050000774674, "gap": 0.0, "actual_reward": 495.8619797132567}
{"period": 43, "status": "optimal", "solve_seconds": 0.16900062561035156, "model_wall_seconds": 0.2971747999836225, "gap": 0.0, "actual_reward": 423.0765524325164}
{"period": 44, "status": "optimal", "solve_seconds": 0.11400032043457031, "model_wall_seconds": 0.2576247999968473, "gap": 0.0, "actual_reward": 736.5325715900474}
{"period": 45, "status": "optimal", "solve_seconds": 0.18599891662597656, "model_wall_seconds": 0.3212432999862358, "gap": 0.0, "actual_reward": 251.11019810176774}
{"period": 46, "status": "optimal", "solve_seconds": 0.10700035095214844, "model_wall_seconds": 0.25038599999970756, "gap": 0.0, "actual_reward": 511.6241486741767}
{"period": 47, "status": "optimal", "solve_seconds": 0.29400062561035156, "model_wall_seconds": 0.4459980999818072, "gap": 5.076921448298763e-09, "actual_reward": 370.5818445731935}
{"period": 48, "status": "optimal", "solve_seconds": 0.7740001678466797, "model_wall_seconds": 0.9304952000093181, "gap": 0.0, "actual_reward": 914.7861896587083}
{"period": 49, "status": "optimal", "solve_seconds": 0.27499961853027344, "model_wall_seconds": 0.4113535999786109, "gap": 0.0, "actual_reward": 294.818750818931}
{"period": 50, "status": "optimal", "solve_seconds": 0.15599822998046875, "model_wall_seconds": 0.2920390000217594, "gap": 0.0, "actual_reward": 384.6646492118929}
{"period": 51, "status": "optimal", "solve_seconds": 0.21500015258789062, "model_wall_seconds": 0.3452953000087291, "gap": 0.0, "actual_reward": 642.2150584982617}
{"period": 52, "status": "optimal", "solve_seconds": 0.1360015869140625, "model_wall_seconds": 0.27943940000841394, "gap": 0.0, "actual_reward": 607.4349866160701}
{"period": 53, "status": "optimal", "solve_seconds": 0.18700027465820312, "model_wall_seconds": 0.3597234000044409, "gap": 0.0, "actual_reward": 317.370432976011}
{"period": 54, "status": "optimal", "solve_seconds": 0.10899925231933594, "model_wall_seconds": 0.24652260000584647, "gap": 0.0, "actual_reward": 280.9718269969818}
{"period": 55, "status": "optimal", "solve_seconds": 0.18899917602539062, "model_wall_seconds": 0.3191750999831129, "gap": 0.0, "actual_reward": -1549.6723594558116}
{"period": 56, "status": "optimal", "solve_seconds": 0.11899948120117188, "model_wall_seconds": 0.25253639998845756, "gap": 0.0, "actual_reward": 255.83139082534615}
{"period": 57, "status": "optimal", "solve_seconds": 0.20600128173828125, "model_wall_seconds": 0.3359063999960199, "gap": 0.0, "actual_reward": 482.82766310698486}
{"period": 58, "status": "optimal", "solve_seconds": 0.1770000457763672, "model_wall_seconds": 0.3526620000193361, "gap": 0.0, "actual_reward": 62.11126295810641}
{"period": 59, "status": "optimal", "solve_seconds": 0.25, "model_wall_seconds": 0.3933357000059914, "gap": 0.0, "actual_reward": 506.9065303767769}
{"period": 60, "status": "optimal", "solve_seconds": 0.12399864196777344, "model_wall_seconds": 0.25694429999566637, "gap": 0.0, "actual_reward": -561.9218481470984}
{"period": 61, "status": "optimal", "solve_seconds": 0.2160015106201172, "model_wall_seconds": 0.34143670002231374, "gap": 0.0, "actual_reward": 464.0375325483076}
{"period": 62, "status": "optimal", "solve_seconds": 0.141998291015625, "model_wall_seconds": 0.2703564999974333, "gap": 0.0, "actual_reward": 444.073470734206}
{"period": 63, "status": "optimal", "solve_seconds": 0.21399879455566406, "model_wall_seconds": 0.33024579999619164, "gap": 8.452480017348363e-10, "actual_reward": -849.4330773978096}
{"period": 64, "status": "optimal", "solve_seconds": 0.15900039672851562, "model_wall_seconds": 0.28662359999725595, "gap": 0.0, "actual_reward": 295.24589291823287}
{"period": 65, "status": "optimal", "solve_seconds": 0.23000144958496094, "model_wall_seconds": 0.351907400006894, "gap": 0.0, "actual_reward": -1448.0677199387223}
{"period": 66, "status": "optimal", "solve_seconds": 0.18400001525878906, "model_wall_seconds": 0.3247150999959558, "gap": 0.0, "actual_reward": 448.8232774877638}
{"period": 67, "status": "optimal", "solve_seconds": 0.21300125122070312, "model_wall_seconds": 0.3339470000064466, "gap": 0.0, "actual_reward": -1812.3055295312179}
{"period": 68, "status": "optimal", "solve_seconds": 0.1639995574951172, "model_wall_seconds": 0.2814723000046797, "gap": 9.654764881403524e-11, "actual_reward": -918.5228696860967}
{"period": 69, "status": "optimal", "solve_seconds": 0.2350006103515625, "model_wall_seconds": 0.3491156999953091, "gap": 0.0, "actual_reward": 1057.488377156692}
{"period": 70, "status": "optimal", "solve_seconds": 0.10599899291992188, "model_wall_seconds": 0.22806550000677817, "gap": 0.0, "actual_reward": -3569.044957214566}
{"period": 71, "status": "optimal", "solve_seconds": 0.21199989318847656, "model_wall_seconds": 0.3392913999850862, "gap": 0.0, "actual_reward": 245.3834163105871}
{"period": 72, "status": "optimal", "solve_seconds": 0.1509990692138672, "model_wall_seconds": 0.2837052999821026, "gap": 0.0, "actual_reward": -2292.104699550904}
{"period": 73, "status": "optimal", "solve_seconds": 0.19299888610839844, "model_wall_seconds": 0.31088579999050125, "gap": 0.0, "actual_reward": -3289.405182604344}
{"period": 74, "status": "optimal", "solve_seconds": 0.09499931335449219, "model_wall_seconds": 0.21252739999908954, "gap": 0.0, "actual_reward": -1300.3125633528632}
{"period": 75, "status": "optimal", "solve_seconds": 0.11100006103515625, "model_wall_seconds": 0.21817529998952523, "gap": 0.0, "actual_reward": -6880.860534707749}
{"period": 76, "status": "optimal", "solve_seconds": 0.05999946594238281, "model_wall_seconds": 0.16589260002365336, "gap": 0.0, "actual_reward": -3610.174033412479}
{"period": 77, "status": "optimal", "solve_seconds": 0.10000038146972656, "model_wall_seconds": 0.18954049999592826, "gap": 0.0, "actual_reward": -3548.5069141480526}
{"period": 78, "status": "optimal", "solve_seconds": 0.04300117492675781, "model_wall_seconds": 0.14218970001093112, "gap": 0.0, "actual_reward": -3820.695929311432}
{"period": 79, "status": "optimal", "solve_seconds": 0.11199951171875, "model_wall_seconds": 0.20229299998027273, "gap": 0.0, "actual_reward": -1887.976560013087}
{"period": 80, "status": "optimal", "solve_seconds": 0.06199836730957031, "model_wall_seconds": 0.15310130000580102, "gap": 0.0, "actual_reward": -1726.9491166014182}
{"period": 81, "status": "optimal", "solve_seconds": 0.09600067138671875, "model_wall_seconds": 0.1878963999915868, "gap": 0.0, "actual_reward": -2010.0}
{"period": 82, "status": "optimal", "solve_seconds": 0.033000946044921875, "model_wall_seconds": 0.12572549999458715, "gap": 0.0, "actual_reward": -5827.735265114088}
{"period": 83, "status": "optimal", "solve_seconds": 0.0670013427734375, "model_wall_seconds": 0.15601479998440482, "gap": 0.0, "actual_reward": -1704.4677650624308}
{"period": 84, "status": "optimal", "solve_seconds": 0.03299903869628906, "model_wall_seconds": 0.11652780001168139, "gap": 0.0, "actual_reward": -4859.367320102758}
{"period": 85, "status": "optimal", "solve_seconds": 0.0839996337890625, "model_wall_seconds": 0.162021799973445, "gap": 0.0, "actual_reward": -5041.5}
{"period": 86, "status": "optimal", "solve_seconds": 0.055999755859375, "model_wall_seconds": 0.18385010000201873, "gap": 0.0, "actual_reward": -3042.6447368424}
{"period": 87, "status": "optimal", "solve_seconds": 0.10499954223632812, "model_wall_seconds": 0.18284359999233857, "gap": 0.0, "actual_reward": -7935.375744166021}
{"period": 88, "status": "optimal", "solve_seconds": 0.04500007629394531, "model_wall_seconds": 0.1203213999979198, "gap": 0.0, "actual_reward": -1587.352516264622}
{"period": 89, "status": "optimal", "solve_seconds": 0.04500007629394531, "model_wall_seconds": 0.1041696000029333, "gap": 0.0, "actual_reward": -3922.7446938798107}
{"period": 90, "status": "optimal", "solve_seconds": 0.016000747680664062, "model_wall_seconds": 0.07203879998996854, "gap": 0.0, "actual_reward": -3010.35}
{"period": 91, "status": "optimal", "solve_seconds": 0.0279998779296875, "model_wall_seconds": 0.08182180000585504, "gap": 0.0, "actual_reward": -3883.76028740152}
{"period": 92, "status": "optimal", "solve_seconds": 0.018999099731445312, "model_wall_seconds": 0.0764437000034377, "gap": 0.0, "actual_reward": -1008.8368421054327}
{"period": 93, "status": "optimal", "solve_seconds": 0.03199958801269531, "model_wall_seconds": 0.09011019999161363, "gap": 0.0, "actual_reward": -2020.35}
{"period": 94, "status": "optimal", "solve_seconds": 0.01399993896484375, "model_wall_seconds": 0.07453879999229684, "gap": 0.0, "actual_reward": 125.25331063281}
{"period": 95, "status": "optimal", "solve_seconds": 0.023000717163085938, "model_wall_seconds": 0.08099759998731315, "gap": 0.0, "actual_reward": -6020.0}
{"period": 96, "status": "optimal", "solve_seconds": 0.0049991607666015625, "model_wall_seconds": 0.05480869999155402, "gap": 0.0, "actual_reward": -4000.0}
{"period": 97, "status": "optimal", "solve_seconds": 0.018999099731445312, "model_wall_seconds": 0.05931890002102591, "gap": 0.0, "actual_reward": -5000.0}
{"period": 98, "status": "optimal", "solve_seconds": 0.0, "model_wall_seconds": 0.0424316999851726, "gap": 0.0, "actual_reward": -2000.0}
{"period": 99, "status": "optimal", "solve_seconds": 0.017000198364257812, "model_wall_seconds": 0.054943099996307865, "gap": 0.0, "actual_reward": -2000.0}
{"period": 100, "status": "optimal", "solve_seconds": 0.0039997100830078125, "model_wall_seconds": 0.036987700004829094, "gap": 0.0, "actual_reward": -1000.0}
{"period": 101, "status": "optimal", "solve_seconds": 0.0039997100830078125, "model_wall_seconds": 0.040088499983539805, "gap": 0.0, "actual_reward": -2010.0}
{"period": 102, "status": "optimal", "solve_seconds": 0.0030002593994140625, "model_wall_seconds": 0.03290809999452904, "gap": 0.0, "actual_reward": -1000.0}
{"period": 103, "status": "optimal", "solve_seconds": 0.0039997100830078125, "model_wall_seconds": 0.031376900005852804, "gap": 0.0, "actual_reward": -3.730349362740525e-15}
{"period": 104, "status": "optimal", "solve_seconds": 0.0030002593994140625, "model_wall_seconds": 0.033119200001237914, "gap": 0.0, "actual_reward": -1000.0}
{"period": 105, "status": "optimal", "solve_seconds": 0.0020008087158203125, "model_wall_seconds": 0.03277409999282099, "gap": 0.0, "actual_reward": -3.730349362740525e-15}
{"period": 106, "status": "optimal", "solve_seconds": 0.006999969482421875, "model_wall_seconds": 0.030874199990648776, "gap": 0.0, "actual_reward": -3.730349362740525e-15}
{"period": 107, "status": "optimal", "solve_seconds": 0.0019989013671875, "model_wall_seconds": 0.029798700008541346, "gap": 0.0, "actual_reward": -2000.0}
{"state": "complete", "started_at": "2026-09-17T17:44:20.966815+00:00", "scenario": "D:\\Myfiles\\vscode_files\\cleanrl_BSS\\ExpresswayBSSs_v2\\data\\final_real_data_v1\\scenarios\\day_37.json", "route_mode": "joint", "charging_mode": "joint", "model": null, "deadline": null, "pid": 30556, "created": 1789667060.7801316, "source_snapshot": "D:\\Myfiles\\vscode_files\\cleanrl_BSS\\ExpresswayBSSs_v2\\outputs\\zero_terminal_real_data_seed1_v1\\runs\\h4_day37\\source_snapshots\\e04451463b9d6545577ff982cb3a33775239dc78ba1d91c5d8a88c86fabb05aa", "prior_attempt_seconds": 0.0, "runtime_timing_incomplete": false, "runtime_timing_estimated": false, "launcher_source_snapshot": "D:\\Myfiles\\vscode_files\\cleanrl_BSS\\ExpresswayBSSs_v2\\outputs\\zero_terminal_real_data_seed1_v1\\code_snapshots\\40ec378611b206b02ef446c50a74e31e0ead20388937d43f8a3085ca15610712", "finished_at": "2026-09-17T17:47:41.608889+00:00", "wall_seconds": 200.64155880000908, "metrics": {"net_profit_yuan": -95857.02743548663, "service_income_yuan": 25416.770809986418, "charging_cost_yuan": 803.7982454730326, "adjustment_cost_yuan": 470.0, "reservation_failure_cost_yuan": 120000.0, "reservation_count": 200, "actual_random_count": 200, "reservation_failures": 120, "reservation_failure_rate": 0.6, "reservation_completed": 80, "reservation_unfinished_at_L": 17, "reservation_unfinished_rate_at_L": 0.085, "reservation_unfinished_after_cleanup": 0, "random_services": 124, "random_service_rate": 0.62, "mean_wait_minutes_served": 12.458501554975348, "path_adjustments": 47, "solver_seconds_mean": 0.10450466548170999, "solver_seconds_p95": 0.22580146789550765, "model_wall_seconds_mean": 0.21629724205579287, "model_wall_seconds_p95": 0.35243562001560347, "model_wall_seconds_total": 23.143804899969837, "mip_gap_mean": 5.624969251259471e-11, "mip_gap_max": 5.076921448298763e-09, "mip_gap_target_met_fraction": 1.0, "solver_status_counts": {"optimal": 107}, "completed_periods": 107, "demand_periods": 96, "cleanup_periods": 11, "cleanup_hours": 2.75, "time_limit_fraction": 0.0, "final_inventory_kwh": 7490.28672376, "random_timeouts": 76, "terminal_settlement": "none", "operating_duration_hours": 24.0, "current_attempt_wall_seconds": 200.637392500008, "prior_attempt_wall_seconds": 0.0, "known_runtime_seconds": 200.637392500008, "runtime_timing_incomplete": false, "runtime_timing_estimated": false, "worker_wall_seconds": 200.637392500008}}
