{"period": 1, "status": "optimal", "solve_seconds": 0.16699981689453125, "model_wall_seconds": 0.35262299998430535, "gap": 0.0, "actual_reward": 0.0}
{"period": 2, "status": "optimal", "solve_seconds": 0.07400131225585938, "model_wall_seconds": 0.25662550001288764, "gap": 0.0, "actual_reward": 126.70182559547729}
{"period": 3, "status": "optimal", "solve_seconds": 0.15600013732910156, "model_wall_seconds": 0.31460249997326173, "gap": 0.0, "actual_reward": 118.6372337163522}
{"period": 4, "status": "optimal", "solve_seconds": 0.04699897766113281, "model_wall_seconds": 0.23695500000030734, "gap": 0.0, "actual_reward": 68.5641117517597}
{"period": 5, "status": "optimal", "solve_seconds": 0.11100006103515625, "model_wall_seconds": 0.27292650000890717, "gap": 0.0, "actual_reward": -3.552713678800501e-15}
{"period": 6, "status": "optimal", "solve_seconds": 0.036998748779296875, "model_wall_seconds": 0.22677819998352788, "gap": 0.0, "actual_reward": -3.552713678800501e-15}
{"period": 7, "status": "optimal", "solve_seconds": 0.11800003051757812, "model_wall_seconds": 0.2830361000087578, "gap": 0.0, "actual_reward": -4.6540549192286564e-15}
{"period": 8, "status": "optimal", "solve_seconds": 0.05800056457519531, "model_wall_seconds": 0.23065010001300834, "gap": 0.0, "actual_reward": -3.4283687000424837e-15}
{"period": 9, "status": "optimal", "solve_seconds": 0.11800003051757812, "model_wall_seconds": 0.2787536999967415, "gap": 0.0, "actual_reward": 112.21830211949752}
{"period": 10, "status": "optimal", "solve_seconds": 0.07299995422363281, "model_wall_seconds": 0.23708270001225173, "gap": 0.0, "actual_reward": -3.4283687000424837e-15}
{"period": 11, "status": "optimal", "solve_seconds": 0.12000083923339844, "model_wall_seconds": 0.2749488999834284, "gap": 0.0, "actual_reward": -3.4283687000424837e-15}
{"period": 12, "status": "optimal", "solve_seconds": 0.05500030517578125, "model_wall_seconds": 0.21737920001032762, "gap": 0.0, "actual_reward": 176.218310734132}
{"period": 13, "status": "optimal", "solve_seconds": 0.1509990692138672, "model_wall_seconds": 0.30564559999038465, "gap": 0.0, "actual_reward": -10.000000000000005}
{"period": 14, "status": "optimal", "solve_seconds": 0.04099845886230469, "model_wall_seconds": 0.21433479999541305, "gap": 0.0, "actual_reward": 80.99635587593501}
{"period": 15, "status": "optimal", "solve_seconds": 0.11199951171875, "model_wall_seconds": 0.26226359998690896, "gap": 0.0, "actual_reward": -10.000000000000005}
{"period": 16, "status": "optimal", "solve_seconds": 0.048999786376953125, "model_wall_seconds": 0.23558129998855293, "gap": 0.0, "actual_reward": -3.552713678800501e-15}
{"period": 17, "status": "optimal", "solve_seconds": 0.1569995880126953, "model_wall_seconds": 0.3208648999861907, "gap": 0.0, "actual_reward": -3.552713678800501e-15}
{"period": 18, "status": "optimal", "solve_seconds": 0.069000244140625, "model_wall_seconds": 0.24231619999045506, "gap": 0.0, "actual_reward": 103.996972862112}
{"period": 19, "status": "optimal", "solve_seconds": 0.1359996795654297, "model_wall_seconds": 0.3279999000078533, "gap": 0.0, "actual_reward": -4.7606363295926715e-15}
{"period": 20, "status": "optimal", "solve_seconds": 0.08100128173828125, "model_wall_seconds": 0.2528762000147253, "gap": 0.0, "actual_reward": 151.37967070690502}
{"period": 21, "status": "optimal", "solve_seconds": 0.13699913024902344, "model_wall_seconds": 0.3068597999808844, "gap": 0.0, "actual_reward": -10.000000000000004}
{"period": 22, "status": "optimal", "solve_seconds": 0.06799888610839844, "model_wall_seconds": 0.2632815999968443, "gap": 0.0, "actual_reward": 230.21233971286335}
{"period": 23, "status": "optimal", "solve_seconds": 0.1420001983642578, "model_wall_seconds": 0.30999249999877065, "gap": 0.0, "actual_reward": -10.000000000000009}
{"period": 24, "status": "optimal", "solve_seconds": 0.07900047302246094, "model_wall_seconds": 0.25650589997530915, "gap": 0.0, "actual_reward": 151.51065438379197}
{"period": 25, "status": "optimal", "solve_seconds": 0.1700000762939453, "model_wall_seconds": 0.339162899996154, "gap": 0.0, "actual_reward": -1.6804335700726368e-14}
{"period": 26, "status": "optimal", "solve_seconds": 0.09399986267089844, "model_wall_seconds": 0.2770221999962814, "gap": 0.0, "actual_reward": 49.22000000032199}
{"period": 27, "status": "optimal", "solve_seconds": 0.20999908447265625, "model_wall_seconds": 0.37936660001287237, "gap": 0.0, "actual_reward": -10.000000000000018}
{"period": 28, "status": "optimal", "solve_seconds": 0.13000106811523438, "model_wall_seconds": 0.3135638000094332, "gap": 0.0, "actual_reward": 112.529478258611}
{"period": 29, "status": "optimal", "solve_seconds": 0.21599960327148438, "model_wall_seconds": 0.3922133999876678, "gap": 0.0, "actual_reward": 142.714005835574}
{"period": 30, "status": "optimal", "solve_seconds": 0.1470012664794922, "model_wall_seconds": 0.3256773000175599, "gap": 0.0, "actual_reward": 132.6122191003709}
{"period": 31, "status": "optimal", "solve_seconds": 0.25300025939941406, "model_wall_seconds": 0.43547480000415817, "gap": 0.0, "actual_reward": 188.28032412370285}
{"period": 32, "status": "optimal", "solve_seconds": 0.18799972534179688, "model_wall_seconds": 0.3786068999907002, "gap": 0.0, "actual_reward": 112.41832850060352}
{"period": 33, "status": "optimal", "solve_seconds": 0.2879981994628906, "model_wall_seconds": 0.4825674000021536, "gap": 0.0, "actual_reward": 786.3846231516768}
{"period": 34, "status": "optimal", "solve_seconds": 0.20100021362304688, "model_wall_seconds": 0.3844274999864865, "gap": 0.0, "actual_reward": 264.80383167566015}
{"period": 35, "status": "optimal", "solve_seconds": 0.3009986877441406, "model_wall_seconds": 0.4735808999976143, "gap": 0.0, "actual_reward": 408.24492280424056}
{"period": 36, "status": "optimal", "solve_seconds": 0.24199867248535156, "model_wall_seconds": 0.45438819998526014, "gap": 0.0, "actual_reward": 588.7875412229844}
{"period": 37, "status": "optimal", "solve_seconds": 0.3170013427734375, "model_wall_seconds": 0.4871539999730885, "gap": 0.0, "actual_reward": 366.0428490979213}
{"period": 38, "status": "optimal", "solve_seconds": 0.24399948120117188, "model_wall_seconds": 0.4489881999907084, "gap": 0.0, "actual_reward": 528.5149594752538}
{"period": 39, "status": "optimal", "solve_seconds": 0.35000038146972656, "model_wall_seconds": 0.5262500999961048, "gap": 0.0, "actual_reward": 378.9371653409563}
{"period": 40, "status": "optimal", "solve_seconds": 0.2519989013671875, "model_wall_seconds": 0.4396316999918781, "gap": 0.0, "actual_reward": 243.69264574747635}
{"period": 41, "status": "optimal", "solve_seconds": 0.36100006103515625, "model_wall_seconds": 0.5423271000036038, "gap": 0.0, "actual_reward": 327.58689890447687}
{"period": 42, "status": "optimal", "solve_seconds": 0.34200096130371094, "model_wall_seconds": 0.5378182000131346, "gap": 0.0, "actual_reward": 79.46605942720002}
{"period": 43, "status": "optimal", "solve_seconds": 0.4930000305175781, "model_wall_seconds": 0.7127141999953892, "gap": 0.0, "actual_reward": 199.45046498311498}
{"period": 44, "status": "optimal", "solve_seconds": 0.44899940490722656, "model_wall_seconds": 0.6559355000208598, "gap": 0.0, "actual_reward": 565.1192814202009}
{"period": 45, "status": "optimal", "solve_seconds": 0.4920005798339844, "model_wall_seconds": 0.7049870000046212, "gap": 0.0, "actual_reward": 171.85552240693596}
{"period": 46, "status": "optimal", "solve_seconds": 9.583000183105469, "model_wall_seconds": 9.815615200001048, "gap": 9.956638564374449e-05, "actual_reward": 288.76541062970153}
{"period": 47, "status": "optimal", "solve_seconds": 13.290000915527344, "model_wall_seconds": 13.550193800008856, "gap": 9.989890616735655e-05, "actual_reward": 469.2484943214302}
{"period": 48, "status": "optimal", "solve_seconds": 77.73600006103516, "model_wall_seconds": 78.01663369999733, "gap": 9.987120677863769e-05, "actual_reward": 124.07377421827579}
{"period": 49, "status": "time_limit", "solve_seconds": 120.35699844360352, "model_wall_seconds": 120.62835909999558, "gap": 0.00443559799128144, "actual_reward": 599.956007178698}
{"period": 50, "status": "optimal", "solve_seconds": 8.568000793457031, "model_wall_seconds": 8.78723890002584, "gap": 5.7478147765808885e-11, "actual_reward": 605.8976784530117}
{"period": 51, "status": "optimal", "solve_seconds": 1.319000244140625, "model_wall_seconds": 1.5700979999965057, "gap": 0.0, "actual_reward": 650.1922503456423}
{"period": 52, "status": "optimal", "solve_seconds": 4.018999099731445, "model_wall_seconds": 4.245786199986469, "gap": 0.0, "actual_reward": 499.33007524837694}
{"period": 53, "status": "optimal", "solve_seconds": 1.0109996795654297, "model_wall_seconds": 1.2551330999995116, "gap": 0.0, "actual_reward": 447.05215468621236}
{"period": 54, "status": "optimal", "solve_seconds": 1.516000747680664, "model_wall_seconds": 1.764356100000441, "gap": 0.0, "actual_reward": 403.28044816429974}
{"period": 55, "status": "optimal", "solve_seconds": 1.6760005950927734, "model_wall_seconds": 1.925322099996265, "gap": 0.0, "actual_reward": 457.9488515365803}
{"period": 56, "status": "optimal", "solve_seconds": 3.3310012817382812, "model_wall_seconds": 3.5568536999926437, "gap": 0.0, "actual_reward": 575.2370178112201}
{"period": 57, "status": "optimal", "solve_seconds": 26.08300018310547, "model_wall_seconds": 26.327991300000576, "gap": 0.0, "actual_reward": 545.4774529716898}
{"period": 58, "status": "optimal", "solve_seconds": 2.828001022338867, "model_wall_seconds": 3.1267409000138287, "gap": 0.0, "actual_reward": 408.4999357894193}
{"period": 59, "status": "time_limit", "solve_seconds": 120.00900077819824, "model_wall_seconds": 120.43898700000136, "gap": 0.004262186541195044, "actual_reward": 607.4641898155164}
{"period": 60, "status": "optimal", "solve_seconds": 2.657001495361328, "model_wall_seconds": 2.907813300000271, "gap": 2.840351313716435e-05, "actual_reward": 126.46996063983327}
{"period": 61, "status": "optimal", "solve_seconds": 24.38399887084961, "model_wall_seconds": 24.602964699995937, "gap": 9.61745696926711e-05, "actual_reward": 1302.5217370009277}
{"period": 62, "status": "optimal", "solve_seconds": 4.534999847412109, "model_wall_seconds": 4.752235099993413, "gap": 6.563874621658983e-06, "actual_reward": 685.8464329573446}
{"period": 63, "status": "optimal", "solve_seconds": 7.772998809814453, "model_wall_seconds": 8.02198839999619, "gap": 9.711918223676844e-07, "actual_reward": 287.80500769455773}
{"period": 64, "status": "time_limit", "solve_seconds": 120.0009994506836, "model_wall_seconds": 120.40119330000016, "gap": 0.012455879833702955, "actual_reward": 140.74205581832263}
{"period": 65, "status": "time_limit", "solve_seconds": 120.00300025939941, "model_wall_seconds": 120.28602730002603, "gap": 0.025308467649401083, "actual_reward": 883.740251501643}
{"period": 66, "status": "time_limit", "solve_seconds": 120.00100135803223, "model_wall_seconds": 120.35608379999758, "gap": 0.013884058764254189, "actual_reward": 525.3186819547068}
{"period": 67, "status": "time_limit", "solve_seconds": 120.00300025939941, "model_wall_seconds": 120.34659969998756, "gap": 0.037405391736005725, "actual_reward": 988.0706774589008}
{"period": 68, "status": "time_limit", "solve_seconds": 120.00699996948242, "model_wall_seconds": 120.32360569998855, "gap": 0.005075825202675484, "actual_reward": -83.01441121382159}
{"period": 69, "status": "time_limit", "solve_seconds": 120.00200080871582, "model_wall_seconds": 120.31562300000223, "gap": 0.027192001253939935, "actual_reward": 1777.738114951204}
{"period": 70, "status": "time_limit", "solve_seconds": 120.00300025939941, "model_wall_seconds": 120.33120389998658, "gap": 0.013419358339784023, "actual_reward": 456.87627135048194}
{"period": 71, "status": "time_limit", "solve_seconds": 120.00799942016602, "model_wall_seconds": 120.51674379999167, "gap": 0.00023103740860945423, "actual_reward": 1079.9061074126787}
{"period": 72, "status": "optimal", "solve_seconds": 4.591999053955078, "model_wall_seconds": 4.831745300005423, "gap": 4.736351726625919e-11, "actual_reward": 1175.956669249963}
{"period": 73, "status": "optimal", "solve_seconds": 3.913999557495117, "model_wall_seconds": 4.1111702999915, "gap": 0.0, "actual_reward": 614.7089848379799}
{"period": 74, "status": "optimal", "solve_seconds": 10.345001220703125, "model_wall_seconds": 10.567459499987308, "gap": 2.444590526599467e-07, "actual_reward": 492.69597753841634}
{"period": 75, "status": "time_limit", "solve_seconds": 120.19099998474121, "model_wall_seconds": 120.38831859998754, "gap": 0.012238260406086748, "actual_reward": 753.6094033523178}
{"period": 76, "status": "optimal", "solve_seconds": 3.8039989471435547, "model_wall_seconds": 4.07260379998479, "gap": 6.780027332713395e-05, "actual_reward": 1043.3604791324174}
{"period": 77, "status": "time_limit", "solve_seconds": 120.0009994506836, "model_wall_seconds": 120.33243650000077, "gap": 0.004002485945934823, "actual_reward": 97.24598227111937}
{"period": 78, "status": "optimal", "solve_seconds": 11.37099838256836, "model_wall_seconds": 11.579645099991467, "gap": 0.0, "actual_reward": 682.941383962103}
{"period": 79, "status": "time_limit", "solve_seconds": 120.00300025939941, "model_wall_seconds": 120.44521040000836, "gap": 0.0021473158565028434, "actual_reward": 1042.8338124026698}
{"period": 80, "status": "optimal", "solve_seconds": 1.8540000915527344, "model_wall_seconds": 2.0410529999935534, "gap": 0.0, "actual_reward": 274.53910132064965}
{"period": 81, "status": "optimal", "solve_seconds": 17.375999450683594, "model_wall_seconds": 17.56321360002039, "gap": 9.955341907274068e-05, "actual_reward": -414.1760978929896}
{"period": 82, "status": "optimal", "solve_seconds": 6.071001052856445, "model_wall_seconds": 6.313555800006725, "gap": 0.0, "actual_reward": 1425.6982007592655}
{"period": 83, "status": "optimal", "solve_seconds": 6.164999008178711, "model_wall_seconds": 6.344281700003194, "gap": 3.965370462735673e-05, "actual_reward": 351.4682937087874}
{"period": 84, "status": "optimal", "solve_seconds": 6.556999206542969, "model_wall_seconds": 6.741380699997535, "gap": 6.497158146847107e-05, "actual_reward": 680.8783366763247}
{"period": 85, "status": "optimal", "solve_seconds": 26.55900001525879, "model_wall_seconds": 26.799310300004436, "gap": 9.925533463230136e-05, "actual_reward": 491.5140564819504}
{"period": 86, "status": "optimal", "solve_seconds": 1.920999526977539, "model_wall_seconds": 2.0873326000000816, "gap": 8.75555315025061e-06, "actual_reward": 461.50126325004453}
{"period": 87, "status": "optimal", "solve_seconds": 7.956998825073242, "model_wall_seconds": 8.168098299996927, "gap": 0.0, "actual_reward": 937.3215054525391}
{"period": 88, "status": "optimal", "solve_seconds": 1.621999740600586, "model_wall_seconds": 1.8253264000231866, "gap": 2.9606260997357533e-05, "actual_reward": 361.1628758573431}
{"period": 89, "status": "optimal", "solve_seconds": 1.1389999389648438, "model_wall_seconds": 1.2825773000076879, "gap": 0.0, "actual_reward": 188.91516190431128}
{"period": 90, "status": "optimal", "solve_seconds": 0.7569999694824219, "model_wall_seconds": 0.8969523000123445, "gap": 0.0, "actual_reward": 293.0298433460847}
{"period": 91, "status": "optimal", "solve_seconds": 0.6820011138916016, "model_wall_seconds": 0.8069102999870665, "gap": 0.0, "actual_reward": 269.85203826098746}
{"period": 92, "status": "optimal", "solve_seconds": 0.6440010070800781, "model_wall_seconds": 0.7694048999983352, "gap": 0.0, "actual_reward": 691.1916385331336}
{"period": 93, "status": "optimal", "solve_seconds": 1.0879993438720703, "model_wall_seconds": 1.2029956000042148, "gap": 0.0, "actual_reward": 740.5985731522223}
{"period": 94, "status": "optimal", "solve_seconds": 0.5119991302490234, "model_wall_seconds": 0.614582199981669, "gap": 0.0, "actual_reward": 390.71052204120684}
{"period": 95, "status": "optimal", "solve_seconds": 0.5310001373291016, "model_wall_seconds": 0.6940540999930818, "gap": 7.683382731136703e-06, "actual_reward": 78.42513962937231}
{"period": 96, "status": "optimal", "solve_seconds": 0.3529987335205078, "model_wall_seconds": 0.4609303000033833, "gap": 0.0, "actual_reward": 73.01144391096582}
{"period": 97, "status": "optimal", "solve_seconds": 0.31999969482421875, "model_wall_seconds": 0.41421340001397766, "gap": 0.0, "actual_reward": 166.02145595474616}
{"period": 98, "status": "optimal", "solve_seconds": 0.2869987487792969, "model_wall_seconds": 0.423468299995875, "gap": 0.0, "actual_reward": 62.47477026375693}
{"period": 99, "status": "optimal", "solve_seconds": 0.3549995422363281, "model_wall_seconds": 0.44693950001965277, "gap": 0.0, "actual_reward": 43.50644242898351}
{"period": 100, "status": "optimal", "solve_seconds": 0.3429985046386719, "model_wall_seconds": 0.43457630000193603, "gap": 0.0, "actual_reward": 529.7851076420679}
{"period": 101, "status": "optimal", "solve_seconds": 0.27699851989746094, "model_wall_seconds": 0.356575600017095, "gap": 0.0, "actual_reward": 520.8751818949679}
{"period": 102, "status": "optimal", "solve_seconds": 0.24900054931640625, "model_wall_seconds": 0.32607199999620207, "gap": 0.0, "actual_reward": -109.43112938950632}
{"period": 103, "status": "optimal", "solve_seconds": 0.2609996795654297, "model_wall_seconds": 0.33914099997491576, "gap": 3.527349242827293e-06, "actual_reward": 97.33966615608487}
{"period": 104, "status": "optimal", "solve_seconds": 0.1900005340576172, "model_wall_seconds": 0.2631233000138309, "gap": 5.730955016982187e-06, "actual_reward": 289.7879137832453}
{"period": 105, "status": "optimal", "solve_seconds": 0.2479991912841797, "model_wall_seconds": 0.34396990001550876, "gap": 0.0, "actual_reward": 199.98796707885387}
{"period": 106, "status": "optimal", "solve_seconds": 0.15800094604492188, "model_wall_seconds": 0.22912249999353662, "gap": 0.0, "actual_reward": 353.199982988184}
{"period": 107, "status": "optimal", "solve_seconds": 0.20600128173828125, "model_wall_seconds": 0.2730599000060465, "gap": 0.0, "actual_reward": 111.40067045589866}
{"period": 108, "status": "optimal", "solve_seconds": 0.1379985809326172, "model_wall_seconds": 0.2295262000116054, "gap": 0.0, "actual_reward": 6.32368421044828}
{"period": 109, "status": "optimal", "solve_seconds": 0.18400001525878906, "model_wall_seconds": 0.2481463000003714, "gap": 0.0, "actual_reward": 4.055438596271915}
{"period": 110, "status": "optimal", "solve_seconds": 0.10499954223632812, "model_wall_seconds": 0.1762217000068631, "gap": 0.0, "actual_reward": 6.590175438804997}
{"period": 111, "status": "optimal", "solve_seconds": 0.13199996948242188, "model_wall_seconds": 0.19892180000897497, "gap": 0.0, "actual_reward": 169.25472204575613}
{"period": 112, "status": "optimal", "solve_seconds": 0.08699989318847656, "model_wall_seconds": 0.1484504999825731, "gap": 0.0, "actual_reward": -38.50350877183159}
{"period": 113, "status": "optimal", "solve_seconds": 0.09100151062011719, "model_wall_seconds": 0.15074720000848174, "gap": 0.0, "actual_reward": 153.59399988226963}
{"period": 114, "status": "optimal", "solve_seconds": 0.05200004577636719, "model_wall_seconds": 0.11281819999567233, "gap": 0.0, "actual_reward": 133.76684210521904}
{"period": 115, "status": "optimal", "solve_seconds": 0.055999755859375, "model_wall_seconds": 0.11034310000832193, "gap": 0.0, "actual_reward": 70.23333333341}
{"period": 116, "status": "optimal", "solve_seconds": 0.06999969482421875, "model_wall_seconds": 0.12731019998318516, "gap": 0.0, "actual_reward": 203.919999999553}
{"period": 117, "status": "optimal", "solve_seconds": 0.0709991455078125, "model_wall_seconds": 0.12752710000495426, "gap": 0.0, "actual_reward": -31.500000000000007}
{"period": 118, "status": "optimal", "solve_seconds": 0.07000160217285156, "model_wall_seconds": 0.11816379998344928, "gap": 0.0, "actual_reward": -41.85000000000002}
{"period": 119, "status": "optimal", "solve_seconds": 0.09099960327148438, "model_wall_seconds": 0.1542098000063561, "gap": 0.0, "actual_reward": -32.49214099814633}
{"period": 120, "status": "optimal", "solve_seconds": 0.09400177001953125, "model_wall_seconds": 0.1557996999763418, "gap": 0.0, "actual_reward": -25.085892422647476}
{"period": 121, "status": "optimal", "solve_seconds": 0.06699943542480469, "model_wall_seconds": 0.12360829999670386, "gap": 0.0, "actual_reward": 172.84684210552896}
{"period": 122, "status": "optimal", "solve_seconds": 0.036998748779296875, "model_wall_seconds": 0.09029290001490153, "gap": 0.0, "actual_reward": 193.66964912211003}
{"period": 123, "status": "optimal", "solve_seconds": 0.030000686645507812, "model_wall_seconds": 0.07893459999468178, "gap": 0.0, "actual_reward": -20.85}
{"period": 124, "status": "optimal", "solve_seconds": 0.029001235961914062, "model_wall_seconds": 0.07391100001404993, "gap": 0.0, "actual_reward": 75.520000000092}
{"period": 125, "status": "optimal", "solve_seconds": 0.01399993896484375, "model_wall_seconds": 0.062065000005532056, "gap": 0.0, "actual_reward": 142.543333333681}
{"state": "complete", "started_at": "2026-09-18T03:49:24.405599+00:00", "scenario": "D:\\Myfiles\\vscode_files\\cleanrl_BSS\\ExpresswayBSSs_v2\\data\\final_real_data_v1\\scenarios\\day_19.json", "route_mode": "joint", "charging_mode": "joint", "model": null, "deadline": null, "pid": 34916, "created": 1789703364.1518877, "source_snapshot": "D:\\Myfiles\\vscode_files\\cleanrl_BSS\\ExpresswayBSSs_v2\\outputs\\zero_terminal_real_data_seed1_v1\\runs\\h7_day19\\source_snapshots\\e04451463b9d6545577ff982cb3a33775239dc78ba1d91c5d8a88c86fabb05aa", "prior_attempt_seconds": 0.0, "runtime_timing_incomplete": false, "runtime_timing_estimated": false, "launcher_source_snapshot": "D:\\Myfiles\\vscode_files\\cleanrl_BSS\\ExpresswayBSSs_v2\\outputs\\zero_terminal_real_data_seed1_v1\\code_snapshots\\40ec378611b206b02ef446c50a74e31e0ead20388937d43f8a3085ca15610712", "finished_at": "2026-09-18T04:25:21.155024+00:00", "wall_seconds": 2156.7522627, "metrics": {"net_profit_yuan": 38377.52062400987, "service_income_yuan": 53808.93751354786, "charging_cost_yuan": 14071.416889537875, "adjustment_cost_yuan": 1360.0, "reservation_failure_cost_yuan": 0.0, "reservation_count": 200, "actual_random_count": 200, "reservation_failures": 0, "reservation_failure_rate": 0.0, "reservation_completed": 200, "reservation_unfinished_at_L": 33, "reservation_unfinished_rate_at_L": 0.165, "reservation_unfinished_after_cleanup": 0, "random_services": 175, "random_service_rate": 0.875, "mean_wait_minutes_served": 12.748746805000234, "path_adjustments": 136, "solver_seconds_mean": 15.032959930419922, "solver_seconds_p95": 120.00300025939941, "model_wall_seconds_mean": 15.212975525599205, "model_wall_seconds_p95": 120.35418697999557, "model_wall_seconds_total": 1901.6219406999007, "mip_gap_mean": 0.0013033287916431858, "mip_gap_max": 0.037405391736005725, "mip_gap_target_met_fraction": 0.896, "solver_status_counts": {"optimal": 112, "time_limit": 13}, "completed_periods": 125, "demand_periods": 96, "cleanup_periods": 29, "cleanup_hours": 7.25, "time_limit_fraction": 0.104, "final_inventory_kwh": 4439.4723954478995, "random_timeouts": 25, "terminal_settlement": "none", "operating_duration_hours": 24.0, "current_attempt_wall_seconds": 2156.7450236000004, "prior_attempt_wall_seconds": 0.0, "known_runtime_seconds": 2156.7450236000004, "runtime_timing_incomplete": false, "runtime_timing_estimated": false, "worker_wall_seconds": 2156.7450236000004}}
