{"period": 1, "status": "optimal", "solve_seconds": 0.2460002899169922, "model_wall_seconds": 0.4494764999835752, "gap": 0.0, "actual_reward": 0.0}
{"period": 2, "status": "optimal", "solve_seconds": 0.0709991455078125, "model_wall_seconds": 0.282890700007556, "gap": 0.0, "actual_reward": 0.0}
{"period": 3, "status": "optimal", "solve_seconds": 0.2259998321533203, "model_wall_seconds": 0.43079699997906573, "gap": 0.0, "actual_reward": 92.24586134786142}
{"period": 4, "status": "optimal", "solve_seconds": 0.07399940490722656, "model_wall_seconds": 0.2808853999886196, "gap": 0.0, "actual_reward": -2.415845301584341e-15}
{"period": 5, "status": "optimal", "solve_seconds": 0.18700027465820312, "model_wall_seconds": 0.3709132999938447, "gap": 0.0, "actual_reward": -6.039613253960852e-16}
{"period": 6, "status": "optimal", "solve_seconds": 0.08699989318847656, "model_wall_seconds": 0.28533040001639165, "gap": 0.0, "actual_reward": 119.55647370370488}
{"period": 7, "status": "optimal", "solve_seconds": 0.30699920654296875, "model_wall_seconds": 0.6494888999732211, "gap": 0.0, "actual_reward": 75.18183330259399}
{"period": 8, "status": "optimal", "solve_seconds": 0.13300132751464844, "model_wall_seconds": 0.35015650000423193, "gap": 0.0, "actual_reward": -9.201528428093297e-15}
{"period": 9, "status": "optimal", "solve_seconds": 0.26399993896484375, "model_wall_seconds": 0.6062520999985281, "gap": 0.0, "actual_reward": -20.00000000000001}
{"period": 10, "status": "optimal", "solve_seconds": 0.2329998016357422, "model_wall_seconds": 0.5462339000077918, "gap": 0.0, "actual_reward": 235.95858909691498}
{"period": 11, "status": "optimal", "solve_seconds": 0.2329998016357422, "model_wall_seconds": 0.4482062000024598, "gap": 0.0, "actual_reward": -10.000000000000007}
{"period": 12, "status": "optimal", "solve_seconds": 0.17399978637695312, "model_wall_seconds": 0.3994317000033334, "gap": 0.0, "actual_reward": -7.318590178329032e-15}
{"period": 13, "status": "optimal", "solve_seconds": 0.2090015411376953, "model_wall_seconds": 0.4290651000046637, "gap": 0.0, "actual_reward": 208.17848574171052}
{"period": 14, "status": "optimal", "solve_seconds": 0.12100028991699219, "model_wall_seconds": 0.4361375999869779, "gap": 0.0, "actual_reward": 89.356748247154}
{"period": 15, "status": "optimal", "solve_seconds": 0.2539997100830078, "model_wall_seconds": 0.4420586999913212, "gap": 0.0, "actual_reward": 90.92699006814378}
{"period": 16, "status": "optimal", "solve_seconds": 0.06599998474121094, "model_wall_seconds": 0.2860196999972686, "gap": 0.0, "actual_reward": 105.92301645595266}
{"period": 17, "status": "optimal", "solve_seconds": 0.18599891662597656, "model_wall_seconds": 0.3862327999959234, "gap": 0.0, "actual_reward": 98.439999999816}
{"period": 18, "status": "optimal", "solve_seconds": 0.082000732421875, "model_wall_seconds": 0.3570964999962598, "gap": 0.0, "actual_reward": -2.7000623958883806e-14}
{"period": 19, "status": "optimal", "solve_seconds": 0.21500015258789062, "model_wall_seconds": 0.4628460999811068, "gap": 0.0, "actual_reward": 71.71290044714999}
{"period": 20, "status": "optimal", "solve_seconds": 0.07600021362304688, "model_wall_seconds": 0.2828933999990113, "gap": 0.0, "actual_reward": -3.4461322684364856e-14}
{"period": 21, "status": "optimal", "solve_seconds": 0.2050018310546875, "model_wall_seconds": 0.45256080001126975, "gap": 0.0, "actual_reward": 33.21333333320796}
{"period": 22, "status": "optimal", "solve_seconds": 0.082000732421875, "model_wall_seconds": 0.36293239999213256, "gap": 0.0, "actual_reward": 128.140000000149}
{"period": 23, "status": "optimal", "solve_seconds": 0.1959991455078125, "model_wall_seconds": 0.41805249999742955, "gap": 0.0, "actual_reward": -3.197442310920451e-14}
{"period": 24, "status": "optimal", "solve_seconds": 0.08099937438964844, "model_wall_seconds": 0.28622829998494126, "gap": 0.0, "actual_reward": 73.68295652522114}
{"period": 25, "status": "optimal", "solve_seconds": 0.22999954223632812, "model_wall_seconds": 0.4387585000076797, "gap": 0.0, "actual_reward": 92.563596221612}
{"period": 26, "status": "optimal", "solve_seconds": 0.12000083923339844, "model_wall_seconds": 0.34068190000834875, "gap": 0.0, "actual_reward": 142.543333333234}
{"period": 27, "status": "optimal", "solve_seconds": 0.2760009765625, "model_wall_seconds": 0.46954030002234504, "gap": 0.0, "actual_reward": -3.2542857297812595e-14}
{"period": 28, "status": "optimal", "solve_seconds": 0.1919994354248047, "model_wall_seconds": 0.4123865000146907, "gap": 0.0, "actual_reward": -3.856470698337943e-14}
{"period": 29, "status": "optimal", "solve_seconds": 0.3969993591308594, "model_wall_seconds": 0.6317209999833722, "gap": 0.0, "actual_reward": -3.856470698337943e-14}
{"period": 30, "status": "optimal", "solve_seconds": 0.20299911499023438, "model_wall_seconds": 0.6224294000130612, "gap": 0.0, "actual_reward": 226.91110203788656}
{"period": 31, "status": "optimal", "solve_seconds": 0.5310001373291016, "model_wall_seconds": 0.9048876000160817, "gap": 0.0, "actual_reward": 96.99369080145743}
{"period": 32, "status": "optimal", "solve_seconds": 0.34799957275390625, "model_wall_seconds": 0.7558326999715064, "gap": 0.0, "actual_reward": 56.12000000032196}
{"period": 33, "status": "optimal", "solve_seconds": 0.5150012969970703, "model_wall_seconds": 1.0376913000072818, "gap": 0.0, "actual_reward": 314.29186679964545}
{"period": 34, "status": "optimal", "solve_seconds": 0.22999954223632812, "model_wall_seconds": 0.46040560002438724, "gap": 0.0, "actual_reward": -4.40003589119442e-14}
{"period": 35, "status": "optimal", "solve_seconds": 0.37199974060058594, "model_wall_seconds": 0.5709822000062559, "gap": 0.0, "actual_reward": -5.46940270851337e-14}
{"period": 36, "status": "optimal", "solve_seconds": 0.2819995880126953, "model_wall_seconds": 0.509963799995603, "gap": 0.0, "actual_reward": 278.9971691905307}
{"period": 37, "status": "optimal", "solve_seconds": 0.43900108337402344, "model_wall_seconds": 0.6477587000117637, "gap": 0.0, "actual_reward": 112.66010873379}
{"period": 38, "status": "optimal", "solve_seconds": 0.3449993133544922, "model_wall_seconds": 0.5506416999851353, "gap": 0.0, "actual_reward": 386.0873438627392}
{"period": 39, "status": "optimal", "solve_seconds": 0.5249996185302734, "model_wall_seconds": 0.7680858000239823, "gap": 0.0, "actual_reward": 395.94557591708525}
{"period": 40, "status": "optimal", "solve_seconds": 0.48799896240234375, "model_wall_seconds": 0.7112698999990243, "gap": 0.0, "actual_reward": 373.9178842077058}
{"period": 41, "status": "optimal", "solve_seconds": 0.7180004119873047, "model_wall_seconds": 0.9882316000002902, "gap": 0.0, "actual_reward": 348.4672305503266}
{"period": 42, "status": "optimal", "solve_seconds": 0.5609989166259766, "model_wall_seconds": 0.7983431000029668, "gap": 0.0, "actual_reward": 305.19884801802834}
{"period": 43, "status": "optimal", "solve_seconds": 0.7859992980957031, "model_wall_seconds": 1.0235307000111789, "gap": 0.0, "actual_reward": 262.6053522858475}
{"period": 44, "status": "optimal", "solve_seconds": 0.6350002288818359, "model_wall_seconds": 1.0819402000051923, "gap": 0.0, "actual_reward": 721.3810124475059}
{"period": 45, "status": "optimal", "solve_seconds": 0.8330001831054688, "model_wall_seconds": 1.1188967999769375, "gap": 0.0, "actual_reward": 476.69557918942746}
{"period": 46, "status": "optimal", "solve_seconds": 0.6430015563964844, "model_wall_seconds": 0.9230198000150267, "gap": 0.0, "actual_reward": 1082.5459772804684}
{"period": 47, "status": "optimal", "solve_seconds": 17.624000549316406, "model_wall_seconds": 17.85865169999306, "gap": 0.0, "actual_reward": 598.5889812252955}
{"period": 48, "status": "optimal", "solve_seconds": 6.437999725341797, "model_wall_seconds": 6.724267300014617, "gap": 6.0180492874008494e-06, "actual_reward": 893.618490790735}
{"period": 49, "status": "optimal", "solve_seconds": 1.3610000610351562, "model_wall_seconds": 1.635655999998562, "gap": 0.0, "actual_reward": 270.2481181948875}
{"period": 50, "status": "optimal", "solve_seconds": 2.5479984283447266, "model_wall_seconds": 2.8217133000143804, "gap": 0.0, "actual_reward": 386.65332504755185}
{"period": 51, "status": "optimal", "solve_seconds": 7.114999771118164, "model_wall_seconds": 7.449517500004731, "gap": 6.174398966920035e-05, "actual_reward": 471.1998339537045}
{"period": 52, "status": "optimal", "solve_seconds": 12.088998794555664, "model_wall_seconds": 12.364199599978747, "gap": 0.0, "actual_reward": 565.3750911088092}
{"period": 53, "status": "optimal", "solve_seconds": 66.41600036621094, "model_wall_seconds": 66.74476660002256, "gap": 0.0, "actual_reward": 397.8677460527517}
{"period": 54, "status": "optimal", "solve_seconds": 29.308000564575195, "model_wall_seconds": 29.568597999983467, "gap": 0.0, "actual_reward": 328.42207135767507}
{"period": 55, "status": "time_limit", "solve_seconds": 120.01399993896484, "model_wall_seconds": 120.41714830001001, "gap": 0.006559915652441015, "actual_reward": 218.77678967045082}
{"period": 56, "status": "time_limit", "solve_seconds": 120.00799942016602, "model_wall_seconds": 120.45789970000624, "gap": 0.016327505004321577, "actual_reward": 245.46246518185765}
{"period": 57, "status": "time_limit", "solve_seconds": 120.0009994506836, "model_wall_seconds": 120.43765400000848, "gap": 0.025324643860773887, "actual_reward": 1188.6043054812687}
{"period": 58, "status": "time_limit", "solve_seconds": 120.20899963378906, "model_wall_seconds": 120.54726970000775, "gap": 0.01988208763561084, "actual_reward": 495.12188561592166}
{"period": 59, "status": "time_limit", "solve_seconds": 120.01499938964844, "model_wall_seconds": 120.4579173999955, "gap": 0.018950256037560287, "actual_reward": 823.602546731986}
{"period": 60, "status": "time_limit", "solve_seconds": 120.01800155639648, "model_wall_seconds": 120.53303120000055, "gap": 0.04267049850751883, "actual_reward": 234.44410754360342}
{"period": 61, "status": "time_limit", "solve_seconds": 120.32699966430664, "model_wall_seconds": 120.66621309999027, "gap": 0.028441060233019674, "actual_reward": 422.48681887163764}
{"period": 62, "status": "time_limit", "solve_seconds": 120.59499931335449, "model_wall_seconds": 121.05206890002592, "gap": 0.032636575719087665, "actual_reward": 1720.655404270677}
{"period": 63, "status": "time_limit", "solve_seconds": 120.00600051879883, "model_wall_seconds": 120.44431880000047, "gap": 0.06162643595147408, "actual_reward": 785.4862852381574}
{"period": 64, "status": "time_limit", "solve_seconds": 120.00300025939941, "model_wall_seconds": 120.46644729998661, "gap": 0.045887880491272987, "actual_reward": -25.313315081653826}
{"period": 65, "status": "time_limit", "solve_seconds": 120.24100112915039, "model_wall_seconds": 120.5552377999993, "gap": 0.06642866859161069, "actual_reward": 743.3163727422797}
{"period": 66, "status": "time_limit", "solve_seconds": 120.25200080871582, "model_wall_seconds": 120.61685389999184, "gap": 0.04223220101561167, "actual_reward": 445.419582335451}
{"period": 67, "status": "time_limit", "solve_seconds": 120.01600074768066, "model_wall_seconds": 120.55187970001134, "gap": 0.07422214982952152, "actual_reward": 647.9201849398037}
{"period": 68, "status": "time_limit", "solve_seconds": 120.27299880981445, "model_wall_seconds": 120.63986880000448, "gap": 0.047295914042573425, "actual_reward": -63.67596943396312}
{"period": 69, "status": "time_limit", "solve_seconds": 120.00699996948242, "model_wall_seconds": 120.37020340000163, "gap": 0.05730072366031745, "actual_reward": 1030.5629074952594}
{"period": 70, "status": "time_limit", "solve_seconds": 120.00199890136719, "model_wall_seconds": 120.49758329999167, "gap": 0.06905710893771214, "actual_reward": 1499.4449845151603}
{"period": 71, "status": "time_limit", "solve_seconds": 120.10899925231934, "model_wall_seconds": 120.59064810001291, "gap": 0.13188343285454765, "actual_reward": 824.9735575237396}
{"period": 72, "status": "time_limit", "solve_seconds": 120.01200103759766, "model_wall_seconds": 120.488722900016, "gap": 0.06685659498008288, "actual_reward": 1009.8026197191307}
{"period": 73, "status": "time_limit", "solve_seconds": 120.01199913024902, "model_wall_seconds": 120.47203639999498, "gap": 0.16974940971019023, "actual_reward": 959.1926373933294}
{"period": 74, "status": "time_limit", "solve_seconds": 120.00200080871582, "model_wall_seconds": 120.41862599999877, "gap": 0.017449814370850747, "actual_reward": 218.06438184392886}
{"period": 75, "status": "time_limit", "solve_seconds": 120.01000022888184, "model_wall_seconds": 120.49205959998653, "gap": 0.08947483681398073, "actual_reward": 590.0839145111217}
{"period": 76, "status": "time_limit", "solve_seconds": 120.0049991607666, "model_wall_seconds": 120.37337120002485, "gap": 0.03002655882742561, "actual_reward": 1079.2465621898805}
{"period": 77, "status": "time_limit", "solve_seconds": 120.01299858093262, "model_wall_seconds": 120.44495509998524, "gap": 0.05276674165401077, "actual_reward": 245.4003556326334}
{"period": 78, "status": "time_limit", "solve_seconds": 120.2180004119873, "model_wall_seconds": 120.4816501000023, "gap": 0.020985557711836543, "actual_reward": 216.41860690690473}
{"period": 79, "status": "time_limit", "solve_seconds": 120.00200080871582, "model_wall_seconds": 120.40873029999784, "gap": 0.018116856924477558, "actual_reward": 826.0403523629823}
{"period": 80, "status": "optimal", "solve_seconds": 110.47599983215332, "model_wall_seconds": 110.74218719999772, "gap": 0.0, "actual_reward": 184.3890033816247}
{"period": 81, "status": "time_limit", "solve_seconds": 120.19300079345703, "model_wall_seconds": 120.44035889999941, "gap": 0.08968266735199887, "actual_reward": 432.54615973316214}
{"period": 82, "status": "time_limit", "solve_seconds": 120.00899887084961, "model_wall_seconds": 120.40646350002498, "gap": 0.013431150077316078, "actual_reward": 180.03417640844395}
{"period": 83, "status": "time_limit", "solve_seconds": 120.01000022888184, "model_wall_seconds": 120.42081420001341, "gap": 0.08453316304892229, "actual_reward": 551.6280342622881}
{"period": 84, "status": "time_limit", "solve_seconds": 120.00400161743164, "model_wall_seconds": 120.38200240000151, "gap": 0.042574173004990015, "actual_reward": 516.480334402587}
{"period": 85, "status": "time_limit", "solve_seconds": 120.0049991607666, "model_wall_seconds": 120.40868449999834, "gap": 0.06366318801688409, "actual_reward": 671.1307147876612}
{"period": 86, "status": "time_limit", "solve_seconds": 120.00399971008301, "model_wall_seconds": 120.29913769999985, "gap": 0.012174443209637335, "actual_reward": 158.69391987251896}
{"period": 87, "status": "time_limit", "solve_seconds": 120.0059986114502, "model_wall_seconds": 120.24429500001133, "gap": 0.0440581542721342, "actual_reward": 485.36477805676293}
{"period": 88, "status": "optimal", "solve_seconds": 26.04800033569336, "model_wall_seconds": 26.275487399980193, "gap": 6.94122628741605e-05, "actual_reward": 860.7321625869121}
{"period": 89, "status": "optimal", "solve_seconds": 7.267000198364258, "model_wall_seconds": 7.46316119999392, "gap": 7.197016411508978e-05, "actual_reward": 494.28227465136956}
{"period": 90, "status": "optimal", "solve_seconds": 2.269001007080078, "model_wall_seconds": 2.467151199991349, "gap": 6.840301597195315e-05, "actual_reward": 529.1581476189152}
{"period": 91, "status": "time_limit", "solve_seconds": 120.00300025939941, "model_wall_seconds": 120.26850509998621, "gap": 0.0038651546911454447, "actual_reward": 395.4015708188525}
{"period": 92, "status": "optimal", "solve_seconds": 6.25200080871582, "model_wall_seconds": 6.516151199990418, "gap": 0.0, "actual_reward": -1640.4756008940342}
{"period": 93, "status": "optimal", "solve_seconds": 22.53299903869629, "model_wall_seconds": 22.754102100007003, "gap": 7.319147089096573e-05, "actual_reward": 908.1461760235715}
{"period": 94, "status": "optimal", "solve_seconds": 1.5059986114501953, "model_wall_seconds": 1.687889399996493, "gap": 6.953323477415521e-05, "actual_reward": 413.17559566136714}
{"period": 95, "status": "optimal", "solve_seconds": 2.0249996185302734, "model_wall_seconds": 2.1860981000063475, "gap": 0.0, "actual_reward": 155.3046871701253}
{"period": 96, "status": "optimal", "solve_seconds": 1.154001235961914, "model_wall_seconds": 1.3185127999749966, "gap": 8.448847577772319e-05, "actual_reward": 103.98099748640216}
{"period": 97, "status": "optimal", "solve_seconds": 14.889999389648438, "model_wall_seconds": 15.116254199994728, "gap": 4.185429817825188e-05, "actual_reward": 144.31192182477216}
{"period": 98, "status": "optimal", "solve_seconds": 0.9419994354248047, "model_wall_seconds": 1.0979946000152268, "gap": 0.0, "actual_reward": 756.5016687099865}
{"period": 99, "status": "optimal", "solve_seconds": 1.3330001831054688, "model_wall_seconds": 1.5114577999920584, "gap": 1.902144523386477e-05, "actual_reward": 298.8178617542892}
{"period": 100, "status": "optimal", "solve_seconds": 0.9599990844726562, "model_wall_seconds": 1.102120700001251, "gap": 0.0, "actual_reward": 160.06295850236535}
{"period": 101, "status": "optimal", "solve_seconds": 1.6860008239746094, "model_wall_seconds": 1.8284129000094254, "gap": 0.0, "actual_reward": 346.5575560533489}
{"period": 102, "status": "optimal", "solve_seconds": 0.9739990234375, "model_wall_seconds": 1.1238154000020586, "gap": 0.0, "actual_reward": 192.99669605358517}
{"period": 103, "status": "optimal", "solve_seconds": 1.0, "model_wall_seconds": 1.1395899999770336, "gap": 0.0, "actual_reward": 169.02253414920656}
{"period": 104, "status": "optimal", "solve_seconds": 0.5100002288818359, "model_wall_seconds": 0.6186104999796953, "gap": 0.0, "actual_reward": 458.0793565360519}
{"period": 105, "status": "optimal", "solve_seconds": 0.6939983367919922, "model_wall_seconds": 0.8028586999862455, "gap": 0.0, "actual_reward": 101.68243662434436}
{"period": 106, "status": "optimal", "solve_seconds": 0.4699993133544922, "model_wall_seconds": 0.5903690000122879, "gap": 0.0, "actual_reward": -51.97904938572374}
{"period": 107, "status": "optimal", "solve_seconds": 0.7590007781982422, "model_wall_seconds": 0.87124809998204, "gap": 0.0, "actual_reward": 95.4877192980737}
{"period": 108, "status": "optimal", "solve_seconds": 0.4720001220703125, "model_wall_seconds": 0.5841903999971692, "gap": 0.0, "actual_reward": 393.01013080022227}
{"period": 109, "status": "optimal", "solve_seconds": 0.5640010833740234, "model_wall_seconds": 0.6744509000272956, "gap": 0.0, "actual_reward": 150.4007103106148}
{"period": 110, "status": "optimal", "solve_seconds": 0.3509998321533203, "model_wall_seconds": 0.44282619998557493, "gap": 0.0, "actual_reward": 62.95852073026421}
{"period": 111, "status": "optimal", "solve_seconds": 0.5590000152587891, "model_wall_seconds": 0.6542301999870688, "gap": 0.0, "actual_reward": -22.5063073242058}
{"period": 112, "status": "optimal", "solve_seconds": 0.45600128173828125, "model_wall_seconds": 0.5782203999988269, "gap": 0.0, "actual_reward": 182.8970364619408}
{"period": 113, "status": "optimal", "solve_seconds": 0.3639984130859375, "model_wall_seconds": 0.45535789997666143, "gap": 0.0, "actual_reward": -73.9184210526316}
{"period": 114, "status": "optimal", "solve_seconds": 0.23699951171875, "model_wall_seconds": 0.3280723000061698, "gap": 0.0, "actual_reward": 169.26106118795477}
{"period": 115, "status": "optimal", "solve_seconds": 0.4029998779296875, "model_wall_seconds": 0.49926810001488775, "gap": 0.0, "actual_reward": 268.23500000033425}
{"period": 116, "status": "optimal", "solve_seconds": 0.3139991760253906, "model_wall_seconds": 0.39027649999479763, "gap": 0.0, "actual_reward": -54.246029384171194}
{"period": 117, "status": "optimal", "solve_seconds": 0.3529987335205078, "model_wall_seconds": 0.4335679999785498, "gap": 0.0, "actual_reward": 22.47103310490884}
{"period": 118, "status": "optimal", "solve_seconds": 0.21199989318847656, "model_wall_seconds": 0.2920696999935899, "gap": 0.0, "actual_reward": 200.92378155468958}
{"period": 119, "status": "optimal", "solve_seconds": 0.2310009002685547, "model_wall_seconds": 0.310153900005389, "gap": 0.0, "actual_reward": 17.92324561352325}
{"period": 120, "status": "optimal", "solve_seconds": 0.20800018310546875, "model_wall_seconds": 0.35405749999335967, "gap": 0.0, "actual_reward": -9.4732456137646}
{"period": 121, "status": "optimal", "solve_seconds": 0.22699928283691406, "model_wall_seconds": 0.3004963000130374, "gap": 0.0, "actual_reward": 216.22631578933272}
{"period": 122, "status": "optimal", "solve_seconds": 0.1490001678466797, "model_wall_seconds": 0.22219639999093488, "gap": 0.0, "actual_reward": 247.72929824530127}
{"period": 123, "status": "optimal", "solve_seconds": 0.13699913024902344, "model_wall_seconds": 0.20452050000312738, "gap": 0.0, "actual_reward": 114.40868421007019}
{"period": 124, "status": "optimal", "solve_seconds": 0.10700035095214844, "model_wall_seconds": 0.17141019998234697, "gap": 0.0, "actual_reward": 156.540000000596}
{"period": 125, "status": "optimal", "solve_seconds": 0.1359996795654297, "model_wall_seconds": 0.1929365000105463, "gap": 0.0, "actual_reward": 45.818684210581985}
{"period": 126, "status": "optimal", "solve_seconds": 0.13399887084960938, "model_wall_seconds": 0.19607990002259612, "gap": 0.0, "actual_reward": -14.193201754336885}
{"period": 127, "status": "optimal", "solve_seconds": 0.10300064086914062, "model_wall_seconds": 0.16548510000575334, "gap": 0.0, "actual_reward": -42.69660087720529}
{"period": 128, "status": "optimal", "solve_seconds": 0.16300010681152344, "model_wall_seconds": 0.23543580001569353, "gap": 0.0, "actual_reward": 73.4579566100812}
{"period": 129, "status": "optimal", "solve_seconds": 0.0970001220703125, "model_wall_seconds": 0.16018320000148378, "gap": 0.0, "actual_reward": 41.67352978856857}
{"period": 130, "status": "optimal", "solve_seconds": 0.09300041198730469, "model_wall_seconds": 0.16028660000301898, "gap": 0.0, "actual_reward": -15.202980875821096}
{"period": 131, "status": "optimal", "solve_seconds": 0.1620006561279297, "model_wall_seconds": 0.23581949999788776, "gap": 0.0, "actual_reward": 24.981828165078852}
{"period": 132, "status": "optimal", "solve_seconds": 0.06599998474121094, "model_wall_seconds": 0.13053909997688606, "gap": 0.0, "actual_reward": 45.713157894525146}
{"period": 133, "status": "optimal", "solve_seconds": 0.08699989318847656, "model_wall_seconds": 0.15164990001358092, "gap": 0.0, "actual_reward": 58.76666666693495}
{"period": 134, "status": "optimal", "solve_seconds": 0.05900001525878906, "model_wall_seconds": 0.12022690000594594, "gap": 0.0, "actual_reward": 106.61701912477692}
{"period": 135, "status": "optimal", "solve_seconds": 0.04199981689453125, "model_wall_seconds": 0.1075626999954693, "gap": 0.0, "actual_reward": 120.92666666672896}
{"period": 136, "status": "optimal", "solve_seconds": 0.033000946044921875, "model_wall_seconds": 0.08968330000061542, "gap": 0.0, "actual_reward": -5.250000000000027}
{"period": 137, "status": "optimal", "solve_seconds": 0.025999069213867188, "model_wall_seconds": 0.08006019997992553, "gap": 0.0, "actual_reward": 40.80526315804924}
{"period": 138, "status": "optimal", "solve_seconds": 0.010000228881835938, "model_wall_seconds": 0.06143049997626804, "gap": 0.0, "actual_reward": -4.950000000000025}
{"period": 139, "status": "optimal", "solve_seconds": 0.01599884033203125, "model_wall_seconds": 0.0687012999842409, "gap": 0.0, "actual_reward": -4.9500000000000375}
{"period": 140, "status": "optimal", "solve_seconds": 0.010000228881835938, "model_wall_seconds": 0.14739659999031574, "gap": 0.0, "actual_reward": 44.79999999988799}
{"state": "complete", "started_at": "2026-09-18T20:02:10.133835+00:00", "scenario": "D:\\Myfiles\\vscode_files\\cleanrl_BSS\\ExpresswayBSSs_v2\\data\\final_real_data_v1\\scenarios\\day_14.json", "route_mode": "joint", "charging_mode": "joint", "model": null, "deadline": null, "pid": 32440, "created": 1789761729.8900979, "source_snapshot": "D:\\Myfiles\\vscode_files\\cleanrl_BSS\\ExpresswayBSSs_v2\\outputs\\zero_terminal_real_data_seed1_v1\\runs\\h8_day14\\source_snapshots\\bbb97d08cc6193d6f6886a6fec6078efbcccd559ce89c1e0f75fb0dcf6892ad8", "prior_attempt_seconds": 0.0, "runtime_timing_incomplete": false, "runtime_timing_estimated": false, "launcher_source_snapshot": "D:\\Myfiles\\vscode_files\\cleanrl_BSS\\ExpresswayBSSs_v2\\outputs\\zero_terminal_real_data_seed1_v1\\code_snapshots\\d4f2fdbe270e0626bf14cba6d60648977d192f240ac5c40cf1dd439d743c20ce", "finished_at": "2026-09-18T21:20:39.308365+00:00", "wall_seconds": 4709.174171799998, "metrics": {"net_profit_yuan": 37990.628456641854, "service_income_yuan": 59649.669269852486, "charging_cost_yuan": 17349.040813210606, "adjustment_cost_yuan": 2310.0, "reservation_failure_cost_yuan": 2000.0, "reservation_count": 200, "actual_random_count": 200, "reservation_failures": 2, "reservation_failure_rate": 0.01, "reservation_completed": 198, "reservation_unfinished_at_L": 44, "reservation_unfinished_rate_at_L": 0.22, "reservation_unfinished_after_cleanup": 0, "random_services": 182, "random_service_rate": 0.91, "mean_wait_minutes_served": 12.689077347524094, "path_adjustments": 231, "solver_seconds_mean": 30.92506422315325, "solver_seconds_p95": 120.19380073547363, "model_wall_seconds_mean": 31.16286804928511, "model_wall_seconds_p95": 120.54750020000793, "model_wall_seconds_total": 4362.801526899915, "mip_gap_mean": 0.011476436850697368, "mip_gap_max": 0.16974940971019023, "mip_gap_target_met_fraction": 0.7642857142857142, "solver_status_counts": {"optimal": 107, "time_limit": 33}, "completed_periods": 140, "demand_periods": 96, "cleanup_periods": 44, "cleanup_hours": 11.0, "time_limit_fraction": 0.2357142857142857, "final_inventory_kwh": 4566.628303127601, "random_timeouts": 18, "terminal_settlement": "none", "operating_duration_hours": 24.0, "current_attempt_wall_seconds": 4709.17053470001, "prior_attempt_wall_seconds": 0.0, "known_runtime_seconds": 4709.17053470001, "runtime_timing_incomplete": false, "runtime_timing_estimated": false, "worker_wall_seconds": 4709.17053470001}}
