{"period": 1, "status": "optimal", "solve_seconds": 0.17600059509277344, "model_wall_seconds": 0.36352070001885295, "gap": 0.0, "actual_reward": 0.0}
{"period": 2, "status": "optimal", "solve_seconds": 0.09099960327148438, "model_wall_seconds": 0.2575366999953985, "gap": 0.0, "actual_reward": 66.5842640561615}
{"period": 3, "status": "optimal", "solve_seconds": 0.14999961853027344, "model_wall_seconds": 0.30124039997463115, "gap": 0.0, "actual_reward": -1.1013412404281553e-15}
{"period": 4, "status": "optimal", "solve_seconds": 0.0839996337890625, "model_wall_seconds": 0.2535032999876421, "gap": 0.0, "actual_reward": 184.3607174999094}
{"period": 5, "status": "optimal", "solve_seconds": 0.11599922180175781, "model_wall_seconds": 0.27501559999655, "gap": 0.0, "actual_reward": 155.68645704468108}
{"period": 6, "status": "optimal", "solve_seconds": 0.0540008544921875, "model_wall_seconds": 0.21873630001209676, "gap": 0.0, "actual_reward": -2.2026824808563106e-15}
{"period": 7, "status": "optimal", "solve_seconds": 0.1510009765625, "model_wall_seconds": 0.3139590000209864, "gap": 0.0, "actual_reward": 153.4890365733383}
{"period": 8, "status": "optimal", "solve_seconds": 0.04300117492675781, "model_wall_seconds": 0.2060803000058513, "gap": 0.0, "actual_reward": -3.854694341498543e-15}
{"period": 9, "status": "optimal", "solve_seconds": 0.11899948120117188, "model_wall_seconds": 0.26693840001826175, "gap": 0.0, "actual_reward": 84.09317079357477}
{"period": 10, "status": "optimal", "solve_seconds": 0.049999237060546875, "model_wall_seconds": 0.20486040000105277, "gap": 0.0, "actual_reward": -3.854694341498543e-15}
{"period": 11, "status": "optimal", "solve_seconds": 0.12599945068359375, "model_wall_seconds": 0.27216610001050867, "gap": 0.0, "actual_reward": -2.2026824808563106e-15}
{"period": 12, "status": "optimal", "solve_seconds": 0.07299995422363281, "model_wall_seconds": 0.23120370000833645, "gap": 0.0, "actual_reward": -3.854694341498543e-15}
{"period": 13, "status": "optimal", "solve_seconds": 0.1399993896484375, "model_wall_seconds": 0.27885990001959726, "gap": 0.0, "actual_reward": 84.300768244295}
{"period": 14, "status": "optimal", "solve_seconds": 0.048000335693359375, "model_wall_seconds": 0.22515270000440069, "gap": 0.0, "actual_reward": 84.636564352644}
{"period": 15, "status": "optimal", "solve_seconds": 0.15999984741210938, "model_wall_seconds": 0.2999722999811638, "gap": 0.0, "actual_reward": 129.00160138489198}
{"period": 16, "status": "optimal", "solve_seconds": 0.024000167846679688, "model_wall_seconds": 0.19134839999605902, "gap": 0.0, "actual_reward": -5.062616992290714e-15}
{"period": 17, "status": "optimal", "solve_seconds": 0.09000015258789062, "model_wall_seconds": 0.24375130000407808, "gap": 0.0, "actual_reward": -5.062616992290714e-15}
{"period": 18, "status": "optimal", "solve_seconds": 0.03999900817871094, "model_wall_seconds": 0.20043450000230223, "gap": 0.0, "actual_reward": -3.4106051316484808e-15}
{"period": 19, "status": "optimal", "solve_seconds": 0.10199928283691406, "model_wall_seconds": 0.24823850000393577, "gap": 0.0, "actual_reward": 33.213333333584}
{"period": 20, "status": "optimal", "solve_seconds": 0.024000167846679688, "model_wall_seconds": 0.16792750000604428, "gap": 0.0, "actual_reward": -5.062616992290714e-15}
{"period": 21, "status": "optimal", "solve_seconds": 0.10199928283691406, "model_wall_seconds": 0.24371670000255108, "gap": 0.0, "actual_reward": -5.062616992290714e-15}
{"period": 22, "status": "optimal", "solve_seconds": 0.06699943542480469, "model_wall_seconds": 0.22098220000043511, "gap": 0.0, "actual_reward": 74.35097235376811}
{"period": 23, "status": "optimal", "solve_seconds": 0.12800025939941406, "model_wall_seconds": 0.2729447000019718, "gap": 0.0, "actual_reward": 143.96478903425327}
{"period": 24, "status": "optimal", "solve_seconds": 0.035999298095703125, "model_wall_seconds": 0.1862764999968931, "gap": 0.0, "actual_reward": -4.867217739956687e-15}
{"period": 25, "status": "optimal", "solve_seconds": 0.13699913024902344, "model_wall_seconds": 0.28149569997913204, "gap": 0.0, "actual_reward": -1.8918200339612668e-14}
{"period": 26, "status": "optimal", "solve_seconds": 0.10199928283691406, "model_wall_seconds": 0.264508799999021, "gap": 0.0, "actual_reward": 65.07894319271136}
{"period": 27, "status": "optimal", "solve_seconds": 0.16099929809570312, "model_wall_seconds": 0.3108652999799233, "gap": 0.0, "actual_reward": -1.6004975122996256e-14}
{"period": 28, "status": "optimal", "solve_seconds": 0.1399993896484375, "model_wall_seconds": 0.29451189999235794, "gap": 0.0, "actual_reward": -1.84563475613686e-14}
{"period": 29, "status": "optimal", "solve_seconds": 0.22499847412109375, "model_wall_seconds": 0.37926849999348633, "gap": 0.0, "actual_reward": 157.8608332729926}
{"period": 30, "status": "optimal", "solve_seconds": 0.13699913024902344, "model_wall_seconds": 0.3126254000235349, "gap": 0.0, "actual_reward": -2.0232704400768854e-14}
{"period": 31, "status": "optimal", "solve_seconds": 0.23200035095214844, "model_wall_seconds": 0.3898330999945756, "gap": 0.0, "actual_reward": 68.14559262368}
{"period": 32, "status": "optimal", "solve_seconds": 0.19099998474121094, "model_wall_seconds": 0.3576416000141762, "gap": 0.0, "actual_reward": 93.30353379201198}
{"period": 33, "status": "optimal", "solve_seconds": 0.2720012664794922, "model_wall_seconds": 0.4463134999969043, "gap": 0.0, "actual_reward": 197.38664192395498}
{"period": 34, "status": "optimal", "solve_seconds": 0.19299888610839844, "model_wall_seconds": 0.36694550001993775, "gap": 0.0, "actual_reward": 214.51942856167648}
{"period": 35, "status": "optimal", "solve_seconds": 0.30900001525878906, "model_wall_seconds": 0.464247299998533, "gap": 0.0, "actual_reward": 171.7898882627448}
{"period": 36, "status": "optimal", "solve_seconds": 0.29400062561035156, "model_wall_seconds": 0.5034371999790892, "gap": 0.0, "actual_reward": 182.35442767626597}
{"period": 37, "status": "optimal", "solve_seconds": 0.4459991455078125, "model_wall_seconds": 0.6214695000089705, "gap": 0.0, "actual_reward": 485.2624563626995}
{"period": 38, "status": "optimal", "solve_seconds": 0.3659992218017578, "model_wall_seconds": 0.5697661000012886, "gap": 0.0, "actual_reward": 714.2532170260532}
{"period": 39, "status": "optimal", "solve_seconds": 0.44700050354003906, "model_wall_seconds": 0.6116825999924913, "gap": 0.0, "actual_reward": 577.9986054939725}
{"period": 40, "status": "optimal", "solve_seconds": 0.31999969482421875, "model_wall_seconds": 0.49767709997831844, "gap": 0.0, "actual_reward": 193.01208935419396}
{"period": 41, "status": "optimal", "solve_seconds": 0.5209999084472656, "model_wall_seconds": 0.7042224999750033, "gap": 0.0, "actual_reward": 449.27601030918635}
{"period": 42, "status": "optimal", "solve_seconds": 0.4230003356933594, "model_wall_seconds": 0.616695200005779, "gap": 0.0, "actual_reward": 360.3765174026101}
{"period": 43, "status": "optimal", "solve_seconds": 0.6149997711181641, "model_wall_seconds": 0.8295635000104085, "gap": 0.0, "actual_reward": 238.76847604772826}
{"period": 44, "status": "optimal", "solve_seconds": 0.6389999389648438, "model_wall_seconds": 0.8529480999859516, "gap": 0.0, "actual_reward": 432.1370967917393}
{"period": 45, "status": "optimal", "solve_seconds": 0.7049999237060547, "model_wall_seconds": 0.9271772999782115, "gap": 0.0, "actual_reward": 730.1599077662895}
{"period": 46, "status": "optimal", "solve_seconds": 0.5440006256103516, "model_wall_seconds": 0.7476848000078462, "gap": 0.0, "actual_reward": 442.15395130760066}
{"period": 47, "status": "optimal", "solve_seconds": 0.8090000152587891, "model_wall_seconds": 1.0016572999884374, "gap": 0.0, "actual_reward": 538.2199497574596}
{"period": 48, "status": "optimal", "solve_seconds": 65.44999885559082, "model_wall_seconds": 65.71655559999635, "gap": 8.622599344674806e-05, "actual_reward": 627.1381812609168}
{"period": 49, "status": "optimal", "solve_seconds": 120.0009994506836, "model_wall_seconds": 120.34297920000972, "gap": 9.997575401356249e-05, "actual_reward": 753.0295290441657}
{"period": 50, "status": "optimal", "solve_seconds": 28.3070011138916, "model_wall_seconds": 28.582975700002862, "gap": 9.912825738639218e-05, "actual_reward": 351.3699941812044}
{"period": 51, "status": "time_limit", "solve_seconds": 120.00799942016602, "model_wall_seconds": 120.42567920000874, "gap": 0.011514436504291644, "actual_reward": 726.8807978610268}
{"period": 52, "status": "time_limit", "solve_seconds": 120.00600051879883, "model_wall_seconds": 120.32063559998642, "gap": 0.0038723431179678645, "actual_reward": 159.80468102105928}
{"period": 53, "status": "time_limit", "solve_seconds": 120.28600120544434, "model_wall_seconds": 120.51121779999812, "gap": 0.03788226101292562, "actual_reward": 522.9169291893306}
{"period": 54, "status": "time_limit", "solve_seconds": 120.18199920654297, "model_wall_seconds": 120.40051480001421, "gap": 0.006380787736544888, "actual_reward": 305.2468567810136}
{"period": 55, "status": "time_limit", "solve_seconds": 120.01600074768066, "model_wall_seconds": 120.40079080002033, "gap": 0.01711797672659999, "actual_reward": 1173.5995601813418}
{"period": 56, "status": "time_limit", "solve_seconds": 120.00200080871582, "model_wall_seconds": 120.31979189999402, "gap": 0.001162071443970001, "actual_reward": -56.31112833702636}
{"period": 57, "status": "time_limit", "solve_seconds": 120.00199890136719, "model_wall_seconds": 120.42248660000041, "gap": 0.014287105763013475, "actual_reward": 644.4135128491115}
{"period": 58, "status": "time_limit", "solve_seconds": 120.00600051879883, "model_wall_seconds": 120.36662260000594, "gap": 0.013330334047527048, "actual_reward": 241.93142438362372}
{"period": 59, "status": "time_limit", "solve_seconds": 120.26099967956543, "model_wall_seconds": 120.54795470001409, "gap": 0.03665228179582934, "actual_reward": 80.962888876164}
{"period": 60, "status": "time_limit", "solve_seconds": 120.00399971008301, "model_wall_seconds": 120.46341909997864, "gap": 0.03573124024630852, "actual_reward": 209.88855680820018}
{"period": 61, "status": "time_limit", "solve_seconds": 120.24800109863281, "model_wall_seconds": 120.57399369997438, "gap": 0.04105487675278366, "actual_reward": 795.7121558137443}
{"period": 62, "status": "time_limit", "solve_seconds": 120.0049991607666, "model_wall_seconds": 120.4120627999946, "gap": 0.028242687453200344, "actual_reward": 103.8837765163076}
{"period": 63, "status": "time_limit", "solve_seconds": 120.00799942016602, "model_wall_seconds": 120.4598493000085, "gap": 0.03519510341431938, "actual_reward": 868.0471408635259}
{"period": 64, "status": "time_limit", "solve_seconds": 120.02899932861328, "model_wall_seconds": 120.42825729999458, "gap": 0.01841504919875031, "actual_reward": 371.03352071664784}
{"period": 65, "status": "time_limit", "solve_seconds": 120.00900077819824, "model_wall_seconds": 120.46821880000061, "gap": 0.05176523811645422, "actual_reward": 1170.2285439089117}
{"period": 66, "status": "time_limit", "solve_seconds": 120.00799942016602, "model_wall_seconds": 120.38129340001615, "gap": 0.02904215939989128, "actual_reward": 1117.8591906096253}
{"period": 67, "status": "time_limit", "solve_seconds": 120.00699996948242, "model_wall_seconds": 120.3829848000023, "gap": 0.028735940872644323, "actual_reward": 624.5622162294865}
{"period": 68, "status": "time_limit", "solve_seconds": 120.00800132751465, "model_wall_seconds": 120.39761750001344, "gap": 0.018658828692095147, "actual_reward": -153.07611361500508}
{"period": 69, "status": "time_limit", "solve_seconds": 120.30599975585938, "model_wall_seconds": 120.64060400001472, "gap": 0.041890181893981915, "actual_reward": 1030.9540999577844}
{"period": 70, "status": "time_limit", "solve_seconds": 120.0049991607666, "model_wall_seconds": 120.39762049997807, "gap": 0.021637566578348387, "actual_reward": 587.7980202005679}
{"period": 71, "status": "time_limit", "solve_seconds": 120.0620002746582, "model_wall_seconds": 120.5033011000196, "gap": 0.06593438582039791, "actual_reward": 1377.341365077641}
{"period": 72, "status": "time_limit", "solve_seconds": 120.01099967956543, "model_wall_seconds": 120.37264669997967, "gap": 0.018992977660358814, "actual_reward": 584.4217927928751}
{"period": 73, "status": "time_limit", "solve_seconds": 120.0099983215332, "model_wall_seconds": 120.4118340999994, "gap": 0.06196581762488018, "actual_reward": 970.7113117211954}
{"period": 74, "status": "time_limit", "solve_seconds": 120.24200057983398, "model_wall_seconds": 120.48315849999199, "gap": 0.05137023733044248, "actual_reward": 497.1498108649165}
{"period": 75, "status": "time_limit", "solve_seconds": 120.22400093078613, "model_wall_seconds": 120.4540960000013, "gap": 0.04402826777494893, "actual_reward": 388.9099607335808}
{"period": 76, "status": "time_limit", "solve_seconds": 120.00199890136719, "model_wall_seconds": 120.38277090000338, "gap": 0.014548954716316337, "actual_reward": 1096.2505457297627}
{"period": 77, "status": "time_limit", "solve_seconds": 120.00800132751465, "model_wall_seconds": 120.31708510001772, "gap": 0.006965243647158065, "actual_reward": 165.5930214293311}
{"state": "failed", "started_at": "2026-09-18T11:27:16.486827+00:00", "scenario": "D:\\Myfiles\\vscode_files\\cleanrl_BSS\\ExpresswayBSSs_v2\\data\\final_real_data_v1\\scenarios\\day_04.json", "route_mode": "joint", "charging_mode": "joint", "model": null, "deadline": null, "pid": 15152, "created": 1789730836.1897287, "source_snapshot": "D:\\Myfiles\\vscode_files\\cleanrl_BSS\\ExpresswayBSSs_v2\\outputs\\zero_terminal_real_data_seed1_v1\\runs\\h8_day04\\source_snapshots\\ab6a4edd93da12f2c3274fb2f6c253995674cccb18c880e56c1138d9c19c7b37", "prior_attempt_seconds": 0.0, "runtime_timing_incomplete": false, "runtime_timing_estimated": false, "launcher_source_snapshot": "D:\\Myfiles\\vscode_files\\cleanrl_BSS\\ExpresswayBSSs_v2\\outputs\\zero_terminal_real_data_seed1_v1\\code_snapshots\\9aeebb00aa8bc6a3c0fefc93d624d3533bc60be02ef2fa76568b47e360538acc", "finished_at": "2026-09-18T12:28:59.126552+00:00", "wall_seconds": 3702.6409820000117, "error_type": "ExecutionError", "error": "invalid slot charging power: station=9 slot=13 power=60.000000017965135 limit=60.0 tolerance=1e-08", "traceback": "Traceback (most recent call last):\n  File \"D:\\Myfiles\\vscode_files\\cleanrl_BSS\\ExpresswayBSSs_v2\\outputs\\zero_terminal_real_data_seed1_v1\\code_snapshots\\9aeebb00aa8bc6a3c0fefc93d624d3533bc60be02ef2fa76568b47e360538acc\\experiment_worker.py\", line 165, in _run_owned\n    result=run_rolling_mpc(params,scenario,network,progress=progress,\n  File \"D:\\Myfiles\\vscode_files\\cleanrl_BSS\\ExpresswayBSSs_v2\\outputs\\zero_terminal_real_data_seed1_v1\\code_snapshots\\9aeebb00aa8bc6a3c0fefc93d624d3533bc60be02ef2fa76568b47e360538acc\\src\\rolling_runner.py\", line 121, in run_rolling_mpc\n    execution = execute_step(params, state, solution, scenario.arrivals_between(\n  File \"D:\\Myfiles\\vscode_files\\cleanrl_BSS\\ExpresswayBSSs_v2\\outputs\\zero_terminal_real_data_seed1_v1\\code_snapshots\\9aeebb00aa8bc6a3c0fefc93d624d3533bc60be02ef2fa76568b47e360538acc\\src\\execution.py\", line 279, in execute_step\n    powers = _validate_power(params, result, solution)\n  File \"D:\\Myfiles\\vscode_files\\cleanrl_BSS\\ExpresswayBSSs_v2\\outputs\\zero_terminal_real_data_seed1_v1\\code_snapshots\\9aeebb00aa8bc6a3c0fefc93d624d3533bc60be02ef2fa76568b47e360538acc\\src\\execution.py\", line 252, in _validate_power\n    raise ExecutionError(\nsrc.execution.ExecutionError: invalid slot charging power: station=9 slot=13 power=60.000000017965135 limit=60.0 tolerance=1e-08\n"}
{"period": 78, "status": "time_limit", "solve_seconds": 120.01499938964844, "model_wall_seconds": 120.37119299999904, "gap": 0.005459858100235383, "actual_reward": 1064.646937632249}
{"period": 79, "status": "time_limit", "solve_seconds": 120.24499893188477, "model_wall_seconds": 120.45902260000003, "gap": 0.03919556021713316, "actual_reward": 299.05664890008916}
{"period": 80, "status": "optimal", "solve_seconds": 51.242000579833984, "model_wall_seconds": 51.508986200002255, "gap": 0.0, "actual_reward": 484.2328369609054}
{"period": 81, "status": "time_limit", "solve_seconds": 120.10500144958496, "model_wall_seconds": 120.63793379999697, "gap": 0.1031835796539298, "actual_reward": 756.9282424453176}
{"state": "paused", "started_at": "2026-09-18T12:40:10.924335+00:00", "scenario": "D:\\Myfiles\\vscode_files\\cleanrl_BSS\\ExpresswayBSSs_v2\\data\\final_real_data_v1\\scenarios\\day_04.json", "route_mode": "joint", "charging_mode": "joint", "model": null, "deadline": null, "pid": 14648, "created": 1789735210.4407015, "source_snapshot": "D:\\Myfiles\\vscode_files\\cleanrl_BSS\\ExpresswayBSSs_v2\\outputs\\zero_terminal_real_data_seed1_v1\\runs\\h8_day04\\source_snapshots\\bbb97d08cc6193d6f6886a6fec6078efbcccd559ce89c1e0f75fb0dcf6892ad8", "prior_attempt_seconds": 3702.6409820000117, "runtime_timing_incomplete": false, "runtime_timing_estimated": false, "launcher_source_snapshot": "D:\\Myfiles\\vscode_files\\cleanrl_BSS\\ExpresswayBSSs_v2\\outputs\\zero_terminal_real_data_seed1_v1\\code_snapshots\\d4f2fdbe270e0626bf14cba6d60648977d192f240ac5c40cf1dd439d743c20ce", "finished_at": "2026-09-18T12:47:16.241047+00:00", "wall_seconds": 425.31829709999147, "error_type": "ExperimentPaused", "error": "Paused at an execution boundary by a saved pause request.", "traceback": "Traceback (most recent call last):\n  File \"D:\\Myfiles\\vscode_files\\cleanrl_BSS\\ExpresswayBSSs_v2\\outputs\\zero_terminal_real_data_seed1_v1\\code_snapshots\\d4f2fdbe270e0626bf14cba6d60648977d192f240ac5c40cf1dd439d743c20ce\\experiment_worker.py\", line 165, in _run_owned\n    result=run_rolling_mpc(params,scenario,network,progress=progress,\n  File \"D:\\Myfiles\\vscode_files\\cleanrl_BSS\\ExpresswayBSSs_v2\\outputs\\zero_terminal_real_data_seed1_v1\\code_snapshots\\d4f2fdbe270e0626bf14cba6d60648977d192f240ac5c40cf1dd439d743c20ce\\src\\rolling_runner.py\", line 88, in run_rolling_mpc\n    raise ExperimentPaused(\"Paused at an execution boundary by a saved pause request.\")\nsrc.experiment_control.ExperimentPaused: Paused at an execution boundary by a saved pause request.\n"}
{"period": 82, "status": "optimal", "solve_seconds": 43.80299949645996, "model_wall_seconds": 45.411546399991494, "gap": 8.685835248625422e-06, "actual_reward": 542.6668249761134}
{"period": 83, "status": "time_limit", "solve_seconds": 120.00899887084961, "model_wall_seconds": 120.31513339999947, "gap": 0.005665236067201434, "actual_reward": 516.9056820588039}
{"period": 84, "status": "optimal", "solve_seconds": 88.79999923706055, "model_wall_seconds": 89.09390870001516, "gap": 0.0, "actual_reward": 1244.800671162553}
{"period": 85, "status": "optimal", "solve_seconds": 6.115999221801758, "model_wall_seconds": 6.284491200000048, "gap": 0.0, "actual_reward": 96.49780619854802}
{"period": 86, "status": "optimal", "solve_seconds": 4.298000335693359, "model_wall_seconds": 4.470226900011767, "gap": 0.0, "actual_reward": 639.740804090806}
{"period": 87, "status": "optimal", "solve_seconds": 24.746000289916992, "model_wall_seconds": 24.950649700011127, "gap": 0.0, "actual_reward": 538.9760685666661}
{"period": 88, "status": "optimal", "solve_seconds": 2.798999786376953, "model_wall_seconds": 2.9584264000004623, "gap": 2.0362084821618194e-05, "actual_reward": 847.3263057591826}
{"period": 89, "status": "optimal", "solve_seconds": 4.197999954223633, "model_wall_seconds": 4.355226399988169, "gap": 9.694925785792465e-05, "actual_reward": 177.66969620853865}
{"period": 90, "status": "optimal", "solve_seconds": 2.095998764038086, "model_wall_seconds": 2.2467555000039283, "gap": 9.484368943178467e-06, "actual_reward": 150.69552960944816}
{"period": 91, "status": "optimal", "solve_seconds": 40.915000915527344, "model_wall_seconds": 41.12104929998168, "gap": 0.0, "actual_reward": 713.6642044858969}
{"period": 92, "status": "optimal", "solve_seconds": 1.9610004425048828, "model_wall_seconds": 2.0949902999855112, "gap": 0.0, "actual_reward": 556.3410144287592}
{"period": 93, "status": "optimal", "solve_seconds": 2.2609996795654297, "model_wall_seconds": 2.3703477999952156, "gap": 8.78022148119873e-06, "actual_reward": 212.439611064105}
{"period": 94, "status": "optimal", "solve_seconds": 1.6669998168945312, "model_wall_seconds": 1.7869473000173457, "gap": 0.0, "actual_reward": 144.34098761639456}
{"period": 95, "status": "optimal", "solve_seconds": 10.856000900268555, "model_wall_seconds": 11.007482999993954, "gap": 9.211633892182533e-05, "actual_reward": 512.995695979551}
{"period": 96, "status": "optimal", "solve_seconds": 0.8850002288818359, "model_wall_seconds": 0.9940276000124868, "gap": 0.0, "actual_reward": 289.85214743156774}
{"period": 97, "status": "optimal", "solve_seconds": 1.1899986267089844, "model_wall_seconds": 1.3032612999959383, "gap": 0.0, "actual_reward": 424.9274686046278}
{"period": 98, "status": "optimal", "solve_seconds": 0.5, "model_wall_seconds": 0.6112015999970026, "gap": 0.0, "actual_reward": 116.0906148504623}
{"period": 99, "status": "optimal", "solve_seconds": 0.7210006713867188, "model_wall_seconds": 0.8492446999880485, "gap": 0.0, "actual_reward": 136.25641924880162}
{"period": 100, "status": "optimal", "solve_seconds": 0.3859996795654297, "model_wall_seconds": 0.47600289998808876, "gap": 0.0, "actual_reward": 101.87233639363699}
{"period": 101, "status": "optimal", "solve_seconds": 0.6369991302490234, "model_wall_seconds": 0.7261846000037622, "gap": 0.0, "actual_reward": 440.30931888902927}
{"period": 102, "status": "optimal", "solve_seconds": 0.2989997863769531, "model_wall_seconds": 0.38192240000353195, "gap": 0.0, "actual_reward": 171.789000038998}
{"period": 103, "status": "optimal", "solve_seconds": 0.30699920654296875, "model_wall_seconds": 0.3867589000146836, "gap": 0.0, "actual_reward": 237.75663358240192}
{"period": 104, "status": "optimal", "solve_seconds": 0.1770000457763672, "model_wall_seconds": 0.2551775999891106, "gap": 0.0, "actual_reward": 121.40042031976519}
{"period": 105, "status": "optimal", "solve_seconds": 0.20999908447265625, "model_wall_seconds": 0.2841341999883298, "gap": 0.0, "actual_reward": -1118.8131578947612}
{"period": 106, "status": "optimal", "solve_seconds": 0.21700096130371094, "model_wall_seconds": 0.29907040001126006, "gap": 0.0, "actual_reward": 147.1394187662471}
{"period": 107, "status": "optimal", "solve_seconds": 0.21400070190429688, "model_wall_seconds": 0.28556650000973605, "gap": 0.0, "actual_reward": -42.05779061695821}
{"period": 108, "status": "optimal", "solve_seconds": 0.180999755859375, "model_wall_seconds": 0.24992940001538955, "gap": 0.0, "actual_reward": 199.170191839964}
{"period": 109, "status": "optimal", "solve_seconds": 0.29199981689453125, "model_wall_seconds": 0.3742217000108212, "gap": 0.0, "actual_reward": 96.11833333344198}
{"period": 110, "status": "optimal", "solve_seconds": 0.17300033569335938, "model_wall_seconds": 0.24286249998840503, "gap": 0.0, "actual_reward": -9.369254386395458}
{"period": 111, "status": "optimal", "solve_seconds": 0.17499923706054688, "model_wall_seconds": 0.24063159999786876, "gap": 0.0, "actual_reward": -1.5441666666030245}
{"period": 112, "status": "optimal", "solve_seconds": 0.1439990997314453, "model_wall_seconds": 0.2105775999953039, "gap": 0.0, "actual_reward": 234.34004385980785}
{"period": 113, "status": "optimal", "solve_seconds": 0.16699981689453125, "model_wall_seconds": 0.23073500001919456, "gap": 0.0, "actual_reward": -26.356140350864273}
{"period": 114, "status": "optimal", "solve_seconds": 0.11300086975097656, "model_wall_seconds": 0.17412400001194328, "gap": 0.0, "actual_reward": -12.621535087813418}
{"period": 115, "status": "optimal", "solve_seconds": 0.10500144958496094, "model_wall_seconds": 0.1711650999786798, "gap": 0.0, "actual_reward": 284.2838157900725}
{"period": 116, "status": "optimal", "solve_seconds": 0.09099960327148438, "model_wall_seconds": 0.15630800000508316, "gap": 0.0, "actual_reward": 39.72094298260006}
{"period": 117, "status": "optimal", "solve_seconds": 0.1529998779296875, "model_wall_seconds": 0.22137869999278337, "gap": 0.0, "actual_reward": -41.423947368383004}
{"period": 118, "status": "optimal", "solve_seconds": 0.1510009765625, "model_wall_seconds": 0.21472270000958815, "gap": 0.0, "actual_reward": 37.99280701783039}
{"period": 119, "status": "optimal", "solve_seconds": 0.11100006103515625, "model_wall_seconds": 0.17412350000813603, "gap": 0.0, "actual_reward": 56.60877193006325}
{"period": 120, "status": "optimal", "solve_seconds": 0.08899879455566406, "model_wall_seconds": 0.14956039999378845, "gap": 0.0, "actual_reward": -15.62905701752}
{"period": 121, "status": "optimal", "solve_seconds": 0.12800025939941406, "model_wall_seconds": 0.1906850000086706, "gap": 0.0, "actual_reward": -8.473684210673715}
{"period": 122, "status": "optimal", "solve_seconds": 0.08600044250488281, "model_wall_seconds": 0.14645040000323206, "gap": 0.0, "actual_reward": 17.60666666684795}
{"period": 123, "status": "optimal", "solve_seconds": 0.12400054931640625, "model_wall_seconds": 0.17620190000161529, "gap": 0.0, "actual_reward": 274.28999999976895}
{"period": 124, "status": "optimal", "solve_seconds": 0.06599998474121094, "model_wall_seconds": 0.18089630000758916, "gap": 0.0, "actual_reward": 62.931578947523676}
{"period": 125, "status": "optimal", "solve_seconds": 0.06500053405761719, "model_wall_seconds": 0.11941699997987598, "gap": 0.0, "actual_reward": 60.16524809110103}
{"period": 126, "status": "optimal", "solve_seconds": 0.07499885559082031, "model_wall_seconds": 0.13351810001768172, "gap": 0.0, "actual_reward": -6.900668030826342}
{"period": 127, "status": "optimal", "solve_seconds": 0.05100059509277344, "model_wall_seconds": 0.11242560000391677, "gap": 0.0, "actual_reward": -10.500000000000014}
{"period": 128, "status": "optimal", "solve_seconds": 0.04000091552734375, "model_wall_seconds": 0.10077400002046488, "gap": 0.0, "actual_reward": -20.55000000000003}
{"period": 129, "status": "optimal", "solve_seconds": 0.06599998474121094, "model_wall_seconds": 0.12159719999181107, "gap": 0.0, "actual_reward": 31.336666666959957}
{"period": 130, "status": "optimal", "solve_seconds": 0.048999786376953125, "model_wall_seconds": 0.1026739000226371, "gap": 0.0, "actual_reward": -16.25198382037319}
{"period": 131, "status": "optimal", "solve_seconds": 0.05100059509277344, "model_wall_seconds": 0.10460670001339167, "gap": 0.0, "actual_reward": -15.175657894736872}
{"period": 132, "status": "optimal", "solve_seconds": 0.03199958801269531, "model_wall_seconds": 0.08595239999704063, "gap": 0.0, "actual_reward": 59.59999999955296}
{"period": 133, "status": "optimal", "solve_seconds": 0.024999618530273438, "model_wall_seconds": 0.07705469999928027, "gap": 0.0, "actual_reward": -2.4371615836571438e-14}
{"period": 134, "status": "optimal", "solve_seconds": 0.022001266479492188, "model_wall_seconds": 0.07701989999623038, "gap": 0.0, "actual_reward": -2.4371615836571438e-14}
{"period": 135, "status": "optimal", "solve_seconds": 0.048999786376953125, "model_wall_seconds": 0.10639480000827461, "gap": 0.0, "actual_reward": -14.675657894736897}
{"period": 136, "status": "optimal", "solve_seconds": 0.042999267578125, "model_wall_seconds": 0.15255479997722432, "gap": 0.0, "actual_reward": 111.32000000004597}
{"period": 137, "status": "optimal", "solve_seconds": 0.034000396728515625, "model_wall_seconds": 0.09538010001415387, "gap": 0.0, "actual_reward": -10.050000000000031}
{"period": 138, "status": "optimal", "solve_seconds": 0.02700042724609375, "model_wall_seconds": 0.08119409999926575, "gap": 0.0, "actual_reward": -5.054385965006332}
{"period": 139, "status": "optimal", "solve_seconds": 0.019001007080078125, "model_wall_seconds": 0.0773365999921225, "gap": 0.0, "actual_reward": -1.7905676941154525e-14}
{"period": 140, "status": "optimal", "solve_seconds": 0.030000686645507812, "model_wall_seconds": 0.07822540000779554, "gap": 0.0, "actual_reward": -1.3216094885137864e-14}
{"period": 141, "status": "optimal", "solve_seconds": 0.04399871826171875, "model_wall_seconds": 0.10134799999650568, "gap": 0.0, "actual_reward": -10.000000000000044}
{"period": 142, "status": "optimal", "solve_seconds": 0.026998519897460938, "model_wall_seconds": 0.07804170000599697, "gap": 0.0, "actual_reward": -17.400000000000045}
{"period": 143, "status": "optimal", "solve_seconds": 0.023000717163085938, "model_wall_seconds": 0.07506909998483025, "gap": 0.0, "actual_reward": -8.343859649326323}
{"period": 144, "status": "optimal", "solve_seconds": 0.021999359130859375, "model_wall_seconds": 0.0737531999766361, "gap": 0.0, "actual_reward": -1.6484591469634326e-14}
{"period": 145, "status": "optimal", "solve_seconds": 0.015001296997070312, "model_wall_seconds": 0.07141080001019873, "gap": 0.0, "actual_reward": -1.6484591469634326e-14}
{"period": 146, "status": "optimal", "solve_seconds": 0.020999908447265625, "model_wall_seconds": 0.0729146999947261, "gap": 0.0, "actual_reward": -17.400000000000016}
{"period": 147, "status": "optimal", "solve_seconds": 0.017999649047851562, "model_wall_seconds": 0.06649639998795465, "gap": 0.0, "actual_reward": 124.95999999999997}
{"state": "complete", "started_at": "2026-09-18T16:55:02.131795+00:00", "scenario": "D:\\Myfiles\\vscode_files\\cleanrl_BSS\\ExpresswayBSSs_v2\\data\\final_real_data_v1\\scenarios\\day_04.json", "route_mode": "joint", "charging_mode": "joint", "model": null, "deadline": null, "pid": 27460, "created": 1789750501.8454616, "source_snapshot": "D:\\Myfiles\\vscode_files\\cleanrl_BSS\\ExpresswayBSSs_v2\\outputs\\zero_terminal_real_data_seed1_v1\\runs\\h8_day04\\source_snapshots\\bbb97d08cc6193d6f6886a6fec6078efbcccd559ce89c1e0f75fb0dcf6892ad8", "prior_attempt_seconds": 4127.959279100003, "runtime_timing_incomplete": false, "runtime_timing_estimated": false, "launcher_source_snapshot": "D:\\Myfiles\\vscode_files\\cleanrl_BSS\\ExpresswayBSSs_v2\\outputs\\zero_terminal_real_data_seed1_v1\\code_snapshots\\d4f2fdbe270e0626bf14cba6d60648977d192f240ac5c40cf1dd439d743c20ce", "finished_at": "2026-09-18T17:04:58.870861+00:00", "wall_seconds": 596.7457900999871, "metrics": {"net_profit_yuan": 36793.16485178774, "service_income_yuan": 54119.22464742896, "charging_cost_yuan": 14476.059795641153, "adjustment_cost_yuan": 1850.0, "reservation_failure_cost_yuan": 1000.0, "reservation_count": 200, "actual_random_count": 200, "reservation_failures": 1, "reservation_failure_rate": 0.005, "reservation_completed": 199, "reservation_unfinished_at_L": 29, "reservation_unfinished_rate_at_L": 0.145, "reservation_unfinished_after_cleanup": 0, "random_services": 177, "random_service_rate": 0.885, "mean_wait_minutes_served": 12.647083946165957, "path_adjustments": 185, "solver_seconds_mean": 28.851816255219127, "solver_seconds_p95": 120.15889987945556, "model_wall_seconds_mean": 29.037770242177245, "model_wall_seconds_p95": 120.46677888999402, "model_wall_seconds_total": 4268.552225600055, "mip_gap_mean": 0.00619319930267055, "mip_gap_max": 0.1031835796539298, "mip_gap_target_met_fraction": 0.7891156462585034, "solver_status_counts": {"optimal": 116, "time_limit": 31}, "completed_periods": 147, "demand_periods": 96, "cleanup_periods": 51, "cleanup_hours": 12.75, "time_limit_fraction": 0.2108843537414966, "final_inventory_kwh": 4918.753339942501, "random_timeouts": 23, "terminal_settlement": "none", "operating_duration_hours": 24.0, "current_attempt_wall_seconds": 596.7436891999969, "prior_attempt_wall_seconds": 4127.959279100003, "known_runtime_seconds": 4724.7029683, "runtime_timing_incomplete": false, "runtime_timing_estimated": false, "worker_wall_seconds": 4724.7029683}}
