{"period": 1, "status": "optimal", "solve_seconds": 0.15800094604492188, "model_wall_seconds": 0.3080007999960799, "gap": 0.0, "actual_reward": 0.0}
{"period": 2, "status": "optimal", "solve_seconds": 0.06500053405761719, "model_wall_seconds": 0.20541189998039044, "gap": 0.0, "actual_reward": 68.67519422028536}
{"period": 3, "status": "optimal", "solve_seconds": 0.1680011749267578, "model_wall_seconds": 0.30789179998100735, "gap": 0.0, "actual_reward": 0.0}
{"period": 4, "status": "optimal", "solve_seconds": 0.048000335693359375, "model_wall_seconds": 0.19148129998939112, "gap": 0.0, "actual_reward": 0.0}
{"period": 5, "status": "optimal", "solve_seconds": 0.09900093078613281, "model_wall_seconds": 0.2317901000205893, "gap": 0.0, "actual_reward": 98.41965993695473}
{"period": 6, "status": "optimal", "solve_seconds": 0.03999900817871094, "model_wall_seconds": 0.17271379998419434, "gap": 0.0, "actual_reward": 0.0}
{"period": 7, "status": "optimal", "solve_seconds": 0.13800048828125, "model_wall_seconds": 0.2668208999966737, "gap": 0.0, "actual_reward": 70.42739178912254}
{"period": 8, "status": "optimal", "solve_seconds": 0.07299995422363281, "model_wall_seconds": 0.21002269999007694, "gap": 0.0, "actual_reward": 0.0}
{"period": 9, "status": "optimal", "solve_seconds": 0.10499954223632812, "model_wall_seconds": 0.24105510002118535, "gap": 0.0, "actual_reward": 189.04709863717449}
{"period": 10, "status": "optimal", "solve_seconds": 0.029998779296875, "model_wall_seconds": 0.16664650000166148, "gap": 0.0, "actual_reward": -7.425171588693046e-15}
{"period": 11, "status": "optimal", "solve_seconds": 0.10400009155273438, "model_wall_seconds": 0.2354613000061363, "gap": 0.0, "actual_reward": -7.425171588693046e-15}
{"period": 12, "status": "optimal", "solve_seconds": 0.06500053405761719, "model_wall_seconds": 0.1984742000058759, "gap": 0.0, "actual_reward": 174.8965910526893}
{"period": 13, "status": "optimal", "solve_seconds": 0.11100006103515625, "model_wall_seconds": 0.23927410002215765, "gap": 0.0, "actual_reward": 59.746600537567}
{"period": 14, "status": "optimal", "solve_seconds": 0.030000686645507812, "model_wall_seconds": 0.16345789999468252, "gap": 0.0, "actual_reward": -1.2114753644709709e-14}
{"period": 15, "status": "optimal", "solve_seconds": 0.1420001983642578, "model_wall_seconds": 0.2824465000012424, "gap": 0.0, "actual_reward": 110.17795507467301}
{"period": 16, "status": "optimal", "solve_seconds": 0.03899955749511719, "model_wall_seconds": 0.1699376000033226, "gap": 0.0, "actual_reward": 121.50617319973603}
{"period": 17, "status": "optimal", "solve_seconds": 0.09599876403808594, "model_wall_seconds": 0.22987859998829663, "gap": 0.0, "actual_reward": 108.35659412062199}
{"period": 18, "status": "optimal", "solve_seconds": 0.048000335693359375, "model_wall_seconds": 0.17982499999925494, "gap": 0.0, "actual_reward": -1.334043986389588e-14}
{"period": 19, "status": "optimal", "solve_seconds": 0.14100074768066406, "model_wall_seconds": 0.2685440999921411, "gap": 0.0, "actual_reward": 64.016666666935}
{"period": 20, "status": "optimal", "solve_seconds": 0.03899955749511719, "model_wall_seconds": 0.17717260000063106, "gap": 0.0, "actual_reward": -1.831423901421658e-14}
{"period": 21, "status": "optimal", "solve_seconds": 0.12400054931640625, "model_wall_seconds": 0.24997770000481978, "gap": 0.0, "actual_reward": -1.831423901421658e-14}
{"period": 22, "status": "optimal", "solve_seconds": 0.04599952697753906, "model_wall_seconds": 0.1947062000108417, "gap": 0.0, "actual_reward": -1.831423901421658e-14}
{"period": 23, "status": "optimal", "solve_seconds": 0.1289997100830078, "model_wall_seconds": 0.2480840000207536, "gap": 0.0, "actual_reward": 238.13654994507402}
{"period": 24, "status": "optimal", "solve_seconds": 0.03600120544433594, "model_wall_seconds": 0.17469739998341538, "gap": 0.0, "actual_reward": -1.831423901421658e-14}
{"period": 25, "status": "optimal", "solve_seconds": 0.10400009155273438, "model_wall_seconds": 0.22748410000349395, "gap": 0.0, "actual_reward": 96.53389667851201}
{"period": 26, "status": "optimal", "solve_seconds": 0.036998748779296875, "model_wall_seconds": 0.16842649999307469, "gap": 0.0, "actual_reward": 149.7674689175584}
{"period": 27, "status": "optimal", "solve_seconds": 0.11499977111816406, "model_wall_seconds": 0.26144050000584684, "gap": 0.0, "actual_reward": -10.000000000000032}
{"period": 28, "status": "optimal", "solve_seconds": 0.049999237060546875, "model_wall_seconds": 0.18630440000561066, "gap": 0.0, "actual_reward": -3.042899265892629e-14}
{"period": 29, "status": "optimal", "solve_seconds": 0.11599922180175781, "model_wall_seconds": 0.24326319998363033, "gap": 0.0, "actual_reward": -3.042899265892629e-14}
{"period": 30, "status": "optimal", "solve_seconds": 0.049999237060546875, "model_wall_seconds": 0.20367310001165606, "gap": 0.0, "actual_reward": 149.78232470195}
{"period": 31, "status": "optimal", "solve_seconds": 0.11499977111816406, "model_wall_seconds": 0.24429390000295825, "gap": 0.0, "actual_reward": -10.000000000000039}
{"period": 32, "status": "optimal", "solve_seconds": 0.06599998474121094, "model_wall_seconds": 0.19925440000952221, "gap": 0.0, "actual_reward": -3.7783109974043327e-14}
{"period": 33, "status": "optimal", "solve_seconds": 0.19099998474121094, "model_wall_seconds": 0.32287589999032207, "gap": 0.0, "actual_reward": 362.67132032141717}
{"period": 34, "status": "optimal", "solve_seconds": 0.06299972534179688, "model_wall_seconds": 0.19972770000458695, "gap": 0.0, "actual_reward": 217.0969153207289}
{"period": 35, "status": "optimal", "solve_seconds": 0.1790008544921875, "model_wall_seconds": 0.3331484000082128, "gap": 0.0, "actual_reward": 244.60477966089553}
{"period": 36, "status": "optimal", "solve_seconds": 0.08699989318847656, "model_wall_seconds": 0.2264277000213042, "gap": 0.0, "actual_reward": 335.9180414439252}
{"period": 37, "status": "optimal", "solve_seconds": 0.2030010223388672, "model_wall_seconds": 0.363880999997491, "gap": 0.0, "actual_reward": 60.54593059503993}
{"period": 38, "status": "optimal", "solve_seconds": 0.11100006103515625, "model_wall_seconds": 0.2532299000013154, "gap": 0.0, "actual_reward": 226.91560481868925}
{"period": 39, "status": "optimal", "solve_seconds": 0.19300079345703125, "model_wall_seconds": 0.3533762999868486, "gap": 0.0, "actual_reward": 540.3767261986749}
{"period": 40, "status": "optimal", "solve_seconds": 0.12199974060058594, "model_wall_seconds": 0.26760169997578487, "gap": 0.0, "actual_reward": 386.02713912481875}
{"period": 41, "status": "optimal", "solve_seconds": 0.23200035095214844, "model_wall_seconds": 0.3965328999911435, "gap": 0.0, "actual_reward": 617.7439211250796}
{"period": 42, "status": "optimal", "solve_seconds": 0.1620006561279297, "model_wall_seconds": 0.31866759998956695, "gap": 0.0, "actual_reward": 187.92508456690453}
{"period": 43, "status": "optimal", "solve_seconds": 0.2310009002685547, "model_wall_seconds": 0.3995671000157017, "gap": 0.0, "actual_reward": 505.51229514224843}
{"period": 44, "status": "optimal", "solve_seconds": 0.16099929809570312, "model_wall_seconds": 0.31230419999337755, "gap": 0.0, "actual_reward": 644.0968288803152}
{"period": 45, "status": "optimal", "solve_seconds": 0.2329998016357422, "model_wall_seconds": 0.40426619999925606, "gap": 0.0, "actual_reward": 291.9834161860746}
{"period": 46, "status": "optimal", "solve_seconds": 0.15900039672851562, "model_wall_seconds": 0.3131400999845937, "gap": 0.0, "actual_reward": 363.1729960119149}
{"period": 47, "status": "optimal", "solve_seconds": 0.8409996032714844, "model_wall_seconds": 1.0082400999963284, "gap": 5.722206871629315e-06, "actual_reward": 566.8916947296588}
{"period": 48, "status": "optimal", "solve_seconds": 0.9379997253417969, "model_wall_seconds": 1.118893200007733, "gap": 0.0, "actual_reward": 842.2361552102091}
{"period": 49, "status": "optimal", "solve_seconds": 0.44299888610839844, "model_wall_seconds": 0.5818507999938447, "gap": 0.0, "actual_reward": 182.74549949183194}
{"period": 50, "status": "optimal", "solve_seconds": 0.2460002899169922, "model_wall_seconds": 0.39756489999126643, "gap": 0.0, "actual_reward": 513.4668256174514}
{"period": 51, "status": "optimal", "solve_seconds": 0.5279998779296875, "model_wall_seconds": 0.6911931000067852, "gap": 0.0, "actual_reward": 399.6577966435261}
{"period": 52, "status": "optimal", "solve_seconds": 0.23399925231933594, "model_wall_seconds": 0.3910383000038564, "gap": 0.0, "actual_reward": 591.7943872404152}
{"period": 53, "status": "optimal", "solve_seconds": 0.3540000915527344, "model_wall_seconds": 0.49492510000709444, "gap": 0.0, "actual_reward": 526.4142997614823}
{"period": 54, "status": "optimal", "solve_seconds": 0.3360004425048828, "model_wall_seconds": 0.49641849999898113, "gap": 0.0, "actual_reward": 548.1087850050767}
{"period": 55, "status": "optimal", "solve_seconds": 0.2740001678466797, "model_wall_seconds": 0.4170383999880869, "gap": 0.0, "actual_reward": 270.0306135996774}
{"period": 56, "status": "optimal", "solve_seconds": 0.3120002746582031, "model_wall_seconds": 0.5018350000027567, "gap": 0.0, "actual_reward": 61.564885387011316}
{"period": 57, "status": "optimal", "solve_seconds": 0.4589996337890625, "model_wall_seconds": 0.610229200014146, "gap": 0.0, "actual_reward": 517.1334428398296}
{"period": 58, "status": "optimal", "solve_seconds": 0.2709999084472656, "model_wall_seconds": 0.4333304000028875, "gap": 0.0, "actual_reward": 61.57152233828538}
{"period": 59, "status": "optimal", "solve_seconds": 0.4679985046386719, "model_wall_seconds": 0.6065149999922141, "gap": 0.0, "actual_reward": 505.96042478536725}
{"period": 60, "status": "optimal", "solve_seconds": 0.19099998474121094, "model_wall_seconds": 0.3767068999877665, "gap": 0.0, "actual_reward": 578.8678576184456}
{"period": 61, "status": "optimal", "solve_seconds": 0.34200096130371094, "model_wall_seconds": 0.5143783999956213, "gap": 0.0, "actual_reward": 1493.9865396519176}
{"period": 62, "status": "optimal", "solve_seconds": 0.21000099182128906, "model_wall_seconds": 0.3501602000033017, "gap": 0.0, "actual_reward": 544.2829612904061}
{"period": 63, "status": "optimal", "solve_seconds": 0.3130016326904297, "model_wall_seconds": 0.4431660000118427, "gap": 0.0, "actual_reward": -889.5005669920022}
{"period": 64, "status": "optimal", "solve_seconds": 0.28800010681152344, "model_wall_seconds": 0.44882820002385415, "gap": 0.0, "actual_reward": 421.1703605791842}
{"period": 65, "status": "optimal", "solve_seconds": 0.444000244140625, "model_wall_seconds": 0.5867909000080545, "gap": 0.0, "actual_reward": -1718.0361236293152}
{"period": 66, "status": "optimal", "solve_seconds": 0.345001220703125, "model_wall_seconds": 0.5539641999930609, "gap": 0.0, "actual_reward": 451.48984571671497}
{"period": 67, "status": "optimal", "solve_seconds": 0.32200050354003906, "model_wall_seconds": 0.47008200001437217, "gap": 2.7766429311930443e-10, "actual_reward": -3500.4057680118867}
{"period": 68, "status": "optimal", "solve_seconds": 0.2560005187988281, "model_wall_seconds": 0.39715350000187755, "gap": 0.0, "actual_reward": -47.1000000000001}
{"period": 69, "status": "optimal", "solve_seconds": 0.5009994506835938, "model_wall_seconds": 0.6682567000098061, "gap": 1.1073874452945043e-06, "actual_reward": 470.8840093580134}
{"period": 70, "status": "optimal", "solve_seconds": 0.20599937438964844, "model_wall_seconds": 0.35628320000250824, "gap": 0.0, "actual_reward": -2682.5722009309125}
{"period": 71, "status": "optimal", "solve_seconds": 0.27700042724609375, "model_wall_seconds": 0.4107730000105221, "gap": 0.0, "actual_reward": 441.1482469027917}
{"period": 72, "status": "optimal", "solve_seconds": 0.3119983673095703, "model_wall_seconds": 0.4582065000140574, "gap": 0.0, "actual_reward": -2761.5464650754166}
{"period": 73, "status": "optimal", "solve_seconds": 0.3020000457763672, "model_wall_seconds": 0.4349291000107769, "gap": 8.89548902942919e-05, "actual_reward": -1975.093315864563}
{"period": 74, "status": "optimal", "solve_seconds": 0.2239990234375, "model_wall_seconds": 0.3548058000160381, "gap": 0.0, "actual_reward": 1007.249781574824}
{"period": 75, "status": "optimal", "solve_seconds": 0.18700027465820312, "model_wall_seconds": 0.30807120000827126, "gap": 0.0, "actual_reward": -3662.8717871943363}
{"period": 76, "status": "optimal", "solve_seconds": 0.08600044250488281, "model_wall_seconds": 0.20264390000374988, "gap": 0.0, "actual_reward": -3535.982120657955}
{"period": 77, "status": "optimal", "solve_seconds": 0.13800048828125, "model_wall_seconds": 0.2500607999972999, "gap": 0.0, "actual_reward": -2626.922984822733}
{"period": 78, "status": "optimal", "solve_seconds": 0.10200119018554688, "model_wall_seconds": 0.21484299999428913, "gap": 8.126044930986665e-05, "actual_reward": -3705.503191970397}
{"period": 79, "status": "optimal", "solve_seconds": 0.15600013732910156, "model_wall_seconds": 0.2789640999981202, "gap": 0.0, "actual_reward": -2628.317395566498}
{"period": 80, "status": "optimal", "solve_seconds": 0.082000732421875, "model_wall_seconds": 0.19875140002113767, "gap": 0.0, "actual_reward": -745.9087657241878}
{"period": 81, "status": "optimal", "solve_seconds": 0.08800125122070312, "model_wall_seconds": 0.1962502999813296, "gap": 0.0, "actual_reward": -963.2200000000581}
{"period": 82, "status": "optimal", "solve_seconds": 0.04500007629394531, "model_wall_seconds": 0.15297470000223257, "gap": 0.0, "actual_reward": -5754.097714291145}
{"period": 83, "status": "optimal", "solve_seconds": 0.13700103759765625, "model_wall_seconds": 0.2379755000001751, "gap": 0.0, "actual_reward": -2937.4294660616974}
{"period": 84, "status": "optimal", "solve_seconds": 0.11299896240234375, "model_wall_seconds": 0.26973570001428016, "gap": 0.0, "actual_reward": -4806.547320103075}
{"period": 85, "status": "optimal", "solve_seconds": 0.14800071716308594, "model_wall_seconds": 0.24233080001431517, "gap": 0.0, "actual_reward": -4063.0}
{"period": 86, "status": "optimal", "solve_seconds": 0.11800003051757812, "model_wall_seconds": 0.22806809999747202, "gap": 9.012865333163157e-05, "actual_reward": -3082.5975817372264}
{"period": 87, "status": "optimal", "solve_seconds": 0.13700103759765625, "model_wall_seconds": 0.23690099999657832, "gap": 0.0, "actual_reward": -7761.930760454839}
{"period": 88, "status": "optimal", "solve_seconds": 0.05299949645996094, "model_wall_seconds": 0.18836659999215044, "gap": 0.0, "actual_reward": -1530.305849598005}
{"period": 89, "status": "optimal", "solve_seconds": 0.05100059509277344, "model_wall_seconds": 0.1305114999995567, "gap": 0.0, "actual_reward": -3836.656697722331}
{"period": 90, "status": "optimal", "solve_seconds": 0.019001007080078125, "model_wall_seconds": 0.08726599998772144, "gap": 0.0, "actual_reward": -3020.7}
{"period": 91, "status": "optimal", "solve_seconds": 0.035999298095703125, "model_wall_seconds": 0.10661930000060238, "gap": 0.0, "actual_reward": -3893.76028740152}
{"period": 92, "status": "optimal", "solve_seconds": 0.024000167846679688, "model_wall_seconds": 0.09469209998496808, "gap": 0.0, "actual_reward": -1012.3763157895221}
{"period": 93, "status": "optimal", "solve_seconds": 0.049999237060546875, "model_wall_seconds": 0.11877670002286322, "gap": 0.0, "actual_reward": -2030.8500000000001}
{"period": 94, "status": "optimal", "solve_seconds": 0.05500030517578125, "model_wall_seconds": 0.12375669999164529, "gap": 0.0, "actual_reward": 123.34980186090473}
{"period": 95, "status": "optimal", "solve_seconds": 0.034999847412109375, "model_wall_seconds": 0.10080399998696521, "gap": 0.0, "actual_reward": -5020.5}
{"period": 96, "status": "optimal", "solve_seconds": 0.0149993896484375, "model_wall_seconds": 0.07559399999445304, "gap": 0.0, "actual_reward": -4000.0}
{"period": 97, "status": "optimal", "solve_seconds": 0.03199958801269531, "model_wall_seconds": 0.08190399999148212, "gap": 0.0, "actual_reward": -3932.453333333383}
{"period": 98, "status": "optimal", "solve_seconds": 0.006000518798828125, "model_wall_seconds": 0.05499550001695752, "gap": 0.0, "actual_reward": -2000.0}
{"period": 99, "status": "optimal", "solve_seconds": 0.017999649047851562, "model_wall_seconds": 0.06452960000024177, "gap": 0.0, "actual_reward": -3000.0}
{"period": 100, "status": "optimal", "solve_seconds": 0.006000518798828125, "model_wall_seconds": 0.05109640001319349, "gap": 0.0, "actual_reward": -1000.0}
{"period": 101, "status": "optimal", "solve_seconds": 0.0049991607666015625, "model_wall_seconds": 0.04689449997385964, "gap": 0.0, "actual_reward": -3010.0}
{"period": 102, "status": "optimal", "solve_seconds": 0.0039997100830078125, "model_wall_seconds": 0.04330160000245087, "gap": 0.0, "actual_reward": -1000.0}
{"period": 103, "status": "optimal", "solve_seconds": 0.006000518798828125, "model_wall_seconds": 0.04444169998168945, "gap": 0.0, "actual_reward": -2.98072677651362e-14}
{"period": 104, "status": "optimal", "solve_seconds": 0.0039997100830078125, "model_wall_seconds": 0.049381100019672886, "gap": 0.0, "actual_reward": -2000.0}
{"period": 105, "status": "optimal", "solve_seconds": 0.005001068115234375, "model_wall_seconds": 0.0427854000008665, "gap": 0.0, "actual_reward": -1000.0}
{"period": 106, "status": "optimal", "solve_seconds": 0.0039997100830078125, "model_wall_seconds": 0.04004069999791682, "gap": 0.0, "actual_reward": -1000.0}
{"period": 107, "status": "optimal", "solve_seconds": 0.0030002593994140625, "model_wall_seconds": 0.03648920002160594, "gap": 0.0, "actual_reward": -2000.0}
{"period": 108, "status": "optimal", "solve_seconds": 0.0030002593994140625, "model_wall_seconds": 0.0346844999876339, "gap": 0.0, "actual_reward": -1.2434497875801752e-14}
{"period": 109, "status": "optimal", "solve_seconds": 0.00299835205078125, "model_wall_seconds": 0.038876700011314824, "gap": 0.0, "actual_reward": -1.2434497875801752e-14}
{"period": 110, "status": "optimal", "solve_seconds": 0.0039997100830078125, "model_wall_seconds": 0.03752310000709258, "gap": 0.0, "actual_reward": -1.2434497875801752e-14}
{"period": 111, "status": "optimal", "solve_seconds": 0.0030002593994140625, "model_wall_seconds": 0.03964779997477308, "gap": 0.0, "actual_reward": -1.2434497875801752e-14}
{"period": 112, "status": "optimal", "solve_seconds": 0.0, "model_wall_seconds": 0.03635890001896769, "gap": 0.0, "actual_reward": -1.2434497875801752e-14}
{"period": 113, "status": "optimal", "solve_seconds": 0.0039997100830078125, "model_wall_seconds": 0.03785519997472875, "gap": 0.0, "actual_reward": -1.2434497875801752e-14}
{"period": 114, "status": "optimal", "solve_seconds": 0.0, "model_wall_seconds": 0.03768639999907464, "gap": 0.0, "actual_reward": -2.7355895326763855e-14}
{"period": 115, "status": "optimal", "solve_seconds": 0.0030002593994140625, "model_wall_seconds": 0.036094000010052696, "gap": 0.0, "actual_reward": -1000.0}
{"state": "complete", "started_at": "2026-09-17T18:08:18.471631+00:00", "scenario": "D:\\Myfiles\\vscode_files\\cleanrl_BSS\\ExpresswayBSSs_v2\\data\\final_real_data_v1\\scenarios\\day_37.json", "route_mode": "joint", "charging_mode": "joint", "model": null, "deadline": null, "pid": 31948, "created": 1789668498.2906263, "source_snapshot": "D:\\Myfiles\\vscode_files\\cleanrl_BSS\\ExpresswayBSSs_v2\\outputs\\zero_terminal_real_data_seed1_v1\\runs\\h5_day37\\source_snapshots\\e04451463b9d6545577ff982cb3a33775239dc78ba1d91c5d8a88c86fabb05aa", "prior_attempt_seconds": 0.0, "runtime_timing_incomplete": false, "runtime_timing_estimated": false, "launcher_source_snapshot": "D:\\Myfiles\\vscode_files\\cleanrl_BSS\\ExpresswayBSSs_v2\\outputs\\zero_terminal_real_data_seed1_v1\\code_snapshots\\40ec378611b206b02ef446c50a74e31e0ead20388937d43f8a3085ca15610712", "finished_at": "2026-09-17T18:12:12.769057+00:00", "wall_seconds": 234.29785049997736, "metrics": {"net_profit_yuan": -87352.09911085441, "service_income_yuan": 27910.321346964047, "charging_cost_yuan": 1722.4204578184604, "adjustment_cost_yuan": 540.0, "reservation_failure_cost_yuan": 113000.0, "reservation_count": 200, "actual_random_count": 200, "reservation_failures": 113, "reservation_failure_rate": 0.565, "reservation_completed": 87, "reservation_unfinished_at_L": 22, "reservation_unfinished_rate_at_L": 0.11, "reservation_unfinished_after_cleanup": 0, "random_services": 128, "random_service_rate": 0.64, "mean_wait_minutes_served": 11.700447812097039, "path_adjustments": 54, "solver_seconds_mean": 0.15025223441745925, "solver_seconds_p95": 0.4485000610351562, "model_wall_seconds_mean": 0.26943268869628967, "model_wall_seconds_p95": 0.5927081300033022, "model_wall_seconds_total": 30.984759200073313, "mip_gap_mean": 2.323250999278322e-06, "mip_gap_max": 9.012865333163157e-05, "mip_gap_target_met_fraction": 1.0, "solver_status_counts": {"optimal": 115}, "completed_periods": 115, "demand_periods": 96, "cleanup_periods": 19, "cleanup_hours": 4.75, "time_limit_fraction": 0.0, "final_inventory_kwh": 7158.360398807601, "random_timeouts": 72, "terminal_settlement": "none", "operating_duration_hours": 24.0, "current_attempt_wall_seconds": 234.29473879997386, "prior_attempt_wall_seconds": 0.0, "known_runtime_seconds": 234.29473879997386, "runtime_timing_incomplete": false, "runtime_timing_estimated": false, "worker_wall_seconds": 234.29473879997386}}
