{"period": 1, "status": "optimal", "solve_seconds": 0.14699935913085938, "model_wall_seconds": 0.2904591000115033, "gap": 0.0, "actual_reward": 0.0}
{"period": 2, "status": "optimal", "solve_seconds": 0.050998687744140625, "model_wall_seconds": 0.19062439998378977, "gap": 0.0, "actual_reward": 61.80573437526669}
{"period": 3, "status": "optimal", "solve_seconds": 0.14500045776367188, "model_wall_seconds": 0.2709839000017382, "gap": 0.0, "actual_reward": 183.5333249365628}
{"period": 4, "status": "optimal", "solve_seconds": 0.0279998779296875, "model_wall_seconds": 0.16366069999639876, "gap": 0.0, "actual_reward": 68.5641117517597}
{"period": 5, "status": "optimal", "solve_seconds": 0.08900070190429688, "model_wall_seconds": 0.2096740000124555, "gap": 0.0, "actual_reward": -1.2256862191861727e-15}
{"period": 6, "status": "optimal", "solve_seconds": 0.007999420166015625, "model_wall_seconds": 0.13610119998338632, "gap": 0.0, "actual_reward": -1.2256862191861727e-15}
{"period": 7, "status": "optimal", "solve_seconds": 0.10600090026855469, "model_wall_seconds": 0.2376399000058882, "gap": 0.0, "actual_reward": -1.2256862191861727e-15}
{"period": 8, "status": "optimal", "solve_seconds": 0.033000946044921875, "model_wall_seconds": 0.16149550001136959, "gap": 0.0, "actual_reward": 0.0}
{"period": 9, "status": "optimal", "solve_seconds": 0.09399986267089844, "model_wall_seconds": 0.21614609999232925, "gap": 0.0, "actual_reward": 112.21830211949752}
{"period": 10, "status": "optimal", "solve_seconds": 0.05699920654296875, "model_wall_seconds": 0.18058430001838133, "gap": 0.0, "actual_reward": -1.2256862191861727e-15}
{"period": 11, "status": "optimal", "solve_seconds": 0.09600067138671875, "model_wall_seconds": 0.2181185000226833, "gap": 0.0, "actual_reward": -1.2256862191861727e-15}
{"period": 12, "status": "optimal", "solve_seconds": 0.034999847412109375, "model_wall_seconds": 0.16722940001636744, "gap": 0.0, "actual_reward": 52.88568547800999}
{"period": 13, "status": "optimal", "solve_seconds": 0.09499931335449219, "model_wall_seconds": 0.2148503000207711, "gap": 0.0, "actual_reward": 123.332625256122}
{"period": 14, "status": "optimal", "solve_seconds": 0.017999649047851562, "model_wall_seconds": 0.144672399997944, "gap": 0.0, "actual_reward": -1.2256862191861727e-15}
{"period": 15, "status": "optimal", "solve_seconds": 0.09199905395507812, "model_wall_seconds": 0.21119659999385476, "gap": 0.0, "actual_reward": 80.99635587593501}
{"period": 16, "status": "optimal", "solve_seconds": 0.016000747680664062, "model_wall_seconds": 0.14322540001012385, "gap": 0.0, "actual_reward": -2.4336088699783433e-15}
{"period": 17, "status": "optimal", "solve_seconds": 0.08800125122070312, "model_wall_seconds": 0.2121525999973528, "gap": 0.0, "actual_reward": -10.000000000000004}
{"period": 18, "status": "optimal", "solve_seconds": 0.0579986572265625, "model_wall_seconds": 0.18367399999988265, "gap": 0.0, "actual_reward": 103.996972862112}
{"period": 19, "status": "optimal", "solve_seconds": 0.10499954223632812, "model_wall_seconds": 0.23605539998970926, "gap": 0.0, "actual_reward": -10.000000000000005}
{"period": 20, "status": "optimal", "solve_seconds": 0.035999298095703125, "model_wall_seconds": 0.16242390000843443, "gap": 0.0, "actual_reward": 93.98151728658499}
{"period": 21, "status": "optimal", "solve_seconds": 0.12299919128417969, "model_wall_seconds": 0.24703229998704046, "gap": 0.0, "actual_reward": 57.398153420320014}
{"period": 22, "status": "optimal", "solve_seconds": 0.0410003662109375, "model_wall_seconds": 0.17235899998922832, "gap": 0.0, "actual_reward": 230.21233971286335}
{"period": 23, "status": "optimal", "solve_seconds": 0.095001220703125, "model_wall_seconds": 0.2129045000183396, "gap": 0.0, "actual_reward": -4.884981308350689e-15}
{"period": 24, "status": "optimal", "solve_seconds": 0.007999420166015625, "model_wall_seconds": 0.14822649999405257, "gap": 0.0, "actual_reward": 151.51065438379197}
{"period": 25, "status": "optimal", "solve_seconds": 0.10199928283691406, "model_wall_seconds": 0.21816470002522692, "gap": 0.0, "actual_reward": -20.000000000000007}
{"period": 26, "status": "optimal", "solve_seconds": 0.031000137329101562, "model_wall_seconds": 0.15948740000021644, "gap": 0.0, "actual_reward": -6.057376822354854e-15}
{"period": 27, "status": "optimal", "solve_seconds": 0.11999893188476562, "model_wall_seconds": 0.25380990002304316, "gap": 0.0, "actual_reward": 95.22000000043701}
{"period": 28, "status": "optimal", "solve_seconds": 0.049999237060546875, "model_wall_seconds": 0.18345000001136214, "gap": 0.0, "actual_reward": 66.52947825849598}
{"period": 29, "status": "optimal", "solve_seconds": 0.11199951171875, "model_wall_seconds": 0.25198649999219924, "gap": 0.0, "actual_reward": 152.714005835574}
{"period": 30, "status": "optimal", "solve_seconds": 0.062000274658203125, "model_wall_seconds": 0.19974660000298172, "gap": 0.0, "actual_reward": -2.0694557179012915e-14}
{"period": 31, "status": "optimal", "solve_seconds": 0.15199851989746094, "model_wall_seconds": 0.29353709999122657, "gap": 0.0, "actual_reward": 330.8925432240738}
{"period": 32, "status": "optimal", "solve_seconds": 0.048999786376953125, "model_wall_seconds": 0.18353660000138916, "gap": 0.0, "actual_reward": 206.7788207299015}
{"period": 33, "status": "optimal", "solve_seconds": 0.1550006866455078, "model_wall_seconds": 0.2817329000099562, "gap": 0.0, "actual_reward": 536.8523076827263}
{"period": 34, "status": "optimal", "solve_seconds": 0.0970001220703125, "model_wall_seconds": 0.234823700011475, "gap": 0.0, "actual_reward": 233.14650531849156}
{"period": 35, "status": "optimal", "solve_seconds": 0.1620006561279297, "model_wall_seconds": 0.286647599976277, "gap": 0.0, "actual_reward": 377.8887582399241}
{"period": 36, "status": "optimal", "solve_seconds": 0.13399887084960938, "model_wall_seconds": 0.2724400000006426, "gap": 0.0, "actual_reward": 609.8585040631201}
{"period": 37, "status": "optimal", "solve_seconds": 0.15800094604492188, "model_wall_seconds": 0.2850515999889467, "gap": 0.0, "actual_reward": 876.2387284270013}
{"period": 38, "status": "optimal", "solve_seconds": 0.07700157165527344, "model_wall_seconds": 0.2090903000207618, "gap": 0.0, "actual_reward": 228.3667648001237}
{"period": 39, "status": "optimal", "solve_seconds": 0.14099884033203125, "model_wall_seconds": 0.26417290000244975, "gap": 0.0, "actual_reward": 336.7504986745243}
{"period": 40, "status": "optimal", "solve_seconds": 0.06300163269042969, "model_wall_seconds": 0.19148010000935756, "gap": 0.0, "actual_reward": 150.81597908085934}
{"period": 41, "status": "optimal", "solve_seconds": 0.1439990997314453, "model_wall_seconds": 0.26347289999830537, "gap": 0.0, "actual_reward": 191.46254416708194}
{"period": 42, "status": "optimal", "solve_seconds": 0.09600067138671875, "model_wall_seconds": 0.22797039998113178, "gap": 0.0, "actual_reward": 312.7566261948969}
{"period": 43, "status": "optimal", "solve_seconds": 0.1830005645751953, "model_wall_seconds": 0.32875119999516755, "gap": 0.0, "actual_reward": 92.284252952813}
{"period": 44, "status": "optimal", "solve_seconds": 0.125, "model_wall_seconds": 0.2655411999730859, "gap": 0.0, "actual_reward": 543.845948086763}
{"period": 45, "status": "optimal", "solve_seconds": 0.17299842834472656, "model_wall_seconds": 0.30188470002030954, "gap": 0.0, "actual_reward": 106.227764205774}
{"period": 46, "status": "optimal", "solve_seconds": 0.13899993896484375, "model_wall_seconds": 0.27521079999860376, "gap": 0.0, "actual_reward": 607.7336508737444}
{"period": 47, "status": "optimal", "solve_seconds": 0.1750011444091797, "model_wall_seconds": 0.30768900000839494, "gap": 0.0, "actual_reward": 349.41467894539704}
{"period": 48, "status": "optimal", "solve_seconds": 0.09100151062011719, "model_wall_seconds": 0.2173839000170119, "gap": 0.0, "actual_reward": 142.23668120734007}
{"period": 49, "status": "optimal", "solve_seconds": 0.26599884033203125, "model_wall_seconds": 0.4004694999894127, "gap": 9.104755226505434e-05, "actual_reward": 757.9907193783267}
{"period": 50, "status": "optimal", "solve_seconds": 0.2999992370605469, "model_wall_seconds": 0.43761009999434464, "gap": 0.0, "actual_reward": 629.5092385675098}
{"period": 51, "status": "optimal", "solve_seconds": 0.292999267578125, "model_wall_seconds": 0.4537629999977071, "gap": 0.0, "actual_reward": 513.7671084780461}
{"period": 52, "status": "optimal", "solve_seconds": 0.19300079345703125, "model_wall_seconds": 0.32446529998560436, "gap": 0.0, "actual_reward": 171.56456565811882}
{"period": 53, "status": "optimal", "solve_seconds": 0.23600006103515625, "model_wall_seconds": 0.3588834999827668, "gap": 0.0, "actual_reward": -317.9449041044511}
{"period": 54, "status": "optimal", "solve_seconds": 0.10499954223632812, "model_wall_seconds": 0.22469099998124875, "gap": 0.0, "actual_reward": -604.8158065430439}
{"period": 55, "status": "optimal", "solve_seconds": 0.19299888610839844, "model_wall_seconds": 0.3269862000015564, "gap": 0.0, "actual_reward": 590.2175588241605}
{"period": 56, "status": "optimal", "solve_seconds": 0.18599891662597656, "model_wall_seconds": 0.3415642000036314, "gap": 0.0, "actual_reward": 281.5194959749819}
{"period": 57, "status": "optimal", "solve_seconds": 0.2849998474121094, "model_wall_seconds": 0.4159925999992993, "gap": 0.0, "actual_reward": 644.8346115674932}
{"period": 58, "status": "optimal", "solve_seconds": 0.11800003051757812, "model_wall_seconds": 0.2433620000083465, "gap": 0.0, "actual_reward": 198.6995697985476}
{"period": 59, "status": "optimal", "solve_seconds": 0.23099899291992188, "model_wall_seconds": 0.3484214000054635, "gap": 0.0, "actual_reward": 525.4373221861373}
{"period": 60, "status": "optimal", "solve_seconds": 0.125, "model_wall_seconds": 0.24473920001764782, "gap": 0.0, "actual_reward": 102.5613082280731}
{"period": 61, "status": "optimal", "solve_seconds": 0.18400001525878906, "model_wall_seconds": 0.304902600008063, "gap": 0.0, "actual_reward": -2328.3533966088326}
{"period": 62, "status": "optimal", "solve_seconds": 0.13000106811523438, "model_wall_seconds": 0.25146839997614734, "gap": 0.0, "actual_reward": 634.2832205709061}
{"period": 63, "status": "optimal", "solve_seconds": 0.18700027465820312, "model_wall_seconds": 0.3049362000019755, "gap": 0.0, "actual_reward": 548.7950247568002}
{"period": 64, "status": "optimal", "solve_seconds": 0.09900093078613281, "model_wall_seconds": 0.21369020000565797, "gap": 0.0, "actual_reward": -624.9637194976224}
{"period": 65, "status": "optimal", "solve_seconds": 0.13299942016601562, "model_wall_seconds": 0.25367420000839047, "gap": 0.0, "actual_reward": 649.5770522902098}
{"period": 66, "status": "optimal", "solve_seconds": 0.10700035095214844, "model_wall_seconds": 0.22284650002256967, "gap": 0.0, "actual_reward": -190.19320080090733}
{"period": 67, "status": "optimal", "solve_seconds": 0.15199851989746094, "model_wall_seconds": 0.3011832000047434, "gap": 0.0, "actual_reward": 814.3355084708872}
{"period": 68, "status": "optimal", "solve_seconds": 0.15000152587890625, "model_wall_seconds": 0.2694185999862384, "gap": 0.0, "actual_reward": -1306.7707145794682}
{"period": 69, "status": "optimal", "solve_seconds": 0.18400001525878906, "model_wall_seconds": 0.2996069000218995, "gap": 0.0, "actual_reward": -279.2364836741897}
{"period": 70, "status": "optimal", "solve_seconds": 0.12999916076660156, "model_wall_seconds": 0.2824747999839019, "gap": 0.0, "actual_reward": -2131.456584227955}
{"period": 71, "status": "optimal", "solve_seconds": 0.15600013732910156, "model_wall_seconds": 0.2643720999767538, "gap": 0.0, "actual_reward": -3561.2434121728206}
{"period": 72, "status": "optimal", "solve_seconds": 0.1490001678466797, "model_wall_seconds": 0.2630092000181321, "gap": 0.0, "actual_reward": -1379.9427361621015}
{"period": 73, "status": "optimal", "solve_seconds": 0.18000030517578125, "model_wall_seconds": 0.28294949998962693, "gap": 0.0, "actual_reward": -3542.861112853397}
{"period": 74, "status": "optimal", "solve_seconds": 0.1289997100830078, "model_wall_seconds": 0.24140190001344308, "gap": 1.832099522357006e-05, "actual_reward": -2824.0919810796986}
{"period": 75, "status": "optimal", "solve_seconds": 0.14599990844726562, "model_wall_seconds": 0.24659049999900162, "gap": 0.0, "actual_reward": -380.156287735722}
{"period": 76, "status": "optimal", "solve_seconds": 0.10400009155273438, "model_wall_seconds": 0.20607990000280552, "gap": 0.0, "actual_reward": -524.9415950745716}
{"period": 77, "status": "optimal", "solve_seconds": 0.08699989318847656, "model_wall_seconds": 0.17899270000634715, "gap": 0.0, "actual_reward": -2849.011254076404}
{"period": 78, "status": "optimal", "solve_seconds": 0.06299972534179688, "model_wall_seconds": 0.15420749998884276, "gap": 0.0, "actual_reward": -1841.348014015024}
{"period": 79, "status": "optimal", "solve_seconds": 0.07899856567382812, "model_wall_seconds": 0.1693035000062082, "gap": 0.0, "actual_reward": -2503.7044994414755}
{"period": 80, "status": "optimal", "solve_seconds": 0.049999237060546875, "model_wall_seconds": 0.14392159998533316, "gap": 0.0, "actual_reward": -2859.335229026368}
{"period": 81, "status": "optimal", "solve_seconds": 0.05100059509277344, "model_wall_seconds": 0.13284119998570532, "gap": 0.0, "actual_reward": -1626.3587561370039}
{"period": 82, "status": "optimal", "solve_seconds": 0.03999900817871094, "model_wall_seconds": 0.12781629999517463, "gap": 0.0, "actual_reward": -851.604532894436}
{"period": 83, "status": "optimal", "solve_seconds": 0.03800010681152344, "model_wall_seconds": 0.11818130000028759, "gap": 0.0, "actual_reward": -7892.017532359803}
{"period": 84, "status": "optimal", "solve_seconds": 0.014001846313476562, "model_wall_seconds": 0.1495615000021644, "gap": 0.0, "actual_reward": -3000.0}
{"period": 85, "status": "optimal", "solve_seconds": 0.03800010681152344, "model_wall_seconds": 0.1077283000049647, "gap": 0.0, "actual_reward": -6000.0}
{"period": 86, "status": "optimal", "solve_seconds": 0.01399993896484375, "model_wall_seconds": 0.08755689999088645, "gap": 0.0, "actual_reward": -6000.0}
{"period": 87, "status": "optimal", "solve_seconds": 0.02899932861328125, "model_wall_seconds": 0.10016319999704137, "gap": 0.0, "actual_reward": -7000.0}
{"period": 88, "status": "optimal", "solve_seconds": 0.0030002593994140625, "model_wall_seconds": 0.07381100000930019, "gap": 0.0, "actual_reward": -3000.0}
{"period": 89, "status": "optimal", "solve_seconds": 0.02700042724609375, "model_wall_seconds": 0.09241059998748824, "gap": 0.0, "actual_reward": -4010.0}
{"period": 90, "status": "optimal", "solve_seconds": 0.01399993896484375, "model_wall_seconds": 0.07497519999742508, "gap": 0.0, "actual_reward": -4000.0}
{"period": 91, "status": "optimal", "solve_seconds": 0.018999099731445312, "model_wall_seconds": 0.07578840001951903, "gap": 0.0, "actual_reward": -3000.0}
{"period": 92, "status": "optimal", "solve_seconds": 0.005001068115234375, "model_wall_seconds": 0.05923789998632856, "gap": 0.0, "actual_reward": -5000.0}
{"period": 93, "status": "optimal", "solve_seconds": 0.018999099731445312, "model_wall_seconds": 0.07841389998793602, "gap": 0.0, "actual_reward": -6000.0}
{"period": 94, "status": "optimal", "solve_seconds": 0.025999069213867188, "model_wall_seconds": 0.07737910002470016, "gap": 0.0, "actual_reward": -3000.0}
{"period": 95, "status": "optimal", "solve_seconds": 0.020999908447265625, "model_wall_seconds": 0.0655941000150051, "gap": 0.0, "actual_reward": -2000.0}
{"period": 96, "status": "optimal", "solve_seconds": 0.01399993896484375, "model_wall_seconds": 0.06436580000445247, "gap": 0.0, "actual_reward": -865.044900201224}
{"period": 97, "status": "optimal", "solve_seconds": 0.016000747680664062, "model_wall_seconds": 0.05838699999731034, "gap": 0.0, "actual_reward": -3941.17401150133}
{"period": 98, "status": "optimal", "solve_seconds": 0.0039997100830078125, "model_wall_seconds": 0.044645899994065985, "gap": 0.0, "actual_reward": -1000.0}
{"period": 99, "status": "optimal", "solve_seconds": 0.007999420166015625, "model_wall_seconds": 0.04410910001024604, "gap": 0.0, "actual_reward": -1000.0}
{"period": 100, "status": "optimal", "solve_seconds": 0.006999969482421875, "model_wall_seconds": 0.039279600023292005, "gap": 0.0, "actual_reward": -1000.0}
{"period": 101, "status": "optimal", "solve_seconds": 0.010000228881835938, "model_wall_seconds": 0.0462456000095699, "gap": 0.0, "actual_reward": -3000.0}
{"period": 102, "status": "optimal", "solve_seconds": 0.0020008087158203125, "model_wall_seconds": 0.033412599994335324, "gap": 0.0, "actual_reward": -1000.0}
{"period": 103, "status": "optimal", "solve_seconds": 0.0059986114501953125, "model_wall_seconds": 0.03839709999738261, "gap": 0.0, "actual_reward": -1000.0}
{"period": 104, "status": "optimal", "solve_seconds": 0.0030002593994140625, "model_wall_seconds": 0.03611070002079941, "gap": 0.0, "actual_reward": 0.0}
{"period": 105, "status": "optimal", "solve_seconds": 0.0049991607666015625, "model_wall_seconds": 0.03761460000532679, "gap": 0.0, "actual_reward": -1000.0}
{"period": 106, "status": "optimal", "solve_seconds": 0.0019989013671875, "model_wall_seconds": 0.034481899987440556, "gap": 0.0, "actual_reward": 0.0}
{"period": 107, "status": "optimal", "solve_seconds": 0.0049991607666015625, "model_wall_seconds": 0.0345136999967508, "gap": 0.0, "actual_reward": -3010.0}
{"state": "complete", "started_at": "2026-09-17T17:54:26.726303+00:00", "scenario": "D:\\Myfiles\\vscode_files\\cleanrl_BSS\\ExpresswayBSSs_v2\\data\\final_real_data_v1\\scenarios\\day_19.json", "route_mode": "joint", "charging_mode": "joint", "model": null, "deadline": null, "pid": 18436, "created": 1789667666.535102, "source_snapshot": "D:\\Myfiles\\vscode_files\\cleanrl_BSS\\ExpresswayBSSs_v2\\outputs\\zero_terminal_real_data_seed1_v1\\runs\\h4_day19\\source_snapshots\\e04451463b9d6545577ff982cb3a33775239dc78ba1d91c5d8a88c86fabb05aa", "prior_attempt_seconds": 0.0, "runtime_timing_incomplete": false, "runtime_timing_estimated": false, "launcher_source_snapshot": "D:\\Myfiles\\vscode_files\\cleanrl_BSS\\ExpresswayBSSs_v2\\outputs\\zero_terminal_real_data_seed1_v1\\code_snapshots\\40ec378611b206b02ef446c50a74e31e0ead20388937d43f8a3085ca15610712", "finished_at": "2026-09-17T17:57:44.525084+00:00", "wall_seconds": 197.79827499997918, "metrics": {"net_profit_yuan": -94355.02754158975, "service_income_yuan": 25990.629673538628, "charging_cost_yuan": 855.6572151283935, "adjustment_cost_yuan": 490.0, "reservation_failure_cost_yuan": 119000.0, "reservation_count": 200, "actual_random_count": 200, "reservation_failures": 119, "reservation_failure_rate": 0.595, "reservation_completed": 81, "reservation_unfinished_at_L": 18, "reservation_unfinished_rate_at_L": 0.09, "reservation_unfinished_after_cleanup": 0, "random_services": 128, "random_service_rate": 0.64, "mean_wait_minutes_served": 11.677867345426591, "path_adjustments": 49, "solver_seconds_mean": 0.09369147826578016, "solver_seconds_p95": 0.21959953308105426, "model_wall_seconds_mean": 0.20184628411346314, "model_wall_seconds_p95": 0.3463642400049138, "model_wall_seconds_total": 21.597552400140557, "mip_gap_mean": 1.0221359578376112e-06, "mip_gap_max": 9.104755226505434e-05, "mip_gap_target_met_fraction": 1.0, "solver_status_counts": {"optimal": 107}, "completed_periods": 107, "demand_periods": 96, "cleanup_periods": 11, "cleanup_hours": 2.75, "time_limit_fraction": 0.0, "final_inventory_kwh": 6862.342539294801, "random_timeouts": 72, "terminal_settlement": "none", "operating_duration_hours": 24.0, "current_attempt_wall_seconds": 197.79400949997944, "prior_attempt_wall_seconds": 0.0, "known_runtime_seconds": 197.79400949997944, "runtime_timing_incomplete": false, "runtime_timing_estimated": false, "worker_wall_seconds": 197.79400949997944}}
