{"period": 1, "status": "optimal", "solve_seconds": 0.12400054931640625, "model_wall_seconds": 0.26368010000442155, "gap": 0.0, "actual_reward": 0.0}
{"period": 2, "status": "optimal", "solve_seconds": 0.06599998474121094, "model_wall_seconds": 0.2203264000127092, "gap": 0.0, "actual_reward": 66.5842640561615}
{"period": 3, "status": "optimal", "solve_seconds": 0.1509990692138672, "model_wall_seconds": 0.2780299999867566, "gap": 0.0, "actual_reward": 0.0}
{"period": 4, "status": "optimal", "solve_seconds": 0.06399917602539062, "model_wall_seconds": 0.22035180000239052, "gap": 0.0, "actual_reward": 184.3607174999094}
{"period": 5, "status": "optimal", "solve_seconds": 0.12199974060058594, "model_wall_seconds": 0.2578452000161633, "gap": 0.0, "actual_reward": 155.68645704468108}
{"period": 6, "status": "optimal", "solve_seconds": 0.024999618530273438, "model_wall_seconds": 0.20144549998803996, "gap": 0.0, "actual_reward": -4.103384299014579e-15}
{"period": 7, "status": "optimal", "solve_seconds": 0.09799957275390625, "model_wall_seconds": 0.24260319999302737, "gap": 0.0, "actual_reward": 82.94420130761894}
{"period": 8, "status": "optimal", "solve_seconds": 0.0279998779296875, "model_wall_seconds": 0.16697049999493174, "gap": 0.0, "actual_reward": 153.42643665084137}
{"period": 9, "status": "optimal", "solve_seconds": 0.08600044250488281, "model_wall_seconds": 0.2209529000101611, "gap": 0.0, "actual_reward": 84.09317079357477}
{"period": 10, "status": "optimal", "solve_seconds": 0.03299903869628906, "model_wall_seconds": 0.1643571000022348, "gap": 0.0, "actual_reward": -4.6540549192286564e-15}
{"period": 11, "status": "optimal", "solve_seconds": 0.10000038146972656, "model_wall_seconds": 0.2364487999875564, "gap": 0.0, "actual_reward": -4.6540549192286564e-15}
{"period": 12, "status": "optimal", "solve_seconds": 0.028001785278320312, "model_wall_seconds": 0.15602580000995658, "gap": 0.0, "actual_reward": -4.6540549192286564e-15}
{"period": 13, "status": "optimal", "solve_seconds": 0.08900070190429688, "model_wall_seconds": 0.21113960002548993, "gap": 0.0, "actual_reward": 94.300768244295}
{"period": 14, "status": "optimal", "solve_seconds": 0.0260009765625, "model_wall_seconds": 0.15865550001035444, "gap": 0.0, "actual_reward": 84.636564352644}
{"period": 15, "status": "optimal", "solve_seconds": 0.07900047302246094, "model_wall_seconds": 0.20036290001007728, "gap": 0.0, "actual_reward": -9.556799795973346e-15}
{"period": 16, "status": "optimal", "solve_seconds": 0.0049991607666015625, "model_wall_seconds": 0.1312065999954939, "gap": 0.0, "actual_reward": -4.6540549192286564e-15}
{"period": 17, "status": "optimal", "solve_seconds": 0.06800079345703125, "model_wall_seconds": 0.18439979999675415, "gap": 0.0, "actual_reward": -4.6540549192286564e-15}
{"period": 18, "status": "optimal", "solve_seconds": 0.0049991607666015625, "model_wall_seconds": 0.1277156999858562, "gap": 0.0, "actual_reward": -4.6540549192286564e-15}
{"period": 19, "status": "optimal", "solve_seconds": 0.0709991455078125, "model_wall_seconds": 0.20501810000860132, "gap": 0.0, "actual_reward": -4.6540549192286564e-15}
{"period": 20, "status": "optimal", "solve_seconds": 0.017999649047851562, "model_wall_seconds": 0.14620419999118894, "gap": 0.0, "actual_reward": -4.6540549192286564e-15}
{"period": 21, "status": "optimal", "solve_seconds": 0.07800102233886719, "model_wall_seconds": 0.2072628000169061, "gap": 0.0, "actual_reward": -4.6540549192286564e-15}
{"period": 22, "status": "optimal", "solve_seconds": 0.062000274658203125, "model_wall_seconds": 0.18681369998375885, "gap": 0.0, "actual_reward": -4.6540549192286564e-15}
{"period": 23, "status": "optimal", "solve_seconds": 0.10400009155273438, "model_wall_seconds": 0.23413719999371096, "gap": 0.0, "actual_reward": 148.7737625510851}
{"period": 24, "status": "optimal", "solve_seconds": 0.019998550415039062, "model_wall_seconds": 0.15981330000795424, "gap": 0.0, "actual_reward": 79.54199883693626}
{"period": 25, "status": "optimal", "solve_seconds": 0.07999992370605469, "model_wall_seconds": 0.2032644999853801, "gap": 0.0, "actual_reward": -1.1048939541069557e-14}
{"period": 26, "status": "optimal", "solve_seconds": 0.023000717163085938, "model_wall_seconds": 0.17361430000164546, "gap": 0.0, "actual_reward": 65.07894319271136}
{"period": 27, "status": "optimal", "solve_seconds": 0.06999969482421875, "model_wall_seconds": 0.18920759999309666, "gap": 0.0, "actual_reward": -1.2505552149377762e-14}
{"period": 28, "status": "optimal", "solve_seconds": 0.024000167846679688, "model_wall_seconds": 0.15412999998079613, "gap": 0.0, "actual_reward": -1.2505552149377762e-14}
{"period": 29, "status": "optimal", "solve_seconds": 0.11599922180175781, "model_wall_seconds": 0.2576947000052314, "gap": 0.0, "actual_reward": -9.592326932761352e-15}
{"period": 30, "status": "optimal", "solve_seconds": 0.06099891662597656, "model_wall_seconds": 0.1931715999962762, "gap": 0.0, "actual_reward": 108.64083327280862}
{"period": 31, "status": "optimal", "solve_seconds": 0.17099952697753906, "model_wall_seconds": 0.31513130001258105, "gap": 0.0, "actual_reward": 78.14559262368}
{"period": 32, "status": "optimal", "solve_seconds": 0.07299995422363281, "model_wall_seconds": 0.20545290000154637, "gap": 0.0, "actual_reward": 102.826885176319}
{"period": 33, "status": "optimal", "solve_seconds": 0.1360015869140625, "model_wall_seconds": 0.26169729998218827, "gap": 0.0, "actual_reward": 197.86329053964795}
{"period": 34, "status": "optimal", "solve_seconds": 0.06999969482421875, "model_wall_seconds": 0.20972430001711473, "gap": 0.0, "actual_reward": 214.51942856167648}
{"period": 35, "status": "optimal", "solve_seconds": 0.14800071716308594, "model_wall_seconds": 0.2742131999984849, "gap": 0.0, "actual_reward": 161.7898882627448}
{"period": 36, "status": "optimal", "solve_seconds": 0.09200096130371094, "model_wall_seconds": 0.22731859999476, "gap": 0.0, "actual_reward": 423.1144237833751}
{"period": 37, "status": "optimal", "solve_seconds": 0.15800094604492188, "model_wall_seconds": 0.29382689998601563, "gap": 0.0, "actual_reward": 391.76815006989546}
{"period": 38, "status": "optimal", "solve_seconds": 0.10799980163574219, "model_wall_seconds": 0.2716948000015691, "gap": 0.0, "actual_reward": 547.3875272114502}
{"period": 39, "status": "optimal", "solve_seconds": 0.22999954223632812, "model_wall_seconds": 0.3621614000003319, "gap": 0.0, "actual_reward": 557.9986054939725}
{"period": 40, "status": "optimal", "solve_seconds": 0.11600112915039062, "model_wall_seconds": 0.2839228000084404, "gap": 0.0, "actual_reward": 136.89208935456196}
{"period": 41, "status": "optimal", "solve_seconds": 0.23999977111816406, "model_wall_seconds": 0.3742029000131879, "gap": 0.0, "actual_reward": 502.81595775430634}
{"period": 42, "status": "optimal", "solve_seconds": 0.13100051879882812, "model_wall_seconds": 0.30400649999501184, "gap": 0.0, "actual_reward": 401.4498507356741}
{"period": 43, "status": "optimal", "solve_seconds": 0.20000076293945312, "model_wall_seconds": 0.3310373999993317, "gap": 0.0, "actual_reward": 296.7330624873442}
{"period": 44, "status": "optimal", "solve_seconds": 0.1359996795654297, "model_wall_seconds": 0.2858649000118021, "gap": 0.0, "actual_reward": 429.1697370349952}
{"period": 45, "status": "optimal", "solve_seconds": 0.2240009307861328, "model_wall_seconds": 0.3664961000031326, "gap": 0.0, "actual_reward": 657.1780245928501}
{"period": 46, "status": "optimal", "solve_seconds": 0.17399978637695312, "model_wall_seconds": 0.33461330001591705, "gap": 0.0, "actual_reward": 430.83086018028825}
{"period": 47, "status": "optimal", "solve_seconds": 0.2670001983642578, "model_wall_seconds": 0.41929640001035295, "gap": 0.0, "actual_reward": 654.9692862200019}
{"period": 48, "status": "optimal", "solve_seconds": 0.20800018310546875, "model_wall_seconds": 0.3598840999766253, "gap": 0.0, "actual_reward": 517.9321781316775}
{"period": 49, "status": "optimal", "solve_seconds": 0.2760009765625, "model_wall_seconds": 0.42118169998866506, "gap": 0.0, "actual_reward": 730.8535544872873}
{"period": 50, "status": "optimal", "solve_seconds": 0.17300033569335938, "model_wall_seconds": 0.3156959999760147, "gap": 0.0, "actual_reward": 463.4080975146468}
{"period": 51, "status": "optimal", "solve_seconds": 0.3240013122558594, "model_wall_seconds": 0.4643723999906797, "gap": 0.0, "actual_reward": 496.59662790763514}
{"period": 52, "status": "optimal", "solve_seconds": 0.1999988555908203, "model_wall_seconds": 0.3364966999797616, "gap": 0.0, "actual_reward": 492.87578117996054}
{"period": 53, "status": "optimal", "solve_seconds": 0.292999267578125, "model_wall_seconds": 0.4474385999783408, "gap": 0.0, "actual_reward": 664.1191843204648}
{"period": 54, "status": "optimal", "solve_seconds": 0.14499855041503906, "model_wall_seconds": 0.2776515999867115, "gap": 0.0, "actual_reward": 515.6714612070773}
{"period": 55, "status": "optimal", "solve_seconds": 0.28800010681152344, "model_wall_seconds": 0.4173786999890581, "gap": 0.0, "actual_reward": 722.0355383909707}
{"period": 56, "status": "optimal", "solve_seconds": 0.21700096130371094, "model_wall_seconds": 0.3860430000058841, "gap": 0.0, "actual_reward": 153.13500700350673}
{"period": 57, "status": "optimal", "solve_seconds": 0.3690013885498047, "model_wall_seconds": 0.4952057999907993, "gap": 0.0, "actual_reward": 293.9918492637173}
{"period": 58, "status": "optimal", "solve_seconds": 0.34800148010253906, "model_wall_seconds": 0.48736319999443367, "gap": 0.0, "actual_reward": 251.70978798272347}
{"period": 59, "status": "optimal", "solve_seconds": 0.5890007019042969, "model_wall_seconds": 0.7375062000064645, "gap": 0.0, "actual_reward": 165.65221985733675}
{"period": 60, "status": "optimal", "solve_seconds": 0.5790004730224609, "model_wall_seconds": 0.7241391999996267, "gap": 0.0, "actual_reward": 266.635446392651}
{"period": 61, "status": "optimal", "solve_seconds": 0.2779998779296875, "model_wall_seconds": 0.4669599000189919, "gap": 0.0, "actual_reward": 319.15219458877505}
{"period": 62, "status": "optimal", "solve_seconds": 0.21699905395507812, "model_wall_seconds": 0.3610892000142485, "gap": 0.0, "actual_reward": -1814.5485108912922}
{"period": 63, "status": "optimal", "solve_seconds": 0.3399982452392578, "model_wall_seconds": 0.4916757000028156, "gap": 0.0, "actual_reward": -314.59534135848685}
{"period": 64, "status": "optimal", "solve_seconds": 0.26399993896484375, "model_wall_seconds": 0.4051817999861669, "gap": 0.0, "actual_reward": -1497.359403703886}
{"period": 65, "status": "optimal", "solve_seconds": 0.44300079345703125, "model_wall_seconds": 0.5761409999977332, "gap": 0.0, "actual_reward": -1548.3079415229513}
{"period": 66, "status": "optimal", "solve_seconds": 0.26999855041503906, "model_wall_seconds": 0.4486922000069171, "gap": 0.0, "actual_reward": -578.1355047566449}
{"period": 67, "status": "optimal", "solve_seconds": 0.3520011901855469, "model_wall_seconds": 0.4919674999837298, "gap": 0.0, "actual_reward": -2056.7319905893173}
{"period": 68, "status": "optimal", "solve_seconds": 0.19099998474121094, "model_wall_seconds": 0.31799960002535954, "gap": 0.0, "actual_reward": -887.434851731768}
{"period": 69, "status": "optimal", "solve_seconds": 0.2590007781982422, "model_wall_seconds": 0.4449499999755062, "gap": 0.0, "actual_reward": 1291.3492069636966}
{"period": 70, "status": "optimal", "solve_seconds": 0.15700149536132812, "model_wall_seconds": 0.28716269999858923, "gap": 0.0, "actual_reward": -1010.1278486683676}
{"period": 71, "status": "optimal", "solve_seconds": 0.18999862670898438, "model_wall_seconds": 0.3271506000019144, "gap": 0.0, "actual_reward": 170.650000000249}
{"period": 72, "status": "optimal", "solve_seconds": 0.11300086975097656, "model_wall_seconds": 0.2785223000100814, "gap": 0.0, "actual_reward": -2300.8452469743306}
{"period": 73, "status": "optimal", "solve_seconds": 0.2199993133544922, "model_wall_seconds": 0.33330189998378046, "gap": 0.0, "actual_reward": -381.3422559453561}
{"period": 74, "status": "optimal", "solve_seconds": 0.125, "model_wall_seconds": 0.2362149000109639, "gap": 0.0, "actual_reward": -297.5090812653251}
{"period": 75, "status": "optimal", "solve_seconds": 0.1900005340576172, "model_wall_seconds": 0.30508550000377, "gap": 0.0, "actual_reward": -2752.8061778517185}
{"period": 76, "status": "optimal", "solve_seconds": 0.09299850463867188, "model_wall_seconds": 0.21176940001896583, "gap": 0.0, "actual_reward": 578.0372371905291}
{"period": 77, "status": "optimal", "solve_seconds": 0.1359996795654297, "model_wall_seconds": 0.24615979997906834, "gap": 0.0, "actual_reward": -2325.9826010021557}
{"period": 78, "status": "optimal", "solve_seconds": 0.11299896240234375, "model_wall_seconds": 0.23267520000808872, "gap": 0.0, "actual_reward": -2983.779999999876}
{"period": 79, "status": "optimal", "solve_seconds": 0.15799903869628906, "model_wall_seconds": 0.2639834999863524, "gap": 0.0, "actual_reward": -2573.012856706806}
{"period": 80, "status": "optimal", "solve_seconds": 0.11299896240234375, "model_wall_seconds": 0.22218089998932555, "gap": 0.0, "actual_reward": -5959.412382173378}
{"period": 81, "status": "optimal", "solve_seconds": 0.2110004425048828, "model_wall_seconds": 0.32503839998389594, "gap": 0.0, "actual_reward": -2696.8978968389392}
{"period": 82, "status": "optimal", "solve_seconds": 0.13300132751464844, "model_wall_seconds": 0.23278689998551272, "gap": 9.528813935041033e-05, "actual_reward": -5882.475851283229}
{"period": 83, "status": "optimal", "solve_seconds": 0.1700000762939453, "model_wall_seconds": 0.26282450000871904, "gap": 0.0, "actual_reward": -3807.825805093447}
{"period": 84, "status": "optimal", "solve_seconds": 0.13100051879882812, "model_wall_seconds": 0.23071589999017306, "gap": 0.0, "actual_reward": -2450.1547051060325}
{"period": 85, "status": "optimal", "solve_seconds": 0.1340007781982422, "model_wall_seconds": 0.23974199997610413, "gap": 0.0, "actual_reward": -5786.195648218036}
{"period": 86, "status": "optimal", "solve_seconds": 0.07999992370605469, "model_wall_seconds": 0.16454190001240931, "gap": 0.0, "actual_reward": -3700.073792765314}
{"period": 87, "status": "optimal", "solve_seconds": 0.11800003051757812, "model_wall_seconds": 0.19436620001215488, "gap": 0.0, "actual_reward": -1964.3491074984659}
{"period": 88, "status": "optimal", "solve_seconds": 0.10799980163574219, "model_wall_seconds": 0.19248729999526404, "gap": 2.6600397846120502e-05, "actual_reward": -2796.153162599331}
{"period": 89, "status": "optimal", "solve_seconds": 0.11400032043457031, "model_wall_seconds": 0.1959629000048153, "gap": 0.0, "actual_reward": -3874.714949046577}
{"period": 90, "status": "optimal", "solve_seconds": 0.062000274658203125, "model_wall_seconds": 0.1380609000043478, "gap": 0.0, "actual_reward": -986.8854115205024}
{"period": 91, "status": "optimal", "solve_seconds": 0.08099937438964844, "model_wall_seconds": 0.14919840000220574, "gap": 0.0, "actual_reward": -1879.052816319911}
{"period": 92, "status": "optimal", "solve_seconds": 0.04599952697753906, "model_wall_seconds": 0.11578419999568723, "gap": 0.0, "actual_reward": -958.4399999997701}
{"period": 93, "status": "optimal", "solve_seconds": 0.09000015258789062, "model_wall_seconds": 0.16371100000105798, "gap": 0.0, "actual_reward": -3882.052008701751}
{"period": 94, "status": "optimal", "solve_seconds": 0.05299949645996094, "model_wall_seconds": 0.11778259999118745, "gap": 0.0, "actual_reward": -3899.1841733138235}
{"period": 95, "status": "optimal", "solve_seconds": 0.049999237060546875, "model_wall_seconds": 0.10760620000655763, "gap": 0.0, "actual_reward": -41.200000000000045}
{"period": 96, "status": "optimal", "solve_seconds": 0.036998748779296875, "model_wall_seconds": 0.09933239998645149, "gap": 0.0, "actual_reward": -973.853333333383}
{"period": 97, "status": "optimal", "solve_seconds": 0.0540008544921875, "model_wall_seconds": 0.10802939999848604, "gap": 0.0, "actual_reward": -2886.397888098297}
{"period": 98, "status": "optimal", "solve_seconds": 0.04599952697753906, "model_wall_seconds": 0.10638089998974465, "gap": 0.0, "actual_reward": -2039.7785277448495}
{"period": 99, "status": "optimal", "solve_seconds": 0.05699920654296875, "model_wall_seconds": 0.1089382000209298, "gap": 0.0, "actual_reward": -1968.289999999908}
{"period": 100, "status": "optimal", "solve_seconds": 0.024000167846679688, "model_wall_seconds": 0.07334429997717962, "gap": 0.0, "actual_reward": 235.9987145024507}
{"period": 101, "status": "optimal", "solve_seconds": 0.022001266479492188, "model_wall_seconds": 0.06184490001760423, "gap": 0.0, "actual_reward": -1010.5}
{"period": 102, "status": "optimal", "solve_seconds": 0.011999130249023438, "model_wall_seconds": 0.05620799999451265, "gap": 0.0, "actual_reward": -3000.0}
{"period": 103, "status": "optimal", "solve_seconds": 0.008001327514648438, "model_wall_seconds": 0.05747979998704977, "gap": 0.0, "actual_reward": 67.54666666676601}
{"period": 104, "status": "optimal", "solve_seconds": 0.008001327514648438, "model_wall_seconds": 0.050848100014263764, "gap": 0.0, "actual_reward": -10.500000000000032}
{"period": 105, "status": "optimal", "solve_seconds": 0.01300048828125, "model_wall_seconds": 0.049875900003826246, "gap": 0.0, "actual_reward": -1010.5}
{"period": 106, "status": "optimal", "solve_seconds": 0.005001068115234375, "model_wall_seconds": 0.04455680001410656, "gap": 0.0, "actual_reward": -1001.903508771979}
{"period": 107, "status": "optimal", "solve_seconds": 0.006999969482421875, "model_wall_seconds": 0.04541959997732192, "gap": 0.0, "actual_reward": -10.500000000000027}
{"period": 108, "status": "optimal", "solve_seconds": 0.0020008087158203125, "model_wall_seconds": 0.04285659999004565, "gap": 0.0, "actual_reward": 67.54666666676601}
{"period": 109, "status": "optimal", "solve_seconds": 0.006000518798828125, "model_wall_seconds": 0.046139600017340854, "gap": 0.0, "actual_reward": -2000.0}
{"period": 110, "status": "optimal", "solve_seconds": 0.007999420166015625, "model_wall_seconds": 0.044293299986748025, "gap": 0.0, "actual_reward": -1.740829702612245e-14}
{"period": 111, "status": "optimal", "solve_seconds": 0.005001068115234375, "model_wall_seconds": 0.04138969999621622, "gap": 0.0, "actual_reward": -1.740829702612245e-14}
{"period": 112, "status": "optimal", "solve_seconds": 0.0039997100830078125, "model_wall_seconds": 0.04040820000227541, "gap": 0.0, "actual_reward": -2.4833468614815502e-14}
{"period": 113, "status": "optimal", "solve_seconds": 0.004001617431640625, "model_wall_seconds": 0.044687399989925325, "gap": 0.0, "actual_reward": -2000.0}
{"period": 114, "status": "optimal", "solve_seconds": 0.0039997100830078125, "model_wall_seconds": 0.0374434000113979, "gap": 0.0, "actual_reward": -1.740829702612245e-14}
{"period": 115, "status": "optimal", "solve_seconds": 0.0030002593994140625, "model_wall_seconds": 0.038592299999436364, "gap": 0.0, "actual_reward": -1.740829702612245e-14}
{"period": 116, "status": "optimal", "solve_seconds": 0.0030002593994140625, "model_wall_seconds": 0.03993120000814088, "gap": 0.0, "actual_reward": -1.740829702612245e-14}
{"period": 117, "status": "optimal", "solve_seconds": 0.0039997100830078125, "model_wall_seconds": 0.03936940000858158, "gap": 0.0, "actual_reward": -1.740829702612245e-14}
{"period": 118, "status": "optimal", "solve_seconds": 0.0, "model_wall_seconds": 0.03910840000025928, "gap": 0.0, "actual_reward": -1.740829702612245e-14}
{"period": 119, "status": "optimal", "solve_seconds": 0.0039997100830078125, "model_wall_seconds": 0.03920500000822358, "gap": 0.0, "actual_reward": -2.2382096176443158e-14}
{"period": 120, "status": "optimal", "solve_seconds": 0.0049991607666015625, "model_wall_seconds": 0.050172299990663305, "gap": 0.0, "actual_reward": -1000.0}
{"period": 121, "status": "optimal", "solve_seconds": 0.0, "model_wall_seconds": 0.03789020000840537, "gap": 0.0, "actual_reward": -1.740829702612245e-14}
{"period": 122, "status": "optimal", "solve_seconds": 0.0, "model_wall_seconds": 0.03732750000199303, "gap": 0.0, "actual_reward": -1.740829702612245e-14}
{"period": 123, "status": "optimal", "solve_seconds": 0.0020008087158203125, "model_wall_seconds": 0.0384327000065241, "gap": 0.0, "actual_reward": -1.740829702612245e-14}
{"period": 124, "status": "optimal", "solve_seconds": 0.0030002593994140625, "model_wall_seconds": 0.03848609997658059, "gap": 0.0, "actual_reward": -1.740829702612245e-14}
{"period": 125, "status": "optimal", "solve_seconds": 0.0030002593994140625, "model_wall_seconds": 0.03874869999708608, "gap": 0.0, "actual_reward": -2.2382096176443158e-14}
{"period": 126, "status": "optimal", "solve_seconds": 0.004001617431640625, "model_wall_seconds": 0.03587679998599924, "gap": 0.0, "actual_reward": -1000.0}
{"state": "complete", "started_at": "2026-09-17T18:15:54.148187+00:00", "scenario": "D:\\Myfiles\\vscode_files\\cleanrl_BSS\\ExpresswayBSSs_v2\\data\\final_real_data_v1\\scenarios\\day_04.json", "route_mode": "joint", "charging_mode": "joint", "model": null, "deadline": null, "pid": 35368, "created": 1789668953.9603927, "source_snapshot": "D:\\Myfiles\\vscode_files\\cleanrl_BSS\\ExpresswayBSSs_v2\\outputs\\zero_terminal_real_data_seed1_v1\\runs\\h5_day04\\source_snapshots\\e04451463b9d6545577ff982cb3a33775239dc78ba1d91c5d8a88c86fabb05aa", "prior_attempt_seconds": 0.0, "runtime_timing_incomplete": false, "runtime_timing_estimated": false, "launcher_source_snapshot": "D:\\Myfiles\\vscode_files\\cleanrl_BSS\\ExpresswayBSSs_v2\\outputs\\zero_terminal_real_data_seed1_v1\\code_snapshots\\40ec378611b206b02ef446c50a74e31e0ead20388937d43f8a3085ca15610712", "finished_at": "2026-09-17T18:20:23.966481+00:00", "wall_seconds": 269.8167938000115, "metrics": {"net_profit_yuan": -77841.39238329025, "service_income_yuan": 28027.396814382642, "charging_cost_yuan": 1428.7891976729122, "adjustment_cost_yuan": 440.0, "reservation_failure_cost_yuan": 104000.0, "reservation_count": 200, "actual_random_count": 200, "reservation_failures": 104, "reservation_failure_rate": 0.52, "reservation_completed": 96, "reservation_unfinished_at_L": 21, "reservation_unfinished_rate_at_L": 0.105, "reservation_unfinished_after_cleanup": 0, "random_services": 119, "random_service_rate": 0.595, "mean_wait_minutes_served": 11.57103711424548, "path_adjustments": 44, "solver_seconds_mean": 0.11719850509885758, "solver_seconds_p95": 0.3359990119934082, "model_wall_seconds_mean": 0.22504728253850426, "model_wall_seconds_p95": 0.48226237500057323, "model_wall_seconds_total": 28.355957599851536, "mip_gap_mean": 9.6736934282961e-07, "mip_gap_max": 9.528813935041033e-05, "mip_gap_target_met_fraction": 1.0, "solver_status_counts": {"optimal": 126}, "completed_periods": 126, "demand_periods": 96, "cleanup_periods": 30, "cleanup_hours": 7.5, "time_limit_fraction": 0.0, "final_inventory_kwh": 6761.8686610382, "random_timeouts": 81, "terminal_settlement": "none", "operating_duration_hours": 24.0, "current_attempt_wall_seconds": 269.81455210002605, "prior_attempt_wall_seconds": 0.0, "known_runtime_seconds": 269.81455210002605, "runtime_timing_incomplete": false, "runtime_timing_estimated": false, "worker_wall_seconds": 269.81455210002605}}
