{"period": 1, "status": "optimal", "solve_seconds": 0.1770000457763672, "model_wall_seconds": 0.3203586000017822, "gap": 0.0, "actual_reward": 0.0}
{"period": 2, "status": "optimal", "solve_seconds": 0.04199981689453125, "model_wall_seconds": 0.18604159998358227, "gap": 0.0, "actual_reward": 86.50305882753351}
{"period": 3, "status": "optimal", "solve_seconds": 0.2240009307861328, "model_wall_seconds": 0.3490740999986883, "gap": 0.0, "actual_reward": 70.64787568015879}
{"period": 4, "status": "optimal", "solve_seconds": 0.05900001525878906, "model_wall_seconds": 0.19615659999544732, "gap": 0.0, "actual_reward": 63.2397766228206}
{"period": 5, "status": "optimal", "solve_seconds": 0.12399864196777344, "model_wall_seconds": 0.24675029999343678, "gap": 0.0, "actual_reward": 254.06578457388667}
{"period": 6, "status": "optimal", "solve_seconds": 0.031000137329101562, "model_wall_seconds": 0.16693300000042655, "gap": 0.0, "actual_reward": -2.007283228522283e-15}
{"period": 7, "status": "optimal", "solve_seconds": 0.13500022888183594, "model_wall_seconds": 0.27915410001878627, "gap": 0.0, "actual_reward": -10.000000000000002}
{"period": 8, "status": "optimal", "solve_seconds": 0.04200172424316406, "model_wall_seconds": 0.17544320001616143, "gap": 0.0, "actual_reward": 41.038370045317}
{"period": 9, "status": "optimal", "solve_seconds": 0.11199951171875, "model_wall_seconds": 0.23623420001240447, "gap": 0.0, "actual_reward": -2.007283228522283e-15}
{"period": 10, "status": "optimal", "solve_seconds": 0.03500175476074219, "model_wall_seconds": 0.1626756000041496, "gap": 0.0, "actual_reward": 319.46708266356706}
{"period": 11, "status": "optimal", "solve_seconds": 0.08799934387207031, "model_wall_seconds": 0.20520009999745525, "gap": 0.0, "actual_reward": -2.007283228522283e-15}
{"period": 12, "status": "optimal", "solve_seconds": 0.017000198364257812, "model_wall_seconds": 0.14583110000239685, "gap": 0.0, "actual_reward": -2.007283228522283e-15}
{"period": 13, "status": "optimal", "solve_seconds": 0.10700035095214844, "model_wall_seconds": 0.22818439998081885, "gap": 0.0, "actual_reward": -2.007283228522283e-15}
{"period": 14, "status": "optimal", "solve_seconds": 0.05900001525878906, "model_wall_seconds": 0.188265999982832, "gap": 0.0, "actual_reward": 49.219999999632}
{"period": 15, "status": "optimal", "solve_seconds": 0.10400009155273438, "model_wall_seconds": 0.22108309998293407, "gap": 0.0, "actual_reward": 63.2177968278592}
{"period": 16, "status": "optimal", "solve_seconds": 0.035999298095703125, "model_wall_seconds": 0.16102929998305626, "gap": 0.0, "actual_reward": -2.007283228522283e-15}
{"period": 17, "status": "optimal", "solve_seconds": 0.1270008087158203, "model_wall_seconds": 0.25031760000274517, "gap": 0.0, "actual_reward": 45.999999999885006}
{"period": 18, "status": "optimal", "solve_seconds": 0.031000137329101562, "model_wall_seconds": 0.1593373000214342, "gap": 0.0, "actual_reward": 75.85130131201699}
{"period": 19, "status": "optimal", "solve_seconds": 0.09299850463867188, "model_wall_seconds": 0.23188300000037998, "gap": 0.0, "actual_reward": 97.75432814919999}
{"period": 20, "status": "optimal", "solve_seconds": 0.007999420166015625, "model_wall_seconds": 0.1362514999927953, "gap": 0.0, "actual_reward": 79.748136223248}
{"period": 21, "status": "optimal", "solve_seconds": 0.09300041198730469, "model_wall_seconds": 0.2125944999861531, "gap": 0.0, "actual_reward": -1.540101379760017e-14}
{"period": 22, "status": "optimal", "solve_seconds": 0.009998321533203125, "model_wall_seconds": 0.13070400001015514, "gap": 0.0, "actual_reward": -1.540101379760017e-14}
{"period": 23, "status": "optimal", "solve_seconds": 0.11400032043457031, "model_wall_seconds": 0.2459792000008747, "gap": 0.0, "actual_reward": -1.540101379760017e-14}
{"period": 24, "status": "optimal", "solve_seconds": 0.05800056457519531, "model_wall_seconds": 0.20083730001351796, "gap": 0.0, "actual_reward": -1.540101379760017e-14}
{"period": 25, "status": "optimal", "solve_seconds": 0.15600013732910156, "model_wall_seconds": 0.2786537999927532, "gap": 0.0, "actual_reward": -1.34825484110479e-14}
{"period": 26, "status": "optimal", "solve_seconds": 0.07300186157226562, "model_wall_seconds": 0.2004906999936793, "gap": 0.0, "actual_reward": 221.86956853304878}
{"period": 27, "status": "optimal", "solve_seconds": 0.13100051879882812, "model_wall_seconds": 0.2708064000180457, "gap": 0.0, "actual_reward": 184.572104231811}
{"period": 28, "status": "optimal", "solve_seconds": 0.04000091552734375, "model_wall_seconds": 0.1731382999860216, "gap": 0.0, "actual_reward": 82.943333333085}
{"period": 29, "status": "optimal", "solve_seconds": 0.11499977111816406, "model_wall_seconds": 0.23500719998264685, "gap": 0.0, "actual_reward": 96.35333333293599}
{"period": 30, "status": "optimal", "solve_seconds": 0.034999847412109375, "model_wall_seconds": 0.1633068000082858, "gap": 0.0, "actual_reward": 99.37620724788975}
{"period": 31, "status": "optimal", "solve_seconds": 0.1309986114501953, "model_wall_seconds": 0.25578730000415817, "gap": 0.0, "actual_reward": 214.74045431054398}
{"period": 32, "status": "optimal", "solve_seconds": 0.048999786376953125, "model_wall_seconds": 0.19895190000534058, "gap": 0.0, "actual_reward": 218.79093310684277}
{"period": 33, "status": "optimal", "solve_seconds": 0.14999961853027344, "model_wall_seconds": 0.26913620001869276, "gap": 0.0, "actual_reward": 142.81193684562825}
{"period": 34, "status": "optimal", "solve_seconds": 0.03900146484375, "model_wall_seconds": 0.18588800000725314, "gap": 0.0, "actual_reward": -2.998490344907622e-14}
{"period": 35, "status": "optimal", "solve_seconds": 0.1340007781982422, "model_wall_seconds": 0.25884409999707714, "gap": 0.0, "actual_reward": 81.52818230799198}
{"period": 36, "status": "optimal", "solve_seconds": 0.06599998474121094, "model_wall_seconds": 0.1973678999929689, "gap": 0.0, "actual_reward": 403.2676346657775}
{"period": 37, "status": "optimal", "solve_seconds": 0.15900039672851562, "model_wall_seconds": 0.28321630001300946, "gap": 0.0, "actual_reward": 281.9492257968899}
{"period": 38, "status": "optimal", "solve_seconds": 0.082000732421875, "model_wall_seconds": 0.2185270999907516, "gap": 0.0, "actual_reward": 62.41619347634195}
{"period": 39, "status": "optimal", "solve_seconds": 0.16499900817871094, "model_wall_seconds": 0.2941813000070397, "gap": 0.0, "actual_reward": 304.9555927177152}
{"period": 40, "status": "optimal", "solve_seconds": 0.11300086975097656, "model_wall_seconds": 0.24437300002318807, "gap": 0.0, "actual_reward": 862.88069994014}
{"period": 41, "status": "optimal", "solve_seconds": 0.20800018310546875, "model_wall_seconds": 0.3348143999755848, "gap": 0.0, "actual_reward": 430.90185200284685}
{"period": 42, "status": "optimal", "solve_seconds": 0.09300041198730469, "model_wall_seconds": 0.22708039998542517, "gap": 0.0, "actual_reward": 249.660660407622}
{"period": 43, "status": "optimal", "solve_seconds": 0.22100067138671875, "model_wall_seconds": 0.3512492000008933, "gap": 0.0, "actual_reward": 245.88409797383923}
{"period": 44, "status": "optimal", "solve_seconds": 0.17599868774414062, "model_wall_seconds": 0.32223269998212345, "gap": 0.0, "actual_reward": 590.9396187097677}
{"period": 45, "status": "optimal", "solve_seconds": 0.1960010528564453, "model_wall_seconds": 0.32023310000658967, "gap": 0.0, "actual_reward": 310.77304316719403}
{"period": 46, "status": "optimal", "solve_seconds": 0.10999870300292969, "model_wall_seconds": 0.2439328999898862, "gap": 0.0, "actual_reward": 683.1715255405443}
{"period": 47, "status": "optimal", "solve_seconds": 0.19099998474121094, "model_wall_seconds": 0.3241489000211004, "gap": 0.0, "actual_reward": 181.28956144315399}
{"period": 48, "status": "optimal", "solve_seconds": 0.11999893188476562, "model_wall_seconds": 0.26454180001746863, "gap": 0.0, "actual_reward": 868.7467256264669}
{"period": 49, "status": "optimal", "solve_seconds": 0.18999862670898438, "model_wall_seconds": 0.320104899990838, "gap": 0.0, "actual_reward": 428.2300764466478}
{"period": 50, "status": "optimal", "solve_seconds": 0.12199974060058594, "model_wall_seconds": 0.2631076999823563, "gap": 0.0, "actual_reward": 596.7330719505043}
{"period": 51, "status": "optimal", "solve_seconds": 1.4979991912841797, "model_wall_seconds": 1.6459462999773677, "gap": 0.0, "actual_reward": 179.12723986986}
{"period": 52, "status": "optimal", "solve_seconds": 0.27700042724609375, "model_wall_seconds": 0.45541579998098314, "gap": 0.0, "actual_reward": 1045.9765760923558}
{"period": 53, "status": "optimal", "solve_seconds": 0.26199913024902344, "model_wall_seconds": 0.3998107999796048, "gap": 0.0, "actual_reward": 574.2399911149956}
{"period": 54, "status": "optimal", "solve_seconds": 0.14800071716308594, "model_wall_seconds": 0.28963220000150613, "gap": 0.0, "actual_reward": 445.50000455507916}
{"period": 55, "status": "optimal", "solve_seconds": 0.2719993591308594, "model_wall_seconds": 0.41708770001423545, "gap": 0.0, "actual_reward": 501.0129912503664}
{"period": 56, "status": "optimal", "solve_seconds": 0.20800018310546875, "model_wall_seconds": 0.3477011999930255, "gap": 0.0, "actual_reward": 192.3870097241769}
{"period": 57, "status": "optimal", "solve_seconds": 0.2310009002685547, "model_wall_seconds": 0.4054216000076849, "gap": 0.0, "actual_reward": 1192.9496053136775}
{"period": 58, "status": "optimal", "solve_seconds": 0.1139984130859375, "model_wall_seconds": 0.2436394999967888, "gap": 0.0, "actual_reward": 213.65505167781257}
{"period": 59, "status": "optimal", "solve_seconds": 0.23099899291992188, "model_wall_seconds": 0.36220869998214766, "gap": 0.0, "actual_reward": 683.5358476034396}
{"period": 60, "status": "optimal", "solve_seconds": 0.15199851989746094, "model_wall_seconds": 0.3033250999869779, "gap": 0.0, "actual_reward": -14.850000000000032}
{"period": 61, "status": "optimal", "solve_seconds": 0.2989997863769531, "model_wall_seconds": 0.43704910000087693, "gap": 0.0, "actual_reward": 1052.390446272425}
{"period": 62, "status": "optimal", "solve_seconds": 0.1639995574951172, "model_wall_seconds": 0.3413501000031829, "gap": 0.0, "actual_reward": 824.9761370365802}
{"period": 63, "status": "optimal", "solve_seconds": 0.1979999542236328, "model_wall_seconds": 0.31991359998937696, "gap": 0.0, "actual_reward": 119.227369991214}
{"period": 64, "status": "optimal", "solve_seconds": 0.09900093078613281, "model_wall_seconds": 0.23986219998914748, "gap": 0.0, "actual_reward": -862.2954834827146}
{"period": 65, "status": "optimal", "solve_seconds": 0.1830005645751953, "model_wall_seconds": 0.31277759998920374, "gap": 0.0, "actual_reward": 1456.5462890532879}
{"period": 66, "status": "optimal", "solve_seconds": 0.12999916076660156, "model_wall_seconds": 0.27075200001127087, "gap": 0.0, "actual_reward": -3527.410201973585}
{"period": 67, "status": "optimal", "solve_seconds": 0.2779998779296875, "model_wall_seconds": 0.40637969999806955, "gap": 0.0, "actual_reward": -709.0161015949041}
{"period": 68, "status": "optimal", "solve_seconds": 0.15999984741210938, "model_wall_seconds": 0.308664799988037, "gap": 0.0, "actual_reward": -2899.341681458404}
{"period": 69, "status": "optimal", "solve_seconds": 0.2129993438720703, "model_wall_seconds": 0.3300222000107169, "gap": 0.0, "actual_reward": 1826.7501752957508}
{"period": 70, "status": "optimal", "solve_seconds": 0.12400054931640625, "model_wall_seconds": 0.24960929999360815, "gap": 0.0, "actual_reward": -2609.064372666243}
{"period": 71, "status": "optimal", "solve_seconds": 0.19099998474121094, "model_wall_seconds": 0.3103754000039771, "gap": 0.0, "actual_reward": -543.2802428026872}
{"period": 72, "status": "optimal", "solve_seconds": 0.1750011444091797, "model_wall_seconds": 0.30127699999138713, "gap": 6.103440211294309e-05, "actual_reward": -2574.9767929577574}
{"period": 73, "status": "optimal", "solve_seconds": 0.23799896240234375, "model_wall_seconds": 0.4070693999819923, "gap": 0.0, "actual_reward": 39.21114210644237}
{"period": 74, "status": "optimal", "solve_seconds": 0.11200141906738281, "model_wall_seconds": 0.227805200003786, "gap": 0.0, "actual_reward": -2783.7705855364566}
{"period": 75, "status": "optimal", "solve_seconds": 0.1359996795654297, "model_wall_seconds": 0.2376440999796614, "gap": 0.0, "actual_reward": -4640.153333333334}
{"period": 76, "status": "optimal", "solve_seconds": 0.05700111389160156, "model_wall_seconds": 0.1579053000023123, "gap": 0.0, "actual_reward": -4526.361917433649}
{"period": 77, "status": "optimal", "solve_seconds": 0.11300086975097656, "model_wall_seconds": 0.2116360999934841, "gap": 0.0, "actual_reward": -4869.423263750767}
{"period": 78, "status": "optimal", "solve_seconds": 0.024000167846679688, "model_wall_seconds": 0.11373539999476634, "gap": 0.0, "actual_reward": -4000.0}
{"period": 79, "status": "optimal", "solve_seconds": 0.07499885559082031, "model_wall_seconds": 0.15700289999949746, "gap": 0.0, "actual_reward": 185.335403354262}
{"period": 80, "status": "optimal", "solve_seconds": 0.020999908447265625, "model_wall_seconds": 0.15688049999880604, "gap": 0.0, "actual_reward": -1000.0}
{"period": 81, "status": "optimal", "solve_seconds": 0.07199859619140625, "model_wall_seconds": 0.16104549998999573, "gap": 0.0, "actual_reward": -2704.8039116417453}
{"period": 82, "status": "optimal", "solve_seconds": 0.01399993896484375, "model_wall_seconds": 0.10204979998525232, "gap": 0.0, "actual_reward": -4000.0}
{"period": 83, "status": "optimal", "solve_seconds": 0.06500053405761719, "model_wall_seconds": 0.15174880000995472, "gap": 0.0, "actual_reward": -5010.0}
{"period": 84, "status": "optimal", "solve_seconds": 0.018999099731445312, "model_wall_seconds": 0.15351569998892955, "gap": 0.0, "actual_reward": -7000.0}
{"period": 85, "status": "optimal", "solve_seconds": 0.06300163269042969, "model_wall_seconds": 0.1360156000009738, "gap": 0.0, "actual_reward": -7779.235349177185}
{"period": 86, "status": "optimal", "solve_seconds": 0.020999908447265625, "model_wall_seconds": 0.09631459999945946, "gap": 0.0, "actual_reward": -3000.0}
{"period": 87, "status": "optimal", "solve_seconds": 0.06599998474121094, "model_wall_seconds": 0.13969909999286756, "gap": 6.973997774471586e-05, "actual_reward": -5006.861131124899}
{"period": 88, "status": "optimal", "solve_seconds": 0.03700065612792969, "model_wall_seconds": 0.1579679999849759, "gap": 0.0, "actual_reward": -4000.0}
{"period": 89, "status": "optimal", "solve_seconds": 0.048999786376953125, "model_wall_seconds": 0.10796439999830909, "gap": 0.0, "actual_reward": -5021.063275679984}
{"period": 90, "status": "optimal", "solve_seconds": 0.015001296997070312, "model_wall_seconds": 0.0679142999870237, "gap": 0.0, "actual_reward": -1000.0}
{"period": 91, "status": "optimal", "solve_seconds": 0.019998550415039062, "model_wall_seconds": 0.07152679999126121, "gap": 0.0, "actual_reward": -2903.795423755454}
{"period": 92, "status": "optimal", "solve_seconds": 0.010000228881835938, "model_wall_seconds": 0.06209449999732897, "gap": 0.0, "actual_reward": -4019.5}
{"period": 93, "status": "optimal", "solve_seconds": 0.03900146484375, "model_wall_seconds": 0.09397919999901205, "gap": 0.0, "actual_reward": -892.4750092081632}
{"period": 94, "status": "optimal", "solve_seconds": 0.01399993896484375, "model_wall_seconds": 0.06602149998070672, "gap": 0.0, "actual_reward": -3009.75}
{"period": 95, "status": "optimal", "solve_seconds": 0.023000717163085938, "model_wall_seconds": 0.07140000001527369, "gap": 0.0, "actual_reward": -3906.508163083368}
{"period": 96, "status": "optimal", "solve_seconds": 0.0030002593994140625, "model_wall_seconds": 0.05092089998652227, "gap": 0.0, "actual_reward": -1000.0}
{"period": 97, "status": "optimal", "solve_seconds": 0.01200103759765625, "model_wall_seconds": 0.05543159999069758, "gap": 0.0, "actual_reward": -3010.0}
{"period": 98, "status": "optimal", "solve_seconds": 0.005001068115234375, "model_wall_seconds": 0.05011240000021644, "gap": 0.0, "actual_reward": -3000.0}
{"period": 99, "status": "optimal", "solve_seconds": 0.005001068115234375, "model_wall_seconds": 0.04026090001570992, "gap": 0.0, "actual_reward": -2.415845301584341e-15}
{"period": 100, "status": "optimal", "solve_seconds": 0.008001327514648438, "model_wall_seconds": 0.03960380001808517, "gap": 0.0, "actual_reward": -2000.0}
{"period": 101, "status": "optimal", "solve_seconds": 0.0049991607666015625, "model_wall_seconds": 0.0417736999806948, "gap": 0.0, "actual_reward": -2010.0}
{"period": 102, "status": "optimal", "solve_seconds": 0.0039997100830078125, "model_wall_seconds": 0.03423399999155663, "gap": 0.0, "actual_reward": -1000.0}
{"period": 103, "status": "optimal", "solve_seconds": 0.004001617431640625, "model_wall_seconds": 0.03440979999140836, "gap": 0.0, "actual_reward": -2000.0}
{"period": 104, "status": "optimal", "solve_seconds": 0.0039997100830078125, "model_wall_seconds": 0.034169399994425476, "gap": 0.0, "actual_reward": -1000.0}
{"period": 105, "status": "optimal", "solve_seconds": 0.0049991607666015625, "model_wall_seconds": 0.03515949999564327, "gap": 0.0, "actual_reward": 0.0}
{"period": 106, "status": "optimal", "solve_seconds": 0.0, "model_wall_seconds": 0.031321899994509295, "gap": 0.0, "actual_reward": -1000.0}
{"period": 107, "status": "optimal", "solve_seconds": 0.0039997100830078125, "model_wall_seconds": 0.03262589999940246, "gap": 0.0, "actual_reward": -1000.0}
{"state": "complete", "started_at": "2026-09-17T17:47:41.908144+00:00", "scenario": "D:\\Myfiles\\vscode_files\\cleanrl_BSS\\ExpresswayBSSs_v2\\data\\final_real_data_v1\\scenarios\\day_03.json", "route_mode": "joint", "charging_mode": "joint", "model": null, "deadline": null, "pid": 22752, "created": 1789667261.7165253, "source_snapshot": "D:\\Myfiles\\vscode_files\\cleanrl_BSS\\ExpresswayBSSs_v2\\outputs\\zero_terminal_real_data_seed1_v1\\runs\\h4_day03\\source_snapshots\\e04451463b9d6545577ff982cb3a33775239dc78ba1d91c5d8a88c86fabb05aa", "prior_attempt_seconds": 0.0, "runtime_timing_incomplete": false, "runtime_timing_estimated": false, "launcher_source_snapshot": "D:\\Myfiles\\vscode_files\\cleanrl_BSS\\ExpresswayBSSs_v2\\outputs\\zero_terminal_real_data_seed1_v1\\code_snapshots\\40ec378611b206b02ef446c50a74e31e0ead20388937d43f8a3085ca15610712", "finished_at": "2026-09-17T17:51:03.146823+00:00", "wall_seconds": 201.2386673000001, "metrics": {"net_profit_yuan": -92219.57581630923, "service_income_yuan": 26023.997537763724, "charging_cost_yuan": 723.5733540729476, "adjustment_cost_yuan": 520.0, "reservation_failure_cost_yuan": 117000.0, "reservation_count": 200, "actual_random_count": 200, "reservation_failures": 117, "reservation_failure_rate": 0.585, "reservation_completed": 83, "reservation_unfinished_at_L": 18, "reservation_unfinished_rate_at_L": 0.09, "reservation_unfinished_after_cleanup": 0, "random_services": 122, "random_service_rate": 0.61, "mean_wait_minutes_served": 12.513358265481836, "path_adjustments": 52, "solver_seconds_mean": 0.11364491186409353, "solver_seconds_p95": 0.25479907989501926, "model_wall_seconds_mean": 0.22637966728690906, "model_wall_seconds_p95": 0.40609227000095416, "model_wall_seconds_total": 24.22262439969927, "mip_gap_mean": 1.2221904659594295e-06, "mip_gap_max": 6.973997774471586e-05, "mip_gap_target_met_fraction": 1.0, "solver_status_counts": {"optimal": 107}, "completed_periods": 107, "demand_periods": 96, "cleanup_periods": 11, "cleanup_hours": 2.75, "time_limit_fraction": 0.0, "final_inventory_kwh": 6690.5235504839, "random_timeouts": 78, "terminal_settlement": "none", "operating_duration_hours": 24.0, "current_attempt_wall_seconds": 201.2366202000121, "prior_attempt_wall_seconds": 0.0, "known_runtime_seconds": 201.2366202000121, "runtime_timing_incomplete": false, "runtime_timing_estimated": false, "worker_wall_seconds": 201.2366202000121}}
