{"period": 1, "status": "optimal", "solve_seconds": 0.17300033569335938, "model_wall_seconds": 0.3253022000135388, "gap": 0.0, "actual_reward": 0.0}
{"period": 2, "status": "optimal", "solve_seconds": 0.062000274658203125, "model_wall_seconds": 0.2044469999964349, "gap": 0.0, "actual_reward": 86.50305882753351}
{"period": 3, "status": "optimal", "solve_seconds": 0.22500038146972656, "model_wall_seconds": 0.3635528000013437, "gap": 0.0, "actual_reward": 70.64787568015879}
{"period": 4, "status": "optimal", "solve_seconds": 0.05699920654296875, "model_wall_seconds": 0.2045860999787692, "gap": 0.0, "actual_reward": 63.2397766228206}
{"period": 5, "status": "optimal", "solve_seconds": 0.13299942016601562, "model_wall_seconds": 0.27548250000108965, "gap": 0.0, "actual_reward": 153.61288283749445}
{"period": 6, "status": "optimal", "solve_seconds": 0.051998138427734375, "model_wall_seconds": 0.2014694999961648, "gap": 0.0, "actual_reward": 90.45290173639222}
{"period": 7, "status": "optimal", "solve_seconds": 0.12600135803222656, "model_wall_seconds": 0.2627636000106577, "gap": 0.0, "actual_reward": -2.007283228522283e-15}
{"period": 8, "status": "optimal", "solve_seconds": 0.04400062561035156, "model_wall_seconds": 0.18679380000685342, "gap": 0.0, "actual_reward": 41.038370045317}
{"period": 9, "status": "optimal", "solve_seconds": 0.11200141906738281, "model_wall_seconds": 0.2397544999839738, "gap": 0.0, "actual_reward": 52.845139415528}
{"period": 10, "status": "optimal", "solve_seconds": 0.02899932861328125, "model_wall_seconds": 0.1696704000059981, "gap": 0.0, "actual_reward": 266.62194324803903}
{"period": 11, "status": "optimal", "solve_seconds": 0.10200119018554688, "model_wall_seconds": 0.22680340000079013, "gap": 0.0, "actual_reward": -2.007283228522283e-15}
{"period": 12, "status": "optimal", "solve_seconds": 0.0260009765625, "model_wall_seconds": 0.1639398999977857, "gap": 0.0, "actual_reward": -2.007283228522283e-15}
{"period": 13, "status": "optimal", "solve_seconds": 0.11100006103515625, "model_wall_seconds": 0.24139149999246, "gap": 0.0, "actual_reward": -10.000000000000002}
{"period": 14, "status": "optimal", "solve_seconds": 0.06999969482421875, "model_wall_seconds": 0.20626390000688843, "gap": 0.0, "actual_reward": 49.219999999632}
{"period": 15, "status": "optimal", "solve_seconds": 0.10999870300292969, "model_wall_seconds": 0.23569960001623258, "gap": 0.0, "actual_reward": 73.2177968278592}
{"period": 16, "status": "optimal", "solve_seconds": 0.047000885009765625, "model_wall_seconds": 0.1910206000029575, "gap": 0.0, "actual_reward": -2.007283228522283e-15}
{"period": 17, "status": "optimal", "solve_seconds": 0.12299919128417969, "model_wall_seconds": 0.2501592999906279, "gap": 0.0, "actual_reward": 45.999999999885006}
{"period": 18, "status": "optimal", "solve_seconds": 0.02700042724609375, "model_wall_seconds": 0.15763940001488663, "gap": 0.0, "actual_reward": 75.85130131201699}
{"period": 19, "status": "optimal", "solve_seconds": 0.09600067138671875, "model_wall_seconds": 0.21899729999131523, "gap": 0.0, "actual_reward": 97.75432814919999}
{"period": 20, "status": "optimal", "solve_seconds": 0.009000778198242188, "model_wall_seconds": 0.15550990001065657, "gap": 0.0, "actual_reward": 79.748136223248}
{"period": 21, "status": "optimal", "solve_seconds": 0.09099960327148438, "model_wall_seconds": 0.21292020002147183, "gap": 0.0, "actual_reward": -1.540101379760017e-14}
{"period": 22, "status": "optimal", "solve_seconds": 0.007999420166015625, "model_wall_seconds": 0.14138839999213815, "gap": 0.0, "actual_reward": -1.540101379760017e-14}
{"period": 23, "status": "optimal", "solve_seconds": 0.14100074768066406, "model_wall_seconds": 0.26725139998598024, "gap": 0.0, "actual_reward": -1.540101379760017e-14}
{"period": 24, "status": "optimal", "solve_seconds": 0.06599998474121094, "model_wall_seconds": 0.19711029998143204, "gap": 0.0, "actual_reward": -1.540101379760017e-14}
{"period": 25, "status": "optimal", "solve_seconds": 0.14599990844726562, "model_wall_seconds": 0.2712458999885712, "gap": 0.0, "actual_reward": -1.8385293287792592e-14}
{"period": 26, "status": "optimal", "solve_seconds": 0.08499908447265625, "model_wall_seconds": 0.22083140001632273, "gap": 0.0, "actual_reward": 301.6890105856298}
{"period": 27, "status": "optimal", "solve_seconds": 0.13899993896484375, "model_wall_seconds": 0.26594379998277873, "gap": 0.0, "actual_reward": 104.75266217923}
{"period": 28, "status": "optimal", "solve_seconds": 0.034999847412109375, "model_wall_seconds": 0.1753702000132762, "gap": 0.0, "actual_reward": 82.943333333085}
{"period": 29, "status": "optimal", "solve_seconds": 0.13800048828125, "model_wall_seconds": 0.26527860001078807, "gap": 0.0, "actual_reward": 96.35333333293599}
{"period": 30, "status": "optimal", "solve_seconds": 0.05900001525878906, "model_wall_seconds": 0.19723250000970438, "gap": 0.0, "actual_reward": 220.0770464006389}
{"period": 31, "status": "optimal", "solve_seconds": 0.12400054931640625, "model_wall_seconds": 0.2733451999956742, "gap": 0.0, "actual_reward": 94.03961515779484}
{"period": 32, "status": "optimal", "solve_seconds": 0.06500053405761719, "model_wall_seconds": 0.20092239999212325, "gap": 0.0, "actual_reward": 109.14559167679877}
{"period": 33, "status": "optimal", "solve_seconds": 0.18199920654296875, "model_wall_seconds": 0.34291599999414757, "gap": 0.0, "actual_reward": 242.45727827567225}
{"period": 34, "status": "optimal", "solve_seconds": 0.055999755859375, "model_wall_seconds": 0.19252779998350888, "gap": 0.0, "actual_reward": -2.998490344907622e-14}
{"period": 35, "status": "optimal", "solve_seconds": 0.18200111389160156, "model_wall_seconds": 0.3087651999958325, "gap": 0.0, "actual_reward": -2.998490344907622e-14}
{"period": 36, "status": "optimal", "solve_seconds": 0.12199974060058594, "model_wall_seconds": 0.2585382999968715, "gap": 0.0, "actual_reward": 579.655823319025}
{"period": 37, "status": "optimal", "solve_seconds": 0.20100021362304688, "model_wall_seconds": 0.3381156999967061, "gap": 0.0, "actual_reward": 197.08921945163434}
{"period": 38, "status": "optimal", "solve_seconds": 0.11699867248535156, "model_wall_seconds": 0.28040560000226833, "gap": 0.0, "actual_reward": 184.41219975045544}
{"period": 39, "status": "optimal", "solve_seconds": 0.22499847412109375, "model_wall_seconds": 0.36688580000190996, "gap": 0.0, "actual_reward": 314.6164524095907}
{"period": 40, "status": "optimal", "solve_seconds": 0.13899993896484375, "model_wall_seconds": 0.31211999998777173, "gap": 0.0, "actual_reward": 538.9622208055373}
{"period": 41, "status": "optimal", "solve_seconds": 0.25300025939941406, "model_wall_seconds": 0.39708799999789335, "gap": 0.0, "actual_reward": 606.3901318381767}
{"period": 42, "status": "optimal", "solve_seconds": 0.13899993896484375, "model_wall_seconds": 0.31074200000148267, "gap": 0.0, "actual_reward": 208.58732707415402}
{"period": 43, "status": "optimal", "solve_seconds": 0.24199867248535156, "model_wall_seconds": 0.38352089998079464, "gap": 0.0, "actual_reward": 276.96365787147755}
{"period": 44, "status": "optimal", "solve_seconds": 0.180999755859375, "model_wall_seconds": 0.3417249000049196, "gap": 0.0, "actual_reward": 600.9333921455974}
{"period": 45, "status": "optimal", "solve_seconds": 0.23600006103515625, "model_wall_seconds": 0.38006620001397096, "gap": 0.0, "actual_reward": 504.8640528318969}
{"period": 46, "status": "optimal", "solve_seconds": 0.13699913024902344, "model_wall_seconds": 0.29844990000128746, "gap": 0.0, "actual_reward": 530.3338492090534}
{"period": 47, "status": "optimal", "solve_seconds": 0.24300003051757812, "model_wall_seconds": 0.38402190001215786, "gap": 0.0, "actual_reward": 130.036228109942}
{"period": 48, "status": "optimal", "solve_seconds": 0.18200111389160156, "model_wall_seconds": 0.33633769999141805, "gap": 0.0, "actual_reward": 868.7467256264667}
{"period": 49, "status": "optimal", "solve_seconds": 0.3299999237060547, "model_wall_seconds": 0.4958250999916345, "gap": 0.0, "actual_reward": 390.3767431132918}
{"period": 50, "status": "optimal", "solve_seconds": 2.4190006256103516, "model_wall_seconds": 2.596231399977114, "gap": 0.0, "actual_reward": 547.5407595003115}
{"period": 51, "status": "optimal", "solve_seconds": 0.9029998779296875, "model_wall_seconds": 1.0693769000063185, "gap": 8.372191544066669e-05, "actual_reward": 483.7510031384063}
{"period": 52, "status": "optimal", "solve_seconds": 0.5529994964599609, "model_wall_seconds": 0.7160004999896046, "gap": 0.0, "actual_reward": 876.9115491770701}
{"period": 53, "status": "optimal", "solve_seconds": 0.3690013885498047, "model_wall_seconds": 0.5110929000074975, "gap": 0.0, "actual_reward": 536.0202527820542}
{"period": 54, "status": "optimal", "solve_seconds": 0.26399993896484375, "model_wall_seconds": 0.43940579998889007, "gap": 0.0, "actual_reward": 362.8533216028252}
{"period": 55, "status": "optimal", "solve_seconds": 0.37599945068359375, "model_wall_seconds": 0.5178162999800406, "gap": 0.0, "actual_reward": 720.8282963276407}
{"period": 56, "status": "optimal", "solve_seconds": 0.21899986267089844, "model_wall_seconds": 0.3735638999787625, "gap": 0.0, "actual_reward": 108.60974029547755}
{"period": 57, "status": "optimal", "solve_seconds": 0.3099994659423828, "model_wall_seconds": 0.4858786999830045, "gap": 0.0, "actual_reward": 1080.0037661433032}
{"period": 58, "status": "optimal", "solve_seconds": 0.1979999542236328, "model_wall_seconds": 0.33819840001524426, "gap": 0.0, "actual_reward": 246.06725568072142}
{"period": 59, "status": "optimal", "solve_seconds": 0.3640003204345703, "model_wall_seconds": 0.5090004999947269, "gap": 0.0, "actual_reward": 672.6805844455447}
{"period": 60, "status": "optimal", "solve_seconds": 0.3269996643066406, "model_wall_seconds": 0.4777835000131745, "gap": 0.0, "actual_reward": -24.750000000000043}
{"period": 61, "status": "optimal", "solve_seconds": 0.5260009765625, "model_wall_seconds": 0.6803807999822311, "gap": 0.0, "actual_reward": 1042.2090427634205}
{"period": 62, "status": "optimal", "solve_seconds": 0.20199966430664062, "model_wall_seconds": 0.384571499977028, "gap": 0.0, "actual_reward": 770.6564322865543}
{"period": 63, "status": "optimal", "solve_seconds": 0.26600074768066406, "model_wall_seconds": 0.40478469998924993, "gap": 0.0, "actual_reward": 194.62602210944004}
{"period": 64, "status": "optimal", "solve_seconds": 0.2030010223388672, "model_wall_seconds": 0.35268780001206324, "gap": 0.0, "actual_reward": -960.4154834824847}
{"period": 65, "status": "optimal", "solve_seconds": 0.36499977111816406, "model_wall_seconds": 0.5134185000206344, "gap": 0.0, "actual_reward": 1381.4936574743406}
{"period": 66, "status": "optimal", "solve_seconds": 0.27300071716308594, "model_wall_seconds": 0.4334507999883499, "gap": 0.0, "actual_reward": -3604.626026958367}
{"period": 67, "status": "optimal", "solve_seconds": 0.5200004577636719, "model_wall_seconds": 0.7087253999779932, "gap": 0.0, "actual_reward": 706.5795894650054}
{"period": 68, "status": "optimal", "solve_seconds": 0.39100074768066406, "model_wall_seconds": 0.5370251999993343, "gap": 0.0, "actual_reward": -2039.4157165453971}
{"period": 69, "status": "optimal", "solve_seconds": 0.5200004577636719, "model_wall_seconds": 0.6684675000142306, "gap": 0.0, "actual_reward": 1794.4581926588119}
{"period": 70, "status": "optimal", "solve_seconds": 0.2700004577636719, "model_wall_seconds": 0.4048783000034746, "gap": 0.0, "actual_reward": -2422.4064802534954}
{"period": 71, "status": "optimal", "solve_seconds": 0.2999992370605469, "model_wall_seconds": 0.4352712999971118, "gap": 0.0, "actual_reward": 385.4526213477423}
{"period": 72, "status": "optimal", "solve_seconds": 0.2579994201660156, "model_wall_seconds": 0.4092608999926597, "gap": 0.0, "actual_reward": -2815.833062004426}
{"period": 73, "status": "optimal", "solve_seconds": 0.4629993438720703, "model_wall_seconds": 0.6107063999806996, "gap": 1.6630301670946343e-05, "actual_reward": -1123.3078507380317}
{"period": 74, "status": "optimal", "solve_seconds": 0.37399864196777344, "model_wall_seconds": 0.5167360999912489, "gap": 0.0, "actual_reward": -2916.6867847796857}
{"period": 75, "status": "optimal", "solve_seconds": 0.4090003967285156, "model_wall_seconds": 0.5411882000043988, "gap": 0.0, "actual_reward": -4334.016616477557}
{"period": 76, "status": "optimal", "solve_seconds": 0.180999755859375, "model_wall_seconds": 0.2978570000268519, "gap": 0.0, "actual_reward": -1868.2364108433692}
{"period": 77, "status": "optimal", "solve_seconds": 0.16500091552734375, "model_wall_seconds": 0.27390119998017326, "gap": 0.0, "actual_reward": -3992.469999999685}
{"period": 78, "status": "optimal", "solve_seconds": 0.13899993896484375, "model_wall_seconds": 0.2534612000163179, "gap": 0.0, "actual_reward": -2700.7999999994972}
{"period": 79, "status": "optimal", "solve_seconds": 0.19300079345703125, "model_wall_seconds": 0.29450340001494624, "gap": 0.0, "actual_reward": -37.31315789494742}
{"period": 80, "status": "optimal", "solve_seconds": 0.10499954223632812, "model_wall_seconds": 0.208601299993461, "gap": 0.0, "actual_reward": -476.119878990454}
{"period": 81, "status": "optimal", "solve_seconds": 0.15600013732910156, "model_wall_seconds": 0.26113400000031106, "gap": 0.0, "actual_reward": -762.0539116417455}
{"period": 82, "status": "optimal", "solve_seconds": 0.09499931335449219, "model_wall_seconds": 0.20022150001022965, "gap": 0.0, "actual_reward": -3082.2052631579686}
{"period": 83, "status": "optimal", "solve_seconds": 0.1490001678466797, "model_wall_seconds": 0.24883670001872815, "gap": 0.0, "actual_reward": -1553.282244402677}
{"period": 84, "status": "optimal", "solve_seconds": 0.07900047302246094, "model_wall_seconds": 0.1789011999790091, "gap": 0.0, "actual_reward": -5881.276296717273}
{"period": 85, "status": "optimal", "solve_seconds": 0.12299919128417969, "model_wall_seconds": 0.2098841999832075, "gap": 0.0, "actual_reward": -5830.235349177185}
{"period": 86, "status": "optimal", "solve_seconds": 0.08500099182128906, "model_wall_seconds": 0.182952800008934, "gap": 0.0, "actual_reward": -1035.7}
{"period": 87, "status": "optimal", "solve_seconds": 0.14100074768066406, "model_wall_seconds": 0.2278428999998141, "gap": 0.0, "actual_reward": -5901.564265192331}
{"period": 88, "status": "optimal", "solve_seconds": 0.062000274658203125, "model_wall_seconds": 0.14836059999652207, "gap": 5.298497082359816e-05, "actual_reward": -3732.564333380517}
{"period": 89, "status": "optimal", "solve_seconds": 0.07700157165527344, "model_wall_seconds": 0.15755569998873398, "gap": 0.0, "actual_reward": -3029.9637633801262}
{"period": 90, "status": "optimal", "solve_seconds": 0.0279998779296875, "model_wall_seconds": 0.10008639999432489, "gap": 0.0, "actual_reward": -1009.7500000000001}
{"period": 91, "status": "optimal", "solve_seconds": 0.06300163269042969, "model_wall_seconds": 0.13142220000736415, "gap": 0.0, "actual_reward": -2913.795423755454}
{"period": 92, "status": "optimal", "solve_seconds": 0.05399894714355469, "model_wall_seconds": 0.12659719999646768, "gap": 0.0, "actual_reward": -7019.5}
{"period": 93, "status": "optimal", "solve_seconds": 0.069000244140625, "model_wall_seconds": 0.13338880002265796, "gap": 0.0, "actual_reward": -1892.975009208163}
{"period": 94, "status": "optimal", "solve_seconds": 0.021999359130859375, "model_wall_seconds": 0.09222859999863431, "gap": 0.0, "actual_reward": -2917.61667531249}
{"period": 95, "status": "optimal", "solve_seconds": 0.034000396728515625, "model_wall_seconds": 0.09696490000351332, "gap": 0.0, "actual_reward": -2906.508163083368}
{"period": 96, "status": "optimal", "solve_seconds": 0.011999130249023438, "model_wall_seconds": 0.06268699999782257, "gap": 0.0, "actual_reward": -1000.0}
{"period": 97, "status": "optimal", "solve_seconds": 0.019001007080078125, "model_wall_seconds": 0.07196430000476539, "gap": 0.0, "actual_reward": -4010.0}
{"period": 98, "status": "optimal", "solve_seconds": 0.006000518798828125, "model_wall_seconds": 0.05345179999130778, "gap": 0.0, "actual_reward": -3000.0}
{"period": 99, "status": "optimal", "solve_seconds": 0.011999130249023438, "model_wall_seconds": 0.1215502999839373, "gap": 0.0, "actual_reward": -1000.0}
{"period": 100, "status": "optimal", "solve_seconds": 0.006000518798828125, "model_wall_seconds": 0.051845200010575354, "gap": 0.0, "actual_reward": -2000.0}
{"period": 101, "status": "optimal", "solve_seconds": 0.011999130249023438, "model_wall_seconds": 0.056992199999513105, "gap": 0.0, "actual_reward": -2010.0}
{"period": 102, "status": "optimal", "solve_seconds": 0.005001068115234375, "model_wall_seconds": 0.04731470000115223, "gap": 0.0, "actual_reward": -1000.0}
{"period": 103, "status": "optimal", "solve_seconds": 0.010999679565429688, "model_wall_seconds": 0.052290799998445436, "gap": 0.0, "actual_reward": -2000.0}
{"period": 104, "status": "optimal", "solve_seconds": 0.0019989013671875, "model_wall_seconds": 0.042165799997746944, "gap": 0.0, "actual_reward": -3000.0}
{"period": 105, "status": "optimal", "solve_seconds": 0.007999420166015625, "model_wall_seconds": 0.059999599994625896, "gap": 0.0, "actual_reward": 0.0}
{"period": 106, "status": "optimal", "solve_seconds": 0.0039997100830078125, "model_wall_seconds": 0.042035600024973974, "gap": 0.0, "actual_reward": -1000.0}
{"period": 107, "status": "optimal", "solve_seconds": 0.006000518798828125, "model_wall_seconds": 0.04051479999907315, "gap": 0.0, "actual_reward": -1000.0}
{"period": 108, "status": "optimal", "solve_seconds": 0.0030002593994140625, "model_wall_seconds": 0.037391899997601286, "gap": 0.0, "actual_reward": 0.0}
{"period": 109, "status": "optimal", "solve_seconds": 0.0030002593994140625, "model_wall_seconds": 0.03911889999289997, "gap": 0.0, "actual_reward": -1.9895196601282804e-14}
{"period": 110, "status": "optimal", "solve_seconds": 0.0020008087158203125, "model_wall_seconds": 0.03762509999796748, "gap": 0.0, "actual_reward": -1000.0}
{"state": "complete", "started_at": "2026-09-17T18:12:13.065960+00:00", "scenario": "D:\\Myfiles\\vscode_files\\cleanrl_BSS\\ExpresswayBSSs_v2\\data\\final_real_data_v1\\scenarios\\day_03.json", "route_mode": "joint", "charging_mode": "joint", "model": null, "deadline": null, "pid": 10012, "created": 1789668732.8811727, "source_snapshot": "D:\\Myfiles\\vscode_files\\cleanrl_BSS\\ExpresswayBSSs_v2\\outputs\\zero_terminal_real_data_seed1_v1\\runs\\h5_day03\\source_snapshots\\e04451463b9d6545577ff982cb3a33775239dc78ba1d91c5d8a88c86fabb05aa", "prior_attempt_seconds": 0.0, "runtime_timing_incomplete": false, "runtime_timing_estimated": false, "launcher_source_snapshot": "D:\\Myfiles\\vscode_files\\cleanrl_BSS\\ExpresswayBSSs_v2\\outputs\\zero_terminal_real_data_seed1_v1\\code_snapshots\\40ec378611b206b02ef446c50a74e31e0ead20388937d43f8a3085ca15610712", "finished_at": "2026-09-17T18:15:53.853197+00:00", "wall_seconds": 220.78745770000387, "metrics": {"net_profit_yuan": -80474.46667475483, "service_income_yuan": 29097.946918593283, "charging_cost_yuan": 1972.4135933481036, "adjustment_cost_yuan": 600.0, "reservation_failure_cost_yuan": 107000.0, "reservation_count": 200, "actual_random_count": 200, "reservation_failures": 107, "reservation_failure_rate": 0.535, "reservation_completed": 93, "reservation_unfinished_at_L": 23, "reservation_unfinished_rate_at_L": 0.115, "reservation_unfinished_after_cleanup": 0, "random_services": 124, "random_service_rate": 0.62, "mean_wait_minutes_served": 12.07474025154528, "path_adjustments": 60, "solver_seconds_mean": 0.17973641482266514, "solver_seconds_p95": 0.494349956512451, "model_wall_seconds_mean": 0.3015971863623814, "model_wall_seconds_p95": 0.6424750049991416, "model_wall_seconds_total": 33.17569049986196, "mip_gap_mean": 1.3939744357746472e-06, "mip_gap_max": 8.372191544066669e-05, "mip_gap_target_met_fraction": 1.0, "solver_status_counts": {"optimal": 110}, "completed_periods": 110, "demand_periods": 96, "cleanup_periods": 14, "cleanup_hours": 3.5, "time_limit_fraction": 0.0, "final_inventory_kwh": 6254.3348562766, "random_timeouts": 76, "terminal_settlement": "none", "operating_duration_hours": 24.0, "current_attempt_wall_seconds": 220.7846775999933, "prior_attempt_wall_seconds": 0.0, "known_runtime_seconds": 220.7846775999933, "runtime_timing_incomplete": false, "runtime_timing_estimated": false, "worker_wall_seconds": 220.7846775999933}}
