{"period": 1, "status": "optimal", "solve_seconds": 0.2199993133544922, "model_wall_seconds": 0.37366120002116077, "gap": 0.0, "actual_reward": 0.0}
{"period": 2, "status": "optimal", "solve_seconds": 0.06500053405761719, "model_wall_seconds": 0.2220036000071559, "gap": 0.0, "actual_reward": 86.50305882753351}
{"period": 3, "status": "optimal", "solve_seconds": 0.1919994354248047, "model_wall_seconds": 0.3428442000003997, "gap": 0.0, "actual_reward": 60.64787568015879}
{"period": 4, "status": "optimal", "solve_seconds": 0.06599998474121094, "model_wall_seconds": 0.22393529998953454, "gap": 0.0, "actual_reward": 63.2397766228206}
{"period": 5, "status": "optimal", "solve_seconds": 0.14299964904785156, "model_wall_seconds": 0.290540099987993, "gap": 0.0, "actual_reward": 254.06578457388667}
{"period": 6, "status": "optimal", "solve_seconds": 0.05800056457519531, "model_wall_seconds": 0.24718820000998676, "gap": 0.0, "actual_reward": -2.007283228522283e-15}
{"period": 7, "status": "optimal", "solve_seconds": 0.1399993896484375, "model_wall_seconds": 0.2885477000090759, "gap": 0.0, "actual_reward": -2.007283228522283e-15}
{"period": 8, "status": "optimal", "solve_seconds": 0.048999786376953125, "model_wall_seconds": 0.21351400000276044, "gap": 0.0, "actual_reward": 41.038370045317}
{"period": 9, "status": "optimal", "solve_seconds": 0.11300086975097656, "model_wall_seconds": 0.2554514000075869, "gap": 0.0, "actual_reward": 52.845139415528}
{"period": 10, "status": "optimal", "solve_seconds": 0.04199981689453125, "model_wall_seconds": 0.18791389997932129, "gap": 0.0, "actual_reward": 266.62194324803903}
{"period": 11, "status": "optimal", "solve_seconds": 0.10599899291992188, "model_wall_seconds": 0.25750959999277256, "gap": 0.0, "actual_reward": -4.209965709378594e-15}
{"period": 12, "status": "optimal", "solve_seconds": 0.029001235961914062, "model_wall_seconds": 0.1773976000258699, "gap": 0.0, "actual_reward": -4.209965709378594e-15}
{"period": 13, "status": "optimal", "solve_seconds": 0.12299919128417969, "model_wall_seconds": 0.2604418999981135, "gap": 0.0, "actual_reward": -10.000000000000002}
{"period": 14, "status": "optimal", "solve_seconds": 0.082000732421875, "model_wall_seconds": 0.22826119998353533, "gap": 0.0, "actual_reward": 49.219999999632}
{"period": 15, "status": "optimal", "solve_seconds": 0.12100028991699219, "model_wall_seconds": 0.26084989999071695, "gap": 0.0, "actual_reward": 73.2177968278592}
{"period": 16, "status": "optimal", "solve_seconds": 0.03700065612792969, "model_wall_seconds": 0.19422959999064915, "gap": 0.0, "actual_reward": -2.007283228522283e-15}
{"period": 17, "status": "optimal", "solve_seconds": 0.11800003051757812, "model_wall_seconds": 0.2547424999938812, "gap": 0.0, "actual_reward": 45.999999999885006}
{"period": 18, "status": "optimal", "solve_seconds": 0.035999298095703125, "model_wall_seconds": 0.18109779999940656, "gap": 0.0, "actual_reward": 75.85130131201699}
{"period": 19, "status": "optimal", "solve_seconds": 0.10600090026855469, "model_wall_seconds": 0.23969650000799447, "gap": 0.0, "actual_reward": 97.75432814919999}
{"period": 20, "status": "optimal", "solve_seconds": 0.010000228881835938, "model_wall_seconds": 0.15323689999058843, "gap": 0.0, "actual_reward": 79.748136223248}
{"period": 21, "status": "optimal", "solve_seconds": 0.09499931335449219, "model_wall_seconds": 0.2492616000236012, "gap": 0.0, "actual_reward": -1.540101379760017e-14}
{"period": 22, "status": "optimal", "solve_seconds": 0.02700042724609375, "model_wall_seconds": 0.16665229998761788, "gap": 0.0, "actual_reward": -1.91313631603407e-14}
{"period": 23, "status": "optimal", "solve_seconds": 0.1490001678466797, "model_wall_seconds": 0.28161579999141395, "gap": 0.0, "actual_reward": -1.91313631603407e-14}
{"period": 24, "status": "optimal", "solve_seconds": 0.06599998474121094, "model_wall_seconds": 0.210403100005351, "gap": 0.0, "actual_reward": -1.7674750552032494e-14}
{"period": 25, "status": "optimal", "solve_seconds": 0.17599868774414062, "model_wall_seconds": 0.31042510000406764, "gap": 0.0, "actual_reward": -2.5419666371817582e-14}
{"period": 26, "status": "optimal", "solve_seconds": 0.10099983215332031, "model_wall_seconds": 0.25403260000166483, "gap": 0.0, "actual_reward": 301.6890105856298}
{"period": 27, "status": "optimal", "solve_seconds": 0.14500045776367188, "model_wall_seconds": 0.2842036999936681, "gap": 0.0, "actual_reward": 104.75266217923}
{"period": 28, "status": "optimal", "solve_seconds": 0.06199836730957031, "model_wall_seconds": 0.20475529998657294, "gap": 0.0, "actual_reward": 82.943333333085}
{"period": 29, "status": "optimal", "solve_seconds": 0.15999984741210938, "model_wall_seconds": 0.33523180001066066, "gap": 0.0, "actual_reward": 96.35333333293599}
{"period": 30, "status": "optimal", "solve_seconds": 0.0579986572265625, "model_wall_seconds": 0.20448049998958595, "gap": 0.0, "actual_reward": 99.37620724788975}
{"period": 31, "status": "optimal", "solve_seconds": 0.1620006561279297, "model_wall_seconds": 0.2991369999945164, "gap": 0.0, "actual_reward": 214.74045431054398}
{"period": 32, "status": "optimal", "solve_seconds": 0.09199905395507812, "model_wall_seconds": 0.2551687000086531, "gap": 0.0, "actual_reward": 218.79093310684277}
{"period": 33, "status": "optimal", "solve_seconds": 0.16300010681152344, "model_wall_seconds": 0.3066324999963399, "gap": 0.0, "actual_reward": 132.81193684562825}
{"period": 34, "status": "optimal", "solve_seconds": 0.0839996337890625, "model_wall_seconds": 0.25321580001036637, "gap": 0.0, "actual_reward": -3.3786307085392757e-14}
{"period": 35, "status": "optimal", "solve_seconds": 0.24399948120117188, "model_wall_seconds": 0.394412800000282, "gap": 0.0, "actual_reward": 91.52818230799198}
{"period": 36, "status": "optimal", "solve_seconds": 0.1550006866455078, "model_wall_seconds": 0.3310097999928985, "gap": 0.0, "actual_reward": 550.687641011125}
{"period": 37, "status": "optimal", "solve_seconds": 0.2479991912841797, "model_wall_seconds": 0.39215430000331253, "gap": 0.0, "actual_reward": 186.94541292788432}
{"period": 38, "status": "optimal", "solve_seconds": 0.1700000762939453, "model_wall_seconds": 0.3254018999869004, "gap": 0.0, "actual_reward": 121.99600627411341}
{"period": 39, "status": "optimal", "solve_seconds": 0.24500083923339844, "model_wall_seconds": 0.3928905999928247, "gap": 0.0, "actual_reward": 233.5860230575242}
{"period": 40, "status": "optimal", "solve_seconds": 0.18700027465820312, "model_wall_seconds": 0.3471780999971088, "gap": 0.0, "actual_reward": 822.2542633262176}
{"period": 41, "status": "optimal", "solve_seconds": 0.3079986572265625, "model_wall_seconds": 0.46396970000932924, "gap": 0.0, "actual_reward": 360.7540943876411}
{"period": 42, "status": "optimal", "solve_seconds": 0.20400047302246094, "model_wall_seconds": 0.36502029999974184, "gap": 0.0, "actual_reward": 258.7350846893598}
{"period": 43, "status": "optimal", "solve_seconds": 0.2819995880126953, "model_wall_seconds": 0.4598896999959834, "gap": 0.0, "actual_reward": 331.69377194336755}
{"period": 44, "status": "optimal", "solve_seconds": 0.2310009002685547, "model_wall_seconds": 0.39497449999907985, "gap": 0.0, "actual_reward": 505.12994474023935}
{"period": 45, "status": "optimal", "solve_seconds": 0.2999992370605469, "model_wall_seconds": 0.4868852999934461, "gap": 0.0, "actual_reward": 609.6973861652789}
{"period": 46, "status": "optimal", "solve_seconds": 0.21699905395507812, "model_wall_seconds": 0.3849851000122726, "gap": 0.0, "actual_reward": 489.08051587584134}
{"period": 47, "status": "optimal", "solve_seconds": 0.3299999237060547, "model_wall_seconds": 0.5187502000189852, "gap": 0.0, "actual_reward": 50.98657269109446}
{"period": 48, "status": "time_limit", "solve_seconds": 120.00200080871582, "model_wall_seconds": 120.40282749998732, "gap": 0.0027264736322072515, "actual_reward": 947.7963810453144}
{"period": 49, "status": "optimal", "solve_seconds": 17.355998992919922, "model_wall_seconds": 17.568597199977376, "gap": 0.0, "actual_reward": 254.118321798984}
{"period": 50, "status": "optimal", "solve_seconds": 10.38399887084961, "model_wall_seconds": 10.604967299994314, "gap": 0.0, "actual_reward": 761.6851987847721}
{"period": 51, "status": "optimal", "solve_seconds": 2.641000747680664, "model_wall_seconds": 2.8498880000261124, "gap": 5.919234348148332e-05, "actual_reward": 92.5530455022261}
{"period": 52, "status": "optimal", "solve_seconds": 1.1319999694824219, "model_wall_seconds": 1.3351317000051495, "gap": 0.0, "actual_reward": 1255.9487013814758}
{"period": 53, "status": "optimal", "solve_seconds": 0.5539989471435547, "model_wall_seconds": 0.7248341000231449, "gap": 0.0, "actual_reward": 519.5414049056038}
{"period": 54, "status": "optimal", "solve_seconds": 0.3489990234375, "model_wall_seconds": 0.5220191000262275, "gap": 0.0, "actual_reward": 402.03533978098505}
{"period": 55, "status": "optimal", "solve_seconds": 0.9619998931884766, "model_wall_seconds": 1.142845499998657, "gap": 1.2196830543978208e-05, "actual_reward": 587.514319883817}
{"period": 56, "status": "optimal", "solve_seconds": 0.5119991302490234, "model_wall_seconds": 0.6890429000195581, "gap": 0.0, "actual_reward": 90.00974029547757}
{"period": 57, "status": "optimal", "solve_seconds": 1.0780010223388672, "model_wall_seconds": 1.259805600013351, "gap": 0.0, "actual_reward": 1218.2807968127365}
{"period": 58, "status": "optimal", "solve_seconds": 0.44700050354003906, "model_wall_seconds": 0.6615870999812614, "gap": 0.0, "actual_reward": 247.60838501096958}
{"period": 59, "status": "optimal", "solve_seconds": 1.1030006408691406, "model_wall_seconds": 1.2790655000135303, "gap": 0.0, "actual_reward": 854.5243129503084}
{"period": 60, "status": "optimal", "solve_seconds": 0.5809993743896484, "model_wall_seconds": 0.7579235000011977, "gap": 0.0, "actual_reward": -12.717744815203151}
{"period": 61, "status": "optimal", "solve_seconds": 0.6690006256103516, "model_wall_seconds": 0.845754499983741, "gap": 0.0, "actual_reward": 1253.8542135021698}
{"period": 62, "status": "optimal", "solve_seconds": 0.39800071716308594, "model_wall_seconds": 0.5779331999947317, "gap": 0.0, "actual_reward": 448.68053682647246}
{"period": 63, "status": "optimal", "solve_seconds": 0.5300006866455078, "model_wall_seconds": 0.7293293999973685, "gap": 0.0, "actual_reward": -52.95631421911906}
{"period": 64, "status": "optimal", "solve_seconds": 0.5270004272460938, "model_wall_seconds": 0.6992815000121482, "gap": 3.9630182344049497e-10, "actual_reward": -968.8661085074477}
{"period": 65, "status": "optimal", "solve_seconds": 2.2390003204345703, "model_wall_seconds": 2.482365600008052, "gap": 0.0, "actual_reward": 1303.8045292301604}
{"period": 66, "status": "optimal", "solve_seconds": 0.7449989318847656, "model_wall_seconds": 0.9323026999772992, "gap": 0.0, "actual_reward": -3507.85421360485}
{"period": 67, "status": "optimal", "solve_seconds": 0.7909984588623047, "model_wall_seconds": 0.9735955000214744, "gap": 0.0, "actual_reward": 709.798286289107}
{"period": 68, "status": "optimal", "solve_seconds": 0.43200111389160156, "model_wall_seconds": 0.600127000012435, "gap": 0.0, "actual_reward": -670.9329907929209}
{"period": 69, "status": "optimal", "solve_seconds": 0.9360008239746094, "model_wall_seconds": 1.1248492999875452, "gap": 0.0, "actual_reward": 1512.8299521688627}
{"period": 70, "status": "optimal", "solve_seconds": 2.5349998474121094, "model_wall_seconds": 2.764652499987278, "gap": 0.0, "actual_reward": -1832.0438183009103}
{"period": 71, "status": "optimal", "solve_seconds": 15.134000778198242, "model_wall_seconds": 15.352808900002856, "gap": 1.4226560950244697e-05, "actual_reward": -793.2311170290503}
{"period": 72, "status": "optimal", "solve_seconds": 4.700000762939453, "model_wall_seconds": 4.9257873999886215, "gap": 0.0, "actual_reward": -2459.593958148677}
{"period": 73, "status": "optimal", "solve_seconds": 2.493000030517578, "model_wall_seconds": 2.7248687999963295, "gap": 0.0, "actual_reward": 559.5555107680688}
{"period": 74, "status": "optimal", "solve_seconds": 1.7579994201660156, "model_wall_seconds": 1.936543999996502, "gap": 0.0, "actual_reward": -185.95595702527135}
{"period": 75, "status": "optimal", "solve_seconds": 0.88800048828125, "model_wall_seconds": 1.0461156999808736, "gap": 0.0, "actual_reward": -1066.1072362185687}
{"period": 76, "status": "optimal", "solve_seconds": 0.6140003204345703, "model_wall_seconds": 0.8113163000089116, "gap": 0.0, "actual_reward": -3789.7719978872456}
{"period": 77, "status": "optimal", "solve_seconds": 0.7000007629394531, "model_wall_seconds": 0.8393337000161409, "gap": 0.0, "actual_reward": -1356.090768780965}
{"period": 78, "status": "optimal", "solve_seconds": 0.38699913024902344, "model_wall_seconds": 0.515420699986862, "gap": 0.0, "actual_reward": 223.80505082506775}
{"period": 79, "status": "optimal", "solve_seconds": 0.4870014190673828, "model_wall_seconds": 0.6604230999946594, "gap": 0.0, "actual_reward": 85.21715774116248}
{"period": 80, "status": "optimal", "solve_seconds": 0.3710002899169922, "model_wall_seconds": 0.5007944999961182, "gap": 0.0, "actual_reward": 625.0195132662781}
{"period": 81, "status": "optimal", "solve_seconds": 0.5200004577636719, "model_wall_seconds": 0.6506188999919686, "gap": 0.0, "actual_reward": 464.3271444438426}
{"period": 82, "status": "optimal", "solve_seconds": 0.26199913024902344, "model_wall_seconds": 0.3893826999992598, "gap": 0.0, "actual_reward": 149.37149445981586}
{"period": 83, "status": "optimal", "solve_seconds": 0.4239997863769531, "model_wall_seconds": 0.5593402000085916, "gap": 0.0, "actual_reward": -961.4640781174448}
{"period": 84, "status": "optimal", "solve_seconds": 0.47300148010253906, "model_wall_seconds": 0.5962049000081606, "gap": 0.0, "actual_reward": -1847.09084306835}
{"period": 85, "status": "optimal", "solve_seconds": 0.3040008544921875, "model_wall_seconds": 0.42778830000315793, "gap": 0.0, "actual_reward": -2910.4353491771853}
{"period": 86, "status": "optimal", "solve_seconds": 0.2480010986328125, "model_wall_seconds": 0.41453519999049604, "gap": 0.0, "actual_reward": -2678.5680994961494}
{"period": 87, "status": "optimal", "solve_seconds": 0.26600074768066406, "model_wall_seconds": 0.38085610000416636, "gap": 0.0, "actual_reward": -996.1681064372092}
{"period": 88, "status": "optimal", "solve_seconds": 0.1959991455078125, "model_wall_seconds": 0.30213589998311363, "gap": 0.0, "actual_reward": -4652.038543906958}
{"period": 89, "status": "optimal", "solve_seconds": 0.21799850463867188, "model_wall_seconds": 0.320002199994633, "gap": 0.0, "actual_reward": -1889.4420456005146}
{"period": 90, "status": "optimal", "solve_seconds": 0.13100051879882812, "model_wall_seconds": 0.24336059999768622, "gap": 0.0, "actual_reward": -1085.278602121242}
{"period": 91, "status": "optimal", "solve_seconds": 0.2559986114501953, "model_wall_seconds": 0.35713550000218675, "gap": 8.446490272740354e-05, "actual_reward": -1714.8244118965322}
{"period": 92, "status": "optimal", "solve_seconds": 0.16300010681152344, "model_wall_seconds": 0.2503605000092648, "gap": 0.0, "actual_reward": -3795.4293040776765}
{"period": 93, "status": "optimal", "solve_seconds": 0.18400001525878906, "model_wall_seconds": 0.27274350001243874, "gap": 0.0, "actual_reward": -963.6486934187633}
{"period": 94, "status": "optimal", "solve_seconds": 0.11100006103515625, "model_wall_seconds": 0.19502949999878183, "gap": 0.0, "actual_reward": -2877.3161780253195}
{"period": 95, "status": "optimal", "solve_seconds": 0.1490001678466797, "model_wall_seconds": 0.2285594000131823, "gap": 0.0, "actual_reward": -1980.7616718551997}
{"period": 96, "status": "optimal", "solve_seconds": 0.12400054931640625, "model_wall_seconds": 0.19962309999391437, "gap": 0.0, "actual_reward": -839.0965913773852}
{"period": 97, "status": "optimal", "solve_seconds": 0.13899993896484375, "model_wall_seconds": 0.2167083999956958, "gap": 0.0, "actual_reward": -1804.8964724502457}
{"period": 98, "status": "optimal", "solve_seconds": 0.11999893188476562, "model_wall_seconds": 0.18512109998846427, "gap": 0.0, "actual_reward": -1933.5034551485594}
{"period": 99, "status": "optimal", "solve_seconds": 0.13199996948242188, "model_wall_seconds": 0.19839450001018122, "gap": 0.0, "actual_reward": 1.1548762189089166}
{"period": 100, "status": "optimal", "solve_seconds": 0.11499977111816406, "model_wall_seconds": 0.1820556000166107, "gap": 0.0, "actual_reward": -2790.9825234247173}
{"period": 101, "status": "optimal", "solve_seconds": 0.06399917602539062, "model_wall_seconds": 0.12152810001862235, "gap": 0.0, "actual_reward": 187.38353254777599}
{"period": 102, "status": "optimal", "solve_seconds": 0.055999755859375, "model_wall_seconds": 0.11283470000489615, "gap": 0.0, "actual_reward": 182.56481782578595}
{"period": 103, "status": "optimal", "solve_seconds": 0.0839996337890625, "model_wall_seconds": 0.1342737999802921, "gap": 0.0, "actual_reward": -961.216434580095}
{"period": 104, "status": "optimal", "solve_seconds": 0.0540008544921875, "model_wall_seconds": 0.10394289999385364, "gap": 0.0, "actual_reward": -36.99912280689473}
{"period": 105, "status": "optimal", "solve_seconds": 0.05900001525878906, "model_wall_seconds": 0.1114223999902606, "gap": 0.0, "actual_reward": -36.99912280726316}
{"period": 106, "status": "optimal", "solve_seconds": 0.04300117492675781, "model_wall_seconds": 0.0952914000081364, "gap": 0.0, "actual_reward": -1030.3725427463958}
{"period": 107, "status": "optimal", "solve_seconds": 0.04500007629394531, "model_wall_seconds": 0.10122019998379983, "gap": 0.0, "actual_reward": 212.39754385965023}
{"period": 108, "status": "optimal", "solve_seconds": 0.05700111389160156, "model_wall_seconds": 0.11618739998084493, "gap": 0.0, "actual_reward": 31.059999999953977}
{"period": 109, "status": "optimal", "solve_seconds": 0.09800148010253906, "model_wall_seconds": 0.15218000000459142, "gap": 0.0, "actual_reward": 121.543333332787}
{"period": 110, "status": "optimal", "solve_seconds": 0.034000396728515625, "model_wall_seconds": 0.08729890000540763, "gap": 0.0, "actual_reward": -1014.0622234413685}
{"period": 111, "status": "optimal", "solve_seconds": 0.031000137329101562, "model_wall_seconds": 0.0796074999962002, "gap": 0.0, "actual_reward": -1015.1429722150737}
{"period": 112, "status": "optimal", "solve_seconds": 0.031000137329101562, "model_wall_seconds": 0.07895870000356808, "gap": 0.0, "actual_reward": -867.9566666670706}
{"period": 113, "status": "optimal", "solve_seconds": 0.04699897766113281, "model_wall_seconds": 0.09353929999633692, "gap": 0.0, "actual_reward": 127.74333333368101}
{"period": 114, "status": "optimal", "solve_seconds": 0.0260009765625, "model_wall_seconds": 0.07070090001798235, "gap": 0.0, "actual_reward": -4.0348952339536845}
{"period": 115, "status": "optimal", "solve_seconds": 0.017999649047851562, "model_wall_seconds": 0.06060349999461323, "gap": 0.0, "actual_reward": 0.0}
{"period": 116, "status": "optimal", "solve_seconds": 0.017000198364257812, "model_wall_seconds": 0.05945989998872392, "gap": 0.0, "actual_reward": -4.8}
{"period": 117, "status": "optimal", "solve_seconds": 0.01399993896484375, "model_wall_seconds": 0.05758960000821389, "gap": 0.0, "actual_reward": 67.746666666465}
{"period": 118, "status": "optimal", "solve_seconds": 0.010000228881835938, "model_wall_seconds": 0.05152430001180619, "gap": 0.0, "actual_reward": -10.5}
{"period": 119, "status": "optimal", "solve_seconds": 0.024000167846679688, "model_wall_seconds": 0.06792420000419952, "gap": 0.0, "actual_reward": -10.5}
{"period": 120, "status": "optimal", "solve_seconds": 0.017999649047851562, "model_wall_seconds": 0.05972200000542216, "gap": 0.0, "actual_reward": -4.68640696056842}
{"period": 121, "status": "optimal", "solve_seconds": 0.01399993896484375, "model_wall_seconds": 0.06096669999533333, "gap": 0.0, "actual_reward": 0.0}
{"period": 122, "status": "optimal", "solve_seconds": 0.017000198364257812, "model_wall_seconds": 0.0599000999936834, "gap": 0.0, "actual_reward": -10.500000000000023}
{"period": 123, "status": "optimal", "solve_seconds": 0.01399993896484375, "model_wall_seconds": 0.05738370001199655, "gap": 0.0, "actual_reward": -857.456666666319}
{"state": "complete", "started_at": "2026-09-17T18:43:26.155047+00:00", "scenario": "D:\\Myfiles\\vscode_files\\cleanrl_BSS\\ExpresswayBSSs_v2\\data\\final_real_data_v1\\scenarios\\day_03.json", "route_mode": "joint", "charging_mode": "joint", "model": null, "deadline": null, "pid": 23640, "created": 1789670605.9683783, "source_snapshot": "D:\\Myfiles\\vscode_files\\cleanrl_BSS\\ExpresswayBSSs_v2\\outputs\\zero_terminal_real_data_seed1_v1\\runs\\h6_day03\\source_snapshots\\e04451463b9d6545577ff982cb3a33775239dc78ba1d91c5d8a88c86fabb05aa", "prior_attempt_seconds": 0.0, "runtime_timing_incomplete": false, "runtime_timing_estimated": false, "launcher_source_snapshot": "D:\\Myfiles\\vscode_files\\cleanrl_BSS\\ExpresswayBSSs_v2\\outputs\\zero_terminal_real_data_seed1_v1\\code_snapshots\\40ec378611b206b02ef446c50a74e31e0ead20388937d43f8a3085ca15610712", "finished_at": "2026-09-17T18:51:06.651868+00:00", "wall_seconds": 460.49684369997703, "metrics": {"net_profit_yuan": -35681.534526331416, "service_income_yuan": 37544.89162784038, "charging_cost_yuan": 5476.426154171801, "adjustment_cost_yuan": 750.0, "reservation_failure_cost_yuan": 67000.0, "reservation_count": 200, "actual_random_count": 200, "reservation_failures": 67, "reservation_failure_rate": 0.335, "reservation_completed": 133, "reservation_unfinished_at_L": 26, "reservation_unfinished_rate_at_L": 0.13, "reservation_unfinished_after_cleanup": 0, "random_services": 134, "random_service_rate": 0.67, "mean_wait_minutes_served": 12.429311268180486, "path_adjustments": 75, "solver_seconds_mean": 1.677739848935507, "solver_seconds_p95": 2.530799865722656, "model_wall_seconds_mean": 1.8140809495937613, "model_wall_seconds_p95": 2.7606741299881827, "model_wall_seconds_total": 223.13195680003264, "mip_gap_mean": 2.3549224928554343e-05, "mip_gap_max": 0.0027264736322072515, "mip_gap_target_met_fraction": 0.991869918699187, "solver_status_counts": {"optimal": 122, "time_limit": 1}, "completed_periods": 123, "demand_periods": 96, "cleanup_periods": 27, "cleanup_hours": 6.75, "time_limit_fraction": 0.008130081300813009, "final_inventory_kwh": 5003.8739353942, "random_timeouts": 66, "terminal_settlement": "none", "operating_duration_hours": 24.0, "current_attempt_wall_seconds": 460.49317050000536, "prior_attempt_wall_seconds": 0.0, "known_runtime_seconds": 460.49317050000536, "runtime_timing_incomplete": false, "runtime_timing_estimated": false, "worker_wall_seconds": 460.49317050000536}}
