{"period": 1, "status": "optimal", "solve_seconds": 0.20800018310546875, "model_wall_seconds": 0.37662990001263097, "gap": 0.0, "actual_reward": 0.0}
{"period": 2, "status": "optimal", "solve_seconds": 0.06899833679199219, "model_wall_seconds": 0.2424855999997817, "gap": 0.0, "actual_reward": 86.50305882753351}
{"period": 3, "status": "optimal", "solve_seconds": 0.23200035095214844, "model_wall_seconds": 0.38696250002249144, "gap": 0.0, "actual_reward": 50.64787568015879}
{"period": 4, "status": "optimal", "solve_seconds": 0.0970001220703125, "model_wall_seconds": 0.26274689999991097, "gap": 0.0, "actual_reward": 152.7292270738766}
{"period": 5, "status": "optimal", "solve_seconds": 0.1439990997314453, "model_wall_seconds": 0.29381479998119175, "gap": 0.0, "actual_reward": 174.5763341228307}
{"period": 6, "status": "optimal", "solve_seconds": 0.05800056457519531, "model_wall_seconds": 0.22579719999339432, "gap": 0.0, "actual_reward": -3.9612757518625585e-15}
{"period": 7, "status": "optimal", "solve_seconds": 0.13299942016601562, "model_wall_seconds": 0.280377299990505, "gap": 0.0, "actual_reward": -2.7533531010703883e-15}
{"period": 8, "status": "optimal", "solve_seconds": 0.05800056457519531, "model_wall_seconds": 0.23828449999564327, "gap": 0.0, "actual_reward": 41.038370045317}
{"period": 9, "status": "optimal", "solve_seconds": 0.1340007781982422, "model_wall_seconds": 0.27592459999141283, "gap": 0.0, "actual_reward": 42.845139415528}
{"period": 10, "status": "optimal", "solve_seconds": 0.049999237060546875, "model_wall_seconds": 0.21486179999192245, "gap": 0.0, "actual_reward": 266.62194324803903}
{"period": 11, "status": "optimal", "solve_seconds": 0.125, "model_wall_seconds": 0.27685990001191385, "gap": 0.0, "actual_reward": -10.000000000000002}
{"period": 12, "status": "optimal", "solve_seconds": 0.05399894714355469, "model_wall_seconds": 0.22303769999416545, "gap": 0.0, "actual_reward": -2.7533531010703883e-15}
{"period": 13, "status": "optimal", "solve_seconds": 0.1359996795654297, "model_wall_seconds": 0.288429600012023, "gap": 0.0, "actual_reward": -5.506706202140776e-16}
{"period": 14, "status": "optimal", "solve_seconds": 0.10199928283691406, "model_wall_seconds": 0.2841879999905359, "gap": 0.0, "actual_reward": 49.219999999632}
{"period": 15, "status": "optimal", "solve_seconds": 0.1359996795654297, "model_wall_seconds": 0.28016399999614805, "gap": 0.0, "actual_reward": 122.4377968277672}
{"period": 16, "status": "optimal", "solve_seconds": 0.050998687744140625, "model_wall_seconds": 0.2185413000115659, "gap": 0.0, "actual_reward": -2.7533531010703883e-15}
{"period": 17, "status": "optimal", "solve_seconds": 0.1270008087158203, "model_wall_seconds": 0.2705566000076942, "gap": 0.0, "actual_reward": 45.999999999885006}
{"period": 18, "status": "optimal", "solve_seconds": 0.033000946044921875, "model_wall_seconds": 0.18120530000305735, "gap": 0.0, "actual_reward": 75.85130131201699}
{"period": 19, "status": "optimal", "solve_seconds": 0.10799980163574219, "model_wall_seconds": 0.2670253000105731, "gap": 0.0, "actual_reward": 97.75432814919999}
{"period": 20, "status": "optimal", "solve_seconds": 0.01399993896484375, "model_wall_seconds": 0.1634423999930732, "gap": 0.0, "actual_reward": 79.748136223248}
{"period": 21, "status": "optimal", "solve_seconds": 0.10599899291992188, "model_wall_seconds": 0.24345120001817122, "gap": 0.0, "actual_reward": -1.9877433032888805e-14}
{"period": 22, "status": "optimal", "solve_seconds": 0.06800079345703125, "model_wall_seconds": 0.21761539997532964, "gap": 0.0, "actual_reward": -1.9877433032888805e-14}
{"period": 23, "status": "optimal", "solve_seconds": 0.1639995574951172, "model_wall_seconds": 0.3067651999881491, "gap": 0.0, "actual_reward": -1.9877433032888805e-14}
{"period": 24, "status": "optimal", "solve_seconds": 0.09499931335449219, "model_wall_seconds": 0.25096689999918453, "gap": 0.0, "actual_reward": -1.7674750552032494e-14}
{"period": 25, "status": "optimal", "solve_seconds": 0.19700050354003906, "model_wall_seconds": 0.3413882000022568, "gap": 0.0, "actual_reward": -10.00000000000003}
{"period": 26, "status": "optimal", "solve_seconds": 0.07500076293945312, "model_wall_seconds": 0.23873490002006292, "gap": 0.0, "actual_reward": 301.6890105856298}
{"period": 27, "status": "optimal", "solve_seconds": 0.1999988555908203, "model_wall_seconds": 0.34833120001712814, "gap": 0.0, "actual_reward": -2.9984903449076226e-14}
{"period": 28, "status": "optimal", "solve_seconds": 0.09099960327148438, "model_wall_seconds": 0.2492435000021942, "gap": 0.0, "actual_reward": 104.75266217923}
{"period": 29, "status": "optimal", "solve_seconds": 0.18000030517578125, "model_wall_seconds": 0.327685800002655, "gap": 0.0, "actual_reward": 195.72954058082576}
{"period": 30, "status": "optimal", "solve_seconds": 0.08499908447265625, "model_wall_seconds": 0.25605340002221055, "gap": 0.0, "actual_reward": -3.396394276933279e-14}
{"period": 31, "status": "optimal", "solve_seconds": 0.17299842834472656, "model_wall_seconds": 0.3195025000022724, "gap": 0.0, "actual_reward": 332.947120977161}
{"period": 32, "status": "optimal", "solve_seconds": 0.09600067138671875, "model_wall_seconds": 0.2547123999975156, "gap": 0.0, "actual_reward": 218.79093310684277}
{"period": 33, "status": "optimal", "solve_seconds": 0.19299888610839844, "model_wall_seconds": 0.35897150001255795, "gap": 0.0, "actual_reward": 132.81193684562825}
{"period": 34, "status": "optimal", "solve_seconds": 0.13299942016601562, "model_wall_seconds": 0.2935617000039201, "gap": 0.0, "actual_reward": -5.595524044110789e-14}
{"period": 35, "status": "optimal", "solve_seconds": 0.2349987030029297, "model_wall_seconds": 0.38680559999193065, "gap": 0.0, "actual_reward": 81.52818230799198}
{"period": 36, "status": "optimal", "solve_seconds": 0.1849994659423828, "model_wall_seconds": 0.3691207999945618, "gap": 0.0, "actual_reward": 488.127641011033}
{"period": 37, "status": "optimal", "solve_seconds": 0.2930011749267578, "model_wall_seconds": 0.4505646000034176, "gap": 0.0, "actual_reward": 124.52921945154233}
{"period": 38, "status": "optimal", "solve_seconds": 0.20999908447265625, "model_wall_seconds": 0.40047449999838136, "gap": 0.0, "actual_reward": 121.99600627411341}
{"period": 39, "status": "optimal", "solve_seconds": 0.31999969482421875, "model_wall_seconds": 0.48222659999737516, "gap": 0.0, "actual_reward": 314.6164524095907}
{"period": 40, "status": "optimal", "solve_seconds": 0.2550010681152344, "model_wall_seconds": 0.4655993999913335, "gap": 0.0, "actual_reward": 731.223833974151}
{"period": 41, "status": "optimal", "solve_seconds": 0.33499908447265625, "model_wall_seconds": 0.5031712999916635, "gap": 0.0, "actual_reward": 528.3427153558374}
{"period": 42, "status": "optimal", "solve_seconds": 0.21899986267089844, "model_wall_seconds": 0.3924635000003036, "gap": 0.0, "actual_reward": 300.4612999768095}
{"period": 43, "status": "optimal", "solve_seconds": 0.3530006408691406, "model_wall_seconds": 0.5180054999946151, "gap": 0.0, "actual_reward": 258.75913928494157}
{"period": 44, "status": "optimal", "solve_seconds": 0.2849998474121094, "model_wall_seconds": 0.4603738999867346, "gap": 0.0, "actual_reward": 505.12994474023935}
{"period": 45, "status": "optimal", "solve_seconds": 0.39800071716308594, "model_wall_seconds": 0.5708449000085238, "gap": 0.0, "actual_reward": 494.8640528318969}
{"period": 46, "status": "optimal", "solve_seconds": 0.3120002746582031, "model_wall_seconds": 0.4881775999965612, "gap": 0.0, "actual_reward": 461.8805158758414}
{"period": 47, "status": "optimal", "solve_seconds": 10.232999801635742, "model_wall_seconds": 10.456008799985284, "gap": 0.0, "actual_reward": 360.0448564793321}
{"period": 48, "status": "optimal", "solve_seconds": 0.4819984436035156, "model_wall_seconds": 0.6725166999967769, "gap": 0.0, "actual_reward": 370.9269593163445}
{"period": 49, "status": "optimal", "solve_seconds": 0.5489997863769531, "model_wall_seconds": 0.7707170000066981, "gap": 0.0, "actual_reward": 647.0253072961071}
{"period": 50, "status": "time_limit", "solve_seconds": 120.00199890136719, "model_wall_seconds": 120.47781000001123, "gap": 0.002084975644767845, "actual_reward": 434.331527895686}
{"period": 51, "status": "optimal", "solve_seconds": 10.523000717163086, "model_wall_seconds": 10.80185389998951, "gap": 0.0, "actual_reward": 504.59980845361054}
{"period": 52, "status": "optimal", "solve_seconds": 2.1390018463134766, "model_wall_seconds": 2.377004499983741, "gap": 3.924523593920904e-05, "actual_reward": 1077.5271741938493}
{"period": 53, "status": "optimal", "solve_seconds": 1.207000732421875, "model_wall_seconds": 1.4372461000166368, "gap": 0.0, "actual_reward": 473.13899684767273}
{"period": 54, "status": "optimal", "solve_seconds": 0.8150005340576172, "model_wall_seconds": 1.0240935000183526, "gap": 0.0, "actual_reward": 636.2479164294884}
{"period": 55, "status": "optimal", "solve_seconds": 1.6120014190673828, "model_wall_seconds": 1.8445162999851163, "gap": 0.0, "actual_reward": 532.1784428104917}
{"period": 56, "status": "optimal", "solve_seconds": 9.605998992919922, "model_wall_seconds": 9.8168791999924, "gap": 0.0, "actual_reward": 67.95974029528006}
{"period": 57, "status": "time_limit", "solve_seconds": 120.16999816894531, "model_wall_seconds": 120.38570860002073, "gap": 0.010683861741850521, "actual_reward": 1336.434177087563}
{"period": 58, "status": "optimal", "solve_seconds": 4.908000946044922, "model_wall_seconds": 5.128181700012647, "gap": 0.0, "actual_reward": 250.67908676563894}
{"period": 59, "status": "optimal", "solve_seconds": 17.344999313354492, "model_wall_seconds": 17.597783100005472, "gap": 8.817165641436516e-05, "actual_reward": 887.5461871868231}
{"period": 60, "status": "optimal", "solve_seconds": 2.1930007934570312, "model_wall_seconds": 2.4355751000111923, "gap": 8.618426538611715e-05, "actual_reward": -27.358076423888406}
{"period": 61, "status": "optimal", "solve_seconds": 4.278999328613281, "model_wall_seconds": 4.506342499982566, "gap": 7.3882746903978e-05, "actual_reward": 1278.6950549251055}
{"period": 62, "status": "optimal", "solve_seconds": 2.315000534057617, "model_wall_seconds": 2.533255399990594, "gap": 0.0, "actual_reward": 321.78605293090334}
{"period": 63, "status": "optimal", "solve_seconds": 3.4780006408691406, "model_wall_seconds": 3.688872500002617, "gap": 8.201271721810825e-05, "actual_reward": -67.40119514718916}
{"period": 64, "status": "time_limit", "solve_seconds": 120.00899887084961, "model_wall_seconds": 120.35676919997786, "gap": 0.018925238143542047, "actual_reward": -106.89583535386531}
{"period": 65, "status": "time_limit", "solve_seconds": 120.27200126647949, "model_wall_seconds": 120.52320259998669, "gap": 0.05180880429362411, "actual_reward": 1865.6050596851126}
{"period": 66, "status": "time_limit", "solve_seconds": 120.00200080871582, "model_wall_seconds": 120.38090220000595, "gap": 0.02979890411843918, "actual_reward": 521.709655615286}
{"period": 67, "status": "time_limit", "solve_seconds": 120.28999900817871, "model_wall_seconds": 120.56125299999258, "gap": 0.04818838391190792, "actual_reward": 448.1907635503886}
{"period": 68, "status": "time_limit", "solve_seconds": 120.00200080871582, "model_wall_seconds": 120.34813830000348, "gap": 0.03888254037144334, "actual_reward": 195.6255192775001}
{"period": 69, "status": "time_limit", "solve_seconds": 120.00699996948242, "model_wall_seconds": 120.36188419998507, "gap": 0.046472423149448806, "actual_reward": 1760.5363912597393}
{"period": 70, "status": "time_limit", "solve_seconds": 120.02099990844727, "model_wall_seconds": 120.41004700001213, "gap": 0.06023418158682771, "actual_reward": 38.05973140027029}
{"period": 71, "status": "time_limit", "solve_seconds": 120.01499938964844, "model_wall_seconds": 120.33488739997847, "gap": 0.05417382741653139, "actual_reward": 487.1345284199684}
{"period": 72, "status": "time_limit", "solve_seconds": 120.01399993896484, "model_wall_seconds": 120.32856749999337, "gap": 0.0344089102391728, "actual_reward": 452.16794171370356}
{"period": 73, "status": "time_limit", "solve_seconds": 120.00399971008301, "model_wall_seconds": 120.34823870001128, "gap": 0.02115134307849531, "actual_reward": 1396.906008563845}
{"period": 74, "status": "time_limit", "solve_seconds": 120.0059986114502, "model_wall_seconds": 120.323624200013, "gap": 0.022521648369751873, "actual_reward": 1637.863940351754}
{"period": 75, "status": "time_limit", "solve_seconds": 120.01399993896484, "model_wall_seconds": 120.34029299998656, "gap": 0.030371606510395634, "actual_reward": 993.8691508650047}
{"period": 76, "status": "time_limit", "solve_seconds": 120.00199890136719, "model_wall_seconds": 120.33162760001142, "gap": 0.006403549092129678, "actual_reward": 1345.8550966334958}
{"period": 77, "status": "time_limit", "solve_seconds": 120.00600051879883, "model_wall_seconds": 120.23355679999804, "gap": 0.015448002880694964, "actual_reward": 34.24329900017207}
{"period": 78, "status": "optimal", "solve_seconds": 28.031999588012695, "model_wall_seconds": 28.282666299986886, "gap": 0.0, "actual_reward": 462.48769845465625}
{"period": 79, "status": "optimal", "solve_seconds": 86.7549991607666, "model_wall_seconds": 86.96316519999527, "gap": 9.756326357258605e-05, "actual_reward": -280.9614425761289}
{"period": 80, "status": "optimal", "solve_seconds": 41.48200035095215, "model_wall_seconds": 41.69711150001967, "gap": 0.0, "actual_reward": 577.1308389457579}
{"period": 81, "status": "optimal", "solve_seconds": 5.672000885009766, "model_wall_seconds": 5.916805899993051, "gap": 1.2110230855853606e-05, "actual_reward": -159.95357356849874}
{"period": 82, "status": "optimal", "solve_seconds": 5.002998352050781, "model_wall_seconds": 5.188009499979671, "gap": 7.22766726969238e-05, "actual_reward": 372.4845873244299}
{"period": 83, "status": "optimal", "solve_seconds": 50.49600028991699, "model_wall_seconds": 50.712730100000044, "gap": 9.800474049583656e-05, "actual_reward": 936.8643545423267}
{"period": 84, "status": "optimal", "solve_seconds": 4.500999450683594, "model_wall_seconds": 4.677681899978779, "gap": 9.555932539440304e-05, "actual_reward": 605.7405387964272}
{"period": 85, "status": "optimal", "solve_seconds": 18.368000030517578, "model_wall_seconds": 18.550162399973487, "gap": 0.0, "actual_reward": 183.3991988567943}
{"period": 86, "status": "optimal", "solve_seconds": 2.1100006103515625, "model_wall_seconds": 2.2781061999849044, "gap": 0.0, "actual_reward": 850.2479017962465}
{"period": 87, "status": "optimal", "solve_seconds": 28.155000686645508, "model_wall_seconds": 28.344333999993978, "gap": 0.0, "actual_reward": 27.980209215771175}
{"period": 88, "status": "optimal", "solve_seconds": 4.717000961303711, "model_wall_seconds": 4.887635199993383, "gap": 0.0, "actual_reward": 1348.4903681307871}
{"period": 89, "status": "optimal", "solve_seconds": 1.1389999389648438, "model_wall_seconds": 1.279096500016749, "gap": 0.0, "actual_reward": 76.2540600274061}
{"period": 90, "status": "optimal", "solve_seconds": 1.6450004577636719, "model_wall_seconds": 1.8270805999927688, "gap": 0.0, "actual_reward": -32.58020053363072}
{"period": 91, "status": "optimal", "solve_seconds": 2.447999954223633, "model_wall_seconds": 2.5733414000133052, "gap": 0.0, "actual_reward": 606.1670090059272}
{"period": 92, "status": "optimal", "solve_seconds": 0.7320003509521484, "model_wall_seconds": 0.8634533000004012, "gap": 0.0, "actual_reward": 535.3097515655829}
{"period": 93, "status": "optimal", "solve_seconds": 1.4910011291503906, "model_wall_seconds": 1.6327543999941554, "gap": 0.0, "actual_reward": 204.5748377957727}
{"period": 94, "status": "optimal", "solve_seconds": 0.6999988555908203, "model_wall_seconds": 0.8237213999964297, "gap": 0.0, "actual_reward": 373.11934419678323}
{"period": 95, "status": "optimal", "solve_seconds": 0.9519996643066406, "model_wall_seconds": 1.06615050000255, "gap": 0.0, "actual_reward": 370.3513852683874}
{"period": 96, "status": "optimal", "solve_seconds": 0.4659996032714844, "model_wall_seconds": 0.5712868999980856, "gap": 0.0, "actual_reward": 113.64098023087642}
{"period": 97, "status": "optimal", "solve_seconds": 0.5590000152587891, "model_wall_seconds": 0.6580334000173025, "gap": 0.0, "actual_reward": 88.5105274663712}
{"period": 98, "status": "optimal", "solve_seconds": 0.37799835205078125, "model_wall_seconds": 0.479057799995644, "gap": 3.6739183757382115e-12, "actual_reward": 458.1830493723483}
{"period": 99, "status": "optimal", "solve_seconds": 0.5849990844726562, "model_wall_seconds": 0.6827654999797232, "gap": 0.0, "actual_reward": -118.15957506091685}
{"period": 100, "status": "optimal", "solve_seconds": 0.34599876403808594, "model_wall_seconds": 0.4418889999797102, "gap": 0.0, "actual_reward": 313.4251167088893}
{"period": 101, "status": "optimal", "solve_seconds": 0.39800071716308594, "model_wall_seconds": 0.48914130000048317, "gap": 0.0, "actual_reward": 372.83068509734994}
{"period": 102, "status": "optimal", "solve_seconds": 0.24899864196777344, "model_wall_seconds": 0.3329704999923706, "gap": 0.0, "actual_reward": 27.32130136059933}
{"period": 103, "status": "optimal", "solve_seconds": 0.34799957275390625, "model_wall_seconds": 0.43616840001777746, "gap": 0.0, "actual_reward": 299.8988097584321}
{"period": 104, "status": "optimal", "solve_seconds": 0.220001220703125, "model_wall_seconds": 0.30057240001042373, "gap": 0.0, "actual_reward": 79.88982456197287}
{"period": 105, "status": "optimal", "solve_seconds": 0.40600013732910156, "model_wall_seconds": 0.48728480000863783, "gap": 0.0, "actual_reward": 46.07354592934141}
{"period": 106, "status": "optimal", "solve_seconds": 0.37800025939941406, "model_wall_seconds": 0.4540345999994315, "gap": 0.0, "actual_reward": 115.95925549865544}
{"period": 107, "status": "optimal", "solve_seconds": 0.24900054931640625, "model_wall_seconds": 0.3314191999961622, "gap": 0.0, "actual_reward": -122.78728070170602}
{"period": 108, "status": "optimal", "solve_seconds": 0.220001220703125, "model_wall_seconds": 0.2931049999897368, "gap": 0.0, "actual_reward": 139.4007006269664}
{"period": 109, "status": "optimal", "solve_seconds": 0.25300025939941406, "model_wall_seconds": 0.3229177999892272, "gap": 0.0, "actual_reward": -77.01995614019798}
{"period": 110, "status": "optimal", "solve_seconds": 0.17599868774414062, "model_wall_seconds": 0.25266699999338016, "gap": 0.0, "actual_reward": 94.20000000009122}
{"period": 111, "status": "optimal", "solve_seconds": 0.1270008087158203, "model_wall_seconds": 0.19268740000552498, "gap": 0.0, "actual_reward": 635.7318993653099}
{"period": 112, "status": "optimal", "solve_seconds": 0.12299919128417969, "model_wall_seconds": 0.17993260000366718, "gap": 0.0, "actual_reward": -42.482894737038755}
{"period": 113, "status": "optimal", "solve_seconds": 0.1139984130859375, "model_wall_seconds": 0.17063430001144297, "gap": 0.0, "actual_reward": 188.1859831869895}
{"period": 114, "status": "optimal", "solve_seconds": 0.06800079345703125, "model_wall_seconds": 0.13583339998149313, "gap": 0.0, "actual_reward": 132.193333333681}
{"period": 115, "status": "optimal", "solve_seconds": 0.06500053405761719, "model_wall_seconds": 0.19417800000519492, "gap": 0.0, "actual_reward": 56.11999999963196}
{"period": 116, "status": "optimal", "solve_seconds": 0.0579986572265625, "model_wall_seconds": 0.11337340000318363, "gap": 0.0, "actual_reward": -19.675657894700542}
{"period": 117, "status": "optimal", "solve_seconds": 0.07799911499023438, "model_wall_seconds": 0.15203540000948124, "gap": 0.0, "actual_reward": 7.613333333113966}
{"period": 118, "status": "optimal", "solve_seconds": 0.08499908447265625, "model_wall_seconds": 0.1430054999946151, "gap": 0.0, "actual_reward": 16.48666666680396}
{"period": 119, "status": "optimal", "solve_seconds": 0.09799957275390625, "model_wall_seconds": 0.15218049997929484, "gap": 0.0, "actual_reward": -27.00482456141322}
{"period": 120, "status": "optimal", "solve_seconds": 0.11100006103515625, "model_wall_seconds": 0.16762459999881685, "gap": 0.0, "actual_reward": -23.682884495721105}
{"period": 121, "status": "optimal", "solve_seconds": 0.12599945068359375, "model_wall_seconds": 0.17756879999069497, "gap": 0.0, "actual_reward": -9.517543859894754}
{"period": 122, "status": "optimal", "solve_seconds": 0.07000160217285156, "model_wall_seconds": 0.12697139999363571, "gap": 0.0, "actual_reward": -4.675657894736865}
{"period": 123, "status": "optimal", "solve_seconds": 0.05699920654296875, "model_wall_seconds": 0.1112554999999702, "gap": 0.0, "actual_reward": 44.69999999999999}
{"period": 124, "status": "optimal", "solve_seconds": 0.061000823974609375, "model_wall_seconds": 0.11318839999148622, "gap": 0.0, "actual_reward": 267.299999999705}
{"period": 125, "status": "optimal", "solve_seconds": 0.03399848937988281, "model_wall_seconds": 0.08131460001459345, "gap": 0.0, "actual_reward": 87.76535087711525}
{"period": 126, "status": "optimal", "solve_seconds": 0.05000114440917969, "model_wall_seconds": 0.09982239999226294, "gap": 0.0, "actual_reward": -10.500000000000005}
{"period": 127, "status": "optimal", "solve_seconds": 0.05500030517578125, "model_wall_seconds": 0.1156329000077676, "gap": 0.0, "actual_reward": -9.486842105189485}
{"period": 128, "status": "optimal", "solve_seconds": 0.04099845886230469, "model_wall_seconds": 0.09271870000520721, "gap": 0.0, "actual_reward": -7.434649122689479}
{"period": 129, "status": "optimal", "solve_seconds": 0.030000686645507812, "model_wall_seconds": 0.08127200001035817, "gap": 0.0, "actual_reward": 0.0}
{"period": 130, "status": "optimal", "solve_seconds": 0.028001785278320312, "model_wall_seconds": 0.07659210002748296, "gap": 0.0, "actual_reward": 62.186666666607955}
{"period": 131, "status": "optimal", "solve_seconds": 0.03199958801269531, "model_wall_seconds": 0.08331320001161657, "gap": 0.0, "actual_reward": -9.486842105189476}
{"period": 132, "status": "optimal", "solve_seconds": 0.017000198364257812, "model_wall_seconds": 0.06600279998383485, "gap": 0.0, "actual_reward": 59.599999999552956}
{"period": 133, "status": "optimal", "solve_seconds": 0.006999969482421875, "model_wall_seconds": 0.05324940002174117, "gap": 0.0, "actual_reward": 0.0}
{"period": 134, "status": "optimal", "solve_seconds": 0.006999969482421875, "model_wall_seconds": 0.05259879998629913, "gap": 0.0, "actual_reward": 0.0}
{"period": 135, "status": "optimal", "solve_seconds": 0.0049991607666015625, "model_wall_seconds": 0.05415299997548573, "gap": 0.0, "actual_reward": 0.0}
{"period": 136, "status": "optimal", "solve_seconds": 0.009000778198242188, "model_wall_seconds": 0.05092849998618476, "gap": 0.0, "actual_reward": 0.0}
{"period": 137, "status": "optimal", "solve_seconds": 0.05399894714355469, "model_wall_seconds": 0.10721849999390543, "gap": 0.0, "actual_reward": -0.5711859700494479}
{"period": 138, "status": "optimal", "solve_seconds": 0.05200004577636719, "model_wall_seconds": 0.10147910000523552, "gap": 0.0, "actual_reward": -9.750000000000014}
{"period": 139, "status": "optimal", "solve_seconds": 0.02700042724609375, "model_wall_seconds": 0.07455739998840727, "gap": 0.0, "actual_reward": -10.000000000000021}
{"period": 140, "status": "optimal", "solve_seconds": 0.03199958801269531, "model_wall_seconds": 0.0822139999945648, "gap": 0.0, "actual_reward": -9.912071163853398e-15}
{"period": 141, "status": "optimal", "solve_seconds": 0.029998779296875, "model_wall_seconds": 0.0780596999975387, "gap": 0.0, "actual_reward": 0.0}
{"period": 142, "status": "optimal", "solve_seconds": 0.024999618530273438, "model_wall_seconds": 0.07398360001388937, "gap": 0.0, "actual_reward": 0.0}
{"period": 143, "status": "optimal", "solve_seconds": 0.017999649047851562, "model_wall_seconds": 0.06507620000047609, "gap": 0.0, "actual_reward": 0.0}
{"period": 144, "status": "optimal", "solve_seconds": 0.016000747680664062, "model_wall_seconds": 0.15108039998449385, "gap": 0.0, "actual_reward": 0.0}
{"period": 145, "status": "optimal", "solve_seconds": 0.016000747680664062, "model_wall_seconds": 0.06355060002533719, "gap": 0.0, "actual_reward": 130.13999999978398}
{"state": "complete", "started_at": "2026-09-17T20:47:50.609776+00:00", "scenario": "D:\\Myfiles\\vscode_files\\cleanrl_BSS\\ExpresswayBSSs_v2\\data\\final_real_data_v1\\scenarios\\day_03.json", "route_mode": "joint", "charging_mode": "joint", "model": null, "deadline": null, "pid": 28580, "created": 1789678070.4257493, "source_snapshot": "D:\\Myfiles\\vscode_files\\cleanrl_BSS\\ExpresswayBSSs_v2\\outputs\\zero_terminal_real_data_seed1_v1\\runs\\h7_day03\\source_snapshots\\e04451463b9d6545577ff982cb3a33775239dc78ba1d91c5d8a88c86fabb05aa", "prior_attempt_seconds": 0.0, "runtime_timing_incomplete": false, "runtime_timing_estimated": false, "launcher_source_snapshot": "D:\\Myfiles\\vscode_files\\cleanrl_BSS\\ExpresswayBSSs_v2\\outputs\\zero_terminal_real_data_seed1_v1\\code_snapshots\\40ec378611b206b02ef446c50a74e31e0ead20388937d43f8a3085ca15610712", "finished_at": "2026-09-17T21:31:56.515838+00:00", "wall_seconds": 2645.9037616999994, "metrics": {"net_profit_yuan": 37511.615089655, "service_income_yuan": 53716.48906207011, "charging_cost_yuan": 14814.873972415015, "adjustment_cost_yuan": 1390.0, "reservation_failure_cost_yuan": 0.0, "reservation_count": 200, "actual_random_count": 200, "reservation_failures": 0, "reservation_failure_rate": 0.0, "reservation_completed": 200, "reservation_unfinished_at_L": 34, "reservation_unfinished_rate_at_L": 0.17, "reservation_unfinished_after_cleanup": 0, "random_services": 171, "random_service_rate": 0.855, "mean_wait_minutes_served": 13.022377195035716, "path_adjustments": 139, "solver_seconds_mean": 15.802068855022561, "solver_seconds_p95": 120.00859909057617, "model_wall_seconds_mean": 15.957352488275, "model_wall_seconds_p95": 120.35506309998455, "model_wall_seconds_total": 2313.816110799875, "mip_gap_mean": 0.0033951945614315478, "mip_gap_max": 0.06023418158682771, "mip_gap_target_met_fraction": 0.8896551724137931, "solver_status_counts": {"optimal": 129, "time_limit": 16}, "completed_periods": 145, "demand_periods": 96, "cleanup_periods": 49, "cleanup_hours": 12.25, "time_limit_fraction": 0.1103448275862069, "final_inventory_kwh": 5185.9059954128, "random_timeouts": 29, "terminal_settlement": "none", "operating_duration_hours": 24.0, "current_attempt_wall_seconds": 2645.90099200001, "prior_attempt_wall_seconds": 0.0, "known_runtime_seconds": 2645.90099200001, "runtime_timing_incomplete": false, "runtime_timing_estimated": false, "worker_wall_seconds": 2645.90099200001}}
